05-17 19:20:16.137 10976 15099 I NearbyConnections: [InstantConnectionPcpMgr] In invalidateTxAdvertisementScanning(by final_updateAdvertising) tx advertisement scanning successfully started for enpointId:PCZT serviceId:NearbySharing isScreenUnlocked:true powerLevel:BALANCED
05-17 19:20:16.138 10976 15099 I NearbySharing: [broadcast provider] advertising options updated (BroadcastProviderOptions(powerLevel=2, flowId=5179303333622484222, uwbSenderInfo=[], deviceType=1, advertisingMediums=[8, 3, 6, 5, 4], upgradeMediums=[11, 5, 8, 6, 3, 9, 10, 2, 4, 7], useStableIdentifiers=false, allowBluetoothRadioToggling=false, allowWifiRadioToggling=false, enableBleL2capListening=false, allowGattConnections=false, enableFastAdvertisement=true)).
05-17 19:20:16.139 10976 15099 I NearbySharing: NearbySharing Internal event ReceiveManagerUpdate(mode=2, isEveryoneMode=false, dataUsage=2, useQrCode=false, success=true)
05-17 19:20:16.140 10976 15089 I NearbySharing: [ClearcutLog] ADVERTISE_DEVICE_PRESENCE_START sessionId=0 flowId=5179303333622484222 sessionStatus: 1, visibility: 1
05-17 19:20:16.143 10976 13146 I NearbySharing: Failed to log ADVERTISE_DEVICE_PRESENCE_START, due to clearcutLogger is null.
05-17 19:20:16.165 10976 15111 I AlarmManager: setExactAndAllowWhileIdle [name: GCM_HB_ALARM type: 2 triggerAtMillis: 437088774]
05-17 19:20:16.179 10976 13995 W ChimeraUtils: Module com.google.android.gms.gcm missing resource null(0)
05-17 19:20:16.186 10976 13995 I AlarmManager: setExactAndAllowWhileIdle [name: FcmRetry type: 2 triggerAtMillis: 436428795]
05-17 19:20:16.196  2521  2521 W Finsky  : [2] STU: Failed to get storage stats for package 'com.google.android.wifi' (1601: Error getting stats: android.content.pm.PackageManager.NameNotFoundException)
05-17 19:20:16.197  1621  1706 D ActivityManager: sync unfroze 20318 com.google.android.googlequicksearchbox:googleapp for 3
05-17 19:20:16.204 20318 25633 W cr_ChildProcessConn: onServiceDisconnected (crash or killed by oom): pid=1386 bindings:W  S
05-17 19:20:16.208  1621  1899 V GrammaticalInflectionUtils: AttributionSource: android.content.AttributionSource@5a7d35ae does not have READ_SYSTEM_GRAMMATICAL_GENDER permission.
05-17 19:20:16.227  2163  2163 D Zygote  : Forked child process 15214
05-17 19:20:16.233  1621  1707 I ActivityManager: Start proc 15214:com.google.android.webview:sandboxed_process0:org.chromium.content.app.SandboxedProcessService0:2/u0i786 for bound-service {com.google.android.googlequicksearchbox/org.chromium.content.app.SandboxedProcessService0:2}
05-17 19:20:16.237 15214 15214 E libc    : SetHeapTaggingLevel: re-enabling tagging after it was disabled is not supported
05-17 19:20:16.245 15214 15214 I Zygote  : Process 15214 created for com.google.android.webview:sandboxed_process0:org.chromium.content.app.SandboxedProcessService0:2
05-17 19:20:16.246 15214 15214 I ocessService0:2: Using generational CollectorTypeCMC GC.
05-17 19:20:16.259 15214 15214 D nativeloader: Load libframework-connectivity-tiramisu-jni.so using APEX ns com_android_tethering for caller /apex/com.android.tethering/javalib/framework-connectivity-t.jar: ok
05-17 19:20:16.279 15214 15214 D ApplicationLoaders: Returning zygote-cached class loader: /system/framework/android.test.base.jar
05-17 19:20:16.279 15214 15214 D ApplicationLoaders: Returning zygote-cached class loader: /system_ext/framework/androidx.window.extensions.jar
05-17 19:20:16.293 15214 15214 I cr_WebViewApkApp: version=147.0.7727.138 (772713803) minSdkVersion=29 processName=com.google.android.webview:sandboxed_process0:org.chromium.content.app.SandboxedProcessService0:2 splits=<none>
05-17 19:20:16.293 20318 20318 E chromium: [ERROR:android_webview/browser/aw_browser_terminator.cc:175] Renderer process (1386) crash detected (code -1).
05-17 19:20:16.297  1621  3972 I ActivityManager: Killing 15214:com.google.android.webview:sandboxed_process0:org.chromium.content.app.SandboxedProcessService0:2/u0a141i786 (adj 905): isolated not needed
05-17 19:20:16.320  2521  2521 W Finsky  : [2] STU: Failed to get storage stats for package 'com.google.android.telephonycore' (1601: Error getting stats: android.content.pm.PackageManager.NameNotFoundException)
05-17 19:20:16.326  1621  1708 I libprocessgroup: Removed cgroup /sys/fs/cgroup/apps/uid_99786/pid_15214
05-17 19:20:16.326  1621  1708 I libprocessgroup: Removed cgroup /sys/fs/cgroup/apps/uid_99786
05-17 19:20:16.326  2163  2163 I Zygote  : Process 15214 exited due to signal 9 (Killed)
05-17 19:20:16.376 20318 20318 W ConnectivityManager.CallbackHandler: callback not found for CALLBACK_CAP_CHANGED message
05-17 19:20:16.376 20318 20318 W ConnectivityManager.CallbackHandler: callback not found for CALLBACK_CAP_CHANGED message
05-17 19:20:16.385 20318 20318 W ConnectivityManager.CallbackHandler: callback not found for CALLBACK_CAP_CHANGED message
05-17 19:20:16.386 20318 20318 W ConnectivityManager.CallbackHandler: callback not found for CALLBACK_CAP_CHANGED message
05-17 19:20:16.387 20318 20318 W ConnectivityManager.CallbackHandler: callback not found for CALLBACK_CAP_CHANGED message
05-17 19:20:16.387 20318 20318 W ConnectivityManager.CallbackHandler: callback not found for CALLBACK_CAP_CHANGED message
05-17 19:20:16.387 20318 20318 W ConnectivityManager.CallbackHandler: callback not found for CALLBACK_CAP_CHANGED message
05-17 19:20:16.394 20318 20318 W ConnectivityManager.CallbackHandler: callback not found for CALLBACK_CAP_CHANGED message
05-17 19:20:16.394 20318 20318 W ConnectivityManager.CallbackHandler: callback not found for CALLBACK_CAP_CHANGED message
05-17 19:20:16.394 20318 20318 W ConnectivityManager.CallbackHandler: callback not found for CALLBACK_CAP_CHANGED message
05-17 19:20:16.394 20318 20318 W ConnectivityManager.CallbackHandler: callback not found for CALLBACK_CAP_CHANGED message
05-17 19:20:16.394 20318 20318 W ConnectivityManager.CallbackHandler: callback not found for CALLBACK_CAP_CHANGED message
05-17 19:20:16.394 20318 20318 W ConnectivityManager.CallbackHandler: callback not found for CALLBACK_CAP_CHANGED message
05-17 19:20:16.394 20318 20318 W ConnectivityManager.CallbackHandler: callback not found for CALLBACK_CAP_CHANGED message
05-17 19:20:16.394 20318 20318 W ConnectivityManager.CallbackHandler: callback not found for CALLBACK_CAP_CHANGED message
05-17 19:20:16.394 20318 20318 W ConnectivityManager.CallbackHandler: callback not found for CALLBACK_CAP_CHANGED message
05-17 19:20:16.394 20318 20318 W ConnectivityManager.CallbackHandler: callback not found for CALLBACK_CAP_CHANGED message
05-17 19:20:16.394 20318 20318 W ConnectivityManager.CallbackHandler: callback not found for CALLBACK_CAP_CHANGED message
05-17 19:20:16.394 20318 20322 W chbox:googleapp: Reducing the number of considered missed Gc histogram windows from 231 to 100
05-17 19:20:16.403 20318 15231 E FirebaseMessaging: Default FirebaseApp has not been initialized. Skip logging event to GA.
05-17 19:20:16.403 20318 15231 I FirebaseMessaging: FirebaseApp has not being initialized. Device might be in direct boot mode. Skip exporting delivery metrics to Big Query
05-17 19:20:16.411  1621  3956 W ApplicationInfo: Large ApplicationInfo parcel: size=17880 package=com.google.android.GoogleCamera splits=45 sharedLibs=7 resDirs=2 overlayPaths=2
05-17 19:20:16.430 20318 20357 I ekkb    : Received an intent for GNP, won't process
05-17 19:20:16.442  1621  4764 W ApplicationInfo: Large ApplicationInfo parcel: size=17880 package=com.google.android.GoogleCamera splits=45 sharedLibs=7 resDirs=2 overlayPaths=2
05-17 19:20:16.449   494   494 I lowmemorykiller: Kill 'com.google.android.cellbroadcastreceiver' (13286), uid 10233, oom_score_adj 965 to free 55776kB rss, 15560kB anon rss, 34752kB swap, 0kB dmabuf_pss, 0kB dmabuf_rss; reason: low watermark is breached and swap is low (552kB < 314572kB)
05-17 19:20:16.454  1621  1768 W ApplicationInfo: Large ApplicationInfo parcel: size=17880 package=com.google.android.GoogleCamera splits=45 sharedLibs=7 resDirs=2 overlayPaths=2
05-17 19:20:16.454  1621  3972 W ApplicationInfo: Large ApplicationInfo parcel: size=17880 package=com.google.android.GoogleCamera splits=45 sharedLibs=7 resDirs=2 overlayPaths=2
05-17 19:20:16.461 12979 13055 I ekkb    : Received an intent for GNP, won't process
05-17 19:20:16.477  1621  1768 I ActivityManager: Process com.google.android.cellbroadcastreceiver (pid 13286) has died: cch  +65 CEM 
05-17 19:20:16.478   896   896 I Zygote  : Process 13286 exited due to signal 9 (Killed)
05-17 19:20:16.478   494   494 I lowmemorykiller: Kill 'com.truecaller' (9584), uid 10376, oom_score_adj 955 to free 105540kB rss, 56044kB anon rss, 78656kB swap, 0kB dmabuf_pss, 0kB dmabuf_rss; reason: low watermark is breached and swap is low (12kB < 314572kB)
05-17 19:20:16.495  1621  1708 I libprocessgroup: Removed cgroup /sys/fs/cgroup/apps/uid_10233/pid_13286
05-17 19:20:16.523  1621  1768 I ActivityManager: Process com.truecaller (pid 9584) has died: cch  +55 CEM 
05-17 19:20:16.523  1621  2721 D SensorService: Unregistering client listener for PID 9584
05-17 19:20:16.524  1621  1970 D ConnectivityService: releasing NetworkRequest [ REQUEST id=55607, [ Capabilities: INTERNET&NOT_RESTRICTED&TRUSTED&NOT_VCN_MANAGED&NOT_BANDWIDTH_CONSTRAINED Uid: 10376 RequestorUid: 10376 RequestorPkg: com.truecaller UnderlyingNetworks: Null] ] (release request)
05-17 19:20:16.524 14177 14177 D BoundBrokerSvc: onUnbind: Intent { act=com.google.android.gms.measurement.START xflg=0x4 pkg=com.google.android.gms }
05-17 19:20:16.527   896   896 I Zygote  : Process 9584 exited due to signal 9 (Killed)
05-17 19:20:16.527  1621  1708 I libprocessgroup: Removed cgroup /sys/fs/cgroup/apps/uid_10376/pid_9584
05-17 19:20:16.856  4336  4336 I KWGTSWidgetService: Refresh: BATTERY
05-17 19:20:16.856  4336  4336 I KWGTSWidgetService: Refresh: BATTERY
05-17 19:20:16.873  1621  1653 I system_server: NativeAlloc concurrent mark compact GC freed 31MB AllocSpace bytes, 16(956KB) LOS objects, 80% free, 101MB/512MB, paused 2.953ms,12.627ms total 604.236ms
05-17 19:20:17.115 14019 14066 I bt_shim_advertiser: system/main/shim/le_advertising_manager.cc:77 Unregister: in shim layer
05-17 19:20:17.115 14019 14065 I bluetooth: bluetooth_private_gatt::gatt::server::isolation_manager: removing server (if any) associated with advertiser AdvertiserId(0)
05-17 19:20:17.212  4336  6041 I KWGTSSystemColorsConfig: Reloaded Material colors 2ms
05-17 19:20:17.222  1621  2006 D AppWidgetServiceImpl: Trying to notify widget update for package org.kustom.widget with widget id: 877
05-17 19:20:17.232  1621  2006 D AppWidgetServiceImpl: Trying to notify widget update for package org.kustom.widget with widget id: 879
05-17 19:20:17.236 10560 10560 D ShortcutAndWidgetContainer: appWidgetScale - [x,y]: [1.0,1.0]
05-17 19:20:17.236 10560 10560 D NavigableAppWidgetHostView: updateScale - [fitScale,bounceScale]: [1.0,1.0]
05-17 19:20:17.236 10560 10560 D ShortcutAndWidgetContainer: appWidgetScale - [x,y]: [1.0,1.0]
05-17 19:20:17.237 10560 10560 D NavigableAppWidgetHostView: updateScale - [fitScale,bounceScale]: [1.0,1.0]
05-17 19:20:17.240  2521  2521 W Finsky  : [2] STU: Failed to get storage stats for package 'com.google.android.media.swcodec' (1601: Error getting stats: android.content.pm.PackageManager.NameNotFoundException)
05-17 19:20:17.380  2521  2521 W Finsky  : [2] STU: Failed to get storage stats for package 'com.google.android.adbd' (1601: Error getting stats: android.content.pm.PackageManager.NameNotFoundException)
05-17 19:20:17.391 15040 15168 D wsnet-wrapper: {"tm":"2026-05-17 19:20:17.391","lvl":"debug","mod":"wsnet-wrapper","msg":"CertManager number of certificates : 131"}
05-17 19:20:17.393 15040 15168 D wsnet-wrapper: {"tm":"2026-05-17 19:20:17.392","lvl":"debug","mod":"wsnet-wrapper","msg":"openssl version: 3.6.1"}
05-17 19:20:17.393 15040 15168 D wsnet-wrapper: {"tm":"2026-05-17 19:20:17.393","lvl":"debug","mod":"wsnet-wrapper","msg":"curl version: 8.19.0"}
05-17 19:20:17.394  2521  2521 W Finsky  : [2] STU: Failed to get storage stats for package 'com.android.i18n' (1601: Error getting stats: android.content.pm.PackageManager.NameNotFoundException)
05-17 19:20:17.401 15040 15168 D wsnet-wrapper: {"tm":"2026-05-17 19:20:17.401","lvl":"debug","mod":"wsnet-wrapper","msg":"Base platform: android"}
05-17 19:20:17.402 15040 15168 D wsnet-wrapper: {"tm":"2026-05-17 19:20:17.402","lvl":"debug","mod":"wsnet-wrapper","msg":"Platform name: android"}
05-17 19:20:17.402 15040 15168 D wsnet-wrapper: {"tm":"2026-05-17 19:20:17.402","lvl":"debug","mod":"wsnet-wrapper","msg":"Use staging domains: false"}
05-17 19:20:17.402 15040 15168 D wsnet-wrapper: {"tm":"2026-05-17 19:20:17.402","lvl":"debug","mod":"wsnet-wrapper","msg":"App version: 4.0.2208"}
05-17 19:20:17.402 15040 15168 D wsnet-wrapper: {"tm":"2026-05-17 19:20:17.402","lvl":"debug","mod":"wsnet-wrapper","msg":"OpenVpn version: 2.6.0"}
05-17 19:20:17.402 15040 15168 D wsnet-wrapper: {"tm":"2026-05-17 19:20:17.402","lvl":"debug","mod":"wsnet-wrapper","msg":"Language: en"}
05-17 19:20:17.402 15040 15168 D wsnet-wrapper: {"tm":"2026-05-17 19:20:17.402","lvl":"debug","mod":"wsnet-wrapper","msg":"ServerAPI settings settled sucessfully"}
05-17 19:20:17.409  2521  2521 W Finsky  : [2] STU: Failed to get storage stats for package 'com.google.android.conscrypt' (1601: Error getting stats: android.content.pm.PackageManager.NameNotFoundException)
05-17 19:20:17.431  2521  2521 W Finsky  : [2] STU: Failed to get storage stats for package 'com.google.android.neuralnetworks' (1601: Error getting stats: android.content.pm.PackageManager.NameNotFoundException)
05-17 19:20:17.432  2521  2521 W Finsky  : [2] STU: Failed to get storage stats for package 'com.google.android.webapp' (1601: Error getting stats: android.content.pm.PackageManager.NameNotFoundException)
05-17 19:20:17.433  2521  2521 W Finsky  : [2] STU: Failed to get storage stats for package 'com.google.android.runtime' (1601: Error getting stats: android.content.pm.PackageManager.NameNotFoundException)
05-17 19:20:17.435  2521  2521 W Finsky  : [2] STU: Failed to get storage stats for package 'com.google.android.ipsec' (1601: Error getting stats: android.content.pm.PackageManager.NameNotFoundException)
05-17 19:20:17.436  2521  2521 W Finsky  : [2] STU: Failed to get storage stats for package 'com.android.devicelock' (1601: Error getting stats: android.content.pm.PackageManager.NameNotFoundException)
05-17 19:20:17.447  2521  2521 W Finsky  : [2] STU: Failed to get storage stats for package 'com.google.android.ondevicepersonalization' (1601: Error getting stats: android.content.pm.PackageManager.NameNotFoundException)
05-17 19:20:17.456  2521  2521 W Finsky  : [2] STU: Failed to get storage stats for package 'com.google.android.healthfitness' (1601: Error getting stats: android.content.pm.PackageManager.NameNotFoundException)
05-17 19:20:17.493  2521  2521 W Finsky  : [2] STU: Failed to get storage stats for package 'com.google.android.extservices' (1601: Error getting stats: android.content.pm.PackageManager.NameNotFoundException)
05-17 19:20:17.494 15040 15168 D wsnet-wrapper: {"tm":"2026-05-17 19:20:17.493","lvl":"debug","mod":"wsnet-wrapper","msg":"ServerAPI_impl::ServerAPI_impl, use a failover from settings"}
05-17 19:20:17.499 15040 15168 D wsnet-wrapper: {"tm":"2026-05-17 19:20:17.498","lvl":"debug","mod":"wsnet-wrapper","msg":"WSNet is ready"}
05-17 19:20:17.499 15040 15168 D wsnet-wrapper: {"tm":"2026-05-17 19:20:17.499","lvl":"debug","mod":"wsnet-wrapper","msg":"WSNet initialized successfully"}
05-17 19:20:17.503  2521  2521 W Finsky  : [2] STU: Failed to get storage stats for package 'com.google.android.virt' (1601: Error getting stats: android.content.pm.PackageManager.NameNotFoundException)
05-17 19:20:17.515  2521  2521 W Finsky  : [2] STU: Failed to get storage stats for package 'com.google.android.nfcservices' (1601: Error getting stats: android.content.pm.PackageManager.NameNotFoundException)
05-17 19:20:17.516 15040 15040 W .windscribe.vpn: type=1400 audit(0.0:117393): avc:  denied  { read } for  name="net" dev="sysfs" ino=27053 scontext=u:r:untrusted_app_34:s0:c18,c257,c512,c768 tcontext=u:object_r:sysfs_net:s0 tclass=dir permissive=0 app=com.windscribe.vpn
05-17 19:20:17.516 15040 15040 W .windscribe.vpn: type=1400 audit(0.0:117394): avc:  denied  { bind } for  scontext=u:r:untrusted_app_34:s0:c18,c257,c512,c768 tcontext=u:r:untrusted_app_34:s0:c18,c257,c512,c768 tclass=netlink_route_socket permissive=0 app=com.windscribe.vpn
05-17 19:20:17.516 15040 15040 W .windscribe.vpn: type=1400 audit(0.0:117395): avc:  denied  { bind } for  scontext=u:r:untrusted_app_34:s0:c18,c257,c512,c768 tcontext=u:r:untrusted_app_34:s0:c18,c257,c512,c768 tclass=netlink_route_socket permissive=0 app=com.windscribe.vpn
05-17 19:20:17.516 15040 15040 W .windscribe.vpn: type=1400 audit(0.0:117396): avc:  denied  { search } for  name="/" dev="configfs" ino=12318 scontext=u:r:untrusted_app_34:s0:c18,c257,c512,c768 tcontext=u:object_r:configfs:s0 tclass=dir permissive=0 app=com.windscribe.vpn
05-17 19:20:17.531  2521  2521 W Finsky  : [2] STU: Failed to get storage stats for package 'com.google.android.os.statsd' (1601: Error getting stats: android.content.pm.PackageManager.NameNotFoundException)
05-17 19:20:17.533 15040 15208 D wsnet-wrapper: {"tm":"2026-05-17 19:20:17.533","lvl":"debug","mod":"wsnet-wrapper","msg":"Trying: hrd: win"}
05-17 19:20:17.534  2521  2521 W Finsky  : [2] STU: Failed to get storage stats for package 'com.android.npumanager' (1601: Error getting stats: android.content.pm.PackageManager.NameNotFoundException)
05-17 19:20:17.554   978   978 I WifiHAL : Creating message to get link statistics; iface = 47
05-17 19:20:17.584  2521  2521 W Finsky  : [2] STU: Failed to get storage stats for package 'com.google.android.scheduling' (1601: Error getting stats: android.content.pm.PackageManager.NameNotFoundException)
05-17 19:20:17.587  2521  2521 W Finsky  : [2] STU: Failed to get storage stats for package 'com.android.hardware.biometrics.face.virtual' (1601: Error getting stats: android.content.pm.PackageManager.NameNotFoundException)
05-17 19:20:17.595  2521  2521 I Finsky  : [2] App states replicator found 82 unowned apps
05-17 19:20:17.597 15040 15208 D wsnet-wrapper: {"tm":"2026-05-17 19:20:17.597","lvl":"debug","mod":"wsnet-wrapper","msg":"New curl request : https://api.windscribe.com/UnblockParams/amneziawg?amneziawg_version=2.0.0&platform=android&app_version=4.0.2208"}
05-17 19:20:17.608  2521  2561 I Finsky  : [695] Completed 0 account content syncs with 0 successful.
05-17 19:20:17.609  2521  2521 I Finsky  : [2] [ContentSync] Installation state replication succeeded.
05-17 19:20:17.609  2521  2521 I Finsky  : [2] SCH: jobFinished: 12-1. TimeElapsed: 3301ms.
05-17 19:20:17.609  2521  2521 I Finsky  : [2] WM::SCH: Logging work end for 12-1
05-17 19:20:17.634  2521  2561 I Finsky  : [695] SCH: Scheduling phonesky job Id: 1-1337, CT: 1779019381061, Constraints: [{ L: 43156845, D: 86356845, C: CHARGING_NONE, I: IDLE_NONE, N: NET_ANY, B: BATTERY_ANY }]
05-17 19:20:17.635  2521  2561 I Finsky  : [695] SCH: Scheduling phonesky job Id: 34-7425, CT: 1779019387536, Constraints: [{ L: 604800000, D: 2444083565, C: CHARGING_NONE, I: IDLE_NONE, N: NET_ANY, B: BATTERY_ANY }]
05-17 19:20:17.635  2521  2561 I Finsky  : [695] SCH: Scheduling phonesky job Id: 34-7431, CT: 1779019387536, Constraints: [{ L: 604800000, D: 2523296594, C: CHARGING_NONE, I: IDLE_NONE, N: NET_ANY, B: BATTERY_ANY }]
05-17 19:20:17.635  2521  2561 I Finsky  : [695] SCH: Scheduling phonesky job Id: 34-7436, CT: 1779019387536, Constraints: [{ L: 10495357, D: 1306495357, C: CHARGING_NONE, I: IDLE_NONE, N: NET_ANY, B: BATTERY_ANY }]
05-17 19:20:17.643  2521  2556 I Finsky  : [690] SCH: Scheduling 1 system job(s)
05-17 19:20:17.647  2521  2556 I Finsky  : [690] SCH: Scheduling system job Id: 9724, L: 4065250, D: 79920263, C: false, I: false, N: 1
05-17 19:20:17.652   978  1032 D WifiHAL : Start debug command: mType GET_FEATURE
05-17 19:20:17.652   978  1032 I WifiHAL : CreateRequest mType = GET_FEATURE
05-17 19:20:17.652   978  1032 D WifiHAL : In DebugCommand::handleResponse, mType:GET_FEATURE
05-17 19:20:17.652   978  1032 D WifiHAL : len = 4, expected len = 4
05-17 19:20:17.653  2521 15044 I Finsky  : [3254] SCH: job service finished with id 9718.
05-17 19:20:18.066 15040 15176 I PlayCore: UID: [10274]  PID: [15040] ReviewService : requestInAppReview (com.windscribe.vpn)
05-17 19:20:18.068 15040 15237 I PlayCore: UID: [10274]  PID: [15040] ReviewService : Initiate binding to the service.
05-17 19:20:18.089 15040 15040 I PlayCore: UID: [10274]  PID: [15040] ReviewService : ServiceConnectionImpl.onServiceConnected(ComponentInfo{com.android.vending/com.google.android.finsky.inappreviewservice.InAppReviewService})
05-17 19:20:18.090 15040 15237 I PlayCore: UID: [10274]  PID: [15040] ReviewService : linkToDeath
05-17 19:20:18.109 15040 15235 D wsnet-wrapper: {"tm":"2026-05-17 19:20:18.108","lvl":"debug","mod":"wsnet-wrapper","msg":"  Trying 193b2cdee5eeb3e29352c4d568be3ace:443...\n"}
05-17 19:20:18.120 15040 15208 D wsnet-wrapper: {"tm":"2026-05-17 19:20:18.120","lvl":"debug","mod":"wsnet-wrapper","msg":"New curl request : https://api.windscribe.com/Notifications?lang=en&platform=android&app_version=4.0.2208"}
05-17 19:20:18.120 15040 15163 I UnblockWgParamsRepository: {"tm":"2026-05-17 19:20:18.119","lvl":"info","mod":"UnblockWgParamsRepository","msg":"Fetched 9 unblock wg params"}
05-17 19:20:18.149 15040 15152 I WM-WorkerWrapper: Worker result SUCCESS for Work [ id=aacc6b28-f603-4e4a-aec0-c63e0c483c01, tags={ com.windscribe.vpn.workers.worker.UnblockWgParamsWorker,636f6d2e77696e647363726962652e76706e2e776f726b6572732e776f726b65722e556e626c6f636b5767506172616d73576f726b6572 } ]
05-17 19:20:18.151 15040 15040 D WM-Processor: t aacc6b28-f603-4e4a-aec0-c63e0c483c01 executed; reschedule = false
05-17 19:20:18.151 15040 15040 D WM-SystemJobService: aacc6b28-f603-4e4a-aec0-c63e0c483c01 executed on JobScheduler
05-17 19:20:18.157 15040 15152 D WM-GreedyScheduler: Cancelling work ID aacc6b28-f603-4e4a-aec0-c63e0c483c01
05-17 19:20:18.161 15040 15152 D CompatChangeReporter: Compat change id reported: 311402873; UID 10274; state: ENABLED
05-17 19:20:18.161 15040 15152 D CompatChangeReporter: Compat change id reported: 323349338; UID 10274; state: ENABLED
05-17 19:20:18.161 15040 15152 D WM-SystemJobScheduler: Scheduling work ID aacc6b28-f603-4e4a-aec0-c63e0c483c01Job ID 81844
05-17 19:20:18.163  1621  3978 D CompatChangeReporter: Compat change id reported: 311402873; UID 10274; state: ENABLED
05-17 19:20:18.163  1621  3978 D CompatChangeReporter: Compat change id reported: 323349338; UID 10274; state: ENABLED
05-17 19:20:18.163  2521  2558 I System.out: Caught a exception encoding the public key: com.android.apksig.internal.asn1.Asn1DecodingException: Failed to parse moi.a
05-17 19:20:18.163  2521  2558 W System.err: com.android.apksig.internal.asn1.Asn1DecodingException: Failed to parse moi.a
05-17 19:20:18.164  2521  2558 W System.err: 	at msz.co(PG:212)
05-17 19:20:18.164  2521  2558 W System.err: 	at msz.X(PG:2)
05-17 19:20:18.164  2521  2558 W System.err: 	at msz.U(PG:101)
05-17 19:20:18.164  2521  2558 W System.err: 	at msz.V(PG:13)
05-17 19:20:18.164  2521  2558 W System.err: 	at slr.bJ(PG:45)
05-17 19:20:18.164  2521  2558 W System.err: 	at yoe.z(PG:424)
05-17 19:20:18.164  2521  2558 W System.err: 	at yoe.c(PG:79)
05-17 19:20:18.164  2521  2558 W System.err: 	at yoe.b(PG:18)
05-17 19:20:18.164  2521  2558 W System.err: 	at aqoh.pF(PG:73)
05-17 19:20:18.164  2521  2558 W System.err: 	at aqoh.ap(PG:90)
05-17 19:20:18.164  2521  2558 W System.err: 	at tas.call(PG:194)
05-17 19:20:18.164  2521  2558 W System.err: 	at bmvi.a(PG:3)
05-17 19:20:18.164  2521  2558 W System.err: 	at bmun.run(PG:19)
05-17 19:20:18.164  2521  2558 W System.err: 	at bmvj.run(PG:5)
05-17 19:20:18.164  2521  2558 W System.err: 	at java.util.concurrent.ThreadPoolExecutor.runWorker(ThreadPoolExecutor.java:1100)
05-17 19:20:18.164  2521  2558 W System.err: 	at java.util.concurrent.ThreadPoolExecutor$Worker.run(ThreadPoolExecutor.java:624)
05-17 19:20:18.164  2521  2558 W System.err: 	at vpo.run(PG:638)
05-17 19:20:18.164  2521  2558 W System.err: 	at java.lang.Thread.run(Thread.java:1572)
05-17 19:20:18.165  2521  2558 W System.err: Caused by: com.android.apksig.internal.asn1.Asn1BerParser$Asn1UnexpectedTagException: Tag mismatch. Expected: UNIVERSAL BIT STRING, but found UNIVERSAL SEQUENCE
05-17 19:20:18.165  2521  2558 W System.err: 	at mnp.a(PG:49)
05-17 19:20:18.165  2521  2558 W System.err: 	at msz.co(PG:171)
05-17 19:20:18.165  2521  2558 W System.err: 	... 17 more
05-17 19:20:18.165 15040 15152 D WM-GreedyScheduler: Starting tracking for 04085a7b-f117-496c-9885-24401043264d
05-17 19:20:18.167  2521  2558 I System.out: Caught a exception encoding the public key: com.android.apksig.internal.asn1.Asn1DecodingException: Failed to parse moi.a
05-17 19:20:18.167  2521  2558 W System.err: com.android.apksig.internal.asn1.Asn1DecodingException: Failed to parse moi.a
05-17 19:20:18.167  2521  2558 W System.err: 	at msz.co(PG:212)
05-17 19:20:18.167  2521  2558 W System.err: 	at msz.X(PG:2)
05-17 19:20:18.167  2521  2558 W System.err: 	at msz.U(PG:101)
05-17 19:20:18.167  2521  2558 W System.err: 	at msz.V(PG:13)
05-17 19:20:18.167  2521  2558 W System.err: 	at slr.bJ(PG:45)
05-17 19:20:18.167  2521  2558 W System.err: 	at msz.cq(PG:338)
05-17 19:20:18.167  2521  2558 W System.err: 	at msz.Z(PG:60)
05-17 19:20:18.167  2521  2558 W System.err: 	at aqoh.pF(PG:65)
05-17 19:20:18.167  2521  2558 W System.err: 	at aqoh.ap(PG:119)
05-17 19:20:18.167  2521  2558 W System.err: 	at tas.call(PG:194)
05-17 19:20:18.167  2521  2558 W System.err: 	at bmvi.a(PG:3)
05-17 19:20:18.167  2521  2558 W System.err: 	at bmun.run(PG:19)
05-17 19:20:18.167  2521  2558 W System.err: 	at bmvj.run(PG:5)
05-17 19:20:18.167  2521  2558 W System.err: 	at java.util.concurrent.ThreadPoolExecutor.runWorker(ThreadPoolExecutor.java:1100)
05-17 19:20:18.167  2521  2558 W System.err: 	at java.util.concurrent.ThreadPoolExecutor$Worker.run(ThreadPoolExecutor.java:624)
05-17 19:20:18.167  2521  2558 W System.err: 	at vpo.run(PG:638)
05-17 19:20:18.167  2521  2558 W System.err: 	at java.lang.Thread.run(Thread.java:1572)
05-17 19:20:18.167  2521  2558 W System.err: Caused by: com.android.apksig.internal.asn1.Asn1BerParser$Asn1UnexpectedTagException: Tag mismatch. Expected: UNIVERSAL BIT STRING, but found UNIVERSAL SEQUENCE
05-17 19:20:18.167  2521  2558 W System.err: 	at mnp.a(PG:49)
05-17 19:20:18.167  2521  2558 W System.err: 	at msz.co(PG:171)
05-17 19:20:18.167  2521  2558 W System.err: 	... 16 more
05-17 19:20:18.168 15040 15152 D WM-ConstraintTracker: j: initial state = NetworkState(isConnected=true, isValidated=true, isMetered=false, isNotRoaming=true)
05-17 19:20:18.168 15040 15152 D WM-NetworkStateTracker: Registering network callback
05-17 19:20:18.169  1621  3978 D ConnectivityService: requestNetwork for uid/pid:10274/15040 activeRequest: null callbackRequest: 55789 [NetworkRequest [ REQUEST id=55790, [ Capabilities: INTERNET&NOT_RESTRICTED&TRUSTED&NOT_VCN_MANAGED&NOT_BANDWIDTH_CONSTRAINED Uid: 10274 RequestorUid: 10274 RequestorPkg: com.windscribe.vpn UnderlyingNetworks: Null] ]] callback flags: 0 order: 2147483647 isUidTracked: false declaredMethods: AVAIL|LOST|NC
05-17 19:20:18.169 15040 15152 D WM-GreedyScheduler: Constraints met: Scheduling work ID WorkGenerationalId(workSpecId=04085a7b-f117-496c-9885-24401043264d, generation=0)
05-17 19:20:18.170 15040 15152 D WM-Processor: t: processing WorkGenerationalId(workSpecId=04085a7b-f117-496c-9885-24401043264d, generation=0)
05-17 19:20:18.171 15040 15040 D WM-WorkerWrapper: Starting work for com.windscribe.vpn.workers.worker.SessionWorker
05-17 19:20:18.174  1621  1957 D OemPaidWifiNetworkFactory: got request NetworkRequest [ REQUEST id=55790, [ Capabilities: INTERNET&NOT_RESTRICTED&TRUSTED&NOT_VCN_MANAGED&NOT_BANDWIDTH_CONSTRAINED Uid: 10274 RequestorUid: 10274 RequestorPkg: com.windscribe.vpn UnderlyingNetworks: Null] ]
05-17 19:20:18.175 15040 15187 D WM-NetworkStateTracker: Network capabilities changed: [ Transports: WIFI Capabilities: NOT_METERED&INTERNET&NOT_RESTRICTED&TRUSTED&NOT_VPN&VALIDATED&NOT_ROAMING&FOREGROUND&NOT_CONGESTED&NOT_SUSPENDED&NOT_VCN_MANAGED&NOT_BANDWIDTH_CONSTRAINED LinkUpBandwidth>=125264Kbps LinkDnBandwidth>=66956Kbps TransportInfo: <SSID: <unknown ssid>, BSSID: 02:00:00:00:00:00, MAC: 02:00:00:00:00:00, IP: /192.168.31.62, Security type: 2, Supplicant state: COMPLETED, Wi-Fi standard: 11ax, RSSI: -45, Link speed: 1020Mbps, Tx Link speed: 1020Mbps, Max Supported Tx Link speed: 1200Mbps, Calculated Tx : 832Mbps, Rx Link speed: 1080Mbps, Max Supported Rx Link speed: 1200Mbps, Calculated Rx : 928Mbps, Frequency: 5785MHz, Net ID: -1, Metered hint: false, score: 100, isUsable: true, CarrierMerged: false, SubscriptionId: -1, IsPrimary: -1, Trusted: true, Restricted: false, Ephemeral: false, OEM paid: false, OEM private: false, OSU AP: false, FQDN: <none>, Provider friendly name: <none>, Requesting package name: <none><none>MLO Information: , Is TID-To-Link negotiation supported by the AP: false, AP MLD Address: <none>, AP MLO Link Id: <none>, AP MLO Affiliated links: <none>, Vendor Data: <none>> SignalStrength: -45 UnderlyingNetworks: Null]
05-17 19:20:18.176  1621  1957 D MultiInternetWifiNetworkFactory: got request NetworkRequest [ REQUEST id=55790, [ Capabilities: INTERNET&NOT_RESTRICTED&TRUSTED&NOT_VCN_MANAGED&NOT_BANDWIDTH_CONSTRAINED Uid: 10274 RequestorUid: 10274 RequestorPkg: com.windscribe.vpn UnderlyingNetworks: Null] ]
05-17 19:20:18.176  1621  1957 D WifiNetworkFactory: got request NetworkRequest [ REQUEST id=55790, [ Capabilities: INTERNET&NOT_RESTRICTED&TRUSTED&NOT_VCN_MANAGED&NOT_BANDWIDTH_CONSTRAINED Uid: 10274 RequestorUid: 10274 RequestorPkg: com.windscribe.vpn UnderlyingNetworks: Null] ]
05-17 19:20:18.176  1621  1957 D UntrustedWifiNetworkFactory: got request NetworkRequest [ REQUEST id=55790, [ Capabilities: INTERNET&NOT_RESTRICTED&TRUSTED&NOT_VCN_MANAGED&NOT_BANDWIDTH_CONSTRAINED Uid: 10274 RequestorUid: 10274 RequestorPkg: com.windscribe.vpn UnderlyingNetworks: Null] ]
05-17 19:20:18.177  1621  1970 D ConnectivityService: NetReassign [55790 : null ΓåÆ 120] [c 0] [a 1] [i 6]
05-17 19:20:18.178  2521  2558 I System.out: Caught a exception encoding the public key: com.android.apksig.internal.asn1.Asn1DecodingException: Failed to parse moi.a
05-17 19:20:18.178  2521  2558 W System.err: com.android.apksig.internal.asn1.Asn1DecodingException: Failed to parse moi.a
05-17 19:20:18.178  2521  2558 W System.err: 	at msz.co(PG:212)
05-17 19:20:18.178  2521  2558 W System.err: 	at msz.X(PG:2)
05-17 19:20:18.178  2521  2558 W System.err: 	at msz.U(PG:101)
05-17 19:20:18.178  2521  2558 W System.err: 	at msz.V(PG:13)
05-17 19:20:18.178  2521  2558 W System.err: 	at slr.bJ(PG:45)
05-17 19:20:18.178  2521  2558 W System.err: 	at yoe.z(PG:424)
05-17 19:20:18.178 15040 15208 D wsnet-wrapper: {"tm":"2026-05-17 19:20:18.178","lvl":"debug","mod":"wsnet-wrapper","msg":"New curl request : https://api.windscribe.com/Session?inv_rev=3029&platform=android&app_version=4.0.2208"}
05-17 19:20:18.178  2521  2558 W System.err: 	at yoe.c(PG:79)
05-17 19:20:18.178  2521  2558 W System.err: 	at yoe.b(PG:18)
05-17 19:20:18.178  2521  2558 W System.err: 	at aqoh.pF(PG:73)
05-17 19:20:18.178  2521  2558 W System.err: 	at aqoh.ap(PG:90)
05-17 19:20:18.178  2521  2558 W System.err: 	at tas.call(PG:194)
05-17 19:20:18.178  2521  2558 W System.err: 	at bmvi.a(PG:3)
05-17 19:20:18.178  2521  2558 W System.err: 	at bmun.run(PG:19)
05-17 19:20:18.178  2521  2558 W System.err: 	at bmvj.run(PG:5)
05-17 19:20:18.179  2521  2558 W System.err: 	at java.util.concurrent.ThreadPoolExecutor.runWorker(ThreadPoolExecutor.java:1100)
05-17 19:20:18.179  2521  2558 W System.err: 	at java.util.concurrent.ThreadPoolExecutor$Worker.run(ThreadPoolExecutor.java:624)
05-17 19:20:18.179  2521  2558 W System.err: 	at vpo.run(PG:638)
05-17 19:20:18.179  2521  2558 W System.err: 	at java.lang.Thread.run(Thread.java:1572)
05-17 19:20:18.179  2521  2558 W System.err: Caused by: com.android.apksig.internal.asn1.Asn1BerParser$Asn1UnexpectedTagException: Tag mismatch. Expected: UNIVERSAL BIT STRING, but found UNIVERSAL SEQUENCE
05-17 19:20:18.179  2521  2558 W System.err: 	at mnp.a(PG:49)
05-17 19:20:18.179  2521  2558 W System.err: 	at msz.co(PG:171)
05-17 19:20:18.179  2521  2558 W System.err: 	... 17 more
05-17 19:20:18.180  2521  2558 I System.out: Caught a exception encoding the public key: com.android.apksig.internal.asn1.Asn1DecodingException: Failed to parse moi.a
05-17 19:20:18.180  2521  2558 W System.err: com.android.apksig.internal.asn1.Asn1DecodingException: Failed to parse moi.a
05-17 19:20:18.180  2521  2558 W System.err: 	at msz.co(PG:212)
05-17 19:20:18.180  2521  2558 W System.err: 	at msz.X(PG:2)
05-17 19:20:18.180  2521  2558 W System.err: 	at msz.U(PG:101)
05-17 19:20:18.180  2521  2558 W System.err: 	at msz.V(PG:13)
05-17 19:20:18.180  2521  2558 W System.err: 	at slr.bJ(PG:45)
05-17 19:20:18.180  2521  2558 W System.err: 	at msz.cq(PG:338)
05-17 19:20:18.180  2521  2558 W System.err: 	at msz.Z(PG:60)
05-17 19:20:18.180  2521  2558 W System.err: 	at aqoh.pF(PG:65)
05-17 19:20:18.180  2521  2558 W System.err: 	at aqoh.ap(PG:119)
05-17 19:20:18.180  2521  2558 W System.err: 	at tas.call(PG:194)
05-17 19:20:18.180  2521  2558 W System.err: 	at bmvi.a(PG:3)
05-17 19:20:18.180  2521  2558 W System.err: 	at bmun.run(PG:19)
05-17 19:20:18.180  2521  2558 W System.err: 	at bmvj.run(PG:5)
05-17 19:20:18.180  2521  2558 W System.err: 	at java.util.concurrent.ThreadPoolExecutor.runWorker(ThreadPoolExecutor.java:1100)
05-17 19:20:18.180  2521  2558 W System.err: 	at java.util.concurrent.ThreadPoolExecutor$Worker.run(ThreadPoolExecutor.java:624)
05-17 19:20:18.180  2521  2558 W System.err: 	at vpo.run(PG:638)
05-17 19:20:18.180  2521  2558 W System.err: 	at java.lang.Thread.run(Thread.java:1572)
05-17 19:20:18.180  2521  2558 W System.err: Caused by: com.android.apksig.internal.asn1.Asn1BerParser$Asn1UnexpectedTagException: Tag mismatch. Expected: UNIVERSAL BIT STRING, but found UNIVERSAL SEQUENCE
05-17 19:20:18.180  2521  2558 W System.err: 	at mnp.a(PG:49)
05-17 19:20:18.180  2521  2558 W System.err: 	at msz.co(PG:171)
05-17 19:20:18.180  2521  2558 W System.err: 	... 16 more
05-17 19:20:18.187  2521  2558 I System.out: Caught a exception encoding the public key: com.android.apksig.internal.asn1.Asn1DecodingException: Failed to parse moi.a
05-17 19:20:18.187  2521  2558 W System.err: com.android.apksig.internal.asn1.Asn1DecodingException: Failed to parse moi.a
05-17 19:20:18.187  2521  2558 W System.err: 	at msz.co(PG:212)
05-17 19:20:18.187  2521  2558 W System.err: 	at msz.X(PG:2)
05-17 19:20:18.187  2521  2558 W System.err: 	at msz.U(PG:101)
05-17 19:20:18.187  2521  2558 W System.err: 	at msz.V(PG:13)
05-17 19:20:18.187  2521  2558 W System.err: 	at slr.bJ(PG:45)
05-17 19:20:18.187  2521  2558 W System.err: 	at yoe.z(PG:424)
05-17 19:20:18.187  2521  2558 W System.err: 	at yoe.c(PG:79)
05-17 19:20:18.187  2521  2558 W System.err: 	at yoe.b(PG:18)
05-17 19:20:18.187  2521  2558 W System.err: 	at aqoh.pF(PG:73)
05-17 19:20:18.187  2521  2558 W System.err: 	at aqoh.ap(PG:90)
05-17 19:20:18.187  2521  2558 W System.err: 	at tas.call(PG:194)
05-17 19:20:18.187  2521  2558 W System.err: 	at bmvi.a(PG:3)
05-17 19:20:18.187  2521  2558 W System.err: 	at bmun.run(PG:19)
05-17 19:20:18.187  2521  2558 W System.err: 	at bmvj.run(PG:5)
05-17 19:20:18.187  2521  2558 W System.err: 	at java.util.concurrent.ThreadPoolExecutor.runWorker(ThreadPoolExecutor.java:1100)
05-17 19:20:18.187  2521  2558 W System.err: 	at java.util.concurrent.ThreadPoolExecutor$Worker.run(ThreadPoolExecutor.java:624)
05-17 19:20:18.187  2521  2558 W System.err: 	at vpo.run(PG:638)
05-17 19:20:18.187  2521  2558 W System.err: 	at java.lang.Thread.run(Thread.java:1572)
05-17 19:20:18.187  2521  2558 W System.err: Caused by: com.android.apksig.internal.asn1.Asn1BerParser$Asn1UnexpectedTagException: Tag mismatch. Expected: UNIVERSAL BIT STRING, but found UNIVERSAL SEQUENCE
05-17 19:20:18.187  2521  2558 W System.err: 	at mnp.a(PG:49)
05-17 19:20:18.187  2521  2558 W System.err: 	at msz.co(PG:171)
05-17 19:20:18.187  2521  2558 W System.err: 	... 17 more
05-17 19:20:18.188  2521  2558 I System.out: Caught a exception encoding the public key: com.android.apksig.internal.asn1.Asn1DecodingException: Failed to parse moi.a
05-17 19:20:18.188  2521  2558 W System.err: com.android.apksig.internal.asn1.Asn1DecodingException: Failed to parse moi.a
05-17 19:20:18.188  2521  2558 W System.err: 	at msz.co(PG:212)
05-17 19:20:18.188  2521  2558 W System.err: 	at msz.X(PG:2)
05-17 19:20:18.188  2521  2558 W System.err: 	at msz.U(PG:101)
05-17 19:20:18.188  2521  2558 W System.err: 	at msz.V(PG:13)
05-17 19:20:18.188  2521  2558 W System.err: 	at slr.bJ(PG:45)
05-17 19:20:18.188  2521  2558 W System.err: 	at msz.cq(PG:338)
05-17 19:20:18.188  2521  2558 W System.err: 	at msz.Z(PG:60)
05-17 19:20:18.188  2521  2558 W System.err: 	at aqoh.pF(PG:65)
05-17 19:20:18.188  2521  2558 W System.err: 	at aqoh.ap(PG:119)
05-17 19:20:18.188  2521  2558 W System.err: 	at tas.call(PG:194)
05-17 19:20:18.188  2521  2558 W System.err: 	at bmvi.a(PG:3)
05-17 19:20:18.189  2521  2558 W System.err: 	at bmun.run(PG:19)
05-17 19:20:18.189  2521  2558 W System.err: 	at bmvj.run(PG:5)
05-17 19:20:18.189  2521  2558 W System.err: 	at java.util.concurrent.ThreadPoolExecutor.runWorker(ThreadPoolExecutor.java:1100)
05-17 19:20:18.189  2521  2558 W System.err: 	at java.util.concurrent.ThreadPoolExecutor$Worker.run(ThreadPoolExecutor.java:624)
05-17 19:20:18.189  2521  2558 W System.err: 	at vpo.run(PG:638)
05-17 19:20:18.189  2521  2558 W System.err: 	at java.lang.Thread.run(Thread.java:1572)
05-17 19:20:18.189  2521  2558 W System.err: Caused by: com.android.apksig.internal.asn1.Asn1BerParser$Asn1UnexpectedTagException: Tag mismatch. Expected: UNIVERSAL BIT STRING, but found UNIVERSAL SEQUENCE
05-17 19:20:18.189  2521  2558 W System.err: 	at mnp.a(PG:49)
05-17 19:20:18.189  2521  2558 W System.err: 	at msz.co(PG:171)
05-17 19:20:18.189  2521  2558 W System.err: 	... 16 more
05-17 19:20:18.195 15040 15056 I PlayCore: UID: [10274]  PID: [15040] OnRequestInstallCallback : onGetLaunchReviewFlowInfo
05-17 19:20:18.195 15040 15237 I PlayCore: UID: [10274]  PID: [15040] ReviewService : Unbind from service.
05-17 19:20:18.197 15040 15040 D state   : {"tm":"2026-05-17 19:20:18.197","lvl":"debug","mod":"state","msg":"Launching review flow."}
05-17 19:20:18.488 20318 20345 I incfs-mounts: [incfs] Loaded incremental-fs mount info: 2 instances, 4 mount points
05-17 19:20:18.625 15040 15163 D migration: {"tm":"2026-05-17 19:20:18.625","lvl":"debug","mod":"migration","msg":"Popup notification 179 already exists, preserving local state"}
05-17 19:20:18.630 15040 15176 D migration: {"tm":"2026-05-17 19:20:18.630","lvl":"debug","mod":"migration","msg":"Replaced notifications cache with 5 items from API"}
05-17 19:20:18.631 15040 15155 I WM-WorkerWrapper: Worker result SUCCESS for Work [ id=04085a7b-f117-496c-9885-24401043264d, tags={ com.windscribe.vpn.workers.worker.SessionWorker,636f6d2e77696e647363726962652e76706e2e776f726b6572732e776f726b65722e53657373696f6e576f726b6572 } ]
05-17 19:20:18.632 15040 15155 I WM-WorkerWrapper: Worker result SUCCESS for Work [ id=c81bcece-b3bc-45b6-899a-cc572ba2fedd, tags={ com.windscribe.vpn.workers.worker.NotificationWorker,636f6d2e77696e647363726962652e76706e2e776f726b6572732e776f726b65722e4e6f74696669636174696f6e576f726b6572 } ]
05-17 19:20:18.632 15040 15040 D WM-Processor: t 04085a7b-f117-496c-9885-24401043264d executed; reschedule = false
05-17 19:20:18.632 15040 15040 D WM-SystemJobService: 04085a7b-f117-496c-9885-24401043264d executed on JobScheduler
05-17 19:20:18.632 15040 15040 D WM-GreedyScheduler: Stopping tracking for WorkGenerationalId(workSpecId=04085a7b-f117-496c-9885-24401043264d, generation=0)
05-17 19:20:18.632 15040 15040 D WM-Processor: t c81bcece-b3bc-45b6-899a-cc572ba2fedd executed; reschedule = false
05-17 19:20:18.633 15040 15040 D WM-SystemJobService: c81bcece-b3bc-45b6-899a-cc572ba2fedd executed on JobScheduler
05-17 19:20:18.634 15040 15155 D WM-GreedyScheduler: Cancelling work ID 04085a7b-f117-496c-9885-24401043264d
05-17 19:20:18.634  1621  3978 D CompatChangeReporter: Compat change id reported: 311208629; UID 10274; state: ENABLED
05-17 19:20:18.635 15040 15163 I data    : {"tm":"2026-05-17 19:20:18.634","lvl":"info","mod":"data","msg":"Auto mode: No server recommendation for Protocol Tweaks"}
05-17 19:20:18.640 15040 15155 D WM-SystemJobScheduler: Scheduling work ID 04085a7b-f117-496c-9885-24401043264dJob ID 81883
05-17 19:20:18.641 15040 15155 D WM-SystemJobScheduler: Scheduling work ID c81bcece-b3bc-45b6-899a-cc572ba2feddJob ID 81845
05-17 19:20:18.643 15040 15155 D WM-NetworkStateTracker: Unregistering network callback
05-17 19:20:18.653 15040 15155 D WM-GreedyScheduler: Cancelling work ID c81bcece-b3bc-45b6-899a-cc572ba2fedd
05-17 19:20:18.698  1209  1209 D AOC     : A3:MSG: lsm6dsr_device.cc, 763: USF: Lsm6dsrDevice: Sensor 4: Enabled 0, odr_index 0.
05-17 19:20:18.698  1209  1209 D AOC     : A3:MSG: lsm6dsr_fifo.cc, 750: USF: Lsm6dsrFifo: ODR: XL/G/T/TS: 416/416/13/52 WM: 57 Intr: 16.
05-17 19:20:18.698  1209  1209 D AOC     : A3:MSG: lsm6dsr_device.cc, 671: USF: Lsm6dsrDevice: Fifo was disabled for 210450ns.
05-17 19:20:18.699  1209  1209 D AOC     : A3:MSG: usf_sensor.cc, 1573: USF: Received start sampling request for LSM6DSR Accelerometer (active:6).
05-17 19:20:18.699  1209  1209 D AOC     : A3:MSG: lsm6dsr_device.cc, 763: USF: Lsm6dsrDevice: Sensor 0: Enabled 1, odr_index 3.
05-17 19:20:18.700  1209  1209 D AOC     : A3:MSG: lsm6dsr_fifo.cc, 750: USF: Lsm6dsrFifo: ODR: XL/G/T/TS: 52/416/13/52 WM: 33 Intr: 17.
05-17 19:20:18.700  1209  1209 D AOC     : A3:MSG: lsm6dsr_device.cc, 671: USF: Lsm6dsrDevice: Fifo was disabled for 323975ns.
05-17 19:20:18.701  1209  1209 D AOC     : A3:MSG: usf_sensor.cc, 1581: USF: Received stop sampling request for LSM6DSR Gyroscope (active:1).
05-17 19:20:18.701  1209  1209 D AOC     : A3:MSG: lsm6dsr_device.cc, 763: USF: Lsm6dsrDevice: Sensor 1: Enabled 1, odr_index 3.
05-17 19:20:18.701  1209  1209 D AOC     : A3:MSG: lsm6dsr_fifo.cc, 750: USF: Lsm6dsrFifo: ODR: XL/G/T/TS: 52/52/13/6 WM: 6 Intr: 21.
05-17 19:20:18.701  1209  1209 D AOC     : A3:MSG: lsm6dsr_device.cc, 671: USF: Lsm6dsrDevice: Fifo was disabled for 307373ns.
05-17 19:20:18.703  1209  1209 D AOC     : A3:MSG: usf_sensor.cc, 1581: USF: Received stop sampling request for LSM6DSR Stationary Detect (active:-1).
05-17 19:20:18.703  1209  1209 D AOC     : A3:MSG: usf_sensor.cc, 2037: USF: Sampling configuration 69945 not found.
05-17 19:20:18.703  1209  1209 D AOC     : A3:MSG: usf_sensor_client.cc, 145: USF: Received kErrNotFound when disabling one shot sensor.
05-17 19:20:18.704   932   973 D CHRE.HAL: Received a nanoapp message from 0x476f6f676c001019 endpoint 0x3: Type 0x1f4 size 12 
05-17 19:20:18.704   932   973 D CHRE.HAL: Received a nanoapp message from 0x476f6f676c001019 endpoint 0x3: Type 0x1f4 size 12 
05-17 19:20:19.188  1621  1899 D ActivityManager: freezing 11608 com.google.android.euicc
05-17 19:20:19.190  1621  1970 D InetDiagMessage: Destroyed 0 sockets, proto=IPPROTO_TCP, family=AF_INET, states=14
05-17 19:20:19.191  1621  1970 D InetDiagMessage: Destroyed 0 sockets, proto=IPPROTO_TCP, family=AF_INET6, states=14
05-17 19:20:19.191  1621  1970 D InetDiagMessage: Destroyed live tcp sockets for uids={10126} in 2ms
05-17 19:20:19.428  2213  2772 D IpClient/wlan0: interfaceLinkStateChanged: ifindex 47 up
05-17 19:20:19.516 15040 15155 W JobInfo : Requested important-while-foreground flag for job81884 is ignored and takes no effect
05-17 19:20:19.517 15040 15155 D WM-SystemJobScheduler: Scheduling work ID bd984fb1-3df1-4ecb-a255-6e62b29d6f45Job ID 81884
05-17 19:20:19.524 15040 15040 D WM-SystemJobService: onStartJob for WorkGenerationalId(workSpecId=bd984fb1-3df1-4ecb-a255-6e62b29d6f45, generation=0)
05-17 19:20:19.525 15040 15155 D WM-GreedyScheduler: Starting tracking for bd984fb1-3df1-4ecb-a255-6e62b29d6f45
05-17 19:20:19.527 15040 15155 D WM-Processor: t: processing WorkGenerationalId(workSpecId=bd984fb1-3df1-4ecb-a255-6e62b29d6f45, generation=0)
05-17 19:20:19.531 15040 15040 D WM-WorkerWrapper: Starting work for com.windscribe.vpn.workers.worker.LatencyWorker
05-17 19:20:19.533 15040 15155 D WM-ConstraintTracker: j: initial state = NetworkState(isConnected=true, isValidated=true, isMetered=false, isNotRoaming=true)
05-17 19:20:19.533 15040 15155 D WM-NetworkStateTracker: Registering network callback
05-17 19:20:19.533  1621  3977 D ConnectivityService: requestNetwork for uid/pid:10274/15040 activeRequest: null callbackRequest: 55791 [NetworkRequest [ REQUEST id=55792, [ Capabilities: INTERNET&NOT_RESTRICTED&TRUSTED&NOT_VCN_MANAGED&NOT_BANDWIDTH_CONSTRAINED Uid: 10274 RequestorUid: 10274 RequestorPkg: com.windscribe.vpn UnderlyingNetworks: Null] ]] callback flags: 0 order: 2147483647 isUidTracked: false declaredMethods: AVAIL|LOST|NC
05-17 19:20:19.534 15040 15155 D WM-GreedyScheduler: Constraints met: Scheduling work ID WorkGenerationalId(workSpecId=bd984fb1-3df1-4ecb-a255-6e62b29d6f45, generation=0)
05-17 19:20:19.535 15040 15187 D WM-NetworkStateTracker: Network capabilities changed: [ Transports: WIFI Capabilities: NOT_METERED&INTERNET&NOT_RESTRICTED&TRUSTED&NOT_VPN&VALIDATED&NOT_ROAMING&FOREGROUND&NOT_CONGESTED&NOT_SUSPENDED&NOT_VCN_MANAGED&NOT_BANDWIDTH_CONSTRAINED LinkUpBandwidth>=125264Kbps LinkDnBandwidth>=66956Kbps TransportInfo: <SSID: <unknown ssid>, BSSID: 02:00:00:00:00:00, MAC: 02:00:00:00:00:00, IP: /192.168.31.62, Security type: 2, Supplicant state: COMPLETED, Wi-Fi standard: 11ax, RSSI: -45, Link speed: 1020Mbps, Tx Link speed: 1020Mbps, Max Supported Tx Link speed: 1200Mbps, Calculated Tx : 832Mbps, Rx Link speed: 1080Mbps, Max Supported Rx Link speed: 1200Mbps, Calculated Rx : 928Mbps, Frequency: 5785MHz, Net ID: -1, Metered hint: false, score: 100, isUsable: true, CarrierMerged: false, SubscriptionId: -1, IsPrimary: -1, Trusted: true, Restricted: false, Ephemeral: false, OEM paid: false, OEM private: false, OSU AP: false, FQDN: <none>, Provider friendly name: <none>, Requesting package name: <none><none>MLO Information: , Is TID-To-Link negotiation supported by the AP: false, AP MLD Address: <none>, AP MLO Link Id: <none>, AP MLO Affiliated links: <none>, Vendor Data: <none>> SignalStrength: -45 UnderlyingNetworks: Null]
05-17 19:20:19.535 15040 15155 D WM-Processor: Work WorkGenerationalId(workSpecId=bd984fb1-3df1-4ecb-a255-6e62b29d6f45, generation=0) is already enqueued for processing
05-17 19:20:19.536  1621  1957 D OemPaidWifiNetworkFactory: got request NetworkRequest [ REQUEST id=55792, [ Capabilities: INTERNET&NOT_RESTRICTED&TRUSTED&NOT_VCN_MANAGED&NOT_BANDWIDTH_CONSTRAINED Uid: 10274 RequestorUid: 10274 RequestorPkg: com.windscribe.vpn UnderlyingNetworks: Null] ]
05-17 19:20:19.536  1621  1957 D MultiInternetWifiNetworkFactory: got request NetworkRequest [ REQUEST id=55792, [ Capabilities: INTERNET&NOT_RESTRICTED&TRUSTED&NOT_VCN_MANAGED&NOT_BANDWIDTH_CONSTRAINED Uid: 10274 RequestorUid: 10274 RequestorPkg: com.windscribe.vpn UnderlyingNetworks: Null] ]
05-17 19:20:19.536  1621  1970 D ConnectivityService: NetReassign [55792 : null ΓåÆ 120] [c 0] [a 1] [i 1]
05-17 19:20:19.536  1621  1957 D WifiNetworkFactory: got request NetworkRequest [ REQUEST id=55792, [ Capabilities: INTERNET&NOT_RESTRICTED&TRUSTED&NOT_VCN_MANAGED&NOT_BANDWIDTH_CONSTRAINED Uid: 10274 RequestorUid: 10274 RequestorPkg: com.windscribe.vpn UnderlyingNetworks: Null] ]
05-17 19:20:19.536  1621  1957 D UntrustedWifiNetworkFactory: got request NetworkRequest [ REQUEST id=55792, [ Capabilities: INTERNET&NOT_RESTRICTED&TRUSTED&NOT_VCN_MANAGED&NOT_BANDWIDTH_CONSTRAINED Uid: 10274 RequestorUid: 10274 RequestorPkg: com.windscribe.vpn UnderlyingNetworks: Null] ]
05-17 19:20:19.595 15040 15159 D ping    : {"tm":"2026-05-17 19:20:19.595","lvl":"debug","mod":"ping","msg":"Requesting latency for 195 cities."}
05-17 19:20:19.639  2071  2074 I deeptouch: I0000 00:00:1779025819.638824    2074 tf_lite_classifier.cc:415] Event stream classified as kNone
05-17 19:20:19.683  1621  1970 D ConnectivityService: NetReassign [no changes] [c 0] [a 1] [i 2]
05-17 19:20:19.685  1621  1970 D ConnectivityService: NetReassign [no changes] [c 0] [a 1] [i 0]
05-17 19:20:19.688  1621  1970 D ConnectivityService: NetReassign [no changes] [c 0] [a 0] [i 3]
05-17 19:20:19.689  1621  1970 D ConnectivityService: NetReassign [no changes] [c 0] [a 0] [i 1]
05-17 19:20:19.691  1621  1970 D ConnectivityService: NetReassign [no changes] [c 0] [a 1] [i 0]
05-17 19:20:19.692  1621  1970 D ConnectivityService: NetReassign [no changes] [c 0] [a 1] [i 0]
05-17 19:20:19.693  1621  1970 D ConnectivityService: NetReassign [no changes] [c 0] [a 0] [i 1]
05-17 19:20:19.694  1621  1970 D ConnectivityService: NetReassign [no changes] [c 0] [a 0] [i 1]
05-17 19:20:19.696 14632 14632 I adbd    : adbd service requested 'shell,v2:export ANDROID_LOG_TAGS=''; exec logcat '-d' '-v' 'threadtime''
05-17 19:20:19.729 10976 10976 D BoundBrokerSvc: onUnbind: Intent { act=com.google.android.gms.common.telemetry.service.START dat=chimera-action:/... xflg=0x4 cmp=com.google.android.gms/.chimera.PersistentApiService }
