05-17 16:28:43.203 26625 26625 D Keyboard.Builder: setting size and position for D, 68: x 269, w 108
05-17 16:28:43.203 26625 26625 D Keyboard.Builder: setting size and position for F, 70: x 377, w 108
05-17 16:28:43.203 26625 26625 D Keyboard.Builder: setting size and position for G, 71: x 485, w 108
05-17 16:28:43.203 26625 26625 D Keyboard.Builder: setting size and position for H, 72: x 593, w 108
05-17 16:28:43.203 26625 26625 D Keyboard.Builder: setting size and position for J, 74: x 701, w 108
05-17 16:28:43.203 26625 26625 D Keyboard.Builder: setting size and position for K, 75: x 809, w 108
05-17 16:28:43.203 26625 26625 D Keyboard.Builder: setting size and position for L, 76: x 917, w 108
05-17 16:28:43.203 26625 26625 D Keyboard.Builder: setting size and position for null, -10008: x 1026, w 53
05-17 16:28:43.204 26625 26625 D Keyboard.Builder: setting size and position for shift_key_shifted, -11: x 0, w 162
05-17 16:28:43.204 26625 26625 D Keyboard.Builder: setting size and position for Z, 90: x 162, w 108
05-17 16:28:43.204 26625 26625 D Keyboard.Builder: setting size and position for X, 88: x 270, w 108
05-17 16:28:43.204 26625 26625 D Keyboard.Builder: setting size and position for C, 67: x 378, w 108
05-17 16:28:43.204 26625 26625 D Keyboard.Builder: setting size and position for V, 86: x 486, w 108
05-17 16:28:43.204 26625 26625 D Keyboard.Builder: setting size and position for B, 66: x 594, w 108
05-17 16:28:43.204 26625 26625 D Keyboard.Builder: setting size and position for N, 78: x 702, w 108
05-17 16:28:43.204 26625 26625 D Keyboard.Builder: setting size and position for M, 77: x 810, w 108
05-17 16:28:43.204 26625 26625 D Keyboard.Builder: setting size and position for delete_key, -7: x 918, w 162
05-17 16:28:43.204 26625 26625 D Keyboard.Builder: setting size and position for ?123, -10001: x 0, w 162
05-17 16:28:43.204 26625 26625 D Keyboard.Builder: setting size and position for ,, 44: x 162, w 108
05-17 16:28:43.204 26625 26625 D Keyboard.Builder: setting size and position for emoji, -212: x 270, w 108
05-17 16:28:43.204 26625 26625 D Keyboard.Builder: setting size and position for space_key, 32: x 378, w 431
05-17 16:28:43.204 26625 26625 D Keyboard.Builder: setting size and position for ., 46: x 810, w 108
05-17 16:28:43.204 26625 26625 D Keyboard.Builder: setting size and position for enter_key, 10: x 918, w 162
05-17 16:28:43.217 26625 26625 D ImeBackCallbackSender: Register OnBackInvokedCallback with priority=-1 at app window (packageName=com.whatsapp)
05-17 16:28:43.222  1621  3982 D WindowManager: setClientSurface Surface(name=VRI-InputMethod#139111)/@0x4e37ab3 for 9454d2f InputMethod
05-17 16:28:43.224 26625 26625 I Surface : Creating surface for consumer unnamed-26625-1 with slotExpansion=1 for 64 slots
05-17 16:28:43.224 26625 26625 I Surface : Creating surface for consumer VRI[InputMethod]#1(BLAST Consumer)1 with slotExpansion=1 for 64 slots
05-17 16:28:43.227 26625 26625 W View    : requestLayout() improperly called by android.widget.LinearLayout{dc2136 V.E...... ......ID 0,0-1080,1006 #7f0a0151 app:id/main_keyboard_frame} during layout: running second layout pass
05-17 16:28:43.234 21047 21047 D WindowOnBackDispatcher: setTopOnBackInvokedCallback (unwrapped): android.view.ImeBackAnimationController@c06f254
05-17 16:28:43.234  1621  3982 D CoreBackPreview: Window{7aeb856 u0 com.whatsapp/com.whatsapp.Conversation}: Setting back callback OnBackInvokedCallbackInfo{mCallback=android.window.IOnBackInvokedCallback$Stub$Proxy@35c5c6e, mPriority=0, mIsAnimationCallback=true, mOverrideBehavior=0}
05-17 16:28:43.275 26625 26625 I ContentCaptureHelper: Setting logging level to OFF
05-17 16:28:43.276 26625 26625 W TextView: onProvideContentCaptureStructure(): calling assumeLayout()
05-17 16:28:43.280  1478  1775 I twoshay.TouchContextService: Got new packet! ContextPacket{orientation: PORTRAIT, audioMode: NORMAL, adaptiveTouchSensitivity: OFF, screenProtectorMode: ON, imeState: ImeState{displayId: 0, visible: true, top: 0, left: 0, bottom: 0, right: 0}, audioDeviceInfo: TYPE_BUILTIN_EARPIECE}
05-17 16:28:43.280  1478  1774 I twoshay.TouchContextService: Got new packet! ContextPacket{orientation: PORTRAIT, audioMode: NORMAL, adaptiveTouchSensitivity: OFF, screenProtectorMode: ON, imeState: ImeState{displayId: 0, visible: true, top: 1395, left: 0, bottom: 2400, right: 1080}, audioDeviceInfo: TYPE_BUILTIN_EARPIECE}
05-17 16:28:43.281  1621  3983 I ImeTracker: system_server:eddeafae: onCancelled at PHASE_SERVER_POST_LAYOUT_NOTIFY_CONTROLS_CHANGED
05-17 16:28:43.300   558  5446 E hwc-display: [PrimaryDisplay] resetColorMappingInfoForClientComp:: resetColorMappingInfo() idx=0 error(-22)
05-17 16:28:43.300   558  5446 E hwc-display: Fail to open file /data/vendor/log/hwc/PrimaryDisplay_hwc_error_log0.txt, error: Permission denied
05-17 16:28:43.300   558  5446 E hwc-display: Fail to open file /data/log/PrimaryDisplay_hwc_error_log0.txt, error: No such file or directory
05-17 16:28:43.300   558  5446 E hwc-display: Unable to open log file for PrimaryDisplay_hwc_error_log0.txt
05-17 16:28:43.300   551   551 E SurfaceFlinger: [VRI-InputMethod#139111] Invalid device requested composition type change: Client (1) --> Device (2)
05-17 16:28:43.299   558   558 W HwBinder:558_3: type=1400 audit(0.0:114775): avc:  denied  { search } for  name="log" dev="dm-61" ino=313 scontext=u:r:hal_graphics_composer_default:s0 tcontext=u:object_r:vendor_log_file:s0 tclass=dir permissive=0
05-17 16:28:43.299   558   558 W HwBinder:558_3: type=1400 audit(0.0:114776): avc:  denied  { search } for  name="log" dev="dm-61" ino=313 scontext=u:r:hal_graphics_composer_default:s0 tcontext=u:object_r:vendor_log_file:s0 tclass=dir permissive=0
05-17 16:28:43.302  1621  1694 I ImeTracker: system_server:ff7d50be: onRequestShow at ORIGIN_SERVER reason CONTROLS_CHANGED fromUser false displayId 0
05-17 16:28:43.316   551   551 E SurfaceFlinger: [VRI-InputMethod#139111] Invalid device requested composition type change: Client (1) --> Device (2)
05-17 16:28:43.326 21491 25814 I KeyboardEventHandler: KeyboardEventHandler.handleKeyboardHidden():293 Keyboard closed, ending dictation. [SD]
05-17 16:28:43.333 21047 21047 D VRI[Conversation]: WindowInsets changed: ime:[0,0,0,1005] 
05-17 16:28:43.367   558  5446 E hwc-display: [PrimaryDisplay] resetColorMappingInfoForClientComp:: resetColorMappingInfo() idx=0 error(-22)
05-17 16:28:43.367   558  5446 E hwc-display: Fail to open file /data/vendor/log/hwc/PrimaryDisplay_hwc_error_log0.txt, error: Permission denied
05-17 16:28:43.367   558  5446 E hwc-display: Fail to open file /data/log/PrimaryDisplay_hwc_error_log0.txt, error: No such file or directory
05-17 16:28:43.367   558  5446 E hwc-display: Unable to open log file for PrimaryDisplay_hwc_error_log0.txt
05-17 16:28:43.367   558  5446 E hwc-display: [PrimaryDisplay] resetColorMappingInfoForClientComp:: resetColorMappingInfo() idx=1 error(-22)
05-17 16:28:43.367   558  5446 E hwc-display: Fail to open file /data/vendor/log/hwc/PrimaryDisplay_hwc_error_log0.txt, error: Permission denied
05-17 16:28:43.367   558  5446 E hwc-display: Fail to open file /data/log/PrimaryDisplay_hwc_error_log0.txt, error: No such file or directory
05-17 16:28:43.367   558  5446 E hwc-display: Unable to open log file for PrimaryDisplay_hwc_error_log0.txt
05-17 16:28:43.363   558   558 W HwBinder:558_3: type=1400 audit(0.0:114777): avc:  denied  { search } for  name="log" dev="dm-61" ino=313 scontext=u:r:hal_graphics_composer_default:s0 tcontext=u:object_r:vendor_log_file:s0 tclass=dir permissive=0
05-17 16:28:43.363   558   558 W HwBinder:558_3: type=1400 audit(0.0:114778): avc:  denied  { search } for  name="log" dev="dm-61" ino=313 scontext=u:r:hal_graphics_composer_default:s0 tcontext=u:object_r:vendor_log_file:s0 tclass=dir permissive=0
05-17 16:28:43.363   558   558 W HwBinder:558_3: type=1400 audit(0.0:114779): avc:  denied  { search } for  name="log" dev="dm-61" ino=313 scontext=u:r:hal_graphics_composer_default:s0 tcontext=u:object_r:vendor_log_file:s0 tclass=dir permissive=0
05-17 16:28:43.363   558   558 W HwBinder:558_3: type=1400 audit(0.0:114780): avc:  denied  { search } for  name="log" dev="dm-61" ino=313 scontext=u:r:hal_graphics_composer_default:s0 tcontext=u:object_r:vendor_log_file:s0 tclass=dir permissive=0
05-17 16:28:43.534 21047 21047 I ImeTracker: system_server:ff7d50be: onShown
05-17 16:28:43.714 27387 28112 I esps    : HDM. appOpsListener android:record_audio com.google.android.inputmethod.latin
05-17 16:28:43.714 27387 28112 I esps    : HDM. Ignoring irrelevant audio permission changes for package com.google.android.inputmethod.latin
05-17 16:28:43.715  1621  1900 D HintManagerService: Starts cleaning for 10179
05-17 16:28:43.731 21491 25858 I KeyboardActiveSessionStreamManager: KeyboardActiveSessionStreamManager.closeStream():125 Closing stream. [SDG]
05-17 16:28:45.115   978  1032 I WifiHAL : Creating message to get link statistics; iface = 47
05-17 16:28:45.247   978   978 D WifiHAL : Start debug command: mType GET_FEATURE
05-17 16:28:45.247   978   978 I WifiHAL : CreateRequest mType = GET_FEATURE
05-17 16:28:45.247   978   978 D WifiHAL : In DebugCommand::handleResponse, mType:GET_FEATURE
05-17 16:28:45.247   978   978 D WifiHAL : len = 4, expected len = 4
05-17 16:28:47.043  1209  1209 D AOC     : A3:MSG: lsm6dsr_device.cc, 763: USF: Lsm6dsrDevice: Sensor 4: Enabled 0, odr_index 0.
05-17 16:28:47.043  1209  1209 D AOC     : A3:MSG: lsm6dsr_fifo.cc, 750: USF: Lsm6dsrFifo: ODR: XL/G/T/TS: 416/416/13/52 WM: 57 Intr: 16.
05-17 16:28:47.043  1209  1209 D AOC     : A3:MSG: lsm6dsr_device.cc, 671: USF: Lsm6dsrDevice: Fifo was disabled for 248779ns.
05-17 16:28:47.043  1209  1209 D AOC     : A3:MSG: usf_sensor.cc, 1581: USF: Received stop sampling request for LSM6DSR Stationary Detect (active:-1).
05-17 16:28:47.043  1209  1209 D AOC     : A3:MSG: usf_sensor.cc, 2037: USF: Sampling configuration 68322 not found.
05-17 16:28:47.044  1209  1209 D AOC     : A3:MSG: usf_sensor_client.cc, 161: USF: Received kErrNotFound when disabling one shot sensor.
05-17 16:28:47.044  1209  1209 D AOC     : A3:MSG: usf_sensor.cc, 1573: USF: Received start sampling request for LSM6DSR Motion Detect (active:1).
05-17 16:28:47.044  1209  1209 D AOC     : A3:MSG: lsm6dsr_device.cc, 763: USF: Lsm6dsrDevice: Sensor 3: Enabled 1, odr_index 1.
05-17 16:28:47.044  1209  1209 D AOC     : A3:MSG: lsm6dsr_fifo.cc, 750: USF: Lsm6dsrFifo: ODR: XL/G/T/TS: 416/416/13/52 WM: 57 Intr: 16.
05-17 16:28:47.045  1209  1209 D AOC     : A3:MSG: lsm6dsr_device.cc, 671: USF: Lsm6dsrDevice: Fifo was disabled for 251221ns.
05-17 16:28:47.045  1209  1209 D AOC     : A3:MSG: motion_state_sensor.cc, 327: USF: MoSt: MotionDetect sampling started with sampling ID 68327.
05-17 16:28:47.046  1209  1209 D AOC     : A3:MSG: usf_sensor.cc, 1573: USF: Received start sampling request for LSM6DSR Motion Detect (active:2).
05-17 16:28:47.047  1209  1209 D AOC     : A3:MSG: usf_sensor.cc, 1573: USF: Received start sampling request for LSM6DSR Accelerometer (active:7).
05-17 16:28:47.048  1209  1209 D AOC     : A3:MSG: lsm6dsr_device.cc, 763: USF: Lsm6dsrDevice: Sensor 0: Enabled 1, odr_index 4.
05-17 16:28:47.048  1209  1209 D AOC     : A3:MSG: lsm6dsr_fifo.cc, 750: USF: Lsm6dsrFifo: ODR: XL/G/T/TS: 104/416/13/52 WM: 36 Intr: 17.
05-17 16:28:47.049  1209  1209 D AOC     : A3:MSG: lsm6dsr_device.cc, 671: USF: Lsm6dsrDevice: Fifo was disabled for 370605ns.
05-17 16:28:47.049  1209  1209 D AOC     : A3:MSG: usf_sensor.cc, 1581: USF: Received stop sampling request for LSM6DSR Gyroscope (active:2).
05-17 16:28:47.050  1209  1209 D AOC     : A3:MSG: lsm6dsr_device.cc, 763: USF: Lsm6dsrDevice: Sensor 1: Enabled 1, odr_index 5.
05-17 16:28:47.050  1209  1209 D AOC     : A3:MSG: lsm6dsr_fifo.cc, 750: USF: Lsm6dsrFifo: ODR: XL/G/T/TS: 104/208/13/26 WM: 20 Intr: 18.
05-17 16:28:47.051  1209  1209 D AOC     : A3:MSG: lsm6dsr_device.cc, 671: USF: Lsm6dsrDevice: Fifo was disabled for 361328ns.
05-17 16:28:47.051  1209  1209 D AOC     : A3:MSG: usf_sensor.cc, 1581: USF: Received stop sampling request for LSM6DSR FreeFall Detect (active:0).
05-17 16:28:47.052  1209  1209 D AOC     : A3:MSG: lsm6dsr_device.cc, 763: USF: Lsm6dsrDevice: Sensor 5: Enabled 0, odr_index 0.
05-17 16:28:47.052  1209  1209 D AOC     : A3:MSG: lsm6dsr_fifo.cc, 750: USF: Lsm6dsrFifo: ODR: XL/G/T/TS: 104/208/13/26 WM: 20 Intr: 18.
05-17 16:28:47.052  1209  1209 D AOC     : A3:MSG: lsm6dsr_device.cc, 671: USF: Lsm6dsrDevice: Fifo was disabled for 255859ns.
05-17 16:28:47.053  1209  1209 D AOC     : A3:MSG: usf_sensor.cc, 1581: USF: Received stop sampling request for LSM6DSR Stationary Detect (active:-1).
05-17 16:28:47.053  1209  1209 D AOC     : A3:MSG: usf_sensor.cc, 2037: USF: Sampling configuration 68325 not found.
05-17 16:28:47.053  1209  1209 D AOC     : A3:MSG: usf_sensor_client.cc, 145: USF: Received kErrNotFound when disabling one shot sensor.
05-17 16:28:47.057   932   973 D CHRE.HAL: Received a nanoapp message from 0x476f6f676c001019 endpoint 0x3: Type 0x1f4 size 12 
05-17 16:28:47.060   932   973 D CHRE.HAL: Received a nanoapp message from 0x476f6f676c001019 endpoint 0x3: Type 0x1f4 size 12 
05-17 16:28:47.084  1621  1899 D ActivityManager: freezing 17461 com.x.android.lite
05-17 16:28:47.093  1621  1970 D InetDiagMessage: Destroyed 0 sockets, proto=IPPROTO_TCP, family=AF_INET, states=14
05-17 16:28:47.095  1621  1970 D InetDiagMessage: Destroyed 0 sockets, proto=IPPROTO_TCP, family=AF_INET6, states=14
05-17 16:28:47.095  1621  1970 D InetDiagMessage: Destroyed live tcp sockets for uids={10450} in 5ms
05-17 16:28:47.367  1209  1209 D AOC     : A3:MSG: usf_sensor.cc, 1573: USF: Received start sampling request for LSM6DSR Gyroscope (active:3).
05-17 16:28:47.368  1209  1209 D AOC     : A3:MSG: lsm6dsr_device.cc, 763: USF: Lsm6dsrDevice: Sensor 1: Enabled 1, odr_index 3.
05-17 16:28:47.368  1209  1209 D AOC     : A3:MSG: lsm6dsr_fifo.cc, 750: USF: Lsm6dsrFifo: ODR: XL/G/T/TS: 104/52/13/13 WM: 9 Intr: 21.
05-17 16:28:47.368  1209  1209 D AOC     : A3:MSG: lsm6dsr_device.cc, 671: USF: Lsm6dsrDevice: Fifo was disabled for 385010ns.
05-17 16:28:47.369  1209  1209 D AOC     : A3:MSG: usf_sensor.cc, 1573: USF: Received start sampling request for MMC56X3X Magnetometer (active:2).
05-17 16:28:47.370  1209  1209 D AOC     : A3:MSG: mmc56x3x_device.cc, 409: USF: MMC56X3X0: mmc56x3x_enable_measure odr = 10.
05-17 16:28:47.592  1621  1899 D ActivityManager: freezing 24881 com.google.android.euicc
05-17 16:28:47.596  1621  1970 D InetDiagMessage: Destroyed 0 sockets, proto=IPPROTO_TCP, family=AF_INET, states=14
05-17 16:28:47.598  1621  1970 D InetDiagMessage: Destroyed 0 sockets, proto=IPPROTO_TCP, family=AF_INET6, states=14
05-17 16:28:47.598  1621  1970 D InetDiagMessage: Destroyed live tcp sockets for uids={10126} in 4ms
05-17 16:28:47.825  1621  1970 D InetDiagMessage: Destroyed 0 sockets, proto=IPPROTO_TCP, family=AF_INET, states=14
05-17 16:28:47.827  1621  1970 D InetDiagMessage: Destroyed 0 sockets, proto=IPPROTO_TCP, family=AF_INET6, states=14
05-17 16:28:47.827  1621  1970 D InetDiagMessage: Destroyed live tcp sockets for uids={10179} in 4ms
05-17 16:28:47.829  1621  1970 D InetDiagMessage: Destroyed 0 sockets, proto=IPPROTO_TCP, family=AF_INET, states=14
05-17 16:28:47.831  1621  1970 D InetDiagMessage: Destroyed 0 sockets, proto=IPPROTO_TCP, family=AF_INET6, states=14
05-17 16:28:47.831  1621  1970 D InetDiagMessage: Destroyed live tcp sockets for uids={20179} in 4ms
05-17 16:28:48.251   978   978 I WifiHAL : Creating message to get link statistics; iface = 47
05-17 16:28:48.334   978   978 D WifiHAL : Start debug command: mType GET_FEATURE
05-17 16:28:48.334   978   978 I WifiHAL : CreateRequest mType = GET_FEATURE
05-17 16:28:48.334   978   978 D WifiHAL : In DebugCommand::handleResponse, mType:GET_FEATURE
05-17 16:28:48.334   978   978 D WifiHAL : len = 4, expected len = 4
05-17 16:28:48.587  1745  1764 I pixel-thermal: VIRTUAL-USB-UI:0 raw data: USB2-MINUS-CHG:-4878 VIRTUAL-USB-UI:0 charger_skin_therm:42349 usb_pwr_therm2:37471 
05-17 16:28:48.587  1745  1764 I pixel-thermal: VIRTUAL-USB-THROTTLING:0 raw data: USB2-MINUS-CHG:-4878 VIRTUAL-USB-THROTTLING:0 usb_pwr_therm2:37471 
05-17 16:28:48.587  1745  1764 I pixel-thermal: Power rails total power: 668.63 mW for 60008 ms
05-17 16:28:48.587  1745  1764 I pixel-thermal: Power rails [L8S_UFS_VCCQ: 36.07 mW] [S2S_VDD_G3D: 22.02 mW] [S10S_VDD2L: 18.93 mW] [S5S_VDDQ_MEM: 7.36 mW] [S4S_VDD2H_MEM: 35.84 mW] [S9S_VDD_AOC: 29.98 mW] 
05-17 16:28:48.587  1745  1764 I pixel-thermal: Power rails [S10M_VDD_TPU: 11.77 mW] [L2S_VDD_AOC_RET: 5.12 mW] [L9S_GNSS_CORE: 0.49 mW] [S1M_VDD_MIF: 50.57 mW] [S5M_VDD_INT: 32.24 mW] [S4M_VDD_CPUCL0: 91.96 mW] 
05-17 16:28:48.587  1745  1764 I pixel-thermal: Power rails [S2M_VDD_CPUCL2: 98.50 mW] [S3M_VDD_CPUCL1: 42.52 mW] [L15M_VDD_SLC_M: 11.09 mW] [VSYS_PWR_DISPLAY: 174.17 mW] 
05-17 16:28:48.587  1745  1764 I pixel-thermal: CDEV log usbc-port state:0 fcc state:4 thermal-cpufreq-1 state:0 tpu_cooling state:2 thermal-gpufreq-0 state:0 thermal-cpufreq-2 state:0 thermal-cpufreq-0 state:0 
05-17 16:28:48.750  1745  1764 I pixel-thermal: VIRTUAL-SKIN:38.9745 raw data: VIRTUAL-NEUTRAL:38974.5 VIRTUAL-NEUTRAL-SKIN2:38875.8 VIRTUAL-QUIET-NEUTRAL:37797.9 VIRTUAL-SKIN:38974.5 disp_therm:37204 gnss_tcxo_therm:39229 neutral_therm:38094 quiet_therm:37671 skin_therm1:39852 skin_therm2:40700 
05-17 16:28:49.633  2271  3351 D ImpulseConnection: timeout happen: com.google.android.apps.turbo
05-17 16:28:49.636  2271  3351 D ImpulseConnection: unbindService for releasing a CONNECTED connection com.google.android.apps.turbo
05-17 16:28:49.647  1745  1745 I pixel-thermal: VIRTUAL-SKIN:38.9745 raw data: VIRTUAL-SKIN:38974.5 
05-17 16:28:49.649  1745  1745 I pixel-thermal: VIRTUAL-SKIN:38.9745 raw data: VIRTUAL-SKIN:38974.5 
05-17 16:28:49.650  2271  2463 I TemperatureStateSource: temperature was set
05-17 16:28:49.650  2271  2463 D ImpulseStateSource: Notify clients: 32840
05-17 16:28:49.650  2271  2465 D ImpulseConnection: bindService: com.google.android.apps.turbo
05-17 16:28:49.669  2271  2271 D ImpulseConnection: onServiceConnected: ComponentInfo{com.google.android.apps.turbo/com.google.android.apps.turbo.adaptiveplatform.impulse.ImpulseClientService} service is null false
05-17 16:28:49.885  1745  1764 I pixel-thermal: cellular-emergency:38.9745 raw data: VIRTUAL-SKIN:38974.5 cellular-emergency:38974.5 
05-17 16:28:49.885  1745  1764 I pixel-thermal: VIRTUAL-SKIN-CPU:38.9745 raw data: VIRTUAL-SKIN:38974.5 VIRTUAL-SKIN-CPU:38974.5 
05-17 16:28:49.886  1745  1764 I pixel-thermal: VIRTUAL-SKIN-CPU power_budget=1673.31 err=2.0255 s_power=800 time_elapsed_ms=7007 p=810.199 i=63.1079 d=-0 dt_per_min=nan compensation=0 budget transient=0 control target=3 excluded power budget=0 is_emul_throttling_info=0
05-17 16:28:49.886  1745  1764 I pixel-thermal: VIRTUAL-SKIN-CPU binded power rails: (S4M_VDD_CPUCL0: 192.92 mW)(S2M_VDD_CPUCL2: 165.85 mW)(S3M_VDD_CPUCL1: 100.65 mW)
05-17 16:28:49.886  1745  1764 I pixel-thermal: VIRTUAL-SKIN-CPU-GPU:38.9745 raw data: VIRTUAL-SKIN:38974.5 VIRTUAL-SKIN-CPU-GPU:38974.5 
05-17 16:28:49.886  1745  1764 I pixel-thermal: VIRTUAL-SKIN-CPU-GPU power_budget=3307.65 err=6.0255 s_power=800 time_elapsed_ms=7007 p=1807.65 i=700 d=-0 dt_per_min=nan compensation=0 budget transient=0 control target=3 excluded power budget=0 is_emul_throttling_info=0
05-17 16:28:49.886  1745  1764 I pixel-thermal: VIRTUAL-SKIN-CPU-GPU binded power rails: (S4M_VDD_CPUCL0: 192.92 mW)(S2M_VDD_CPUCL2: 165.85 mW)(S3M_VDD_CPUCL1: 100.65 mW)(S2S_VDD_G3D: 66.82 mW)
05-17 16:28:49.886  1745  1764 I pixel-thermal: VIRTUAL-SKIN-HINT:38.9745 raw data: VIRTUAL-SKIN:38974.5 VIRTUAL-SKIN-HINT:38974.5 
05-17 16:28:49.886  1745  1764 I pixel-thermal: VIRTUAL-SKIN-CHARGE:38.9745 raw data: VIRTUAL-SKIN:38974.5 VIRTUAL-SKIN-CHARGE:38974.5 
05-17 16:28:49.886  1745  1764 I pixel-thermal: VIRTUAL-SKIN-CHARGE's fcc binded power rail POWER_FOR_CHARGING_THROTTLING: power threshold = 500, avg power = 844.702
05-17 16:28:50.687 10976 14079 I NearbyDiscovery: FastPair: isDestroyable: Scanner is alive. [CONTEXT service_id=265 ]
05-17 16:28:50.687 10976 14079 I NearbyDiscovery: DiscoveryService: Skip stopSelf(), fast pair controller is not destroyable. [CONTEXT service_id=265 ]
05-17 16:28:50.817 10976 21250 I NearbyMediums: Found BLE GATT Advertisements :
05-17 16:28:50.817 10976 21250 I NearbyMediums: BleAdvertisement { version=2, socketVersion=2, isFast=false, serviceIdHash=[ 0xfc 0x9f 0x5e ], data=[ 0x23 0xfc 0x9f 0x5e 0x33 0x42 0x38 0x46 0x1d 0x06 0x87 0x5a 0x1d 0x02 0xcc 0xb8 0xfa 0xef 0xec 0xdb 0x67 0x69 0x56 0xb4 0xc2 0x09 0x0b 0x41 0x73 0x68 0x77 0x69 0x6e 0x27 0x73 0x20 0x50 0x43 0xa0 0xb3 0x39 0xf2 0x17 0x77 0x00 0x00 ], deviceToken=[ 0xee 0x40 ], rxAdvertisement=null } : 17 times.
05-17 16:28:50.817 10976 21250 I NearbyMediums: Total 17 GATT advertisements from 1 unique advertisers.
05-17 16:28:50.817 10976 21250 I NearbyMediums: Current Tracked Scanning Clients are : {NearbyConnections.EnvironmentMonitor, NearbySharing, NearbyConnections.TxAdvertisement}
05-17 16:28:51.339   978   978 I WifiHAL : Creating message to get link statistics; iface = 47
05-17 16:28:51.436   978   978 D WifiHAL : Start debug command: mType GET_FEATURE
05-17 16:28:51.436   978   978 I WifiHAL : CreateRequest mType = GET_FEATURE
05-17 16:28:51.437   978   978 D WifiHAL : In DebugCommand::handleResponse, mType:GET_FEATURE
05-17 16:28:51.437   978   978 D WifiHAL : len = 4, expected len = 4
05-17 16:28:51.567 21047 21050 I com.whatsapp: Method exceeds compiler instruction limit: 25728 in java.lang.Long X.Ch5.A00(java.lang.Integer)
05-17 16:28:52.067  1209  1209 D AOC     : A3:MSG: vsc_controller.cc, 532: VSC: [Significant Motion] requestSensorEvents: sensor 0x20002, period=18446744073709 la
05-17 16:28:52.067  1209  1209 D AOC     : A3:MSG: usf_sensor.cc, 1573: USF: Received start sampling request for LSM6DSR Motion Detect (active:3).
05-17 16:28:52.068  1209  1209 D AOC     : A3:MSG: vsc_controller.cc, 550: VSC: [Significant Motion] stopSensorEvents: sensor 0x10001
05-17 16:28:52.069  1209  1209 D AOC     : A3:MSG: usf_sensor.cc, 1573: USF: Received start sampling request for LSM6DSR Accelerometer (active:7).
05-17 16:28:52.069  1209  1209 D AOC     : A3:MSG: lsm6dsr_device.cc, 763: USF: Lsm6dsrDevice: Sensor 0: Enabled 1, odr_index 4.
05-17 16:28:52.069  1209  1209 D AOC     : A3:MSG: lsm6dsr_fifo.cc, 750: USF: Lsm6dsrFifo: ODR: XL/G/T/TS: 104/52/13/13 WM: 9 Intr: 21.
05-17 16:28:52.070  1209  1209 D AOC     : A3:MSG: lsm6dsr_device.cc, 671: USF: Lsm6dsrDevice: Fifo was disabled for 332031ns.
05-17 16:28:52.808  1621  1899 D ActivityManager: freezing 17365 app.revanced.android.gms
05-17 16:28:52.814  1621  1899 D ActivityManager: freezing 21491 com.google.android.inputmethod.latin
05-17 16:28:52.818  1621  1899 D ActivityManager: freezing 14177 com.google.android.gms
05-17 16:28:52.826  1621  1970 D InetDiagMessage: Destroyed 0 sockets, proto=IPPROTO_TCP, family=AF_INET, states=14
05-17 16:28:52.828  1621  1970 D InetDiagMessage: Destroyed 0 sockets, proto=IPPROTO_TCP, family=AF_INET6, states=14
05-17 16:28:52.828  1621  1970 D InetDiagMessage: Destroyed live tcp sockets for uids={10179} in 5ms
05-17 16:28:54.308  1209  1209 D AOC     : A3:MSG: vsc_controller.cc, 532: VSC: [Step Counter] requestSensorEvents: sensor 0x20002, period=18446744073709 latency=
05-17 16:28:54.308  1209  1209 D AOC     : A3:MSG: vsc_controller.cc, 550: VSC: [Step Counter] stopSensorEvents: sensor 0x10001
05-17 16:28:54.308  1209  1209 D AOC     : A3:MSG: usf_sensor.cc, 1581: USF: Received stop sampling request for LSM6DSR Accelerometer (active:5).
05-17 16:28:54.309  1209  1209 D AOC     : A3:MSG: usf_sensor_client.cc, 430: USF: Stopping stale sample stream with sampling ID: 68323
05-17 16:28:54.309  1209  1209 D AOC     : A3:MSG: usf_sensor.cc, 1581: USF: Received stop sampling request for LSM6DSR Accelerometer (active:4).
05-17 16:28:54.309  1209  1209 D AOC     : A3:MSG: usf_sensor.cc, 2037: USF: Sampling configuration 68323 not found.
05-17 16:28:54.446   978  1032 I WifiHAL : Creating message to get link statistics; iface = 47
05-17 16:28:54.543   978  1032 D WifiHAL : Start debug command: mType GET_FEATURE
05-17 16:28:54.543   978  1032 I WifiHAL : CreateRequest mType = GET_FEATURE
05-17 16:28:54.543   978  1032 D WifiHAL : In DebugCommand::handleResponse, mType:GET_FEATURE
05-17 16:28:54.543   978  1032 D WifiHAL : len = 4, expected len = 4
05-17 16:28:55.509 14632 14632 I adbd    : adbd service requested 'shell:getprop'
05-17 16:28:55.755  1745  1764 I pixel-thermal: VIRTUAL-SKIN:39.0899 raw data: VIRTUAL-NEUTRAL:39089.8 VIRTUAL-NEUTRAL-SKIN2:38994.9 VIRTUAL-QUIET-NEUTRAL:37799.7 VIRTUAL-SKIN:39089.8 disp_therm:37226 gnss_tcxo_therm:39452 neutral_therm:38205 quiet_therm:37626 skin_therm1:39897 skin_therm2:40838 
05-17 16:28:56.892  1745  1764 I pixel-thermal: cellular-emergency:39.0899 raw data: VIRTUAL-SKIN:39089.8 cellular-emergency:39089.8 
05-17 16:28:56.892  1745  1764 I pixel-thermal: VIRTUAL-SKIN-CPU:39.0899 raw data: VIRTUAL-SKIN:39089.8 VIRTUAL-SKIN-CPU:39089.8 
05-17 16:28:56.892  1745  1764 I pixel-thermal: VIRTUAL-SKIN-CPU power_budget=1627.17 err=1.91015 s_power=800 time_elapsed_ms=7005 p=764.059 i=63.1079 d=-0 dt_per_min=nan compensation=0 budget transient=0 control target=3 excluded power budget=0 is_emul_throttling_info=0
05-17 16:28:56.892  1745  1764 I pixel-thermal: VIRTUAL-SKIN-CPU binded power rails: (S4M_VDD_CPUCL0: 95.76 mW)(S2M_VDD_CPUCL2: 28.36 mW)(S3M_VDD_CPUCL1: 31.56 mW)
05-17 16:28:56.892  1745  1764 I pixel-thermal: VIRTUAL-SKIN-CPU-GPU:39.0899 raw data: VIRTUAL-SKIN:39089.8 VIRTUAL-SKIN-CPU-GPU:39089.8 
05-17 16:28:56.892  1745  1764 I pixel-thermal: VIRTUAL-SKIN-CPU-GPU power_budget=3273.04 err=5.91015 s_power=800 time_elapsed_ms=7005 p=1773.04 i=700 d=-0 dt_per_min=nan compensation=0 budget transient=0 control target=3 excluded power budget=0 is_emul_throttling_info=0
05-17 16:28:56.892  1745  1764 I pixel-thermal: VIRTUAL-SKIN-CPU-GPU binded power rails: (S4M_VDD_CPUCL0: 95.76 mW)(S2M_VDD_CPUCL2: 28.36 mW)(S3M_VDD_CPUCL1: 31.56 mW)(S2S_VDD_G3D: 24.19 mW)
05-17 16:28:56.893  1745  1764 I pixel-thermal: VIRTUAL-SKIN-HINT:39.0899 raw data: VIRTUAL-SKIN:39089.8 VIRTUAL-SKIN-HINT:39089.8 
05-17 16:28:56.893  1745  1764 I pixel-thermal: VIRTUAL-SKIN-CHARGE:39.0899 raw data: VIRTUAL-SKIN:39089.8 VIRTUAL-SKIN-CHARGE:39089.8 
05-17 16:28:56.893  1745  1764 I pixel-thermal: VIRTUAL-SKIN-CHARGE's fcc binded power rail POWER_FOR_CHARGING_THROTTLING: power threshold = 500, avg power = 460.201
05-17 16:28:56.894  1745  1764 I pixel-thermal: Successfully update cdev fcc sysfs to 0
05-17 16:28:57.246  1209  1209 D AOC     : A3:MSG: usf_sensor.cc, 1573: USF: Received start sampling request for LSM6DSR Accelerometer (active:6).
05-17 16:28:57.249   932   973 I CHRE    : @ 426025.634: [AR] ON => IDLE
05-17 16:28:57.553   978   978 I WifiHAL : Creating message to get link statistics; iface = 47
05-17 16:28:57.665   978   978 E libbinder.IPCThreadState: binder thread pool (1 threads) starved for 111 ms
05-17 16:28:57.712   978   978 D WifiHAL : Start debug command: mType GET_FEATURE
05-17 16:28:57.712   978   978 I WifiHAL : CreateRequest mType = GET_FEATURE
05-17 16:28:57.712   978   978 D WifiHAL : In DebugCommand::handleResponse, mType:GET_FEATURE
05-17 16:28:57.712   978   978 D WifiHAL : len = 4, expected len = 4
05-17 16:28:59.659  1745  1745 I pixel-thermal: VIRTUAL-SKIN:39.0592 raw data: VIRTUAL-NEUTRAL:39059.2 VIRTUAL-NEUTRAL-SKIN2:38960.4 VIRTUAL-QUIET-NEUTRAL:37815.8 VIRTUAL-SKIN:39059.2 disp_therm:37226 gnss_tcxo_therm:39474 neutral_therm:38205 quiet_therm:37649 skin_therm1:39808 skin_therm2:40723 
05-17 16:28:59.663  2271  2465 D ImpulseStateSource: Notify clients: 32841
05-17 16:29:00.669  1621  1768 D ActivityManager: sync unfroze 14177 com.google.android.gms for 6
05-17 16:29:00.671  1621  2006 D AppWidgetServiceImpl: Trying to notify widget update for package org.kustom.widget with widget id: 880
05-17 16:29:00.687  1621  2006 D AppWidgetServiceImpl: Trying to notify widget update for package org.kustom.widget with widget id: 879
05-17 16:29:00.716   978   978 I WifiHAL : Creating message to get link statistics; iface = 47
05-17 16:29:00.801   978  1032 D WifiHAL : Start debug command: mType GET_FEATURE
05-17 16:29:00.801   978  1032 I WifiHAL : CreateRequest mType = GET_FEATURE
05-17 16:29:00.801   978  1032 D WifiHAL : In DebugCommand::handleResponse, mType:GET_FEATURE
05-17 16:29:00.801   978  1032 D WifiHAL : len = 4, expected len = 4
05-17 16:29:00.819 10976 25757 I NearbyMediums: Found BLE GATT Advertisements :
05-17 16:29:00.819 10976 25757 I NearbyMediums: BleAdvertisement { version=2, socketVersion=2, isFast=false, serviceIdHash=[ 0xfc 0x9f 0x5e ], data=[ 0x23 0xfc 0x9f 0x5e 0x33 0x42 0x38 0x46 0x1d 0x06 0x87 0x5a 0x1d 0x02 0xcc 0xb8 0xfa 0xef 0xec 0xdb 0x67 0x69 0x56 0xb4 0xc2 0x09 0x0b 0x41 0x73 0x68 0x77 0x69 0x6e 0x27 0x73 0x20 0x50 0x43 0xa0 0xb3 0x39 0xf2 0x17 0x77 0x00 0x00 ], deviceToken=[ 0xee 0x40 ], rxAdvertisement=null } : 16 times.
05-17 16:29:00.819 10976 25757 I NearbyMediums: Total 16 GATT advertisements from 1 unique advertisers.
05-17 16:29:00.819 10976 25757 I NearbyMediums: Current Tracked Scanning Clients are : {NearbyConnections.EnvironmentMonitor, NearbySharing, NearbyConnections.TxAdvertisement}
05-17 16:29:01.084  1621  1653 I system_server: NativeAlloc concurrent mark compact GC freed 22MB AllocSpace bytes, 26(1992KB) LOS objects, 79% free, 105MB/512MB, paused 2.737ms,11.768ms total 412.877ms
05-17 16:29:01.099  1621  1654 I libbinder.BpBinder: onLastStrongRef automatically unlinking death recipients for binder (0xb400006f9f5f8590) with descriptor: '(not cached)'
05-17 16:29:01.105  1621  1654 I libbinder.BpBinder: onLastStrongRef automatically unlinking death recipients for binder (0xb400006f9f77ae50) with descriptor: '(not cached)'
05-17 16:29:02.275   937   937 W TracingMuxer: type=1400 audit(0.0:114781): avc:  denied  { write } for  name="traced_producer" dev="tmpfs" ino=1247 scontext=u:r:hal_neuralnetworks_darwinn:s0 tcontext=u:object_r:traced_producer_socket:s0 tclass=sock_file permissive=0
05-17 16:29:02.722  1135  1157 I WPKTRT  : process_address_event: 2409:40c4:153:71cf:738:6125:910e:cdb8 added to wlan0
05-17 16:29:02.723  1135  1157 I WPKTRT  : process_address_event: 2409:40c4:153:71cf:9da8:cae7:d6c5:aae2 added to wlan0
05-17 16:29:02.729  2213  2772 D IpClient/wlan0: addressUpdated: 2409:40c4:153:71cf:738:6125:910e:cdb8/64 on ifindex 47 flags 0x00000900 scope 0
05-17 16:29:02.730  2213  2772 D IpClient/wlan0: addressUpdated: 2409:40c4:153:71cf:9da8:cae7:d6c5:aae2/64 on ifindex 47 flags 0x00000001 scope 0
05-17 16:29:02.731  2213  2772 W AlarmManager: Unrecognized alarm listener com.android.networkstack.android.net.ip.IpClientLinkObserver$Dhcp6PdPreferredPrefixAlarmListener@b77b132
05-17 16:29:02.733  2213  2772 D ApfFilter: (wlan0): Ignoring RA RA fe80::da23:e0ff:fe80:e3d7 -> ff02::1 180s 2409:40c4:153:71cf::/64 14694s/14694s DNS 180s 2409:40c4:153:71cf:da23:e0ff:fe80:e3d7  which matches RA fe80::da23:e0ff:fe80:e3d7 -> ff02::1 180s 2409:40c4:153:71cf::/64 14716s/14716s DNS 180s 2409:40c4:153:71cf:da23:e0ff:fe80:e3d7 
05-17 16:29:02.770  1745  1764 I pixel-thermal: VIRTUAL-SKIN:39.0592 raw data: VIRTUAL-NEUTRAL:39059.2 VIRTUAL-NEUTRAL-SKIN2:38960.4 VIRTUAL-QUIET-NEUTRAL:37815.8 VIRTUAL-SKIN:39059.2 disp_therm:37226 gnss_tcxo_therm:39474 neutral_therm:38205 quiet_therm:37649 skin_therm1:39808 skin_therm2:40723 
05-17 16:29:03.360  1621  1973 I MdnsReplySender: Sending {MdnsReplyInfo: /192.168.31.153:5353 to /224.0.0.251:5353, answers: 1, additionalAnswers: 7, knownAnswers: 0, sendDelayMs 25}
05-17 16:29:03.809   978  1032 I WifiHAL : Creating message to get link statistics; iface = 47
05-17 16:29:03.896   978  1032 D WifiHAL : Start debug command: mType GET_FEATURE
05-17 16:29:03.896   978  1032 I WifiHAL : CreateRequest mType = GET_FEATURE
05-17 16:29:03.896   978  1032 D WifiHAL : In DebugCommand::handleResponse, mType:GET_FEATURE
05-17 16:29:03.896   978  1032 D WifiHAL : len = 4, expected len = 4
05-17 16:29:03.898  1745  1764 I pixel-thermal: cellular-emergency:39.0592 raw data: VIRTUAL-SKIN:39059.2 cellular-emergency:39059.2 
05-17 16:29:03.898  1745  1764 I pixel-thermal: VIRTUAL-SKIN-CPU:39.0592 raw data: VIRTUAL-SKIN:39059.2 VIRTUAL-SKIN-CPU:39059.2 
05-17 16:29:03.898  1745  1764 I pixel-thermal: VIRTUAL-SKIN-CPU power_budget=1639.43 err=1.9408 s_power=800 time_elapsed_ms=7006 p=776.32 i=63.1079 d=0 dt_per_min=nan compensation=0 budget transient=0 control target=3 excluded power budget=0 is_emul_throttling_info=0
05-17 16:29:03.898  1745  1764 I pixel-thermal: VIRTUAL-SKIN-CPU binded power rails: (S4M_VDD_CPUCL0: 82.91 mW)(S2M_VDD_CPUCL2: 18.62 mW)(S3M_VDD_CPUCL1: 53.99 mW)
05-17 16:29:03.899  1745  1764 I pixel-thermal: VIRTUAL-SKIN-CPU-GPU:39.0592 raw data: VIRTUAL-SKIN:39059.2 VIRTUAL-SKIN-CPU-GPU:39059.2 
05-17 16:29:03.899  1745  1764 I pixel-thermal: VIRTUAL-SKIN-CPU-GPU power_budget=3282.24 err=5.9408 s_power=800 time_elapsed_ms=7006 p=1782.24 i=700 d=0 dt_per_min=nan compensation=0 budget transient=0 control target=3 excluded power budget=0 is_emul_throttling_info=0
05-17 16:29:03.899  1745  1764 I pixel-thermal: VIRTUAL-SKIN-CPU-GPU binded power rails: (S4M_VDD_CPUCL0: 82.91 mW)(S2M_VDD_CPUCL2: 18.62 mW)(S3M_VDD_CPUCL1: 53.99 mW)(S2S_VDD_G3D: 8.20 mW)
05-17 16:29:03.899  1745  1764 I pixel-thermal: VIRTUAL-SKIN-HINT:39.0592 raw data: VIRTUAL-SKIN:39059.2 VIRTUAL-SKIN-HINT:39059.2 
05-17 16:29:03.899  1745  1764 I pixel-thermal: VIRTUAL-SKIN-CHARGE:39.0592 raw data: VIRTUAL-SKIN:39059.2 VIRTUAL-SKIN-CHARGE:39059.2 
05-17 16:29:03.899  1745  1764 I pixel-thermal: VIRTUAL-SKIN-CHARGE's fcc binded power rail POWER_FOR_CHARGING_THROTTLING: power threshold = 500, avg power = 447.229
05-17 16:29:06.904   978   978 I WifiHAL : Creating message to get link statistics; iface = 47
05-17 16:29:06.997   978   978 D WifiHAL : Start debug command: mType GET_FEATURE
05-17 16:29:06.997   978   978 I WifiHAL : CreateRequest mType = GET_FEATURE
05-17 16:29:06.997   978   978 D WifiHAL : In DebugCommand::handleResponse, mType:GET_FEATURE
05-17 16:29:06.997   978   978 D WifiHAL : len = 4, expected len = 4
05-17 16:29:07.228  1209  1209 D AOC     : A3:MSG: usf_sensor.cc, 1581: USF: Received stop sampling request for LSM6DSR Accelerometer (active:4).
05-17 16:29:07.231   932   973 D CHRE.HAL: Received a nanoapp message from 0x476f6f676c001016 endpoint 0x4: Type 0x8003 size 1 
05-17 16:29:07.259   978  1032 I vendor.google.wifi_ext-service-vendor: Wifi: Resetting SAR Scenario to default
05-17 16:29:07.259   978  1032 E WifiHAL : wifi_reset_tx_power_scenario
05-17 16:29:07.273  2336  2336 D GRIL-S  : [7219]> UPDATE_DEVICE_STATE DeviceState: Usb:1, Wifi: 1, Wifi AP: 0, Earpiece: 0, Bluetooth: 1, Wireless charging: 0, Screen: 1, Camera: 0, 0, -, -, Motion: 0, Bluetooth tethering: 0, Voice: 0, Wifi 2.4G: 0, Radio: 1, Bluetooth connected: 0, Bluetooth media: 0, Wifi Band: 2, Wifi AP Band: 0, Wifi call: 0, mmWave: 0, mCellBackhaul: 0, mHallSensor: 0, mDozeStatus: 1, mAppClassInfo: 0, mWifiCapSensorStatus: 0, mCellCapSensorStatus: 0, mBesideHeadHandStatus: 0, mSpeakerStatus: 0, mProtectiveCaseStatus: 0, mWifiSettingStatus: 0, mGpsStatus: 0
05-17 16:29:07.277   496   496 I hwservicemanager: getTransport: Cannot find entry hardware.google.bluetooth.bt_channel_avoidance@1.0::IBTChannelAvoidance/default in either framework or device VINTF manifest.
05-17 16:29:07.329  2336  3076 D GRIL-S  : [7219]< UPDATE_DEVICE_STATE 
05-17 16:29:07.340  2336  2336 D GRIL-BluetoothSar: setBluetoothModeBasedTxPowerCap invoked with parameters: chain0Cap:[76, 76, 76] chain1Cap:[76, 76, 76] beamformingCap:[66, 66, 66, 66, 66, 66]
05-17 16:29:07.341   929   929 I bthal.aidl.sar: setBluetoothModeBasedTxPowerCap: 0 Chain 0 Power Cap:<br=76, edr=76, ble=76>, Chain 1 Power Cap:<br=76, edr=76, ble=76>, Beamforming Power Cap Chain 0: <br=66, edr=66, ble=66>, Chain 1:<br=66, edr=66, ble=66>
05-17 16:29:07.356   929  1120 I bthal.aidl.sar: OnEventReceive: (1) Recv Success VSE <[7]{14, 5, 1, 105, 254, 0, 1}>
05-17 16:29:07.356   929  1120 I bthal.flowcontrol: HciEventPreProcess: HCI Event 0xe Opcode 0xfe69 Length 7 handled by bthal.aidl.sar
05-17 16:29:09.675  1745  1745 I pixel-thermal: VIRTUAL-SKIN:39.0465 raw data: VIRTUAL-NEUTRAL:39046.5 VIRTUAL-NEUTRAL-SKIN2:38966.5 VIRTUAL-QUIET-NEUTRAL:37835.9 VIRTUAL-SKIN:39046.5 disp_therm:37248 gnss_tcxo_therm:39429 neutral_therm:38272 quiet_therm:37649 skin_therm1:39763 skin_therm2:40587 
05-17 16:29:09.679  2271  2465 D ImpulseStateSource: Notify clients: 32842
05-17 16:29:09.781  1745  1764 I pixel-thermal: VIRTUAL-SKIN:39.0465 raw data: VIRTUAL-SKIN:39046.5 
05-17 16:29:10.005   978  1032 I WifiHAL : Creating message to get link statistics; iface = 47
05-17 16:29:10.121   978  1032 D WifiHAL : Start debug command: mType GET_FEATURE
05-17 16:29:10.121   978  1032 I WifiHAL : CreateRequest mType = GET_FEATURE
05-17 16:29:10.122   978  1032 D WifiHAL : In DebugCommand::handleResponse, mType:GET_FEATURE
05-17 16:29:10.122   978  1032 D WifiHAL : len = 4, expected len = 4
05-17 16:29:10.823 10976 25757 I NearbyMediums: Found BLE GATT Advertisements :
05-17 16:29:10.823 10976 25757 I NearbyMediums: BleAdvertisement { version=2, socketVersion=2, isFast=false, serviceIdHash=[ 0xfc 0x9f 0x5e ], data=[ 0x23 0xfc 0x9f 0x5e 0x33 0x42 0x38 0x46 0x1d 0x06 0x87 0x5a 0x1d 0x02 0xcc 0xb8 0xfa 0xef 0xec 0xdb 0x67 0x69 0x56 0xb4 0xc2 0x09 0x0b 0x41 0x73 0x68 0x77 0x69 0x6e 0x27 0x73 0x20 0x50 0x43 0xa0 0xb3 0x39 0xf2 0x17 0x77 0x00 0x00 ], deviceToken=[ 0xee 0x40 ], rxAdvertisement=null } : 19 times.
05-17 16:29:10.823 10976 25757 I NearbyMediums: Total 19 GATT advertisements from 1 unique advertisers.
05-17 16:29:10.823 10976 25757 I NearbyMediums: Current Tracked Scanning Clients are : {NearbyConnections.EnvironmentMonitor, NearbySharing, NearbyConnections.TxAdvertisement}
05-17 16:29:10.902  1745  1764 I pixel-thermal: cellular-emergency:39.0465 raw data: VIRTUAL-SKIN:39046.5 cellular-emergency:39046.5 
05-17 16:29:10.902  1745  1764 I pixel-thermal: VIRTUAL-SKIN-CPU:39.0465 raw data: VIRTUAL-SKIN:39046.5 VIRTUAL-SKIN-CPU:39046.5 
05-17 16:29:10.902  1745  1764 I pixel-thermal: VIRTUAL-SKIN-CPU power_budget=1644.53 err=1.95354 s_power=800 time_elapsed_ms=7006 p=781.418 i=63.1079 d=0 dt_per_min=nan compensation=0 budget transient=0 control target=3 excluded power budget=0 is_emul_throttling_info=0
05-17 16:29:10.902  1745  1764 I pixel-thermal: VIRTUAL-SKIN-CPU binded power rails: (S4M_VDD_CPUCL0: 48.13 mW)(S2M_VDD_CPUCL2: 16.44 mW)(S3M_VDD_CPUCL1: 18.73 mW)
05-17 16:29:10.903  1745  1764 I pixel-thermal: VIRTUAL-SKIN-CPU-GPU:39.0465 raw data: VIRTUAL-SKIN:39046.5 VIRTUAL-SKIN-CPU-GPU:39046.5 
05-17 16:29:10.903  1745  1764 I pixel-thermal: VIRTUAL-SKIN-CPU-GPU power_budget=3286.06 err=5.95354 s_power=800 time_elapsed_ms=7006 p=1786.06 i=700 d=0 dt_per_min=nan compensation=0 budget transient=0 control target=3 excluded power budget=0 is_emul_throttling_info=0
05-17 16:29:10.903  1745  1764 I pixel-thermal: VIRTUAL-SKIN-CPU-GPU binded power rails: (S4M_VDD_CPUCL0: 48.13 mW)(S2M_VDD_CPUCL2: 16.44 mW)(S3M_VDD_CPUCL1: 18.73 mW)(S2S_VDD_G3D: 11.51 mW)
05-17 16:29:10.903  1745  1764 I pixel-thermal: VIRTUAL-SKIN-HINT:39.0465 raw data: VIRTUAL-SKIN:39046.5 VIRTUAL-SKIN-HINT:39046.5 
05-17 16:29:10.903  1745  1764 I pixel-thermal: VIRTUAL-SKIN-CHARGE:39.0465 raw data: VIRTUAL-SKIN:39046.5 VIRTUAL-SKIN-CHARGE:39046.5 
05-17 16:29:10.903  1745  1764 I pixel-thermal: VIRTUAL-SKIN-CHARGE's fcc binded power rail POWER_FOR_CHARGING_THROTTLING: power threshold = 500, avg power = 355.865
05-17 16:29:11.222  2884  2884 I pixelstats: MmMetrics: kernel: old PSI sysfs node.
05-17 16:29:12.257  1168  1189 D RILClient: [OemClient]IND: (clientId = 0, msgId = 2016, dataLength = 996, channel = 1)
05-17 16:29:12.264   984  3294 D RILClient: [OemClient]IND: (clientId = 7, msgId = 2016, dataLength = 996, channel = 1)
05-17 16:29:12.283   978   978 I WifiHAL : found interface wlan0
05-17 16:29:12.288   978   978 I WifiHAL : Setting Channel Avoidance success
05-17 16:29:12.293  2404  2404 I SHANNON_IMS: 5069 [DATA] Received mCellStatus [ 1 ]  [  band : 0] (RilIndImsPhysicalChannelConfigs%update:44)
05-17 16:29:12.294  2404  2404 I SHANNON_IMS: 5070 [NETW] #:PURP:# UNSOL {RILC_UNSOL_PHYSICAL_CHANNEL_CONFIGS} :   band : 40  (NetworkAdaptor$AdaptorChannel%onMessage:306)
05-17 16:29:12.334  1621  3983 D ActivityManager: sync unfroze 21540 .ShannonImsService for 7
05-17 16:29:13.130   978   978 I WifiHAL : Creating message to get link statistics; iface = 47
05-17 16:29:13.254   978   978 D WifiHAL : Start debug command: mType GET_FEATURE
05-17 16:29:13.254   978   978 I WifiHAL : CreateRequest mType = GET_FEATURE
05-17 16:29:13.254   978   978 D WifiHAL : In DebugCommand::handleResponse, mType:GET_FEATURE
05-17 16:29:13.254   978   978 D WifiHAL : len = 4, expected len = 4
05-17 16:29:16.268   978   978 I WifiHAL : Creating message to get link statistics; iface = 47
05-17 16:29:16.379   978   978 D WifiHAL : Start debug command: mType GET_FEATURE
05-17 16:29:16.379   978   978 I WifiHAL : CreateRequest mType = GET_FEATURE
05-17 16:29:16.379   978   978 D WifiHAL : In DebugCommand::handleResponse, mType:GET_FEATURE
05-17 16:29:16.379   978   978 D WifiHAL : len = 4, expected len = 4
05-17 16:29:16.792  1745  1764 I pixel-thermal: VIRTUAL-SKIN:38.9432 raw data: VIRTUAL-NEUTRAL:38943.2 VIRTUAL-NEUTRAL-SKIN2:38830.7 VIRTUAL-QUIET-NEUTRAL:37809.2 VIRTUAL-SKIN:38943.2 disp_therm:37248 gnss_tcxo_therm:39385 neutral_therm:38183 quiet_therm:37649 skin_therm1:39630 skin_therm2:40342 
05-17 16:29:17.743  1621  1899 D ActivityManager: freezing 14177 com.google.android.gms
05-17 16:29:17.915  1745  1764 I pixel-thermal: cellular-emergency:38.9432 raw data: VIRTUAL-SKIN:38943.2 cellular-emergency:38943.2 
05-17 16:29:17.915  1745  1764 I pixel-thermal: VIRTUAL-SKIN-CPU:38.9432 raw data: VIRTUAL-SKIN:38943.2 VIRTUAL-SKIN-CPU:38943.2 
05-17 16:29:17.915  1745  1764 I pixel-thermal: VIRTUAL-SKIN-CPU power_budget=1685.85 err=2.05685 s_power=800 time_elapsed_ms=7009 p=822.739 i=63.1079 d=0 dt_per_min=nan compensation=0 budget transient=0 control target=3 excluded power budget=0 is_emul_throttling_info=0
05-17 16:29:17.915  1745  1764 I pixel-thermal: VIRTUAL-SKIN-CPU binded power rails: (S4M_VDD_CPUCL0: 51.29 mW)(S2M_VDD_CPUCL2: 15.31 mW)(S3M_VDD_CPUCL1: 19.72 mW)
05-17 16:29:17.915  1745  1764 I pixel-thermal: VIRTUAL-SKIN-CPU-GPU:38.9432 raw data: VIRTUAL-SKIN:38943.2 VIRTUAL-SKIN-CPU-GPU:38943.2 
05-17 16:29:17.915  1745  1764 I pixel-thermal: VIRTUAL-SKIN-CPU-GPU power_budget=3317.05 err=6.05685 s_power=800 time_elapsed_ms=7009 p=1817.05 i=700 d=0 dt_per_min=nan compensation=0 budget transient=0 control target=3 excluded power budget=0 is_emul_throttling_info=0
05-17 16:29:17.915  1745  1764 I pixel-thermal: VIRTUAL-SKIN-CPU-GPU binded power rails: (S4M_VDD_CPUCL0: 51.29 mW)(S2M_VDD_CPUCL2: 15.31 mW)(S3M_VDD_CPUCL1: 19.72 mW)(S2S_VDD_G3D: 7.93 mW)
05-17 16:29:17.915  1745  1764 I pixel-thermal: VIRTUAL-SKIN-HINT:38.9432 raw data: VIRTUAL-SKIN:38943.2 VIRTUAL-SKIN-HINT:38943.2 
05-17 16:29:17.915  1745  1764 I pixel-thermal: VIRTUAL-SKIN-CHARGE:38.9432 raw data: VIRTUAL-SKIN:38943.2 VIRTUAL-SKIN-CHARGE:38943.2 
05-17 16:29:17.915  1745  1764 I pixel-thermal: VIRTUAL-SKIN-CHARGE's fcc binded power rail POWER_FOR_CHARGING_THROTTLING: power threshold = 500, avg power = 354.633
05-17 16:29:18.873  1621  1899 D ActivityManager: freezing 21187 android.process.acore
05-17 16:29:18.885  1621  1970 D InetDiagMessage: Destroyed 0 sockets, proto=IPPROTO_TCP, family=AF_INET, states=14
05-17 16:29:18.891  1621  1970 D InetDiagMessage: Destroyed 0 sockets, proto=IPPROTO_TCP, family=AF_INET6, states=14
05-17 16:29:18.891  1621  1970 D InetDiagMessage: Destroyed live tcp sockets for uids={10068} in 12ms
05-17 16:29:19.386   978   978 I WifiHAL : Creating message to get link statistics; iface = 47
05-17 16:29:19.481   978   978 D WifiHAL : Start debug command: mType GET_FEATURE
05-17 16:29:19.481   978   978 I WifiHAL : CreateRequest mType = GET_FEATURE
05-17 16:29:19.481   978   978 D WifiHAL : In DebugCommand::handleResponse, mType:GET_FEATURE
05-17 16:29:19.481   978   978 D WifiHAL : len = 4, expected len = 4
05-17 16:29:19.680  2271  2565 D ImpulseConnection: timeout happen: com.google.android.apps.turbo
05-17 16:29:19.681  2271  2565 D ImpulseConnection: unbindService for releasing a CONNECTED connection com.google.android.apps.turbo
05-17 16:29:19.692  1745  1745 I pixel-thermal: VIRTUAL-SKIN:38.8895 raw data: VIRTUAL-NEUTRAL:38889.5 VIRTUAL-NEUTRAL-SKIN2:38866.2 VIRTUAL-QUIET-NEUTRAL:37846.6 VIRTUAL-SKIN:38889.5 disp_therm:37248 gnss_tcxo_therm:39229 neutral_therm:38205 quiet_therm:37693 skin_therm1:39429 skin_therm2:40409 
05-17 16:29:19.698  2271  2465 D ImpulseStateSource: Notify clients: 32843
05-17 16:29:20.391 14632 14632 I adbd    : adbd service requested 'shell,v2:export ANDROID_LOG_TAGS=''; exec logcat '-d' '-v' 'threadtime''
05-17 16:29:20.828 10976 25757 I NearbyMediums: Found BLE GATT Advertisements :
05-17 16:29:20.828 10976 25757 I NearbyMediums: BleAdvertisement { version=2, socketVersion=2, isFast=false, serviceIdHash=[ 0xfc 0x9f 0x5e ], data=[ 0x23 0xfc 0x9f 0x5e 0x33 0x42 0x38 0x46 0x1d 0x06 0x87 0x5a 0x1d 0x02 0xcc 0xb8 0xfa 0xef 0xec 0xdb 0x67 0x69 0x56 0xb4 0xc2 0x09 0x0b 0x41 0x73 0x68 0x77 0x69 0x6e 0x27 0x73 0x20 0x50 0x43 0xa0 0xb3 0x39 0xf2 0x17 0x77 0x00 0x00 ], deviceToken=[ 0xee 0x40 ], rxAdvertisement=null } : 19 times.
05-17 16:29:20.828 10976 25757 I NearbyMediums: Total 19 GATT advertisements from 1 unique advertisers.
05-17 16:29:20.836 10976 25757 I NearbyMediums: Current Tracked Scanning Clients are : {NearbyConnections.EnvironmentMonitor, NearbySharing, NearbyConnections.TxAdvertisement}
