05-17 16:28:42.766 21491 21491 I ModuleManager: ModuleManager$ModuleInitListener.maybeUnloadModuleOnUnavailable():1457 module adcg is unavailable
05-17 16:28:42.766 21491 21491 I ModuleManager: ModuleManager$ModuleInitListener.maybeUnloadModuleOnUnavailable():1457 module pej is unavailable
05-17 16:28:42.766 21491 21491 I ModuleManager: ModuleManager$ModuleInitListener.maybeUnloadModuleOnUnavailable():1457 module mfq is unavailable
05-17 16:28:42.766  3846  4524 I AiAiEcho: #remoteViewsTwiddler: feature disabled.
05-17 16:28:42.766  3846  4524 I AiAiEcho: Predicting[7]: { Feature:1, creation:2026-05-17T15:00:00Z, expiry:2026-05-17T15:00:00Z, isExpired: true}, { Feature:1, creation:2026-05-17T16:00:00Z, expiry:2026-05-17T16:00:00Z, isExpired: true}, { Feature:1, creation:2026-05-17T13:00:00Z, expiry:2026-05-17T13:00:00Z, isExpired: true}, { Feature:1, creation:2026-05-17T14:00:00Z, expiry:2026-05-17T14:00:00Z, isExpired: true}, { Feature:1, creation:2026-05-17T11:00:00Z, expiry:2026-05-17T11:00:00Z, isExpired: true}, { Feature:1, creation:2026-05-17T12:00:00Z, expiry:2026-05-17T12:00:00Z, isExpired: true}, { Feature:1, creation:2026-05-17T10:51:00Z, expiry:2026-05-17T11:00:00Z, isExpired: false} [CONTEXT sampling_count=5 ]
05-17 16:28:42.767  3846  4524 I AiAiEcho: EchoTargets: Feature:1
05-17 16:28:42.767  3846  4524 I AiAiEcho: Filtered by AiAi flag check: 
05-17 16:28:42.767  3846  4524 I AiAiEcho: [CONTEXT ratelimit_period="10 SECONDS" ]
05-17 16:28:42.770 21491 21491 I ModuleManager: ModuleManager$ModuleInitListener.maybeUnloadModuleOnUnavailable():1457 module adxh is unavailable
05-17 16:28:42.770 21491 21491 I ModuleManager: ModuleManager$ModuleInitListener.maybeUnloadModuleOnUnavailable():1457 module afar is unavailable
05-17 16:28:42.770 21491 21491 I ModuleManager: ModuleManager$ModuleInitListener.maybeUnloadModuleOnUnavailable():1457 module sgk is unavailable
05-17 16:28:42.770 21491 21491 I UniversalDictationExtension: UniversalDictationExtension.onDestroyExtension():138 onDestroy [UD]
05-17 16:28:42.771  3846  4524 I AiAiEcho: #remoteViewsTwiddler: feature disabled.
05-17 16:28:42.771 21491 21491 I ModuleManager: ModuleManager$ModuleInitListener.maybeUnloadModuleOnUnavailable():1457 module sgm is unavailable
05-17 16:28:42.771 21491 21491 I UniversalDictationUiProvider: UniversalDictationUiProvider.onDestroyExtension():34 onDestroy [UD]
05-17 16:28:42.771 21491 21491 I ModuleManager: ModuleManager$ModuleInitListener.maybeUnloadModuleOnUnavailable():1457 module skg is unavailable
05-17 16:28:42.772  3846  4524 I AiAiEcho: Predicting[7]: { Feature:1, creation:2026-05-17T15:00:00Z, expiry:2026-05-17T15:00:00Z, isExpired: true}, { Feature:1, creation:2026-05-17T16:00:00Z, expiry:2026-05-17T16:00:00Z, isExpired: true}, { Feature:1, creation:2026-05-17T13:00:00Z, expiry:2026-05-17T13:00:00Z, isExpired: true}, { Feature:1, creation:2026-05-17T14:00:00Z, expiry:2026-05-17T14:00:00Z, isExpired: true}, { Feature:1, creation:2026-05-17T11:00:00Z, expiry:2026-05-17T11:00:00Z, isExpired: true}, { Feature:1, creation:2026-05-17T12:00:00Z, expiry:2026-05-17T12:00:00Z, isExpired: true}, { Feature:1, creation:2026-05-17T10:51:00Z, expiry:2026-05-17T11:00:00Z, isExpired: false} [CONTEXT sampling_count=5 ]
05-17 16:28:42.772 21491 21491 I ModuleManager: ModuleManager$ModuleInitListener.maybeUnloadModuleOnUnavailable():1457 module smf is unavailable
05-17 16:28:42.772 21491 21491 I ModuleManager: ModuleManager$ModuleInitListener.maybeUnloadModuleOnUnavailable():1457 module afcb is unavailable
05-17 16:28:42.772 21491 21491 I ModuleManager: ModuleManager$ModuleInitListener.maybeUnloadModuleOnUnavailable():1457 module aeaj is unavailable
05-17 16:28:42.772 21491 21491 I ModuleManager: ModuleManager$ModuleInitListener.maybeUnloadModuleOnUnavailable():1457 module sfj is unavailable
05-17 16:28:42.772 21491 21491 I ModuleManager: ModuleManager$ModuleInitListener.maybeUnloadModuleOnUnavailable():1457 module jkw is unavailable
05-17 16:28:42.772  3846  4524 I AiAiEcho: EchoTargets: Feature:1
05-17 16:28:42.772  3846  4524 I AiAiEcho: Filtered by AiAi flag check: 
05-17 16:28:42.772  3846  4524 I AiAiEcho: [CONTEXT ratelimit_period="10 SECONDS" ]
05-17 16:28:42.773 21491 21491 I ModuleManager: ModuleManager$ModuleInitListener.maybeUnloadModuleOnUnavailable():1457 module rjn is unavailable
05-17 16:28:42.773 21491 21491 I ModuleManager: ModuleManager$ModuleInitListener.maybeUnloadModuleOnUnavailable():1457 module kkv is unavailable
05-17 16:28:42.773 21491 21491 I ModuleManager: ModuleManager$ModuleInitListener.maybeUnloadModuleOnUnavailable():1457 module kiw is unavailable
05-17 16:28:42.773  3846  4524 I AiAiEcho: #remoteViewsTwiddler: feature disabled.
05-17 16:28:42.774  3846  4524 I AiAiEcho: Predicting[7]: { Feature:1, creation:2026-05-17T15:00:00Z, expiry:2026-05-17T15:00:00Z, isExpired: true}, { Feature:1, creation:2026-05-17T16:00:00Z, expiry:2026-05-17T16:00:00Z, isExpired: true}, { Feature:1, creation:2026-05-17T13:00:00Z, expiry:2026-05-17T13:00:00Z, isExpired: true}, { Feature:1, creation:2026-05-17T14:00:00Z, expiry:2026-05-17T14:00:00Z, isExpired: true}, { Feature:1, creation:2026-05-17T11:00:00Z, expiry:2026-05-17T11:00:00Z, isExpired: true}, { Feature:1, creation:2026-05-17T12:00:00Z, expiry:2026-05-17T12:00:00Z, isExpired: true}, { Feature:1, creation:2026-05-17T10:51:00Z, expiry:2026-05-17T11:00:00Z, isExpired: false} [CONTEXT sampling_count=5 ]
05-17 16:28:42.775  3846  4524 I AiAiEcho: EchoTargets: Feature:1
05-17 16:28:42.775  3846  4524 I AiAiEcho: Filtered by AiAi flag check: 
05-17 16:28:42.775  3846  4524 I AiAiEcho: [CONTEXT ratelimit_period="10 SECONDS" ]
05-17 16:28:42.776  3846  4524 I AiAiEcho: #weatherSubItemsTwiddler: Weather removes SubtitleSupplementalItem in surface: home [CONTEXT ratelimit_period="10 SECONDS" ]
05-17 16:28:42.776  3846  4524 I AiAiEcho: #remoteViewsTwiddler: feature disabled.
05-17 16:28:42.776  1621  1922 D ActivityManager: sync unfroze 26625 com.orion.kboard.debug for 6
05-17 16:28:42.778 21491 21491 I ModuleManager: ModuleManager$ModuleInitListener.maybeUnloadModuleOnUnavailable():1457 module yaa is unavailable
05-17 16:28:42.778 21491 21491 I ModuleManager: ModuleManager$ModuleInitListener.maybeUnloadModuleOnUnavailable():1457 module kim is unavailable
05-17 16:28:42.779 21491 21491 I ModuleManager: ModuleManager$ModuleInitListener.maybeUnloadModuleOnUnavailable():1457 module kzd is unavailable
05-17 16:28:42.781 21491 21491 I ModuleManager: ModuleManager$ModuleInitListener.maybeUnloadModuleOnUnavailable():1457 module wyp is unavailable
05-17 16:28:42.781 21491 21491 I ModuleManager: ModuleManager$ModuleInitListener.maybeUnloadModuleOnUnavailable():1457 module nve is unavailable
05-17 16:28:42.781 21491 21491 I ModuleManager: ModuleManager$ModuleInitListener.maybeUnloadModuleOnUnavailable():1457 module nmp is unavailable
05-17 16:28:42.782 21491 21491 I ModuleManager: ModuleManager$ModuleInitListener.maybeUnloadModuleOnUnavailable():1457 module kaa is unavailable
05-17 16:28:42.782 21491 21491 W NotificationCenter: NotificationCenter$NotificationQueue.notifyPendingNotificationsOnExecutor():877 Heavy notify work detected on UI thread: [aaxx->acus, aaxx->acus, aaxx->acus, aaxx->acus, aaxx->acus, aaxx->acus, aaxx->acus, aaxx->acus, aaxx->acus, aaxx->acut, aaxx->acus, aaxx->acus, aaxx->acus, aaxx->acus, aaxx->acus, aaxx->acus, aaxx->acus, aaxx->acus, aaxx->acus, acnb->acna, acnb->acna, acnb->acna, acnb->acna, acnb->acna, acnb->acna, acnb->acna, acnb->acna, acnb->acna, acnb->acna, acnb->acna, acnb->acna, acnb->acna, acnb->acna, acnb->acna, acnb->acna, acnb->acna, acnb->acna, acnb->acna, acnb->acna, acnb->acna, acnb->acna, acnb->acna, acnb->acna, acnb->acna, acnb->acna, acnb->acna, acnb->acna, acnb->acna, acnb->acna, acnb->acna, acnb->acna, acnb->acna, acnb->acna, acnb->acna, acnb->acna, acnb->acna, acnb->acna, acnb->acna, acnb->acna, acnb->acna, acnb->acna, acnb->acna, acnb->acna, acnb->acna, acnb->acna, acnb->acna, acnb->acna, acnb->acna, acnb->acna, acnb->acna, acnb->acna, acnb->acna, acnb->acna, acnb->acna, acnb->acna, acnb->acna, acnb->acna, acnb->acna, acnb->acna, acnb->acna, acnb->acna, acnb->acna, acnb->acna, acnb->acna, acnb->acna, acnb->acna, acnb->acna, acnb->acna, acnb->acna, acnb->acna, acnb->acna, acnb->acna, acnb->acna, acnb->acna, acnb->acna, acnb->acna, acnb->acna, acnb->acna, acnb->acna, acnb->acna, acnb->acna, acnb->acna, acnb->acna, acnb->acna, acnb->acna, acnb->acna, acnb->acna, acnb->acna, acnb->acna, acnb->acna, acnb->acna, acnb->acna, acnb->acna, acnb->acna, acnb->acna, acnb->acna, acnb->acna, acnb->acna, acnb->acna, acnb->acna, acnb->acna, acnb->acna, acnb->acna, acnb->acna, acnb->acna, acnb->acna, acnb->acna, acnb->acna, acnb->acna, acnb->acna, acnb->acna, acnb->acna, acnb->acna, acnb->acna, acnb->acna, acnb->acna, acnb->acna, acnb->acna, acnb->acna, acnb->acna, acnb->acna, acnb->acna, acnb->acna, acnb->acna, acnb->acna] takes 24ms
05-17 16:28:42.782  3846  4524 I AiAiEcho: #postPredictionTargets: Sending updates to UISurface lockscreen with targets# 1 (types=[1])
05-17 16:28:42.782 21491 21491 I ExpressiveConceptsPredictionModuleImpl: ExpressiveConceptsPredictionModuleImpl.onDestroy():80 onDestroy()
05-17 16:28:42.782 21491 21491 I ModuleManager: ModuleManager$ModuleInitListener.maybeUnloadModuleOnUnavailable():1457 module qoc is unavailable
05-17 16:28:42.783  3846  4524 I AiAiEcho: #postPredictionTargets: Sending updates to UISurface glanceable_hub with targets# 0 (types=[])
05-17 16:28:42.783 21491 21491 I NgaExtension: NgaExtension.onDestroy():363 onDestroy [SDG]
05-17 16:28:42.784 21491 21491 I ModuleManager: ModuleManager$ModuleInitListener.maybeUnloadModuleOnUnavailable():1457 module odf is unavailable
05-17 16:28:42.784 21491 21491 I ModuleManager: ModuleManager$ModuleInitListener.maybeUnloadModuleOnUnavailable():1457 module oih is unavailable
05-17 16:28:42.784 21491 21491 I ModuleManager: ModuleManager$ModuleInitListener.maybeUnloadModuleOnUnavailable():1457 module jhd is unavailable
05-17 16:28:42.784 21491 25858 I KeyboardActiveSessionStreamManager: KeyboardActiveSessionStreamManager.closeStream():125 Closing stream. [SDG]
05-17 16:28:42.784 21491 21491 I ModuleManager: ModuleManager$ModuleInitListener.maybeUnloadModuleOnUnavailable():1457 module jhx is unavailable
05-17 16:28:42.784 21491 25858 I Interaction: Interaction$KeyboardEventStreamObserver.onCompleted():141 Interaction#2 completed by the client [SD]
05-17 16:28:42.784 21491 21491 I ModuleManager: ModuleManager$ModuleInitListener.maybeUnloadModuleOnUnavailable():1457 module nln is unavailable
05-17 16:28:42.784 21491 21491 I ModuleManager: ModuleManager$ModuleInitListener.maybeUnloadModuleOnUnavailable():1457 module ivt is unavailable
05-17 16:28:42.785 21491 21491 I ModuleManager: ModuleManager$ModuleInitListener.maybeUnloadModuleOnUnavailable():1457 module aaia is unavailable
05-17 16:28:42.785 21491 21491 I ModuleManager: ModuleManager$ModuleInitListener.maybeUnloadModuleOnUnavailable():1457 module rsi is unavailable
05-17 16:28:42.785 21491 25823 I Interaction: Interaction.shutdownAndForget$java_com_google_android_libraries_inputmethod_voice_smartdictation_service_interaction_interaction():92 Shutting down Interaction#2 [SD]
05-17 16:28:42.785 21491 25823 I KeyboardActiveSessionStreamManager: KeyboardActiveSessionStreamManager$AssistantEventObserver.onCompleted():275 Assistant event stream completed. [SDG]
05-17 16:28:42.785 21491 25823 I InteractionManager: InteractionManager.forgetInteraction$java_com_google_android_libraries_inputmethod_voice_smartdictation_service_interaction_interaction():50 Forgetting Interaction#2 [SD]
05-17 16:28:42.785  3846  4524 I AiAiEcho: #postPredictionTargets: Sending updates to UISurface ambientcue with targets# 0 (types=[])
05-17 16:28:42.786 21491 21491 I ModuleManager: ModuleManager$ModuleInitListener.maybeUnloadModuleOnUnavailable():1457 module iwi is unavailable
05-17 16:28:42.786 21491 21491 I ModuleManager: ModuleManager$ModuleInitListener.maybeUnloadModuleOnUnavailable():1457 module rrt is unavailable
05-17 16:28:42.787 21491 21491 I ModuleManager: ModuleManager$ModuleInitListener.maybeUnloadModuleOnUnavailable():1457 module rsp is unavailable
05-17 16:28:42.787 21491 21491 I ModuleManager: ModuleManager$ModuleInitListener.maybeUnloadModuleOnUnavailable():1457 module ltt is unavailable
05-17 16:28:42.787 21491 21491 I ModuleManager: ModuleManager$ModuleInitListener.maybeUnloadModuleOnUnavailable():1457 module zxm is unavailable
05-17 16:28:42.787 21491 21491 I ModuleManager: ModuleManager$ModuleInitListener.maybeUnloadModuleOnUnavailable():1457 module jwo is unavailable
05-17 16:28:42.787 21491 21491 I ModuleManager: ModuleManager$ModuleInitListener.maybeUnloadModuleOnUnavailable():1457 module aclp is unavailable
05-17 16:28:42.787 21491 21491 I ModuleManager: ModuleManager$ModuleInitListener.maybeUnloadModuleOnUnavailable():1457 module aduv is unavailable
05-17 16:28:42.787 21491 21491 I ModuleManager: ModuleManager$ModuleInitListener.maybeUnloadModuleOnUnavailable():1457 module afaj is unavailable
05-17 16:28:42.788  2078  2116 I AmbientCueRepository: Receiving SmartSpace targets # 0
05-17 16:28:42.789 21491 21491 I GoogleInputMethodService: GoogleInputMethodService.onDestroy():1053 Maybe update OEM display config because of service destruction
05-17 16:28:42.790  3846  4524 I AiAiEcho: #postPredictionTargets: Sending updates to UISurface home with targets# 1 (types=[1])
05-17 16:28:42.792 21491 21491 I DeviceModeModule: DeviceModeModule.calculateAndNotify():198 Window metrics is not available, fallback to app context.
05-17 16:28:42.792 21491 21491 I DeviceModeModule: DeviceModeModule.calculateAndNotify():219 Failed to get context from InputMethodServiceHelper
05-17 16:28:42.792 21491 21491 I DeviceModeModule: java.lang.IllegalStateException: No context when service is unavailable
05-17 16:28:42.792 21491 21491 I DeviceModeModule: 	at aauf.aa(PG:5)
05-17 16:28:42.792 21491 21491 I DeviceModeModule: 	at aauh.aa(PG:3)
05-17 16:28:42.792 21491 21491 I DeviceModeModule: 	at ypb.c(PG:268)
05-17 16:28:42.792 21491 21491 I DeviceModeModule: 	at yoz.cQ(PG:6)
05-17 16:28:42.792 21491 21491 I DeviceModeModule: 	at acvi.run(PG:71)
05-17 16:28:42.792 21491 21491 I DeviceModeModule: 	at apql.execute(PG:1)
05-17 16:28:42.792 21491 21491 I DeviceModeModule: 	at acvg.b(PG:10)
05-17 16:28:42.792 21491 21491 I DeviceModeModule: 	at acvl.l(PG:93)
05-17 16:28:42.792 21491 21491 I DeviceModeModule: 	at acvl.h(PG:39)
05-17 16:28:42.792 21491 21491 I DeviceModeModule: 	at ihc.q(PG:109)
05-17 16:28:42.792 21491 21491 I DeviceModeModule: 	at aavm.onDestroy(PG:179)
05-17 16:28:42.792 21491 21491 I DeviceModeModule: 	at android.app.ActivityThread.handleStopService(ActivityThread.java:5846)
05-17 16:28:42.792 21491 21491 I DeviceModeModule: 	at android.app.ActivityThread.-$$Nest$mhandleStopService(ActivityThread.java:0)
05-17 16:28:42.792 21491 21491 I DeviceModeModule: 	at android.app.ActivityThread$H.handleMessage(ActivityThread.java:2878)
05-17 16:28:42.792 21491 21491 I DeviceModeModule: 	at android.os.Handler.dispatchMessageImpl(Handler.java:142)
05-17 16:28:42.792 21491 21491 I DeviceModeModule: 	at android.os.Handler.dispatchMessage(Handler.java:125)
05-17 16:28:42.792 21491 21491 I DeviceModeModule: 	at android.os.Looper.loopOnce(Looper.java:296)
05-17 16:28:42.792 21491 21491 I DeviceModeModule: 	at android.os.Looper.loop(Looper.java:397)
05-17 16:28:42.792 21491 21491 I DeviceModeModule: 	at android.app.ActivityThread.main(ActivityThread.java:9531)
05-17 16:28:42.792 21491 21491 I DeviceModeModule: 	at java.lang.reflect.Method.invoke(Native Method)
05-17 16:28:42.792 21491 21491 I DeviceModeModule: 	at com.android.internal.os.RuntimeInit$MethodAndArgsCaller.run(RuntimeInit.java:575)
05-17 16:28:42.792 21491 21491 I DeviceModeModule: 	at com.android.internal.os.ZygoteInit.main(ZygoteInit.java:934)
05-17 16:28:42.792 21491 21491 I DeviceModeModule: DeviceModeModule.calculateAndNotify():237 Device mode 'phone' from display metrics 'DisplayMetrics{density=0.0, width=1080, height=2400, scaledDensity=0.0, xdpi=428.625, ydpi=429.295}' or smallestScreenWidthDp: 411
05-17 16:28:42.792 21491 21491 I GoogleInputMethodService: GoogleInputMethodService.clearInputMethodServiceData():1125 clearInputMethodServiceData for onDestroy
05-17 16:28:42.793 21491 21491 I MotionEventHandlerManager: MotionEventHandlerManager.newHandlerInstance():562 Created handler instance from HiltMotionEventHandlerFactory .libs.latin5.handler.HeaderMotionEventHandler
05-17 16:28:42.793 21491 21491 I MotionEventHandlerManager: MotionEventHandlerManager.newHandlerInstance():562 Created handler instance from HiltMotionEventHandlerFactory .libs.latin5.handler.LatinMotionEventHandler
05-17 16:28:42.793 21491 21491 I MotionEventHandlerManager: MotionEventHandlerManager.newHandlerInstance():562 Created handler instance from HiltMotionEventHandlerFactory .libs.latin5.handler.LatinPreemptiveDecodeHandler
05-17 16:28:42.793 21491 21491 I MotionEventHandlerManager: MotionEventHandlerManager.newHandlerInstance():562 Created handler instance from HiltMotionEventHandlerFactory .libs.latin5.handler.LatinGestureMotionEventHandler
05-17 16:28:42.791 26625 26625 W on.kboard.debug: type=1400 audit(0.0:114774): avc:  granted  { execute } for  path="/data/data/com.orion.kboard.debug/files/libjni_latinime.so" dev="dm-61" ino=4619838 scontext=u:r:untrusted_app_34:s0:c202,c258,c512,c768 tcontext=u:object_r:app_data_file:s0:c202,c258,c512,c768 tclass=file app=com.orion.kboard.debug
05-17 16:28:42.794 21491 21491 I MotionEventHandlerManager: MotionEventHandlerManager.newHandlerInstance():562 Created handler instance from HiltMotionEventHandlerFactory .motioneventhandler.scrubmove.ScrubDeleteMotionEventHandler
05-17 16:28:42.794 21491 21491 I MotionEventHandlerManager: MotionEventHandlerManager.newHandlerInstance():562 Created handler instance from HiltMotionEventHandlerFactory .inlinesuggestion.InlineSuggestionScrubSpaceMotionEventHandler
05-17 16:28:42.794 21491 21491 I MotionEventHandlerManager: MotionEventHandlerManager.newHandlerInstance():562 Created handler instance from HiltMotionEventHandlerFactory .motioneventhandler.scrubmove.ScrubMoveMotionEventHandler
05-17 16:28:42.794 21491 21491 I MotionEventHandlerManager: MotionEventHandlerManager.newHandlerInstance():574 Created handler instance from reflection .libs.latin5.handler.LatinKeyboardLayoutHandler: com.google.android.apps.inputmethod.libs.latin5.handler.LatinKeyboardLayoutHandler@3592df4
05-17 16:28:42.794 21491 21491 I GoogleInputMethodService: GoogleInputMethodService.discardAllKeyboardViewAndInputView():1361 discardAllKeyboardViewAndInputView()
05-17 16:28:42.794 21491 21525 I ProtoXDBBufferWrapper: ProtoXDBBufferWrapper.flushToStorage():158 Flushed 2 data item(s) to storage.
05-17 16:28:42.796  1209  1209 D AOC     : A3:MSG: usf_sensor.cc, 1573: USF: Received start sampling request for LSM6DSR Gyroscope (active:3).
05-17 16:28:42.796 26625 26625 D nativeloader: Load /data/user/0/com.orion.kboard.debug/files/libjni_latinime.so using class loader ns clns-9 (caller=/data/app/~~j-9PFjV1EVw7I-w-vqCKGw==/com.orion.kboard.debug-8StguPfGDKF_e1E7OYmnCA==/base.apk!classes4.dex): ok
05-17 16:28:42.796  1209  1209 D AOC     : A3:MSG: usf_sensor.cc, 1573: USF: Received start sampling request for MMC56X3X Magnetometer (active:2).
05-17 16:28:42.796  1209  1209 D AOC     : A3:MSG: mmc56x3x_device.cc, 409: USF: MMC56X3X0: mmc56x3x_enable_measure odr = 100.
05-17 16:28:42.798 21491 21491 I InputMethodEntryManager: InputMethodEntryManager.notifyCurrentInputMethodEntryOnContextChanged():557 notifyCurrentInputMethodEntryOnContextChanged()
05-17 16:28:42.798 21491 21491 I InputMethodEntryManager: InputMethodEntryManager.notifyCurrentInputMethodEntryOnContextChanged():574 Notify current input method entry changed on context change
05-17 16:28:42.798 21491 21491 I KeyboardThemeProvider: KeyboardThemeProvider.reset():39 Reset keyboard theme
05-17 16:28:42.798 21491 21491 I KeyboardContextProvider: KeyboardContextProvider.setBaseContextAndInvalidKeyboardContextCache():88 setBaseContextAndInvalidKeyboardContextCache(): null
05-17 16:28:42.799 21491 21491 D ImeBackCallbackSender: Unregister OnBackInvokedCallback at app window (packageName=com.whatsapp)
05-17 16:28:42.800 21491 21525 I InputActionMetricsProcessor: InputActionMetricsProcessor.onDetached():110 Detached from metrics manager.
05-17 16:28:42.801 21047 21047 W ImeBackCallbackProxy: Ime callback not found. Ignoring unregisterReceivedCallback. callbackId: 32862930 remaining callbacks: 0
05-17 16:28:42.802  1621  3982 W WindowManager: Cannot find window which accessibility connection is added to
05-17 16:28:42.802  2078  2078 I WeatherSmartspaceView: setFormattedContentDescription: text=42┬░C, iconDescription=Sunny, contentDescription=Sunny, 42┬░C
05-17 16:28:42.802  2078  2078 I WeatherSmartspaceView: setFormattedContentDescription: text=42┬░C, iconDescription=Sunny, contentDescription=Sunny, 42┬░C
05-17 16:28:42.802  2078  2078 I WeatherData: Weather data parsed SUNNY ("Sunny") 42┬░C from Bundle[{description=Sunny, feedback_intent=null, explanation_intent=Supplier{VAL_PARCELABLE@136+1744}, is_gaia_linked_data=true, use_celsius=true, state=1, temperature=42}]
05-17 16:28:42.805 21491 21491 D HWUI    : endAllStagingAnimators on 0xb400006ebf67b0e0 (KeyButtonView)
05-17 16:28:42.806 26625 26625 I LatinIME: Hardware accelerated drawing: true
05-17 16:28:42.809  1621  4771 W WindowManager: Failed looking up window session=Session{11ae44a 21491:u0a10179} callers=com.android.server.wm.WindowManagerService.removeClientToken:2335 com.android.server.wm.Session.remove:274 android.view.IWindowSession$Stub.onTransact:638 
05-17 16:28:42.814 21491 21491 W WindowTokenClientController: Can't find attached WindowTokenClient for android.window.WindowTokenClient@17d9834
05-17 16:28:42.814 21491 21491 W InputChannel-JNI: Channel already disposed.
05-17 16:28:42.814 21491 21491 W InputChannel-JNI: Channel already disposed.
05-17 16:28:42.814 21491 21491 W InputChannel-JNI: Channel already disposed.
05-17 16:28:42.818 21491 21491 I AppBase : AppBase.onTrimMemory():284 onTrimMemory(): 40
05-17 16:28:42.818 21491 21491 I KeyboardDefCache: MemoryFileCache$1.onTrimMemory():124 clearMemory() for trim memory: 40
05-17 16:28:42.818 21491 21491 I KeyboardDefCache: MemoryFileCache.clearMemory():408 evictAll()
05-17 16:28:42.835 26625 26625 W InputAttributes: No editor info for this field. Bug?
05-17 16:28:42.835 26625 26625 I Settings: loadSettings
05-17 16:28:42.845 26625 26625 I DictionaryFacilitatorImpl: resetDictionaries, force reloading main dictionary: false
05-17 16:28:42.850 26625 26860 I LatinIME:LogUtils: Dictionary info: dictionary = userunigram.hi-Latn ; version = 1779015522 ; date = ?
05-17 16:28:42.851 26625 26861 I LatinIME:LogUtils: Dictionary info: dictionary = UserHistoryDictionary.hi-Latn ; version = 1778785306 ; date = 1779014354
05-17 16:28:42.853  1621  3983 D ActivityManager: sync unfroze 21187 android.process.acore for 7
05-17 16:28:42.859  1621  3983 W ActivityManager: Skipping manifest association check for null package. SourceUid: -1, SourcePkg: null, TargetUid: 10714, TargetPkg: com.orion.kboard.debug
05-17 16:28:42.859  1621  1706 W ActivityManager: Skipping manifest association check for null package. SourceUid: -1, SourcePkg: null, TargetUid: 10714, TargetPkg: com.orion.kboard.debug
05-17 16:28:42.860 26625 26648 I LatinIME:LogUtils: Dictionary info: dictionary = emoji:hi_zz ; version = 19 ; date = 1757236527
05-17 16:28:42.860 26625 26648 I LatinIME:LogUtils: Dictionary info: dictionary = emoji:hi_zz ; version = 19 ; date = 1757236527
05-17 16:28:42.861 26625 26648 I LatinIME:LogUtils: Dictionary info: dictionary = main:hi_zz ; version = 19 ; date = 1693140262
05-17 16:28:42.862 26625 26648 I LatinIME:LogUtils: Dictionary info: dictionary = main:hi_zz ; version = 19 ; date = 1693140262
05-17 16:28:42.862 26625 26625 I LatinIME: ringer mode changed, zen_mode on: false
05-17 16:28:42.876  1621  4771 D CompatChangeReporter: Compat change id reported: 463899193; UID 10714; state: ENABLED
05-17 16:28:42.877  1621  4771 W SurfaceControl: setCompositionFilterFlag was called but flag is disabled.
05-17 16:28:42.877  1621  4771 I ImeTracker: system_server:eddeafae: onRequestShow at ORIGIN_SERVER reason IME_REQUESTED_CHANGED_LISTENER fromUser false displayId 0
05-17 16:28:42.877  1745  1764 I pixel-thermal: cellular-emergency:38.7675 raw data: VIRTUAL-SKIN:38767.4 cellular-emergency:38767.4 
05-17 16:28:42.877  1745  1764 I pixel-thermal: VIRTUAL-SKIN-CPU:38.7675 raw data: VIRTUAL-SKIN:38767.4 VIRTUAL-SKIN-CPU:38767.4 
05-17 16:28:42.877  1745  1764 I pixel-thermal: VIRTUAL-SKIN-CPU power_budget=1756.13 err=2.23255 s_power=800 time_elapsed_ms=7005 p=893.019 i=63.1079 d=-0 dt_per_min=nan compensation=0 budget transient=0 control target=3 excluded power budget=0 is_emul_throttling_info=0
05-17 16:28:42.877  1745  1764 I pixel-thermal: VIRTUAL-SKIN-CPU binded power rails: (S4M_VDD_CPUCL0: 307.20 mW)(S2M_VDD_CPUCL2: 571.86 mW)(S3M_VDD_CPUCL1: 143.90 mW)
05-17 16:28:42.877  1745  1764 I pixel-thermal: VIRTUAL-SKIN-CPU-GPU:38.7675 raw data: VIRTUAL-SKIN:38767.4 VIRTUAL-SKIN-CPU-GPU:38767.4 
05-17 16:28:42.877  1745  1764 I pixel-thermal: VIRTUAL-SKIN-CPU-GPU power_budget=3369.76 err=6.23255 s_power=800 time_elapsed_ms=7005 p=1869.76 i=700 d=-0 dt_per_min=nan compensation=0 budget transient=0 control target=3 excluded power budget=0 is_emul_throttling_info=0
05-17 16:28:42.877  1745  1764 I pixel-thermal: VIRTUAL-SKIN-CPU-GPU binded power rails: (S4M_VDD_CPUCL0: 307.20 mW)(S2M_VDD_CPUCL2: 571.86 mW)(S3M_VDD_CPUCL1: 143.90 mW)(S2S_VDD_G3D: 97.17 mW)
05-17 16:28:42.877  1745  1764 I pixel-thermal: VIRTUAL-SKIN-HINT:38.7675 raw data: VIRTUAL-SKIN:38767.4 VIRTUAL-SKIN-HINT:38767.4 
05-17 16:28:42.877  1745  1764 I pixel-thermal: VIRTUAL-SKIN-CHARGE:38.7675 raw data: VIRTUAL-SKIN:38767.4 VIRTUAL-SKIN-CHARGE:38767.4 
05-17 16:28:42.877  1745  1764 I pixel-thermal: VIRTUAL-SKIN-CHARGE's fcc binded power rail POWER_FOR_CHARGING_THROTTLING: power threshold = 500, avg power = 1536.5
05-17 16:28:42.877  1621  4771 W InputChannel-JNI: Channel already disposed.
05-17 16:28:42.877  1745  1764 I pixel-thermal: Successfully update cdev fcc sysfs to 4
05-17 16:28:42.896  3846 10972 I AiAiEcho: Settings changed for uri: content://settings/secure/selected_input_method_subtype
05-17 16:28:42.897  3846  4524 I AiAiEcho: Predicting[7]: { Feature:1, creation:2026-05-17T15:00:00Z, expiry:2026-05-17T15:00:00Z, isExpired: true}, { Feature:1, creation:2026-05-17T16:00:00Z, expiry:2026-05-17T16:00:00Z, isExpired: true}, { Feature:1, creation:2026-05-17T13:00:00Z, expiry:2026-05-17T13:00:00Z, isExpired: true}, { Feature:1, creation:2026-05-17T14:00:00Z, expiry:2026-05-17T14:00:00Z, isExpired: true}, { Feature:1, creation:2026-05-17T11:00:00Z, expiry:2026-05-17T11:00:00Z, isExpired: true}, { Feature:1, creation:2026-05-17T12:00:00Z, expiry:2026-05-17T12:00:00Z, isExpired: true}, { Feature:1, creation:2026-05-17T10:51:00Z, expiry:2026-05-17T11:00:00Z, isExpired: false} [CONTEXT sampling_count=5 ]
05-17 16:28:42.897  3846  4524 I AiAiEcho: EchoTargets: Feature:1
05-17 16:28:42.897  3846  4524 I AiAiEcho: Filtered by AiAi flag check: 
05-17 16:28:42.897  3846  4524 I AiAiEcho: [CONTEXT ratelimit_period="10 SECONDS" ]
05-17 16:28:42.898  3846  4524 I AiAiEcho: #weatherSubItemsTwiddler: Weather removes SubtitleSupplementalItem in surface: lockscreen [CONTEXT ratelimit_period="10 SECONDS" ]
05-17 16:28:42.898  3846  4524 I AiAiEcho: #remoteViewsTwiddler: feature disabled.
05-17 16:28:42.898  3846  4524 I AiAiEcho: Predicting[7]: { Feature:1, creation:2026-05-17T15:00:00Z, expiry:2026-05-17T15:00:00Z, isExpired: true}, { Feature:1, creation:2026-05-17T16:00:00Z, expiry:2026-05-17T16:00:00Z, isExpired: true}, { Feature:1, creation:2026-05-17T13:00:00Z, expiry:2026-05-17T13:00:00Z, isExpired: true}, { Feature:1, creation:2026-05-17T14:00:00Z, expiry:2026-05-17T14:00:00Z, isExpired: true}, { Feature:1, creation:2026-05-17T11:00:00Z, expiry:2026-05-17T11:00:00Z, isExpired: true}, { Feature:1, creation:2026-05-17T12:00:00Z, expiry:2026-05-17T12:00:00Z, isExpired: true}, { Feature:1, creation:2026-05-17T10:51:00Z, expiry:2026-05-17T11:00:00Z, isExpired: false} [CONTEXT sampling_count=5 ]
05-17 16:28:42.898  3846  4524 I AiAiEcho: EchoTargets: Feature:1
05-17 16:28:42.898  3846  4524 I AiAiEcho: Filtered by AiAi flag check: 
05-17 16:28:42.898  3846  4524 I AiAiEcho: [CONTEXT ratelimit_period="10 SECONDS" ]
05-17 16:28:42.898  3846  4524 I AiAiEcho: #remoteViewsTwiddler: feature disabled.
05-17 16:28:42.899  3846  4524 I AiAiEcho: Predicting[7]: { Feature:1, creation:2026-05-17T15:00:00Z, expiry:2026-05-17T15:00:00Z, isExpired: true}, { Feature:1, creation:2026-05-17T16:00:00Z, expiry:2026-05-17T16:00:00Z, isExpired: true}, { Feature:1, creation:2026-05-17T13:00:00Z, expiry:2026-05-17T13:00:00Z, isExpired: true}, { Feature:1, creation:2026-05-17T14:00:00Z, expiry:2026-05-17T14:00:00Z, isExpired: true}, { Feature:1, creation:2026-05-17T11:00:00Z, expiry:2026-05-17T11:00:00Z, isExpired: true}, { Feature:1, creation:2026-05-17T12:00:00Z, expiry:2026-05-17T12:00:00Z, isExpired: true}, { Feature:1, creation:2026-05-17T10:51:00Z, expiry:2026-05-17T11:00:00Z, isExpired: false} [CONTEXT sampling_count=5 ]
05-17 16:28:42.899  3846  4524 I AiAiEcho: EchoTargets: Feature:1
05-17 16:28:42.899  3846  4524 I AiAiEcho: Filtered by AiAi flag check: 
05-17 16:28:42.899  3846  4524 I AiAiEcho: [CONTEXT ratelimit_period="10 SECONDS" ]
05-17 16:28:42.899  3846  4524 I AiAiEcho: #remoteViewsTwiddler: feature disabled.
05-17 16:28:42.899  3846  4524 I AiAiEcho: Predicting[7]: { Feature:1, creation:2026-05-17T15:00:00Z, expiry:2026-05-17T15:00:00Z, isExpired: true}, { Feature:1, creation:2026-05-17T16:00:00Z, expiry:2026-05-17T16:00:00Z, isExpired: true}, { Feature:1, creation:2026-05-17T13:00:00Z, expiry:2026-05-17T13:00:00Z, isExpired: true}, { Feature:1, creation:2026-05-17T14:00:00Z, expiry:2026-05-17T14:00:00Z, isExpired: true}, { Feature:1, creation:2026-05-17T11:00:00Z, expiry:2026-05-17T11:00:00Z, isExpired: true}, { Feature:1, creation:2026-05-17T12:00:00Z, expiry:2026-05-17T12:00:00Z, isExpired: true}, { Feature:1, creation:2026-05-17T10:51:00Z, expiry:2026-05-17T11:00:00Z, isExpired: false} [CONTEXT sampling_count=5 ]
05-17 16:28:42.899  3846  4524 I AiAiEcho: EchoTargets: Feature:1
05-17 16:28:42.899  3846  4524 I AiAiEcho: Filtered by AiAi flag check: 
05-17 16:28:42.899  3846  4524 I AiAiEcho: [CONTEXT ratelimit_period="10 SECONDS" ]
05-17 16:28:42.901   622   622 W powerhal-libperfmgr: Sess(24176), cannot resume, already active
05-17 16:28:42.904 26625 26625 D LatinIME: onInitializeInterface
05-17 16:28:42.905  3846  4524 I AiAiEcho: #weatherSubItemsTwiddler: Weather removes SubtitleSupplementalItem in surface: home [CONTEXT ratelimit_period="10 SECONDS" ]
05-17 16:28:42.905  1621  4771 W InputChannel-JNI: Channel already disposed.
05-17 16:28:42.905  3846  4524 I AiAiEcho: #remoteViewsTwiddler: feature disabled.
05-17 16:28:42.909  3846  4524 I AiAiEcho: #postPredictionTargets: Sending updates to UISurface lockscreen with targets# 1 (types=[1])
05-17 16:28:42.910  3846  4524 I AiAiEcho: #postPredictionTargets: Sending updates to UISurface glanceable_hub with targets# 0 (types=[])
05-17 16:28:42.910  3846  4524 I AiAiEcho: #postPredictionTargets: Sending updates to UISurface ambientcue with targets# 0 (types=[])
05-17 16:28:42.910  2078  2078 I WeatherSmartspaceView: setFormattedContentDescription: text=42┬░C, iconDescription=Sunny, contentDescription=Sunny, 42┬░C
05-17 16:28:42.910  2078  2116 I AmbientCueRepository: Receiving SmartSpace targets # 0
05-17 16:28:42.910  2078  2078 I WeatherSmartspaceView: setFormattedContentDescription: text=42┬░C, iconDescription=Sunny, contentDescription=Sunny, 42┬░C
05-17 16:28:42.910  2078  2078 I WeatherData: Weather data parsed SUNNY ("Sunny") 42┬░C from Bundle[{description=Sunny, feedback_intent=null, explanation_intent=Supplier{VAL_PARCELABLE@136+1744}, is_gaia_linked_data=true, use_celsius=true, state=1, temperature=42}]
05-17 16:28:42.911 26625 26625 I Settings: loadSettings
05-17 16:28:42.913  3846  4524 I AiAiEcho: #postPredictionTargets: Sending updates to UISurface home with targets# 1 (types=[1])
05-17 16:28:42.947 26625 26625 D BogusMoveEventDetector: needsProximateBogusDownMoveUpEventHack=false smallestScreenWidthDp=411 densityDpi=420 screenMetrics=0
05-17 16:28:42.957 26625 26625 D BogusMoveEventDetector: needsProximateBogusDownMoveUpEventHack=false smallestScreenWidthDp=411 densityDpi=420 screenMetrics=0
05-17 16:28:42.962 26625 26625 D BogusMoveEventDetector: needsProximateBogusDownMoveUpEventHack=false smallestScreenWidthDp=411 densityDpi=420 screenMetrics=0
05-17 16:28:42.966 26625 26625 D CompatChangeReporter: Compat change id reported: 376561342; UID 10714; state: ENABLED
05-17 16:28:42.977  1621  1621 V AccessibilityManagerService: onUserStateChangedLocked for userId: 0, forceUpdate: false
05-17 16:28:42.978  1621  1621 V AccessibilityUserState: updateShortcutTargets: type:accessibility_shortcut_target_service, current:{com.google.android.marvin.talkback/com.google.android.marvin.talkback.TalkBackService}, new:{com.google.android.marvin.talkback/com.google.android.marvin.talkback.TalkBackService}
05-17 16:28:42.978  1621  1621 V AccessibilityUserState: updateShortcutTargets: type:accessibility_button_targets, current:{}, new:{}
05-17 16:28:42.978  1621  1621 V AccessibilityUserState: updateShortcutTargets: type:accessibility_gesture_targets, current:{}, new:{}
05-17 16:28:42.978  1621  1621 V AccessibilityUserState: updateShortcutTargets: type:accessibility_qs_targets, current:{com.android.server.accessibility/OneHandedMode, com.android.server.accessibility/ColorInversion, com.android.server.accessibility/Daltonizer, com.android.server.accessibility/ReduceBrightColors}, new:{com.android.server.accessibility/OneHandedMode, com.android.server.accessibility/ColorInversion, com.android.server.accessibility/Daltonizer, com.android.server.accessibility/ReduceBrightColors}
05-17 16:28:42.978  1621  1621 V AccessibilityUserState: updateShortcutTargets: type:accessibility_key_gesture_targets, current:{}, new:{}
05-17 16:28:42.978  1621  1621 V AccessibilityUserState: updateShortcutTargets: type:accessibility_top_row_key_targets, current:{}, new:{}
05-17 16:28:42.978  1621  1621 V AccessibilityUserState: updateShortcutTargets: type:accessibility_quick_access_targets, current:{}, new:{}
05-17 16:28:42.978  1621  1621 W MagnificationConnectionManager: requestConnection duplicated request: connect=false, mConnectionState=DISCONNECTED
05-17 16:28:42.978  3846 10972 I AiAiEcho: Settings changed for uri: content://settings/secure/default_input_method
05-17 16:28:42.979  3846  4524 I AiAiEcho: Predicting[7]: { Feature:1, creation:2026-05-17T15:00:00Z, expiry:2026-05-17T15:00:00Z, isExpired: true}, { Feature:1, creation:2026-05-17T16:00:00Z, expiry:2026-05-17T16:00:00Z, isExpired: true}, { Feature:1, creation:2026-05-17T13:00:00Z, expiry:2026-05-17T13:00:00Z, isExpired: true}, { Feature:1, creation:2026-05-17T14:00:00Z, expiry:2026-05-17T14:00:00Z, isExpired: true}, { Feature:1, creation:2026-05-17T11:00:00Z, expiry:2026-05-17T11:00:00Z, isExpired: true}, { Feature:1, creation:2026-05-17T12:00:00Z, expiry:2026-05-17T12:00:00Z, isExpired: true}, { Feature:1, creation:2026-05-17T10:51:00Z, expiry:2026-05-17T11:00:00Z, isExpired: false} [CONTEXT sampling_count=5 ]
05-17 16:28:42.980  3846  4524 I AiAiEcho: EchoTargets: Feature:1
05-17 16:28:42.980  3846  4524 I AiAiEcho: Filtered by AiAi flag check: 
05-17 16:28:42.980  3846  4524 I AiAiEcho: [CONTEXT ratelimit_period="10 SECONDS" ]
05-17 16:28:42.981  3846  4524 I AiAiEcho: #weatherSubItemsTwiddler: Weather removes SubtitleSupplementalItem in surface: lockscreen [CONTEXT ratelimit_period="10 SECONDS" ]
05-17 16:28:42.981  3846  4524 I AiAiEcho: #remoteViewsTwiddler: feature disabled.
05-17 16:28:42.982  3846  4524 I AiAiEcho: Predicting[7]: { Feature:1, creation:2026-05-17T15:00:00Z, expiry:2026-05-17T15:00:00Z, isExpired: true}, { Feature:1, creation:2026-05-17T16:00:00Z, expiry:2026-05-17T16:00:00Z, isExpired: true}, { Feature:1, creation:2026-05-17T13:00:00Z, expiry:2026-05-17T13:00:00Z, isExpired: true}, { Feature:1, creation:2026-05-17T14:00:00Z, expiry:2026-05-17T14:00:00Z, isExpired: true}, { Feature:1, creation:2026-05-17T11:00:00Z, expiry:2026-05-17T11:00:00Z, isExpired: true}, { Feature:1, creation:2026-05-17T12:00:00Z, expiry:2026-05-17T12:00:00Z, isExpired: true}, { Feature:1, creation:2026-05-17T10:51:00Z, expiry:2026-05-17T11:00:00Z, isExpired: false} [CONTEXT sampling_count=5 ]
05-17 16:28:42.982  3846  4524 I AiAiEcho: EchoTargets: Feature:1
05-17 16:28:42.982  3846  4524 I AiAiEcho: Filtered by AiAi flag check: 
05-17 16:28:42.982  3846  4524 I AiAiEcho: [CONTEXT ratelimit_period="10 SECONDS" ]
05-17 16:28:42.983  3846  4524 I AiAiEcho: #remoteViewsTwiddler: feature disabled.
05-17 16:28:42.983  3846  4524 I AiAiEcho: Predicting[7]: { Feature:1, creation:2026-05-17T15:00:00Z, expiry:2026-05-17T15:00:00Z, isExpired: true}, { Feature:1, creation:2026-05-17T16:00:00Z, expiry:2026-05-17T16:00:00Z, isExpired: true}, { Feature:1, creation:2026-05-17T13:00:00Z, expiry:2026-05-17T13:00:00Z, isExpired: true}, { Feature:1, creation:2026-05-17T14:00:00Z, expiry:2026-05-17T14:00:00Z, isExpired: true}, { Feature:1, creation:2026-05-17T11:00:00Z, expiry:2026-05-17T11:00:00Z, isExpired: true}, { Feature:1, creation:2026-05-17T12:00:00Z, expiry:2026-05-17T12:00:00Z, isExpired: true}, { Feature:1, creation:2026-05-17T10:51:00Z, expiry:2026-05-17T11:00:00Z, isExpired: false} [CONTEXT sampling_count=5 ]
05-17 16:28:42.985  3846  4524 I AiAiEcho: EchoTargets: Feature:1
05-17 16:28:42.985  3846  4524 I AiAiEcho: Filtered by AiAi flag check: 
05-17 16:28:42.985  3846  4524 I AiAiEcho: [CONTEXT ratelimit_period="10 SECONDS" ]
05-17 16:28:42.986  3846  4524 I AiAiEcho: #remoteViewsTwiddler: feature disabled.
05-17 16:28:42.986  3846  4524 I AiAiEcho: Predicting[7]: { Feature:1, creation:2026-05-17T15:00:00Z, expiry:2026-05-17T15:00:00Z, isExpired: true}, { Feature:1, creation:2026-05-17T16:00:00Z, expiry:2026-05-17T16:00:00Z, isExpired: true}, { Feature:1, creation:2026-05-17T13:00:00Z, expiry:2026-05-17T13:00:00Z, isExpired: true}, { Feature:1, creation:2026-05-17T14:00:00Z, expiry:2026-05-17T14:00:00Z, isExpired: true}, { Feature:1, creation:2026-05-17T11:00:00Z, expiry:2026-05-17T11:00:00Z, isExpired: true}, { Feature:1, creation:2026-05-17T12:00:00Z, expiry:2026-05-17T12:00:00Z, isExpired: true}, { Feature:1, creation:2026-05-17T10:51:00Z, expiry:2026-05-17T11:00:00Z, isExpired: false} [CONTEXT sampling_count=5 ]
05-17 16:28:42.987  3846  4524 I AiAiEcho: EchoTargets: Feature:1
05-17 16:28:42.987  3846  4524 I AiAiEcho: Filtered by AiAi flag check: 
05-17 16:28:42.987  3846  4524 I AiAiEcho: [CONTEXT ratelimit_period="10 SECONDS" ]
05-17 16:28:42.988  3846  4524 I AiAiEcho: #weatherSubItemsTwiddler: Weather removes SubtitleSupplementalItem in surface: home [CONTEXT ratelimit_period="10 SECONDS" ]
05-17 16:28:42.988  3846  4524 I AiAiEcho: #remoteViewsTwiddler: feature disabled.
05-17 16:28:42.990 26625 26625 I Settings: loadSettings
05-17 16:28:42.992  3846  4524 I AiAiEcho: #postPredictionTargets: Sending updates to UISurface lockscreen with targets# 1 (types=[1])
05-17 16:28:42.992 26625 26625 I LatinIME:LogUtils: Dictionary info: dictionary = emoji:hi_zz ; version = 19 ; date = 1757236527
05-17 16:28:42.992 26625 26625 I LatinIME:LogUtils: Dictionary info: dictionary = emoji:hi_zz ; version = 19 ; date = 1757236527
05-17 16:28:42.992 26625 26625 I LatinIME: Starting input. Cursor position = 0,0
05-17 16:28:42.992  3846  4524 I AiAiEcho: #postPredictionTargets: Sending updates to UISurface glanceable_hub with targets# 0 (types=[])
05-17 16:28:42.992  3846  4524 I AiAiEcho: #postPredictionTargets: Sending updates to UISurface ambientcue with targets# 0 (types=[])
05-17 16:28:42.993  2078  2116 I AmbientCueRepository: Receiving SmartSpace targets # 0
05-17 16:28:42.993  2078  2078 I WeatherSmartspaceView: setFormattedContentDescription: text=42┬░C, iconDescription=Sunny, contentDescription=Sunny, 42┬░C
05-17 16:28:42.993  2078  2078 I WeatherSmartspaceView: setFormattedContentDescription: text=42┬░C, iconDescription=Sunny, contentDescription=Sunny, 42┬░C
05-17 16:28:42.993  2078  2078 I WeatherData: Weather data parsed SUNNY ("Sunny") 42┬░C from Bundle[{description=Sunny, feedback_intent=null, explanation_intent=Supplier{VAL_PARCELABLE@136+1744}, is_gaia_linked_data=true, use_celsius=true, state=1, temperature=42}]
05-17 16:28:42.993 26625 26625 D LatinIME: editorInfo: inputType: 0x0022C001, imeOptions: 0x40000006
05-17 16:28:42.993 26625 26625 D LatinIME: All caps: false, sentence caps: true, word caps: false
05-17 16:28:42.996  3846  4524 I AiAiEcho: #postPredictionTargets: Sending updates to UISurface home with targets# 1 (types=[1])
05-17 16:28:43.088 26625 26625 D KeyboardState: setAlphabetKeyboard: [keyboard=UNSHIFTED shift=RELEASING symbol=RELEASING switch=ALPHA] autoCapsFlags=sentences recapitalizeMode=null
05-17 16:28:43.150 26625 26625 D KeyboardParser: adding key q, 0
05-17 16:28:43.150 26625 26625 D KeyboardParser: adding key w, 0
05-17 16:28:43.150 26625 26625 D KeyboardParser: adding key e, 0
05-17 16:28:43.150 26625 26625 D KeyboardParser: adding key r, 0
05-17 16:28:43.150 26625 26625 D KeyboardParser: adding key t, 0
05-17 16:28:43.150 26625 26625 D KeyboardParser: adding key y, 0
05-17 16:28:43.151 26625 26625 D KeyboardParser: adding key u, 0
05-17 16:28:43.151 26625 26625 D KeyboardParser: adding key i, 0
05-17 16:28:43.151 26625 26625 D KeyboardParser: adding key o, 0
05-17 16:28:43.151 26625 26625 D KeyboardParser: adding key p, 0
05-17 16:28:43.151 26625 26625 D KeyboardParser: adding key a, 0
05-17 16:28:43.151 26625 26625 D KeyboardParser: adding key s, 0
05-17 16:28:43.152 26625 26625 D KeyboardParser: adding key d, 0
05-17 16:28:43.152 26625 26625 D KeyboardParser: adding key f, 0
05-17 16:28:43.152 26625 26625 D KeyboardParser: adding key g, 0
05-17 16:28:43.152 26625 26625 D KeyboardParser: adding key h, 0
05-17 16:28:43.152 26625 26625 D KeyboardParser: adding key j, 0
05-17 16:28:43.152 26625 26625 D KeyboardParser: adding key k, 0
05-17 16:28:43.152 26625 26625 D KeyboardParser: adding key l, 0
05-17 16:28:43.153 26625 26625 D KeyboardParser: adding key z, 0
05-17 16:28:43.153 26625 26625 D KeyboardParser: adding key x, 0
05-17 16:28:43.153 26625 26625 D KeyboardParser: adding key c, 0
05-17 16:28:43.153 26625 26625 D KeyboardParser: adding key v, 0
05-17 16:28:43.153 26625 26625 D KeyboardParser: adding key b, 0
05-17 16:28:43.153 26625 26625 D KeyboardParser: adding key n, 0
05-17 16:28:43.153 26625 26625 D KeyboardParser: adding key m, 0
05-17 16:28:43.154 26625 26625 D Keyboard.Builder: setting size and position for q, 113: x 0, w 108
05-17 16:28:43.155 26625 26625 D Keyboard.Builder: setting size and position for w, 119: x 108, w 108
05-17 16:28:43.155 26625 26625 D Keyboard.Builder: setting size and position for e, 101: x 216, w 108
05-17 16:28:43.155 26625 26625 D Keyboard.Builder: setting size and position for r, 114: x 324, w 108
05-17 16:28:43.155 26625 26625 D Keyboard.Builder: setting size and position for t, 116: x 432, w 108
05-17 16:28:43.155 26625 26625 D Keyboard.Builder: setting size and position for y, 121: x 540, w 108
05-17 16:28:43.155 26625 26625 D Keyboard.Builder: setting size and position for u, 117: x 648, w 108
05-17 16:28:43.155 26625 26625 D Keyboard.Builder: setting size and position for i, 105: x 756, w 108
05-17 16:28:43.155 26625 26625 D Keyboard.Builder: setting size and position for o, 111: x 864, w 108
05-17 16:28:43.155 26625 26625 D Keyboard.Builder: setting size and position for p, 112: x 972, w 108
05-17 16:28:43.155 26625 26625 D Keyboard.Builder: setting size and position for null, -10008: x 0, w 53
05-17 16:28:43.155 26625 26625 D Keyboard.Builder: setting size and position for a, 97: x 53, w 108
05-17 16:28:43.155 26625 26625 D Keyboard.Builder: setting size and position for s, 115: x 161, w 108
05-17 16:28:43.155 26625 26625 D Keyboard.Builder: setting size and position for d, 100: x 269, w 108
05-17 16:28:43.155 26625 26625 D Keyboard.Builder: setting size and position for f, 102: x 377, w 108
05-17 16:28:43.155 26625 26625 D Keyboard.Builder: setting size and position for g, 103: x 485, w 108
05-17 16:28:43.155 26625 26625 D Keyboard.Builder: setting size and position for h, 104: x 593, w 108
05-17 16:28:43.155 26625 26625 D Keyboard.Builder: setting size and position for j, 106: x 701, w 108
05-17 16:28:43.155 26625 26625 D Keyboard.Builder: setting size and position for k, 107: x 809, w 108
05-17 16:28:43.155 26625 26625 D Keyboard.Builder: setting size and position for l, 108: x 917, w 108
05-17 16:28:43.155 26625 26625 D Keyboard.Builder: setting size and position for null, -10008: x 1026, w 53
05-17 16:28:43.155 26625 26625 D Keyboard.Builder: setting size and position for shift_key, -11: x 0, w 162
05-17 16:28:43.155 26625 26625 D Keyboard.Builder: setting size and position for z, 122: x 162, w 108
05-17 16:28:43.155 26625 26625 D Keyboard.Builder: setting size and position for x, 120: x 270, w 108
05-17 16:28:43.155 26625 26625 D Keyboard.Builder: setting size and position for c, 99: x 378, w 108
05-17 16:28:43.155 26625 26625 D Keyboard.Builder: setting size and position for v, 118: x 486, w 108
05-17 16:28:43.155 26625 26625 D Keyboard.Builder: setting size and position for b, 98: x 594, w 108
05-17 16:28:43.155 26625 26625 D Keyboard.Builder: setting size and position for n, 110: x 702, w 108
05-17 16:28:43.155 26625 26625 D Keyboard.Builder: setting size and position for m, 109: x 810, w 108
05-17 16:28:43.155 26625 26625 D Keyboard.Builder: setting size and position for delete_key, -7: x 918, w 162
05-17 16:28:43.155 26625 26625 D Keyboard.Builder: setting size and position for ?123, -10001: x 0, w 162
05-17 16:28:43.155 26625 26625 D Keyboard.Builder: setting size and position for ,, 44: x 162, w 108
05-17 16:28:43.155 26625 26625 D Keyboard.Builder: setting size and position for emoji, -212: x 270, w 108
05-17 16:28:43.155 26625 26625 D Keyboard.Builder: setting size and position for space_key, 32: x 378, w 431
05-17 16:28:43.155 26625 26625 D Keyboard.Builder: setting size and position for ., 46: x 810, w 108
05-17 16:28:43.155 26625 26625 D Keyboard.Builder: setting size and position for enter_key, 10: x 918, w 162
05-17 16:28:43.191 26625 26625 D KeyboardState: setShifted: shiftMode=AUTOMATIC [keyboard=UNSHIFTED shift=RELEASING symbol=RELEASING switch=ALPHA]
05-17 16:28:43.198 26625 26625 D KeyboardParser: adding key q, 0
05-17 16:28:43.198 26625 26625 D KeyboardParser: adding key w, 0
05-17 16:28:43.199 26625 26625 D KeyboardParser: adding key e, 0
05-17 16:28:43.199 26625 26625 D KeyboardParser: adding key r, 0
05-17 16:28:43.199 26625 26625 D KeyboardParser: adding key t, 0
05-17 16:28:43.199 26625 26625 D KeyboardParser: adding key y, 0
05-17 16:28:43.199 26625 26625 D KeyboardParser: adding key u, 0
05-17 16:28:43.199 26625 26625 D KeyboardParser: adding key i, 0
05-17 16:28:43.200 26625 26625 D KeyboardParser: adding key o, 0
05-17 16:28:43.200 26625 26625 D KeyboardParser: adding key p, 0
05-17 16:28:43.200 26625 26625 D KeyboardParser: adding key a, 0
05-17 16:28:43.200 26625 26625 D KeyboardParser: adding key s, 0
05-17 16:28:43.201 26625 26625 D KeyboardParser: adding key d, 0
05-17 16:28:43.201 26625 26625 D KeyboardParser: adding key f, 0
05-17 16:28:43.201 26625 26625 D KeyboardParser: adding key g, 0
05-17 16:28:43.201 26625 26625 D KeyboardParser: adding key h, 0
05-17 16:28:43.201 26625 26625 D KeyboardParser: adding key j, 0
05-17 16:28:43.201 26625 26625 D KeyboardParser: adding key k, 0
05-17 16:28:43.201 26625 26625 D KeyboardParser: adding key l, 0
05-17 16:28:43.201 26625 26625 D KeyboardParser: adding key z, 0
05-17 16:28:43.201 26625 26625 D KeyboardParser: adding key x, 0
05-17 16:28:43.202 26625 26625 D KeyboardParser: adding key c, 0
05-17 16:28:43.202 26625 26625 D KeyboardParser: adding key v, 0
05-17 16:28:43.202 26625 26625 D KeyboardParser: adding key b, 0
05-17 16:28:43.202 26625 26625 D KeyboardParser: adding key n, 0
05-17 16:28:43.202 26625 26625 D KeyboardParser: adding key m, 0
05-17 16:28:43.203 26625 26625 D Keyboard.Builder: setting size and position for Q, 81: x 0, w 108
05-17 16:28:43.203 26625 26625 D Keyboard.Builder: setting size and position for W, 87: x 108, w 108
05-17 16:28:43.203 26625 26625 D Keyboard.Builder: setting size and position for E, 69: x 216, w 108
05-17 16:28:43.203 26625 26625 D Keyboard.Builder: setting size and position for R, 82: x 324, w 108
05-17 16:28:43.203 26625 26625 D Keyboard.Builder: setting size and position for T, 84: x 432, w 108
05-17 16:28:43.203 26625 26625 D Keyboard.Builder: setting size and position for Y, 89: x 540, w 108
05-17 16:28:43.203 26625 26625 D Keyboard.Builder: setting size and position for U, 85: x 648, w 108
05-17 16:28:43.203 26625 26625 D Keyboard.Builder: setting size and position for I, 73: x 756, w 108
05-17 16:28:43.203 26625 26625 D Keyboard.Builder: setting size and position for O, 79: x 864, w 108
05-17 16:28:43.203 26625 26625 D Keyboard.Builder: setting size and position for P, 80: x 972, w 108
05-17 16:28:43.203 26625 26625 D Keyboard.Builder: setting size and position for null, -10008: x 0, w 53
05-17 16:28:43.203 26625 26625 D Keyboard.Builder: setting size and position for A, 65: x 53, w 108
05-17 16:28:43.203 26625 26625 D Keyboard.Builder: setting size and position for S, 83: x 161, w 108
