05-17 19:20:14.986 15040 15149 I vpn     : {"tm":"2026-05-17 19:20:14.986","lvl":"info","mod":"vpn","msg":"[wg:443:NextUp, ikev2:500:Disconnected, udp:443:Disconnected, tcp:443:Disconnected, stunnel:443:Disconnected, wstunnel:443:Disconnected]"}
05-17 19:20:14.989 10976 15099 I NearbyConnections: Instant Connection Security key rotated.
05-17 19:20:14.989 10976 15099 I NearbyConnections: Scheduled invalidation of the HPKE key alarm (delayMillis:8000) for client 261921619
05-17 19:20:14.989 10976 15099 I NearbyConnections: Get local endpoint id from random generation PCZT (last:BBQG) for client 261921619
05-17 19:20:14.992 15040 15156 D WM-PackageManagerHelper: Skipping component enablement for androidx.work.impl.background.systemalarm.RescheduleReceiver
05-17 19:20:14.993  1621  3972 E DatabaseUtils: Writing exception to parcel
05-17 19:20:14.993  1621  3972 E DatabaseUtils: java.lang.SecurityException: Settings key: <bluetooth_name> is only readable to apps with targetSdkVersion lower than or equal to: 31
05-17 19:20:14.993  1621  3972 E DatabaseUtils: 	at com.android.providers.settings.SettingsProvider.checkReadableAnnotation(SettingsProvider.java:2595)
05-17 19:20:14.993  1621  3972 E DatabaseUtils: 	at com.android.providers.settings.SettingsProvider.enforceSettingReadable(SettingsProvider.java:2505)
05-17 19:20:14.993  1621  3972 E DatabaseUtils: 	at com.android.providers.settings.SettingsProvider.getSecureSetting(SettingsProvider.java:1795)
05-17 19:20:14.993  1621  3972 E DatabaseUtils: 	at com.android.providers.settings.SettingsProvider.call(SettingsProvider.java:483)
05-17 19:20:14.993  1621  3972 E DatabaseUtils: 	at android.content.ContentProvider.call(ContentProvider.java:2756)
05-17 19:20:14.993  1621  3972 E DatabaseUtils: 	at android.content.ContentProvider$Transport.call(ContentProvider.java:648)
05-17 19:20:14.993  1621  3972 E DatabaseUtils: 	at android.content.ContentProviderNative.onTransact(ContentProviderNative.java:309)
05-17 19:20:14.993  1621  3972 E DatabaseUtils: 	at android.os.Binder.execTransactInternal(Binder.java:1364)
05-17 19:20:14.993  1621  3972 E DatabaseUtils: 	at android.os.Binder.execTransact(Binder.java:1323)
05-17 19:20:15.010 10976 15099 I NearbyMediums: (REDACTED) Querying wifi usable channels failed with exception
05-17 19:20:15.010 10976 15099 I NearbyMediums: java.lang.SecurityException: Location mode is disabled for the device
05-17 19:20:15.010 10976 15099 I NearbyMediums: 	at android.os.Parcel.createExceptionOrNull(Parcel.java:3392)
05-17 19:20:15.010 10976 15099 I NearbyMediums: 	at android.os.Parcel.createException(Parcel.java:3376)
05-17 19:20:15.010 10976 15099 I NearbyMediums: 	at android.os.Parcel.readException(Parcel.java:3359)
05-17 19:20:15.010 10976 15099 I NearbyMediums: 	at android.os.Parcel.readException(Parcel.java:3301)
05-17 19:20:15.010 10976 15099 I NearbyMediums: 	at android.net.wifi.IWifiManager$Stub$Proxy.getUsableChannels(IWifiManager.java:6713)
05-17 19:20:15.010 10976 15099 I NearbyMediums: 	at android.net.wifi.WifiManager.getUsableChannels(WifiManager.java:12105)
05-17 19:20:15.010 10976 15099 I NearbyMediums: 	at dpks.z(:com.google.android.gms@261861035@26.18.61 (260400-914183794):21)
05-17 19:20:15.010 10976 15099 I NearbyMediums: 	at dpks.v(:com.google.android.gms@261861035@26.18.61 (260400-914183794):16)
05-17 19:20:15.010 10976 15099 I NearbyMediums: 	at dlar.K(:com.google.android.gms@261861035@26.18.61 (260400-914183794):8)
05-17 19:20:15.010 10976 15099 I NearbyMediums: 	at dlar.J(:com.google.android.gms@261861035@26.18.61 (260400-914183794):2)
05-17 19:20:15.010 10976 15099 I NearbyMediums: 	at dlhc.aq(:com.google.android.gms@261861035@26.18.61 (260400-914183794):28)
05-17 19:20:15.010 10976 15099 I NearbyMediums: 	at dlhc.al(:com.google.android.gms@261861035@26.18.61 (260400-914183794):243)
05-17 19:20:15.010 10976 15099 I NearbyMediums: 	at dlhc.A(:com.google.android.gms@261861035@26.18.61 (260400-914183794):155)
05-17 19:20:15.010 10976 15099 I NearbyMediums: 	at dlcl.call(:com.google.android.gms@261861035@26.18.61 (260400-914183794):13)
05-17 19:20:15.010 10976 15099 I NearbyMediums: 	at java.util.concurrent.FutureTask.run(FutureTask.java:328)
05-17 19:20:15.010 10976 15099 I NearbyMediums: 	at bkjq.c(:com.google.android.gms@261861035@26.18.61 (260400-914183794):50)
05-17 19:20:15.010 10976 15099 I NearbyMediums: 	at bkjq.run(:com.google.android.gms@261861035@26.18.61 (260400-914183794):66)
05-17 19:20:15.010 10976 15099 I NearbyMediums: 	at java.util.concurrent.ThreadPoolExecutor.runWorker(ThreadPoolExecutor.java:1100)
05-17 19:20:15.010 10976 15099 I NearbyMediums: 	at java.util.concurrent.ThreadPoolExecutor$Worker.run(ThreadPoolExecutor.java:624)
05-17 19:20:15.010 10976 15099 I NearbyMediums: 	at bkph.run(:com.google.android.gms@261861035@26.18.61 (260400-914183794):8)
05-17 19:20:15.010 10976 15099 I NearbyMediums: 	at java.lang.Thread.run(Thread.java:1572)
05-17 19:20:15.010 10976 15099 W NearbyConnections: [PcpManager] Role:WIFI_DIRECT_GROUP_CLIENT failed to get usable or available channels.
05-17 19:20:15.012 10976 15099 I NearbyMediums: [DeviceCapabilities] Get wifi usable channels from cache for mode WFD_GO (tryToRefreshCache:false channels:[])
05-17 19:20:15.012 10976 15099 W NearbyConnections: [PcpManager] Role:WIFI_DIRECT_GROUP_OWNER failed to get usable or available channels.
05-17 19:20:15.013 10976 15099 I NearbyMediums: [DeviceCapabilities] Get wifi usable channels from cache for mode STA (tryToRefreshCache:false channels:[])
05-17 19:20:15.013 10976 15099 W NearbyConnections: [PcpManager] Role:STA failed to get usable or available channels.
05-17 19:20:15.013 10976 15099 I NearbyMediums: [DeviceCapabilities] Get wifi usable channels from cache for mode AWARE (tryToRefreshCache:false channels:[])
05-17 19:20:15.013 10976 15099 W NearbyConnections: [PcpManager] Role:WIFI_AWARE failed to get usable or available channels.
05-17 19:20:15.013 10976 15099 W NearbyConnections: In generateRxInstantConnectionAdvBytes() can't get WFD & HS & Aware connectivity capabilities. (advertisingMediums:[WIFI_DIRECT, WIFI_HOTSPOT, WIFI_AWARE, WIFI_LAN, BLE])
05-17 19:20:15.015 10976 15099 I NearbyConnections: In generateRxInstantConnectionAdvBytes() advertisingMediums:[WIFI_DIRECT, WIFI_HOTSPOT, WIFI_AWARE, WIFI_LAN, BLE] capabilitiesSize:1 apFreq:5785 wfdGcUsableOrAvailableChs:[] wfdGoUsableOrAvailableChs:[] hsStaUsableOrAvailableChs:[] awareUsableOrAvailableChs:[] rxAdvertisement(size:39):A0:17:1A:18:E4:EC:33:F2:C9:1E:81:08:F2:89:57:3A:D1:85:FC:39:F7:7D:5B:0A:02:EC:B4:CF:A6:DB:74:4C:4C:26:83:15:01:16:99
05-17 19:20:15.022 14019 14066 I bt_shim_advertiser: system/main/shim/le_advertising_manager.cc:77 Unregister: in shim layer
05-17 19:20:15.023 14019 14045 I bluetooth: system/gd/hci/le_address_manager.cc:269 unregister_client: Client unregistered
05-17 19:20:15.026 14019 14065 I bluetooth: bluetooth_private_gatt::gatt::server::isolation_manager: removing server (if any) associated with advertiser AdvertiserId(1)
05-17 19:20:15.032  2213 22214 D NetworkMonitor/120: PROBE_PRIVDNS 328b987f-dnsotls-ds.metric.gstatic.com 274ms: [/2404:6800:4002:819::2003, /142.250.182.35]
05-17 19:20:15.034  1621  3987 E AppOps  : attributionTag IWLAN not declared in manifest of com.google.android.iwlan
05-17 19:20:15.034  1621  1970 D ConnectivityService: [120 WIFI] validation passed
05-17 19:20:15.036  1621  1957 I WifiClientModeImpl: WifiConnectivityDiagnosticsCallback onConnectivityReportAvailable
05-17 19:20:15.038  2722  2918 D EpdgTunnelManager[0]: reportValidationMetricsAtom: reason=2 validationResult=2 transportType=2 duration=997 validationTriggered=true
05-17 19:20:15.038  2722  2918 D IwlanMetrics: Send metrics data IWLAN_UNDERLYING_NETWORK_VALIDATION_RESULT_REPORTED
05-17 19:20:15.044 15040 15040 D nativeloader: Load /data/app/~~iFOLH8MV3EyN7TrC6YUszQ==/com.windscribe.vpn-lizawFJ1ZFwtCEs0o_HdXA==/lib/arm64/libwg-go.so using class loader ns clns-9 (caller=/data/app/~~iFOLH8MV3EyN7TrC6YUszQ==/com.windscribe.vpn-lizawFJ1ZFwtCEs0o_HdXA==/base.apk!classes2.dex): ok
05-17 19:20:15.045 10976 15099 I NearbyMediums: Device token rotated, old deviceToken : [ 0xac 0xf7 ].
05-17 19:20:15.056 15040 15040 I FirebaseApp: Device unlocked: initializing all Firebase APIs for app [DEFAULT]
05-17 19:20:15.062  1621  2192 D ConnectivityService: requestNetwork for uid/pid:10274/15040 activeRequest: null callbackRequest: 55787 [NetworkRequest [ REQUEST id=55788, [ Capabilities: INTERNET&NOT_RESTRICTED&TRUSTED&NOT_VCN_MANAGED&NOT_BANDWIDTH_CONSTRAINED Uid: 10274 RequestorUid: 10274 RequestorPkg: com.windscribe.vpn UnderlyingNetworks: Null] ]] callback flags: 0 order: 2147483647 isUidTracked: false declaredMethods: AVAIL|LOST|UNAVAIL|NC
05-17 19:20:15.062 15040 15040 I device-state-manager: {"tm":"2026-05-17 19:20:15.062","lvl":"info","mod":"device-state-manager","msg":"Network callback registered using registerDefaultNetworkCallback()"}
05-17 19:20:15.063  1621  1957 D OemPaidWifiNetworkFactory: got request NetworkRequest [ REQUEST id=55788, [ Capabilities: INTERNET&NOT_RESTRICTED&TRUSTED&NOT_VCN_MANAGED&NOT_BANDWIDTH_CONSTRAINED Uid: 10274 RequestorUid: 10274 RequestorPkg: com.windscribe.vpn UnderlyingNetworks: Null] ]
05-17 19:20:15.063  1621  1970 D ConnectivityService: NetReassign [55788 : null ΓåÆ 120] [c 0] [a 0] [i 1]
05-17 19:20:15.064 15040 15040 I windscribe-main: {"tm":"2026-05-17 19:20:15.064","lvl":"info","mod":"windscribe-main","msg":"Application startup finished."}
05-17 19:20:15.064 15040 15175 I device-state-manager: {"tm":"2026-05-17 19:20:15.064","lvl":"info","mod":"device-state-manager","msg":"Network: online=false, no detail"}
05-17 19:20:15.065 15040 15168 D wsnet-wrapper: {"tm":"2026-05-17 19:20:15.065","lvl":"debug","mod":"wsnet-wrapper","msg":"Initializing WSNet..."}
05-17 19:20:15.065  1621  1957 D MultiInternetWifiNetworkFactory: got request NetworkRequest [ REQUEST id=55788, [ Capabilities: INTERNET&NOT_RESTRICTED&TRUSTED&NOT_VCN_MANAGED&NOT_BANDWIDTH_CONSTRAINED Uid: 10274 RequestorUid: 10274 RequestorPkg: com.windscribe.vpn UnderlyingNetworks: Null] ]
05-17 19:20:15.065  1621  1957 D WifiNetworkFactory: got request NetworkRequest [ REQUEST id=55788, [ Capabilities: INTERNET&NOT_RESTRICTED&TRUSTED&NOT_VCN_MANAGED&NOT_BANDWIDTH_CONSTRAINED Uid: 10274 RequestorUid: 10274 RequestorPkg: com.windscribe.vpn UnderlyingNetworks: Null] ]
05-17 19:20:15.065  1621  1957 D UntrustedWifiNetworkFactory: got request NetworkRequest [ REQUEST id=55788, [ Capabilities: INTERNET&NOT_RESTRICTED&TRUSTED&NOT_VCN_MANAGED&NOT_BANDWIDTH_CONSTRAINED Uid: 10274 RequestorUid: 10274 RequestorPkg: com.windscribe.vpn UnderlyingNetworks: Null] ]
05-17 19:20:15.068 15040 15040 I network-info-manager: {"tm":"2026-05-17 19:20:15.068","lvl":"info","mod":"network-info-manager","msg":"Network detail unavailable"}
05-17 19:20:15.068 10976 15099 D BluetoothAdapter: isLeEnabled(): ON
05-17 19:20:15.073  1621  1889 W JobServiceContext: Sending onNetworkChanged for a job that isn't started. JobStatus{4083938 androidx.work.systemjobscheduler:u0a274/81844 #UnblockWgParamsWorker#@androidx.work.systemjobscheduler@com.windscribe.vpn/androidx.work.impl.background.systemjob.SystemJobService u=0 s=10274 TIME=-3m7s483ms:none NET READY}
05-17 19:20:15.073  1621  1889 W JobServiceContext: Sending onNetworkChanged for a job that isn't started. JobStatus{23f9d11 androidx.work.systemjobscheduler:u0a274/81845 #NotificationWorker#@androidx.work.systemjobscheduler@com.windscribe.vpn/androidx.work.impl.background.systemjob.SystemJobService u=0 s=10274 TIME=-3m6s910ms:none NET READY}
05-17 19:20:15.074 15040 15040 D WM-SystemJobService: onStartJob for WorkGenerationalId(workSpecId=aacc6b28-f603-4e4a-aec0-c63e0c483c01, generation=0)
05-17 19:20:15.074 14019 14066 I bt_shim_advertiser: system/main/shim/le_advertising_manager.cc:158 StartAdvertisingSet: in shim layer
05-17 19:20:15.074 14019 14066 I bt_shim_advertiser: system/main/shim/le_advertising_manager.cc:184 StartAdvertisingSet: create advertising set, app_id:255, reg_id:-243
05-17 19:20:15.074 14019 14045 I bluetooth: system/gd/hci/le_advertising_manager_impl.cc:423 allocate_advertiser: Removing advertiser id 0 from removed advertisers.
05-17 19:20:15.076 14177 14177 D BoundBrokerSvc: onRebind: Intent { act=com.google.android.gms.appset.service.START dat=chimera-action:/... xflg=0x4 cmp=com.google.android.gms/.chimera.GmsApiService }
05-17 19:20:15.079 15040 15040 D WM-SystemJobService: onStartJob for WorkGenerationalId(workSpecId=c81bcece-b3bc-45b6-899a-cc572ba2fedd, generation=0)
05-17 19:20:15.081 14019 14045 I bluetooth: system/gd/hci/le_advertising_manager_impl.cc:665 create_extended_advertiser_with_id: Scheduling address rotation for advertiser_id=0
05-17 19:20:15.081 14019 14045 I bluetooth: system/gd/hci/le_address_manager.cc:557 GetNextPrivateAddressIntervalRange: client=advertising_set_0, nonwake=7m4s, wake=13m29s
05-17 19:20:15.081 14019 14045 I bluetooth: system/gd/hci/le_address_manager.cc:254 register_client: Client registered
05-17 19:20:15.083  1621  3978 W ApplicationInfo: Large ApplicationInfo parcel: size=22568 package=com.google.android.googlequicksearchbox splits=5 sharedLibs=5 resDirs=2 overlayPaths=2
05-17 19:20:15.083  1621  3978 W ParceledListSlice: Element #30 is 22572 bytes.
05-17 19:20:15.084 14019 14045 I bluetooth: system/gd/hci/le_advertising_manager_impl.cc:1737 on_set_advertising_set_random_address_complete: update random address for advertising set 0 : xx:xx:xx:xx:0b:a6
05-17 19:20:15.084 14177 14177 D BoundBrokerSvc: onBind: Intent { act=com.google.android.gms.auth.api.signin.service.START xflg=0x4 pkg=com.google.android.gms }
05-17 19:20:15.084 14177 14177 D BoundBrokerSvc: Loading bound service for intent: Intent { act=com.google.android.gms.auth.api.signin.service.START xflg=0x4 pkg=com.google.android.gms }
05-17 19:20:15.093  3846 23605 I AiAiEcho: Settings changed for uri: content://settings/secure/restart_nap_after_start
05-17 19:20:15.094  3846  4524 I AiAiEcho: Predicting[7]: { Feature:1, creation:2026-05-17T16:00:00Z, expiry:2026-05-17T16:00:00Z, isExpired: true}, { Feature:1, creation:2026-05-17T17:00:00Z, expiry:2026-05-17T17:00:00Z, isExpired: true}, { Feature:1, creation:2026-05-17T14:00:00Z, expiry:2026-05-17T14:00:00Z, isExpired: true}, { Feature:1, creation:2026-05-17T15:00:00Z, expiry:2026-05-17T15:00:00Z, isExpired: true}, { Feature:1, creation:2026-05-17T12:00:00Z, expiry:2026-05-17T13:00:00Z, isExpired: true}, { Feature:1, creation:2026-05-17T13:00:00Z, expiry:2026-05-17T14:00:00Z, isExpired: false}, { Feature:1, creation:2026-05-17T11:52:00Z, expiry:2026-05-17T12:00:00Z, isExpired: true} [CONTEXT sampling_count=5 ]
05-17 19:20:15.095  3846  4524 I AiAiEcho: EchoTargets: Feature:1
05-17 19:20:15.095  3846  4524 I AiAiEcho: Filtered by AiAi flag check: 
05-17 19:20:15.095  3846  4524 I AiAiEcho: [CONTEXT ratelimit_period="10 SECONDS" ]
05-17 19:20:15.096  3846  4524 I AiAiEcho: #weatherSubItemsTwiddler: Weather removes SubtitleSupplementalItem in surface: lockscreen [CONTEXT ratelimit_period="10 SECONDS" ]
05-17 19:20:15.096  3846  4524 I AiAiEcho: #remoteViewsTwiddler: feature disabled.
05-17 19:20:15.097  3846  4524 I AiAiEcho: Predicting[7]: { Feature:1, creation:2026-05-17T16:00:00Z, expiry:2026-05-17T16:00:00Z, isExpired: true}, { Feature:1, creation:2026-05-17T17:00:00Z, expiry:2026-05-17T17:00:00Z, isExpired: true}, { Feature:1, creation:2026-05-17T14:00:00Z, expiry:2026-05-17T14:00:00Z, isExpired: true}, { Feature:1, creation:2026-05-17T15:00:00Z, expiry:2026-05-17T15:00:00Z, isExpired: true}, { Feature:1, creation:2026-05-17T12:00:00Z, expiry:2026-05-17T13:00:00Z, isExpired: true}, { Feature:1, creation:2026-05-17T13:00:00Z, expiry:2026-05-17T14:00:00Z, isExpired: false}, { Feature:1, creation:2026-05-17T11:52:00Z, expiry:2026-05-17T12:00:00Z, isExpired: true} [CONTEXT sampling_count=5 ]
05-17 19:20:15.097  1621  1768 W ApplicationInfo: Large ApplicationInfo parcel: size=23340 package=in.amazon.mShop.android.shopping splits=2 sharedLibs=3 resDirs=2 overlayPaths=2
05-17 19:20:15.098  1621  1768 W ParceledListSlice: Element #116 is 23344 bytes.
05-17 19:20:15.098  3846  4524 I AiAiEcho: EchoTargets: Feature:1
05-17 19:20:15.098  3846  4524 I AiAiEcho: Filtered by AiAi flag check: 
05-17 19:20:15.098  3846  4524 I AiAiEcho: [CONTEXT ratelimit_period="10 SECONDS" ]
05-17 19:20:15.098  3846  4524 I AiAiEcho: #remoteViewsTwiddler: feature disabled.
05-17 19:20:15.099  3846  4524 I AiAiEcho: Predicting[7]: { Feature:1, creation:2026-05-17T16:00:00Z, expiry:2026-05-17T16:00:00Z, isExpired: true}, { Feature:1, creation:2026-05-17T17:00:00Z, expiry:2026-05-17T17:00:00Z, isExpired: true}, { Feature:1, creation:2026-05-17T14:00:00Z, expiry:2026-05-17T14:00:00Z, isExpired: true}, { Feature:1, creation:2026-05-17T15:00:00Z, expiry:2026-05-17T15:00:00Z, isExpired: true}, { Feature:1, creation:2026-05-17T12:00:00Z, expiry:2026-05-17T13:00:00Z, isExpired: true}, { Feature:1, creation:2026-05-17T13:00:00Z, expiry:2026-05-17T14:00:00Z, isExpired: false}, { Feature:1, creation:2026-05-17T11:52:00Z, expiry:2026-05-17T12:00:00Z, isExpired: true} [CONTEXT sampling_count=5 ]
05-17 19:20:15.101  3846  4524 I AiAiEcho: EchoTargets: Feature:1
05-17 19:20:15.101  3846  4524 I AiAiEcho: Filtered by AiAi flag check: 
05-17 19:20:15.101  3846  4524 I AiAiEcho: [CONTEXT ratelimit_period="10 SECONDS" ]
05-17 19:20:15.103 15040 15147 D WM-Processor: t: processing WorkGenerationalId(workSpecId=aacc6b28-f603-4e4a-aec0-c63e0c483c01, generation=0)
05-17 19:20:15.104  3846  4524 I AiAiEcho: #remoteViewsTwiddler: feature disabled.
05-17 19:20:15.104  3846  4524 I AiAiEcho: Predicting[7]: { Feature:1, creation:2026-05-17T16:00:00Z, expiry:2026-05-17T16:00:00Z, isExpired: true}, { Feature:1, creation:2026-05-17T17:00:00Z, expiry:2026-05-17T17:00:00Z, isExpired: true}, { Feature:1, creation:2026-05-17T14:00:00Z, expiry:2026-05-17T14:00:00Z, isExpired: true}, { Feature:1, creation:2026-05-17T15:00:00Z, expiry:2026-05-17T15:00:00Z, isExpired: true}, { Feature:1, creation:2026-05-17T12:00:00Z, expiry:2026-05-17T13:00:00Z, isExpired: true}, { Feature:1, creation:2026-05-17T13:00:00Z, expiry:2026-05-17T14:00:00Z, isExpired: false}, { Feature:1, creation:2026-05-17T11:52:00Z, expiry:2026-05-17T12:00:00Z, isExpired: true} [CONTEXT sampling_count=5 ]
05-17 19:20:15.105  3846  4524 I AiAiEcho: EchoTargets: Feature:1
05-17 19:20:15.105  3846  4524 I AiAiEcho: Filtered by AiAi flag check: 
05-17 19:20:15.105  3846  4524 I AiAiEcho: [CONTEXT ratelimit_period="10 SECONDS" ]
05-17 19:20:15.106  3846  4524 I AiAiEcho: #weatherSubItemsTwiddler: Weather removes SubtitleSupplementalItem in surface: home [CONTEXT ratelimit_period="10 SECONDS" ]
05-17 19:20:15.107 15040 15147 D WM-Processor: t: processing WorkGenerationalId(workSpecId=c81bcece-b3bc-45b6-899a-cc572ba2fedd, generation=0)
05-17 19:20:15.107  3846  4524 I AiAiEcho: #remoteViewsTwiddler: feature disabled.
05-17 19:20:15.111 10976 10976 I NearbySharing: ShortcutInfoManager added shortcut Ashwin's PC
05-17 19:20:15.111 10976 10976 I NearbyMediums: [InstantOnLostManager] Start instant onLost extended advertising, hashes = [ 0xda 0x09 0x40 0x14 ].
05-17 19:20:15.112 10976 15099 I NearbyMediums: Successfully stopped BLE advertising for service NearbySharing
05-17 19:20:15.112  3846  4524 I AiAiEcho: #postPredictionTargets: Sending updates to UISurface lockscreen with targets# 3 (types=[9, 9, 1])
05-17 19:20:15.113  3846  4524 I AiAiEcho: #postPredictionTargets: Sending updates to UISurface glanceable_hub with targets# 0 (types=[])
05-17 19:20:15.114  3846  4524 I AiAiEcho: #postPredictionTargets: Sending updates to UISurface ambientcue with targets# 0 (types=[])
05-17 19:20:15.115  2078  2116 I AmbientCueRepository: Receiving SmartSpace targets # 0
05-17 19:20:15.116  2078  2078 I WeatherSmartspaceView: setFormattedContentDescription: text=38┬░C, iconDescription=Clear, contentDescription=Clear, 38┬░C
05-17 19:20:15.116  2078  2078 I WeatherSmartspaceView: setFormattedContentDescription: text=38┬░C, iconDescription=Clear, contentDescription=Clear, 38┬░C
05-17 19:20:15.116  2078  2078 I WeatherData: Weather data parsed SUNNY ("Clear") 38┬░C from Bundle[{description=Clear, feedback_intent=null, explanation_intent=Supplier{VAL_PARCELABLE@136+1744}, is_gaia_linked_data=true, use_celsius=true, state=1, temperature=38}]
05-17 19:20:15.117  3846  4524 I AiAiEcho: #postPredictionTargets: Sending updates to UISurface home with targets# 2 (types=[9, 1])
05-17 19:20:15.118  2078  2078 D LockscreenSmartspaceController: notifySmartspaceEvent: SmartspaceTargetEvent{mSmartspaceTarget=SmartspaceTarget{mSmartspaceTargetId='ambientData:sportsScore:/g/11nb5ws1b5', mHeaderAction=SmartspaceAction{mId='SPORTS', mIcon=null, mTitle=, mSubtitle=, mContentDescription=, mPendingIntent=null, mIntent=Intent { act=android.intent.action.VIEW dat=https://www.google.com/... }, mUserHandle=UserHandle{0}, mExtras=Bundle[mParcelledData.dataSize=3952]}, mBaseAction=SmartspaceAction{mId='', mIcon=null, mTitle=, mSubtitle=, mContentDescription=, mPendingIntent=null, mIntent=null, mUserHandle=UserHandle{0}, mExtras=Bundle[{feedback_intent=Supplier{VAL_PARCELABLE@40+2392}, explanation_intent=Supplier{VAL_PARCELABLE@2476+1436}, SCREEN_EXTRA=1}]}, mCreationTimeMillis=1779024212047, mExpiryTimeMillis=1779027300000, mScore=0.0, mActionChips=[], mIconGrid=[], mFeatureType=9, mSensitive=false, mShouldShowExpanded=false, mSourceNotificationKey='', mComponentName=ComponentInfo{package_name/class_name}, mUserHandle=UserHandle{0}, mAssociatedSmartspaceTargetId='null', mSliceUri=null, mWidget=null, mTemplateData=null, mRemoteViews=android.widget.RemoteViews@2ae47b0}, mSmartspaceActionId='', mEventType=8}
05-17 19:20:15.126 10976 15099 D BluetoothAdapter: isLeEnabled(): ON
05-17 19:20:15.131 15040 15040 D WM-WorkerWrapper: Starting work for com.windscribe.vpn.workers.worker.UnblockWgParamsWorker
05-17 19:20:15.132 14177 14187 W Auth.Api.SignIn: [Service,SignInChimeraService] **************************** WARNING ***************************
05-17 19:20:15.132 14177 14187 W Auth.Api.SignIn: You are using the deprecated legacy Google Sign-In APIs from
05-17 19:20:15.132 14177 14187 W Auth.Api.SignIn: play-services-auth SDK. Please migrate to the Credential Manager
05-17 19:20:15.132 14177 14187 W Auth.Api.SignIn: APIs, see https://goo.gle/gsi-migration.
05-17 19:20:15.132 14177 14187 W Auth.Api.SignIn: ****************************************************************
05-17 19:20:15.134 10560 10560 D ShortcutAndWidgetContainer: appWidgetScale - [x,y]: [1.0,1.0]
05-17 19:20:15.134 10560 10560 D NavigableAppWidgetHostView: updateScale - [fitScale,bounceScale]: [1.0,1.0]
05-17 19:20:15.134 10560 10560 D SsCardRecyclerViewAdapter: [rmv] Refreshing RemoteViews card
05-17 19:20:15.134 10560 10560 W AppWidgetHostView: can't inflate defaultView, missing defaultLayout, mInfo: null
05-17 19:20:15.135  2078  2078 D SsCardRecyclerViewAdapter: [rmv] Refreshing RemoteViews card
05-17 19:20:15.135  2078  2078 W AppWidgetHostView: can't inflate defaultView, missing defaultLayout, mInfo: null
05-17 19:20:15.141 15040 15040 D WM-WorkerWrapper: Starting work for com.windscribe.vpn.workers.worker.NotificationWorker
05-17 19:20:15.144 15040 15176 D migration: {"tm":"2026-05-17 19:20:15.143","lvl":"debug","mod":"migration","msg":"Starting notification data update."}
05-17 19:20:15.155 14019 14066 I bt_shim_advertiser: system/main/shim/le_advertising_manager.cc:158 StartAdvertisingSet: in shim layer
05-17 19:20:15.155 14019 14066 I bt_shim_advertiser: system/main/shim/le_advertising_manager.cc:184 StartAdvertisingSet: create advertising set, app_id:255, reg_id:-244
05-17 19:20:15.155 14019 14045 I bluetooth: system/gd/hci/le_advertising_manager_impl.cc:423 allocate_advertiser: Removing advertiser id 1 from removed advertisers.
05-17 19:20:15.155 14019 14045 I bluetooth: system/gd/hci/le_advertising_manager_impl.cc:665 create_extended_advertiser_with_id: Scheduling address rotation for advertiser_id=1
05-17 19:20:15.155 14019 14045 I bluetooth: system/gd/hci/le_address_manager.cc:557 GetNextPrivateAddressIntervalRange: client=advertising_set_1, nonwake=7m25s, wake=14m23s
05-17 19:20:15.158 14019 14045 I bluetooth: system/gd/hci/le_advertising_manager_impl.cc:1737 on_set_advertising_set_random_address_complete: update random address for advertising set 1 : xx:xx:xx:xx:c0:2a
05-17 19:20:15.166 10976 15099 I NearbyMediums: Started BLE extended advertising. Regular Advertised : false, Fast Advertised : true, AdvertisingSetting : BleAdvertisingSetting{powerLevel= BALANCED_POWER, isConnectable= false, isPrivateGatt= true}.
05-17 19:20:15.166 10976 15099 D BluetoothAdapter: isLeEnabled(): ON
05-17 19:20:15.170 10976 10976 I NearbySharing: Network state changed: NetworkState(isRestricted=false, isOnline=true, isCongested=false, isMetered=false, isWifiConnected=true)
05-17 19:20:15.171 14019 14066 I bt_shim_advertiser: system/main/shim/le_advertising_manager.cc:158 StartAdvertisingSet: in shim layer
05-17 19:20:15.171 14019 14066 I bt_shim_advertiser: system/main/shim/le_advertising_manager.cc:184 StartAdvertisingSet: create advertising set, app_id:255, reg_id:-245
05-17 19:20:15.171 14019 14045 I bluetooth: system/gd/hci/le_advertising_manager_impl.cc:423 allocate_advertiser: Removing advertiser id 2 from removed advertisers.
05-17 19:20:15.172 14019 14045 I bluetooth: system/gd/hci/le_advertising_manager_impl.cc:665 create_extended_advertiser_with_id: Scheduling address rotation for advertiser_id=2
05-17 19:20:15.172 14019 14045 I bluetooth: system/gd/hci/le_address_manager.cc:557 GetNextPrivateAddressIntervalRange: client=advertising_set_2, nonwake=7m25s, wake=14m20s
05-17 19:20:15.173 14019 14045 I bluetooth: system/gd/hci/le_advertising_manager_impl.cc:1737 on_set_advertising_set_random_address_complete: update random address for advertising set 2 : xx:xx:xx:xx:74:42
05-17 19:20:15.174 10976 13375 I NearbySharing: Network state changed: NetworkState(isRestricted=false, isOnline=true, isCongested=false, isMetered=false, isWifiConnected=true)
05-17 19:20:15.176 10976 15099 I NearbyMediums: Started BLE Legacy advertising. Regular Header Advertised : false, Fast Advertised : true, AdvertisingSettings : BleAdvertisingSetting{powerLevel= BALANCED_POWER, isConnectable= false, isPrivateGatt= true}, isAcceptingConnection : false
05-17 19:20:15.176 10976 15099 I NearbyMediums: Successfully started BLE advertising of size 23 for service NearbySharing, deviceToken : [ 0x0a 0xc4 ].
05-17 19:20:15.188  3846  5263 I OnDemandManagerImpl: Not showing ondemand note for music score 0.13 (threshold: 0.48).
05-17 19:20:15.191 10976 15099 I NearbyMediums: Successfully bound ServerSocket for service NearbySharing to the stable port 53601.
05-17 19:20:15.192 10976 15099 I NearbyMediums: Successfully started listening for incoming Wifi Lan connections.
05-17 19:20:15.194  1621  3978 W ApplicationInfo: Large ApplicationInfo parcel: size=21752 package=com.google.android.GoogleCamera splits=45 sharedLibs=7 resDirs=2 overlayPaths=2
05-17 19:20:15.194  1621  3978 W ParceledListSlice: Element #506 is 21756 bytes.
05-17 19:20:15.198  3846  5263 I NnfpMusicRecognizer: Finished recognition for region in and DB version 4065 with result: NOT_MUSIC
05-17 19:20:15.199  3846  5263 I RecognitionStateHandler: Dsp model overrides: reloadDetectionModel = [true] : new squelch = [55000]
05-17 19:20:15.199  3846  5263 I RecognitionStateHandler: Reconfiguration [# afys@27e097ab] Latest:[# aetw@e9a7e4ea]
05-17 19:20:15.199 15040 15164 I app_icon_cache: {"tm":"2026-05-17 19:20:15.199","lvl":"info","mod":"app_icon_cache","msg":"Preloading 519 app icons..."}
05-17 19:20:15.199 15040 15164 D DesktopExperienceFlags: Toggle override initialized to: false
05-17 19:20:15.204  4188  4309 I .x.android.lite: WaitForGcToComplete blocked ProfileSaver on Background for 343.325ms
05-17 19:20:15.206  3846  5263 I MusicRelayApiImpl: MusicRelayApiImpl -  AmbientMusicResult: # wrm@e5952b6d
05-17 19:20:15.206  3846  5263 I MusicRecognitionHandler: Music recognition was skipped, because secondary music detector score below threshold (= 0.45)
05-17 19:20:15.211 10976 15089 W NearbyPresence: TidepoolIdentityProvider: Main Tidepool status toggle not enabled! Returned empty shared credentials. [CONTEXT service_id=317 ]
05-17 19:20:15.211 10976 15089 W NearbyPresence: TidepoolIdentityProvider: Main Tidepool status toggle not enabled! Returned empty broadcast credentials. [CONTEXT service_id=317 ]
05-17 19:20:15.211 10976 15089 W NearbyPresence: TidepoolIdentityProvider: Main Tidepool status toggle not enabled! Returned empty shared credentials. [CONTEXT service_id=317 ]
05-17 19:20:15.211 10976 15089 W NearbyPresence: TidepoolIdentityProvider: Main Tidepool status toggle not enabled! Returned empty broadcast credentials. [CONTEXT service_id=317 ]
05-17 19:20:15.211  1621  3972 I WifiService: acquireMulticastLock uid=10144 lockTag=nearby-connections-57292303
05-17 19:20:15.213 10976 15099 I Nearby  : (REDACTED) NsdManagerCompat acquired multicast lock %d.
05-17 19:20:15.217  1621  1973 I serviceDiscovery: [MdnsAdvertiser] Adding service name: I1BDWlT8n14AAA, type: _FC9F5ED42C8A._tcp, subtypes: , hostAddresses: , hostname: null, port: 53601, network: null, expirationTime: null, txtRecord: {f=5785, n=MlJlEhwxsOpAXbncqnxHHqc, IPv4=192.168.31.62} with ID 1444 and subtypes {} advertisingOptions MdnsAdvertisingOptions{ }
05-17 19:20:15.229 10976 15089 W NearbyPresence: TidepoolIdentityProvider: Main Tidepool status toggle not enabled! Returned empty broadcast credentials. [CONTEXT service_id=317 ]
05-17 19:20:15.229 10976 15089 W NearbyPresence: TidepoolIdentityProvider: Main Tidepool status toggle not enabled! Returned empty shared credentials. [CONTEXT service_id=317 ]
05-17 19:20:15.230  3846  5263 I AmbientMusicDetector: Pipeline run finished, restarting model: true
05-17 19:20:15.236  2078  2093 W System  : A resource failed to call release. 
05-17 19:20:15.236  2078  2093 W System  : A resource failed to call release. 
05-17 19:20:15.236  2078  2093 W System  : A resource failed to call release. 
05-17 19:20:15.236  3846  5263 I AmbientMusicServiceMana: Trying to load model /product/etc/firmware/music_detector.sound_model_tflite from 
05-17 19:20:15.237  3846  5263 I AmbientMusicServiceMana: Applying config override: # aets@cb31000b
05-17 19:20:15.238  3846  5263 I SmoothedLatchingClassif: Reconfiguring tflite model.
05-17 19:20:15.240  3846  5263 I SoundTriggerManagerComp: Loading model 9f6ad62a-1f0b-11e7-87c5-40a8f03d3f15
05-17 19:20:15.240 15040 15160 I O4.i    : Provider GmsCore_OpenSSL not available
05-17 19:20:15.240   927  1685 D sound_trigger_hw: stdev_stop_recognition: entry handle 1
05-17 19:20:15.240   927  1685 D sound_trigger_platform: enable_ambient_music: enable 0
05-17 19:20:15.241  1209  1209 D AOC     : F1:MSG: controller.cc, 273: AudioInCtrl: cmd ID: 0x0101, tag: 0xc7 [cntr = 18407]
05-17 19:20:15.241   927  1685 D sound_trigger_hw: [1] stop sound model
05-17 19:20:15.241   927  1685 D sound_trigger_hw: send_control_cmd:cmd 1
05-17 19:20:15.241  1209  1209 D AOC     : F1:MSG: controller.cc, 811: AudioInCtrl: ipc: sound_trigger, cmd ID: 0x0101, tag: 0xc7, rc: 0
05-17 19:20:15.241   927  1364 D sound_trigger_hw: handle_control_cmd:get cmd 1
05-17 19:20:15.241  1621  3978 I SoundTriggerMiddlewareLogging: STOP_RECOGNITION (873)
05-17 19:20:15.241   927  1685 D sound_trigger_hw: stdev_unload_sound_model: entry handle 1
05-17 19:20:15.241   927  1685 D sound_trigger_hw: [1] unload sound model
05-17 19:20:15.242   927  1685 D sound_trigger_hw: release client handle 1
05-17 19:20:15.242  1209  1209 D AOC     : F1:MSG: controller.cc, 273: AudioInCtrl: cmd ID: 0x0109, tag: 0xc8 [cntr = 18408]
05-17 19:20:15.242  1209  1209 D AOC     : F1:MSG: controller.cc, 811: AudioInCtrl: ipc: sound_trigger, cmd ID: 0x0109, tag: 0xc8, rc: 0
05-17 19:20:15.242  1621  3978 I SoundTriggerMiddlewareLogging: UNLOAD_MODEL (873)
05-17 19:20:15.242  1621  3978 W SoundTriggerHelper: Unload error: Attempting unload invalid generic model with id:9f6ad62a-1f0b-11e7-87c5-40a8f03d3f15
05-17 19:20:15.243  3846  5263 I AmbientMusicServiceMana: Re-starting music detector model.
05-17 19:20:15.243  1621  3978 V SoundTriggerHelper: startRecognition
05-17 19:20:15.243  1621  3978 V SoundTriggerHelper: isRecognitionAllowed
05-17 19:20:15.243  1621  3978 V SoundTriggerHelper: deviceState: ENABLE
05-17 19:20:15.243  1621  3978 V SoundTriggerHelper: updateRecognitionLocked
05-17 19:20:15.243  1621  3978 V SoundTriggerHelper: isRecognitionAllowed
05-17 19:20:15.243  1621  3978 V SoundTriggerHelper: deviceState: ENABLE
05-17 19:20:15.243  1621  3978 V SoundTriggerHelper: prepareForRecognition
05-17 19:20:15.245  1621  1704 W ActivityManager: Rescheduling restart of crashed service com.google.android.googlequicksearchbox/org.chromium.content.app.SandboxedProcessService0:2 in 0ms for mem-pressure-event
05-17 19:20:15.245   927  1685 D sound_trigger_hw: stdev_load_sound_model: entry
05-17 19:20:15.245   927  1685 D sound_trigger_hw: get client handle: 1
05-17 19:20:15.245  1621  1706 D ActivityManager: Delaying restart of ServiceRecord{3390d26 u0 com.google.android.googlequicksearchbox/org.chromium.content.app.SandboxedProcessService0:2 c:com.google.android.googlequicksearchbox} because all clients are frozen
05-17 19:20:15.245   927  1685 D sound_trigger_hw: [1] load sound model
05-17 19:20:15.246  1209  1209 D AOC     : F1:MSG: controller.cc, 273: AudioInCtrl: cmd ID: 0x0107, tag: 0xc9 [cntr = 18409]
05-17 19:20:15.247  1209  1209 D AOC     : F1:MSG: hotword_input_processor.cc, 754: Update size of ambient model as 16384
05-17 19:20:15.251  1209  1209 D AOC     : F1:MSG: controller.cc, 811: AudioInCtrl: ipc: sound_trigger, cmd ID: 0x0107, tag: 0xc9, rc: 0
05-17 19:20:15.251  1209  1209 D AOC     : F1:MSG: controller.cc, 273: AudioInCtrl: cmd ID: 0x0107, tag: 0xca [cntr = 18410]
05-17 19:20:15.252  1209  1209 D AOC     : F1:MSG: hotword_input_processor.cc, 754: Update size of ambient model as 22932
05-17 19:20:15.252  1209  1209 D AOC     : F1:MSG: controller.cc, 811: AudioInCtrl: ipc: sound_trigger, cmd ID: 0x0107, tag: 0xca, rc: 0
05-17 19:20:15.252  1209  1209 D AOC     : F1:MSG: controller.cc, 273: AudioInCtrl: cmd ID: 0x0108, tag: 0xcb [cntr = 18411]
05-17 19:20:15.252  1209  1209 E AOC     : F1:ERR: hotword_input_processor.cc, 849: Wrong CRC: 0x1e8da48d, expected: 0x24789a4f
05-17 19:20:15.253  1209  1209 D AOC     : F1:MSG: controller.cc, 811: AudioInCtrl: ipc: sound_trigger, cmd ID: 0x0108, tag: 0xcb, rc: 0
05-17 19:20:15.254  1621  3978 I SoundTriggerMiddlewareLogging: LOAD_MODEL ("9f6ad62a-1f0b-11e7-87c5-40a8f03d3f15") -> 874
05-17 19:20:15.254  1621  3978 V SoundTriggerHelper: startRecognitionLocked
05-17 19:20:15.254  1621  3978 V SoundTriggerHelper: isRecognitionAllowed
05-17 19:20:15.254  1621  3978 V SoundTriggerHelper: deviceState: ENABLE
05-17 19:20:15.254   927  1685 D sound_trigger_hw: stdev_start_recognition_extended: HIDL 2.3
05-17 19:20:15.254   927  1685 D sound_trigger_hw: stdev_start_recognition_internal: entry handle 1
05-17 19:20:15.254   927  1685 D sound_trigger_hw: [1] start sound model
05-17 19:20:15.254   927  1685 D sound_trigger_platform: enable_ambient_music: enable 1
05-17 19:20:15.254   927  1685 D sound_trigger_hw: send_control_cmd:cmd 1
05-17 19:20:15.254  1209  1209 D AOC     : F1:MSG: controller.cc, 273: AudioInCtrl: cmd ID: 0x0100, tag: 0xcc [cntr = 18412]
05-17 19:20:15.254   927  1364 D sound_trigger_hw: handle_control_cmd:get cmd 1
05-17 19:20:15.254  1209  1209 D AOC     : F1:MSG: controller.cc, 811: AudioInCtrl: ipc: sound_trigger, cmd ID: 0x0100, tag: 0xcc, rc: 0
05-17 19:20:15.255  1621  3978 I SoundTriggerMiddlewareLogging: START_RECOGNITION (874, RecognitionConfig{captureRequested: true, phraseRecognitionExtras: [], audioCapabilities: 0, data: []}) -> android.os.Binder@66d7015
05-17 19:20:15.255  1621  3978 I SoundTriggerHelper: startRecognition successful.
05-17 19:20:15.255  1621  3978 W SoundTriggerService: error onStart(): Model 9f6ad62a-1f0b-11e7-87c5-40a8f03d3f15 already started
05-17 19:20:15.255  3846  5263 I AmbientMusicServiceMana: Trying to unloading model 12caddb1-acdb-4dce-8cb0-2e95a2313aee
05-17 19:20:15.255  3846  5263 I SoundTriggerManagerComp: Unloading model 12caddb1-acdb-4dce-8cb0-2e95a2313aee
05-17 19:20:15.255  1621  3978 W SoundTriggerHelper: Unload error: Attempting unload invalid generic model with id:12caddb1-acdb-4dce-8cb0-2e95a2313aee
05-17 19:20:15.255  1621  3978 I SoundTriggerService: error onStop(): Model 12caddb1-acdb-4dce-8cb0-2e95a2313aee has no stats available
05-17 19:20:15.257  3846  5263 I AmbientMusicServiceMana: Update config: # aets@cb31000b Success: true
05-17 19:20:15.265 15040 15160 I secure_prefs: {"tm":"2026-05-17 19:20:15.265","lvl":"info","mod":"secure_prefs","msg":"Encrypted storage initialized successfully"}
05-17 19:20:15.290  1621  1706 W ActivityManager: Skipping manifest association check for null package. SourceUid: -1, SourcePkg: null, TargetUid: 10487, TargetPkg: org.kustom.widget
05-17 19:20:15.314  1745  1764 I pixel-thermal: cellular-emergency:38.261 raw data: cellular-emergency:38260.9 
05-17 19:20:15.314  1745  1764 I pixel-thermal: VIRTUAL-SKIN-CPU:38.261 raw data: VIRTUAL-SKIN:38260.9 VIRTUAL-SKIN-CPU:38260.9 
05-17 19:20:15.314  1745  1764 I pixel-thermal: VIRTUAL-SKIN-CPU power_budget=1993.23 err=2.73905 s_power=800 time_elapsed_ms=7016 p=1095.62 i=97.6063 d=0 dt_per_min=nan compensation=0 budget transient=0 control target=3 excluded power budget=0 is_emul_throttling_info=0
05-17 19:20:15.314  1745  1764 I pixel-thermal: VIRTUAL-SKIN-CPU binded power rails: (S4M_VDD_CPUCL0: 241.73 mW)(S2M_VDD_CPUCL2: 533.49 mW)(S3M_VDD_CPUCL1: 167.71 mW)
05-17 19:20:15.314  1745  1764 I pixel-thermal: VIRTUAL-SKIN:38.261 raw data: VIRTUAL-SKIN:38260.9 
05-17 19:20:15.315  1745  1764 I pixel-thermal: VIRTUAL-SKIN-CPU-GPU:38.261 raw data: VIRTUAL-SKIN:38260.9 VIRTUAL-SKIN-CPU-GPU:38260.9 
05-17 19:20:15.315  1745  1764 I pixel-thermal: VIRTUAL-SKIN-CPU-GPU power_budget=3521.71 err=6.73905 s_power=800 time_elapsed_ms=7016 p=2021.71 i=700 d=0 dt_per_min=nan compensation=0 budget transient=0 control target=3 excluded power budget=0 is_emul_throttling_info=0
05-17 19:20:15.315  1745  1764 I pixel-thermal: VIRTUAL-SKIN-CPU-GPU binded power rails: (S4M_VDD_CPUCL0: 241.73 mW)(S2M_VDD_CPUCL2: 533.49 mW)(S3M_VDD_CPUCL1: 167.71 mW)(S2S_VDD_G3D: 11.91 mW)
05-17 19:20:15.315  1745  1764 I pixel-thermal: VIRTUAL-SKIN-HINT:38.261 raw data: VIRTUAL-SKIN:38260.9 VIRTUAL-SKIN-HINT:38260.9 
05-17 19:20:15.315  1745  1764 I pixel-thermal: VIRTUAL-SKIN-CHARGE:38.261 raw data: VIRTUAL-SKIN:38260.9 VIRTUAL-SKIN-CHARGE:38260.9 
05-17 19:20:15.315  1745  1764 I pixel-thermal: VIRTUAL-SKIN-CHARGE's fcc binded power rail POWER_FOR_CHARGING_THROTTLING: power threshold = 500, avg power = 1187.92
05-17 19:20:15.315  1745  1764 I pixel-thermal: Successfully update cdev fcc sysfs to 4
05-17 19:20:15.319  1621  1693 I BrightnessSynchronizer: Swallowing update of 11(i) by update: {[6105] 0.039266676(f), mUpdatedTypes=1, mConfirmedTypes=1, mTimeUpdated=322078846}
05-17 19:20:15.319  1621  1693 I BrightnessSynchronizer: Completed Update: {[6105] 0.039266676(f), mUpdatedTypes=1, mConfirmedTypes=1, mTimeUpdated=322078846}
05-17 19:20:15.319  1621  1693 I BrightnessSynchronizer: [6106] New Update 0.043306638(f) set brightness values:  12(i)
05-17 19:20:15.340  2078  2078 D DLObserver: onReceive(); android.intent.action.BATTERY_CHANGED
05-17 19:20:15.340  2078  2078 D DLObserver: plugged=2
05-17 19:20:15.341  2078  2078 D SystemEventDataSource: onReceive: android.intent.action.BATTERY_CHANGED
05-17 19:20:15.341  2078  2078 D PowerNotificationWarningsGoogleImpl: onReceive: android.intent.action.BATTERY_CHANGED
05-17 19:20:15.341  2078  2078 D PulsarController: dispatchIntent: android.intent.action.BATTERY_CHANGED
05-17 19:20:15.341  2078  2078 D IncompatibleChargerNotification: dispatchIntent: android.intent.action.BATTERY_CHANGED
05-17 19:20:15.341  2078  2078 D BatteryReplacementNotification: battery health: 2, cycle count: 1310
05-17 19:20:15.341  2078  2078 D KeyguardIndicationGoogle: isChargeLimitEnabled= true, user= 0
05-17 19:20:15.341  2078  2078 D KeyguardIndicationGoogle: Charge limit enabled, charging policy = 4
05-17 19:20:15.342  2078  2185 D GoogleBatteryDataSource: fetchDwellDefendStatus: CONNECTED
05-17 19:20:15.342  2078  2185 D GoogleBatteryDataSource: fetchTempDefendStatus: t_sum=0, time_sum=0 t_avg=0 lst_v=0 lst_t=0 lst_u=0, dt=0, t=0 e=0
05-17 19:20:15.342  2078  2185 D SystemEventDataSource: updatedEventData: SystemEventData(intentAction=android.intent.action.BATTERY_CHANGED, plugged=EventData(value=2), batteryScale=EventData(value=100), batteryLevel=EventData(value=80), chargingStatus=EventData(value=4), maxChargingCurrent=EventData(value=3000000), maxChargingVoltage=EventData(value=5000000), batteryStatus=EventData(value=4), halEventData=HalEventData(dockDefendStatus=EventData(value=-3), tempDefendEventData=EventData(value=false), dwellDefendEventData=EventData(value=false)), settingsEventData=SettingsEventData(dockDefenderBypass=EventData(value=0), chargingLimitSettings=EventData(value=1), dndState=EventData(value=false), airplaneState=EventData(value=false)), frameworkApiEventData=FrameworkApiEventData(batterySaverState=EventData(value=false), extremeBatterySaverState=EventData(value=false)))
05-17 19:20:15.342  2078  2185 D DwellDefendBatteryModule: validate: false -> false
05-17 19:20:15.342  2078  2185 D TempDefendBatteryModule: validate: false -> false
05-17 19:20:15.344  2078 13058 D PowerUI : can't show warning due to - plugged: true status unknown: false
05-17 19:20:15.372  2521  2521 W Finsky  : [2] STU: Failed to get storage stats for package 'com.google.android.uprobestats' (1601: Error getting stats: android.content.pm.PackageManager.NameNotFoundException)
05-17 19:20:15.396  1621  1693 I BrightnessSynchronizer: Swallowing update of 12(i) by update: {[6106] 0.043306638(f), mUpdatedTypes=1, mConfirmedTypes=1, mTimeUpdated=322080219}
05-17 19:20:15.397  1621  1693 I BrightnessSynchronizer: Completed Update: {[6106] 0.043306638(f), mUpdatedTypes=1, mConfirmedTypes=1, mTimeUpdated=322080219}
05-17 19:20:15.433  2521  2521 W Finsky  : [2] STU: Failed to get storage stats for package 'com.google.android.uwb' (1601: Error getting stats: android.content.pm.PackageManager.NameNotFoundException)
05-17 19:20:15.434  2521  2521 W Finsky  : [2] STU: Failed to get storage stats for package 'com.google.android.bt' (1601: Error getting stats: android.content.pm.PackageManager.NameNotFoundException)
05-17 19:20:15.435  2521  2521 W Finsky  : [2] STU: Failed to get storage stats for package 'com.google.android.widevine.nonupdatable' (1601: Error getting stats: android.content.pm.PackageManager.NameNotFoundException)
05-17 19:20:15.478  2521  2521 W Finsky  : [2] STU: Failed to get storage stats for package 'com.google.android.gmssystem' (1601: Error getting stats: android.content.pm.PackageManager.NameNotFoundException)
05-17 19:20:15.539  2521  2521 W Finsky  : [2] STU: Failed to get storage stats for package 'com.android.apex.cts.shim' (1601: Error getting stats: android.content.pm.PackageManager.NameNotFoundException)
05-17 19:20:15.548 15040 15160 I device-state-manager: {"tm":"2026-05-17 19:20:15.547","lvl":"info","mod":"device-state-manager","msg":"Network: online=true, no detail"}
05-17 19:20:15.596  2521  2521 W Finsky  : [2] STU: Failed to get storage stats for package 'com.google.android.appsearch' (1601: Error getting stats: android.content.pm.PackageManager.NameNotFoundException)
05-17 19:20:15.599  2521  2521 W Finsky  : [2] STU: Failed to get storage stats for package 'com.google.android.art' (1601: Error getting stats: android.content.pm.PackageManager.NameNotFoundException)
05-17 19:20:15.630  2521  2521 W Finsky  : [2] STU: Failed to get storage stats for package 'com.google.android.profiling' (1601: Error getting stats: android.content.pm.PackageManager.NameNotFoundException)
05-17 19:20:15.630 15040 15168 D nativeloader: Load /data/app/~~iFOLH8MV3EyN7TrC6YUszQ==/com.windscribe.vpn-lizawFJ1ZFwtCEs0o_HdXA==/lib/arm64/libwsnet.so using class loader ns clns-9 (caller=/data/app/~~iFOLH8MV3EyN7TrC6YUszQ==/com.windscribe.vpn-lizawFJ1ZFwtCEs0o_HdXA==/base.apk!classes2.dex): ok
05-17 19:20:15.648  2521  2521 W Finsky  : [2] STU: Failed to get storage stats for package 'com.google.android.mediaprovider' (1601: Error getting stats: android.content.pm.PackageManager.NameNotFoundException)
05-17 19:20:15.670  2521  2521 W Finsky  : [2] STU: Failed to get storage stats for package 'com.google.pixel.camera.hal' (1601: Error getting stats: android.content.pm.PackageManager.NameNotFoundException)
05-17 19:20:15.670  2521  2521 W Finsky  : [2] STU: Failed to get storage stats for package 'com.google.android.crashrecovery' (1601: Error getting stats: android.content.pm.PackageManager.NameNotFoundException)
05-17 19:20:15.678  2521  2521 W Finsky  : [2] STU: Failed to get storage stats for package 'com.google.android.resolv' (1601: Error getting stats: android.content.pm.PackageManager.NameNotFoundException)
05-17 19:20:15.717  2521  2521 W Finsky  : [2] STU: Failed to get storage stats for package 'com.google.android.configinfrastructure' (1601: Error getting stats: android.content.pm.PackageManager.NameNotFoundException)
05-17 19:20:15.720  2521  2521 W Finsky  : [2] STU: Failed to get storage stats for package 'com.google.android.media' (1601: Error getting stats: android.content.pm.PackageManager.NameNotFoundException)
05-17 19:20:15.727  4336  4336 I KWGTSWidgetService: Refresh: 
05-17 19:20:15.727  4336  4336 I KWGTSWidgetService: Refresh: 
05-17 19:20:15.777  4188  4362 I TRuntime.CctTransportBackend: Status Code: 200
05-17 19:20:15.801  2521  2521 W Finsky  : [2] STU: Failed to get storage stats for package 'com.google.android.sdkext' (1601: Error getting stats: android.content.pm.PackageManager.NameNotFoundException)
05-17 19:20:15.816  2521  2521 W Finsky  : [2] STU: Failed to get storage stats for package 'com.android.hardware.biometrics.fingerprint.virtual' (1601: Error getting stats: android.content.pm.PackageManager.NameNotFoundException)
05-17 19:20:15.818  2521  2521 W Finsky  : [2] STU: Failed to get storage stats for package 'com.google.android.adservices' (1601: Error getting stats: android.content.pm.PackageManager.NameNotFoundException)
05-17 19:20:15.818  2521  2521 W Finsky  : [2] STU: Failed to get storage stats for package 'com.google.android.tethering' (1601: Error getting stats: android.content.pm.PackageManager.NameNotFoundException)
05-17 19:20:15.843 10976 10976 I NearbyPresence: (REDACTED) %s: Charging state changed: %b
05-17 19:20:15.844 10976 15089 I NearbyPresence: (REDACTED) %s verified [==] new request %s equals to the old request
05-17 19:20:15.853 15040 15168 D wsnet-wrapper: {"tm":"2026-05-17 19:20:15.852","lvl":"debug","mod":"wsnet-wrapper","msg":"wsnet version: 1.5.6-0-g2b3dd53"}
05-17 19:20:15.855 15040 15168 D wsnet-wrapper: {"tm":"2026-05-17 19:20:15.855","lvl":"debug","mod":"wsnet-wrapper","msg":"c-ares version: 1.34.5"}
05-17 19:20:15.870  2521  2521 W Finsky  : [2] STU: Failed to get storage stats for package 'com.google.android.cellbroadcast' (1601: Error getting stats: android.content.pm.PackageManager.NameNotFoundException)
05-17 19:20:15.871  2521  2521 W Finsky  : [2] STU: Failed to get storage stats for package 'com.google.pixel.wifi.ext' (1601: Error getting stats: android.content.pm.PackageManager.NameNotFoundException)
05-17 19:20:15.877 15040 15209 D wsnet-wrapper: {"tm":"2026-05-17 19:20:15.876","lvl":"debug","mod":"wsnet-wrapper","msg":"DNS servers in channel: [2409:40c4:153:71cf:da23:e0ff:fe80:e3d7]:53,192.168.31.1:53"}
05-17 19:20:15.886  2521  2521 W Finsky  : [2] STU: Failed to get storage stats for package 'com.google.android.rkpd' (1601: Error getting stats: android.content.pm.PackageManager.NameNotFoundException)
05-17 19:20:16.033  2521  2521 W Finsky  : [2] STU: Failed to get storage stats for package 'com.google.pixel.euicc.update' (1601: Error getting stats: android.content.pm.PackageManager.NameNotFoundException)
05-17 19:20:16.057  2521  2521 W Finsky  : [2] STU: Failed to get storage stats for package 'com.google.android.compos' (1601: Error getting stats: android.content.pm.PackageManager.NameNotFoundException)
05-17 19:20:16.058  2521  2521 W Finsky  : [2] STU: Failed to get storage stats for package 'com.google.android.tzdata6' (1601: Error getting stats: android.content.pm.PackageManager.NameNotFoundException)
05-17 19:20:16.083  2521  2521 W Finsky  : [2] STU: Failed to get storage stats for package 'com.google.android.permission' (1601: Error getting stats: android.content.pm.PackageManager.NameNotFoundException)
05-17 19:20:16.131  1621  1973 I serviceDiscovery: [MdnsAdvertiser.wlan0] Probing finished for service 1444
05-17 19:20:16.133 10976 11030 I NearbyMediums: WIFI_LAN registered service name:I1BDWlT8n14AAA type:null at ip:null port:0
05-17 19:20:16.133 10976 15099 I NearbyMediums: Successfully advertised I1BDWlT8n14AAA on serviceID NearbySharing over Wifi LAN.
05-17 19:20:16.134 10976 15099 I NearbyMediums: [WifiNetworkV2] WifiStatusChangedCallback registered for NearbySharing (wifiStatusChangedCallbacks.size:1)
05-17 19:20:16.135 10976 15099 I NearbyConnections: Get local endpoint id from the existing localEndpointId:PCZT (last:BBQG) for client 261921619(0p:com.google.android.gms.nearby.sharing)
05-17 19:20:16.137 10976 15099 I NearbyMediums: Started BLE scanning, service-id=NearbyConnections.TxAdvertisement, is-extended-advert=true, power-level=2, scan-mode=3
