05-17 19:20:14.524  1621  1657 I ImeTracker: system_server:b9be3baf: onRequestHide at ORIGIN_SERVER reason IME_REQUESTED_CHANGED_LISTENER fromUser false displayId 0
05-17 19:20:14.525  1621  1693 I ImeTracker: system_server:b9be3baf: onCancelled at PHASE_SERVER_SHOULD_HIDE
05-17 19:20:14.530 15040 15040 W .windscribe.vpn: Failed to find entry 'classes.dex': Entry not found
05-17 19:20:14.531 20417 20417 I Key_event: ACTION_DREAMING_STOPPED 
05-17 19:20:14.532 10976 15094 I NearbyConnections: Get local endpoint id from the existing localEndpointId:BBQG (last:QBJF) for client 261921619(0p:com.google.android.gms.nearby.sharing)
05-17 19:20:14.533 15040 15040 D nativeloader: Configuring clns-9 for other apk /data/app/~~iFOLH8MV3EyN7TrC6YUszQ==/com.windscribe.vpn-lizawFJ1ZFwtCEs0o_HdXA==/base.apk:/data/app/~~iFOLH8MV3EyN7TrC6YUszQ==/com.windscribe.vpn-lizawFJ1ZFwtCEs0o_HdXA==/split_config.arm64_v8a.apk:/data/app/~~iFOLH8MV3EyN7TrC6YUszQ==/com.windscribe.vpn-lizawFJ1ZFwtCEs0o_HdXA==/split_config.xxhdpi.apk. target_sdk_version=35, uses_libraries=, library_path=/data/app/~~iFOLH8MV3EyN7TrC6YUszQ==/com.windscribe.vpn-lizawFJ1ZFwtCEs0o_HdXA==/lib/arm64:/data/app/~~iFOLH8MV3EyN7TrC6YUszQ==/com.windscribe.vpn-lizawFJ1ZFwtCEs0o_HdXA==/base.apk!/lib/arm64-v8a:/data/app/~~iFOLH8MV3EyN7TrC6YUszQ==/com.windscribe.vpn-lizawFJ1ZFwtCEs0o_HdXA==/split_config.arm64_v8a.apk!/lib/arm64-v8a:/data/app/~~iFOLH8MV3EyN7TrC6YUszQ==/com.windscribe.vpn-lizawFJ1ZFwtCEs0o_HdXA==/split_config.xxhdpi.apk!/lib/arm64-v8a, permitted_path=/data:/mnt/expand:/data/user/0/com.windscribe.vpn
05-17 19:20:14.535  1621  1621 W AccessibilityManagerService:  wait for adding window timeout: 10182
05-17 19:20:14.545 14019 14059 I bt_shim_scanner: system/main/shim/le_scanning_manager.cc:138 RegisterScanner: in shim layer, UUID=4c1862b0-7f2f-4cf0-8c52-652e7e55439e
05-17 19:20:14.548 14177 15092 I Dck     : (REDACTED) disableDckSupport: %s
05-17 19:20:14.550 14177 15092 E Dck     : Could not get ProviderInfo when resolving the content provider authority. [CONTEXT service_id=289 ]
05-17 19:20:14.550 14177 15092 E Dck     : Samsung Content Provider failed app verification [CONTEXT service_id=289 ]
05-17 19:20:14.550 14177 15092 I Dck     : [WirelessCapabilitiesFeatures] wccSysProp: 2 [CONTEXT service_id=289 ]
05-17 19:20:14.550 14177 15092 I Dck     : [WirelessCapabilitiesFeatures] wccOverride: not set [CONTEXT service_id=289 ]
05-17 19:20:14.552   494   494 I lowmemorykiller: Kill 'in.amazon.mShop.android.shopping' (12409), uid 10255, oom_score_adj 975 to free 85904kB rss, 28908kB anon rss, 46324kB swap, 0kB dmabuf_pss, 0kB dmabuf_rss; reason: low watermark is breached and swap is low (74748kB < 314572kB)
05-17 19:20:14.561 10976 13375 I NearbySharing: Advertising has started with mode BACKGROUND, Bt enabled : false
05-17 19:20:14.565  3846 25017 I AudioBufferManager: audio-buffer-0: Audio recording finished, got 128000 samples.
05-17 19:20:14.565  3846  5263 I AmbientMusicDetector: Received music trigger with last-matched track ID '0'  () from shard ''
05-17 19:20:14.565  3846  5263 I NnfpMusicRecognizer: SoundSearch FP fallback configuration: AutoOnDemand: false SoSe Fps: false
05-17 19:20:14.574 14177 15092 I Dck     : (REDACTED) [WirelessCapabilitiesFeatures] returned wcc: %s
05-17 19:20:14.574 14177 15092 I Dck     : Dck module condition - isDckModuleEligible: true [CONTEXT service_id=289 ]
05-17 19:20:14.574 14177 15092 I Dck     : (REDACTED) [GatedIntentOperation] Intent propagated: %s
05-17 19:20:14.581  1621  4770 D BiometricService: canAuthenticate: User=0, Caller=0, Authenticators=32768
05-17 19:20:14.581  1621  4770 D BiometricService/PreAuthInfo: getCanAuthenticateInternal Modality: 1 AuthenticatorStatus: 9
05-17 19:20:14.581  1621  4770 D AuthService: canAuthenticate, userId: 0, callingUserId: 0, authenticators: 32768, result: 11
05-17 19:20:14.582 14019 14059 I bt_shim_scanner: system/main/shim/le_scanning_manager.cc:239 ScanFilterEnable: in shim layer
05-17 19:20:14.583  1621  2269 D BiometricService: canAuthenticate: User=0, Caller=0, Authenticators=32768
05-17 19:20:14.583  1621  2269 D BiometricService/PreAuthInfo: getCanAuthenticateInternal Modality: 1 AuthenticatorStatus: 9
05-17 19:20:14.583  1621  2269 D AuthService: canAuthenticate, userId: 0, callingUserId: 0, authenticators: 32768, result: 11
05-17 19:20:14.585  4188  4188 W JobService: onNetworkChanged() not implemented in com.google.android.datatransport.runtime.scheduling.jobscheduling.JobInfoSchedulerService. Must override in a subclass.
05-17 19:20:14.590 10976 13375 I NearbySharing: Starting scanning for Fast Initiation.
05-17 19:20:14.594 10976 13375 I NearbySharing: Started scanning for FastInitiation with mode: SCAN_MODE_BALANCED
05-17 19:20:14.597  1621  1996 W JobServiceContext: Sending onNetworkChanged for a job that isn't started. JobStatus{4083938 androidx.work.systemjobscheduler:u0a274/81844 #UnblockWgParamsWorker#@androidx.work.systemjobscheduler@com.windscribe.vpn/androidx.work.impl.background.systemjob.SystemJobService u=0 s=10274 TIME=-3m7s6ms:none NET READY}
05-17 19:20:14.597  1621  1996 W JobServiceContext: Sending onNetworkChanged for a job that isn't started. JobStatus{23f9d11 androidx.work.systemjobscheduler:u0a274/81845 #NotificationWorker#@androidx.work.systemjobscheduler@com.windscribe.vpn/androidx.work.impl.background.systemjob.SystemJobService u=0 s=10274 TIME=-3m6s434ms:none NET READY}
05-17 19:20:14.605   494   494 I lowmemorykiller: Kill 'com.reddit.frontpage' (12397), uid 10696, oom_score_adj 975 to free 70844kB rss, 31928kB anon rss, 38316kB swap, 0kB dmabuf_pss, 0kB dmabuf_rss; reason: low watermark is breached and swap is low (80776kB < 314572kB)
05-17 19:20:14.606  2521  2521 W JobService: onNetworkChanged() not implemented in com.google.android.finsky.scheduler.process.mainimpl.PhoneskyJobServiceMain. Must override in a subclass.
05-17 19:20:14.608 15040 15040 D CompatChangeReporter: Compat change id reported: 202956589; UID 10274; state: ENABLED
05-17 19:20:14.618  1621  4767 D SensorService: Unregistering client listener for PID 6250
05-17 19:20:14.624   896   896 I Zygote  : Process 6250 exited due to signal 9 (Killed)
05-17 19:20:14.629  1621  2245 I ActivityManager: Process com.instagram.android (pid 6250) has died: cch  +85 CEM 
05-17 19:20:14.630 14177 11262 I Dck     : Check and resume all keys that were suspended due to device lost if any [CONTEXT service_id=289 ]
05-17 19:20:14.630 14177 11262 I Dck     : [DckEvents] Handling resume all keys that were suspended due to device lost [CONTEXT service_id=289 ]
05-17 19:20:14.634  1621  1708 I libprocessgroup: Removed cgroup /sys/fs/cgroup/apps/uid_10489/pid_6250
05-17 19:20:14.634 14177  7558 I Dck     : [AgnosticClearcutEventLogger] storedAccountInfoOptional is empty, pulling info from provider. [CONTEXT service_id=289 ratelimit_period="10 MINUTES" skipped=23 ]
05-17 19:20:14.637 10976 13375 I NearbySharing: Fast Initiation Scanning has started
05-17 19:20:14.638 10976 13375 I NearbySharing: Dismissing HUN as there's no device nearby.
05-17 19:20:14.640 14177 23260 I Dck     : (REDACTED) disableDckSupport: %s
05-17 19:20:14.640 10976 15094 I NearbyMediums: NFC discovery successfully started.
05-17 19:20:14.643 14177 23260 E Dck     : Could not get ProviderInfo when resolving the content provider authority. [CONTEXT service_id=289 ]
05-17 19:20:14.643 14177 23260 E Dck     : Samsung Content Provider failed app verification [CONTEXT service_id=289 ]
05-17 19:20:14.643 14177 23260 I Dck     : [WirelessCapabilitiesFeatures] wccSysProp: 2 [CONTEXT service_id=289 ]
05-17 19:20:14.643  2722  2763 D IwlanDataService: onCapabilitiesChanged: 120 [ Transports: WIFI Capabilities: NOT_METERED&INTERNET&NOT_RESTRICTED&TRUSTED&NOT_VPN&VALIDATED&NOT_ROAMING&FOREGROUND&NOT_CONGESTED&NOT_SUSPENDED&NOT_VCN_MANAGED&NOT_BANDWIDTH_CONSTRAINED LinkUpBandwidth>=125264Kbps LinkDnBandwidth>=66956Kbps TransportInfo: <SSID: "JIO Wifi 5Ghz", BSSID: 5a:23:e0:80:e3:d9, MAC: ac:3e:b1:1e:2c:5c, IP: /192.168.31.62, Security type: 2, Supplicant state: COMPLETED, Wi-Fi standard: 11ax, RSSI: -45, Link speed: 1020Mbps, Tx Link speed: 1020Mbps, Max Supported Tx Link speed: 1200Mbps, Calculated Tx : 832Mbps, Rx Link speed: 1080Mbps, Max Supported Rx Link speed: 1200Mbps, Calculated Rx : 928Mbps, Frequency: 5785MHz, Net ID: 76, Metered hint: false, score: 100, isUsable: true, CarrierMerged: false, SubscriptionId: -1, IsPrimary: 1, Trusted: true, Restricted: false, Ephemeral: false, OEM paid: false, OEM private: false, OSU AP: false, FQDN: <none>, Provider friendly name: <none>, Requesting package name: <none>"JIO Wifi 5Ghz"wpa2-pskMLO Information: , Is TID-To-Link negotiation supported by the AP: false, AP MLD Address: <none>, AP MLO Link Id: <none>, AP MLO Affiliated links: <none>, Vendor Data: <none>> SignalStrength: -45 OwnerUid: 1000 AdminUids: [1000] SSID: "JIO Wifi 5Ghz" UnderlyingNetworks: Null]
05-17 19:20:14.644  2722  2763 D IwlanDataService: Network 120 connected using transport WIFI
05-17 19:20:14.644 14177 23260 I Dck     : [WirelessCapabilitiesFeatures] wccOverride: not set [CONTEXT service_id=289 ]
05-17 19:20:14.644 14177 23260 I Dck     : (REDACTED) [WirelessCapabilitiesFeatures] returned wcc: %s
05-17 19:20:14.644 14177 23260 I Dck     : Dck module condition - isDckModuleEligible: true [CONTEXT service_id=289 ]
05-17 19:20:14.645 14019 14059 I bt_shim_scanner: system/main/shim/le_scanning_manager.cc:215 ScanFilterAdd: in shim layer
05-17 19:20:14.646 14177 15092 I SystemUpdate: [Phone,PhoneModuleInitIntentOperation] Enabling the system update activity since the user is allowed to update.
05-17 19:20:14.648 14019 14059 I bt_shim_scanner: system/main/shim/le_scanning_manager.cc:182 ScanFilterParamSetup: in shim layer, clientIf=1
05-17 19:20:14.648 14019 14059 I bt_shim_scanner: system/main/shim/le_scanning_manager.cc:215 ScanFilterAdd: in shim layer
05-17 19:20:14.648 14019 14059 I bt_shim_scanner: system/main/shim/le_scanning_manager.cc:182 ScanFilterParamSetup: in shim layer, clientIf=1
05-17 19:20:14.648 14019 14059 I bt_shim_scanner: system/main/shim/le_scanning_manager.cc:150 Scan: in shim layer started
05-17 19:20:14.648 14019 14045 I bluetooth: system/gd/hci/le_scanning_manager_impl.cc:836 stop_scan: Scanning already stopped, return. caller=configure_scan
05-17 19:20:14.649  2722  2930 D IwlanNetworkService: onCapabilitiesChanged: 120
05-17 19:20:14.650 14177 15120 I PersonalSafety: ConnectivityProtectionLockingIntentOperation: cancelled task [CONTEXT service_id=310 ]
05-17 19:20:14.650  1621  1704 W ActivityManager: Rescheduling restart of crashed service com.google.android.googlequicksearchbox/org.chromium.content.app.SandboxedProcessService0:2 in 0ms for mem-pressure-event
05-17 19:20:14.651 20346 20599 D DeviceStateHelper: Wifi freq: 5785
05-17 19:20:14.651  2404  3545 W SHANNON_IMS: 0127 [CONN] NetworkSpecifier and TransportInfo are not valid (DefaultNetworkCallback%updateSubscriptionId:121)
05-17 19:20:14.651  2404  3545 I SHANNON_IMS: 0128 [CONN] network:120 WIFI connected, subId: -1 [SLID:0] (DefaultNetworkCallback%onCapabilitiesChanged:76)
05-17 19:20:14.651  2404  3641 W SHANNON_IMS: 0129 [CONN] NetworkSpecifier and TransportInfo are not valid (DefaultNetworkCallback%updateSubscriptionId:121)
05-17 19:20:14.651  2404  3641 I SHANNON_IMS: 0130 [CONN] network:120 WIFI connected, subId: -1 [SLID:1] (DefaultNetworkCallback%onCapabilitiesChanged:76)
05-17 19:20:14.653 20346 20686 I WifiSignalInfo: onCapabilitiesChanged: rssi:-45
05-17 19:20:14.654 14019 14045 I bluetooth: system/gd/hci/le_address_manager.cc:254 register_client: Client registered
05-17 19:20:14.654 14019 14059 I bt_shim_scanner: system/main/shim/le_scanning_manager.cc:150 Scan: in shim layer stopped
05-17 19:20:14.654 14019 14059 W BtScan.ScanRadioStats: recordScanRadioStop(caller=configureRegularScanParams): No scan radio to stop
05-17 19:20:14.654 14019 14059 I bt_shim_scanner: system/main/shim/le_scanning_manager.cc:315 SetScanParameters: in shim layer, scannerId1m=1, scannerIdCoded=0
05-17 19:20:14.654 14019 14059 I bt_shim_scanner: system/main/shim/le_scanning_manager.cc:150 Scan: in shim layer started
05-17 19:20:14.654 14019 14059 I bt_shim_scanner: system/main/shim/le_scanning_manager.cc:138 RegisterScanner: in shim layer, UUID=b023d4b6-0a21-4cc3-ba44-e62cbdc068ce
05-17 19:20:14.655  1621  1706 D ActivityManager: Delaying restart of ServiceRecord{3390d26 u0 com.google.android.googlequicksearchbox/org.chromium.content.app.SandboxedProcessService0:2 c:com.google.android.googlequicksearchbox} because all clients are frozen
05-17 19:20:14.656 14019 14045 I bluetooth: system/gd/hci/le_scanning_manager_impl.cc:836 stop_scan: Scanning already stopped, return. caller=configure_scan
05-17 19:20:14.656 14019 14045 I bluetooth: system/gd/hci/le_address_manager.cc:269 unregister_client: Client unregistered
05-17 19:20:14.656 14019 14045 I bluetooth: system/gd/hci/le_address_manager.cc:254 register_client: Client registered
05-17 19:20:14.660  1621  1970 D ConnectivityService: releasing NetworkRequest [ REQUEST id=55540, [ Capabilities: INTERNET&NOT_RESTRICTED&TRUSTED&NOT_VCN_MANAGED&NOT_BANDWIDTH_CONSTRAINED Uid: 10489 RequestorUid: 10489 RequestorPkg: com.instagram.android UnderlyingNetworks: Null] ] (release request)
05-17 19:20:14.660  1621  1970 D ConnectivityService: releasing NetworkRequest [ REQUEST id=55523, [ Capabilities: INTERNET&NOT_RESTRICTED&TRUSTED&NOT_VCN_MANAGED&NOT_BANDWIDTH_CONSTRAINED Uid: 10489 RequestorUid: 10489 RequestorPkg: com.instagram.android UnderlyingNetworks: Null] ] (release request)
05-17 19:20:14.660  1621  1970 D ConnectivityService: releasing NetworkRequest [ REQUEST id=55526, [ Capabilities: INTERNET&NOT_RESTRICTED&TRUSTED&NOT_VCN_MANAGED&NOT_BANDWIDTH_CONSTRAINED Uid: 10489 RequestorUid: 10489 RequestorPkg: com.instagram.android UnderlyingNetworks: Null] ] (release request)
05-17 19:20:14.660  1621  1970 D ConnectivityService: releasing NetworkRequest [ REQUEST id=55528, [ Capabilities: INTERNET&NOT_RESTRICTED&TRUSTED&NOT_VCN_MANAGED&NOT_BANDWIDTH_CONSTRAINED Uid: 10489 RequestorUid: 10489 RequestorPkg: com.instagram.android UnderlyingNetworks: Null] ] (release request)
05-17 19:20:14.660  1621  1970 D ConnectivityService: releasing NetworkRequest [ REQUEST id=55530, [ Capabilities: INTERNET&NOT_RESTRICTED&TRUSTED&NOT_VCN_MANAGED&NOT_BANDWIDTH_CONSTRAINED Uid: 10489 RequestorUid: 10489 RequestorPkg: com.instagram.android UnderlyingNetworks: Null] ] (release request)
05-17 19:20:14.661  1621  1970 D ConnectivityService: releasing NetworkRequest [ REQUEST id=55532, [ Capabilities: INTERNET&NOT_RESTRICTED&TRUSTED&NOT_VCN_MANAGED&NOT_BANDWIDTH_CONSTRAINED Uid: 10489 RequestorUid: 10489 RequestorPkg: com.instagram.android UnderlyingNetworks: Null] ] (release request)
05-17 19:20:14.661  1621  1970 D ConnectivityService: releasing NetworkRequest [ REQUEST id=55542, [ Capabilities: INTERNET&NOT_RESTRICTED&TRUSTED&NOT_VCN_MANAGED&NOT_BANDWIDTH_CONSTRAINED Uid: 10489 RequestorUid: 10489 RequestorPkg: com.instagram.android UnderlyingNetworks: Null] ] (release request)
05-17 19:20:14.663   929   959 I bthal.activity: LogActivities: BALANCED ScanMode
05-17 19:20:14.669 14019 14059 I bt_shim_scanner: system/main/shim/le_scanning_manager.cc:239 ScanFilterEnable: in shim layer
05-17 19:20:14.669 14019 14059 I bt_shim_scanner: system/main/shim/le_scanning_manager.cc:215 ScanFilterAdd: in shim layer
05-17 19:20:14.669 14019 14059 I bt_shim_scanner: system/main/shim/le_scanning_manager.cc:182 ScanFilterParamSetup: in shim layer, clientIf=2
05-17 19:20:14.669 14019 14059 I bt_shim_scanner: system/main/shim/le_scanning_manager.cc:215 ScanFilterAdd: in shim layer
05-17 19:20:14.669 14019 14059 I bt_shim_scanner: system/main/shim/le_scanning_manager.cc:182 ScanFilterParamSetup: in shim layer, clientIf=2
05-17 19:20:14.671   929   959 I bthal.activity: LogActivities: Enable LE Scanning, 0x2042
05-17 19:20:14.672   929  1120 I bthal.debug_central: Command Complete Event of LE_SET_EXTENDED_SCAN_ENABLE, opcode:2042
05-17 19:20:14.672   929  1120 I bthal.flowcontrol: HciEventPreProcess: HCI Event 0xe Opcode 0x2042 Length 6 unhandled by LeSetExtentedScanEnableEvent
05-17 19:20:14.673   932   973 D CHRE    : @ 436303.059: Parsed nanoapp message from host: app ID 0x476f6f676c00100b endpoint 0x28 msgType 112 payload size 14
05-17 19:20:14.673   932   973 I CHRE    : @ 436303.060: [NanoMinion] received MSG Type 0x70, Version 1, 10 bytes
05-17 19:20:14.673   932   973 I CHRE    : @ 436303.060: [AR] context-signal: has_bt=0, bt=0, has_wifi=1, wifi=1
05-17 19:20:14.673   929   959 I bthal.activity: LogActivities: Disable LE Scanning, 0x2042
05-17 19:20:14.673   896   896 I Zygote  : Process 11740 exited due to signal 9 (Killed)
05-17 19:20:14.674   929  1120 I bthal.debug_central: Command Complete Event of LE_SET_EXTENDED_SCAN_ENABLE, opcode:2042
05-17 19:20:14.674   929  1120 I bthal.flowcontrol: HciEventPreProcess: HCI Event 0xe Opcode 0x2042 Length 6 unhandled by LeSetExtentedScanEnableEvent
05-17 19:20:14.675 14177  7557 W Dck     : [DckEvents] No active account found in account PDS [CONTEXT service_id=289 ]
05-17 19:20:14.675   929   959 I bthal.activity: LogActivities: LOW_LATENCY ScanMode
05-17 19:20:14.676   929   959 I bthal.activity: LogActivities: Enable LE Scanning, 0x2042
05-17 19:20:14.677   929  1120 I bthal.debug_central: Command Complete Event of LE_SET_EXTENDED_SCAN_ENABLE, opcode:2042
05-17 19:20:14.677   929  1120 I bthal.flowcontrol: HciEventPreProcess: HCI Event 0xe Opcode 0x2042 Length 6 unhandled by LeSetExtentedScanEnableEvent
05-17 19:20:14.677  2368  3482 D SHANNON_RCS: 8067 [0][PROX][TELE] onCapabilitiesChanged, Network: 120, NetworkCapabilities: [ Transports: WIFI Capabilities: NOT_METERED&INTERNET&NOT_RESTRICTED&TRUSTED&NOT_VPN&VALIDATED&NOT_ROAMING&FOREGROUND&NOT_CONGESTED&NOT_SUSPENDED&NOT_VCN_MANAGED&NOT_BANDWIDTH_CONSTRAINED LinkUpBandwidth>=125264Kbps LinkDnBandwidth>=66956Kbps TransportInfo: <SSID: <unknown ssid>, BSSID: 02:00:00:00:00:00, MAC: 02:00:00:00:00:00, IP: /192.168.31.62, Security type: 2, Supplicant state: COMPLETED, Wi-Fi standard: 11ax, RSSI: -45, Link speed: 1020Mbps, Tx Link speed: 1020Mbps, Max Supported Tx Link speed: 1200Mbps, Calculated Tx : 832Mbps, Rx Link speed: 1080Mbps, Max Supported Rx Link speed: 1200Mbps, Calculated Rx : 928Mbps, Frequency: 5785MHz, Net ID: -1, Metered hint: false, score: 100, isUsable: true, CarrierMerged: false, SubscriptionId: -1, IsPrimary: -1, Trusted: true, Restricted: false, Ephemeral: false, OEM paid: false, OEM private: false, OSU AP: false, FQDN: <none>, Provider friendly name: <none>, Requesting package name: <none><none>MLO Information: , Is TID-To-Link negotiation supported by the AP: false, AP MLD Address: <none>, AP MLO Link Id: <none>, AP MLO Affiliated links: <none>, Vendor Data: <none>> SignalStrength: -45 UnderlyingNetworks: Null] (DefaultNetworkCallback%onCapabilitiesChanged:76)
05-17 19:20:14.678 15040 15040 V GraphicsEnvironment: Currently set values for:
05-17 19:20:14.678 15040 15040 V GraphicsEnvironment:   angle_gl_driver_selection_pkgs=[com.android.angle]
05-17 19:20:14.678 15040 15040 V GraphicsEnvironment:   angle_gl_driver_selection_values=[angle]
05-17 19:20:14.678 15040 15040 V GraphicsEnvironment: com.windscribe.vpn is not listed in per-application setting
05-17 19:20:14.678 15040 15040 V GraphicsEnvironment: No special selections for ANGLE, returning default driver choice
05-17 19:20:14.678  2368  3482 D SHANNON_RCS: 8068 [1][PROX][TELE] onCapabilitiesChanged, Network: 120, NetworkCapabilities: [ Transports: WIFI Capabilities: NOT_METERED&INTERNET&NOT_RESTRICTED&TRUSTED&NOT_VPN&VALIDATED&NOT_ROAMING&FOREGROUND&NOT_CONGESTED&NOT_SUSPENDED&NOT_VCN_MANAGED&NOT_BANDWIDTH_CONSTRAINED LinkUpBandwidth>=125264Kbps LinkDnBandwidth>=66956Kbps TransportInfo: <SSID: <unknown ssid>, BSSID: 02:00:00:00:00:00, MAC: 02:00:00:00:00:00, IP: /192.168.31.62, Security type: 2, Supplicant state: COMPLETED, Wi-Fi standard: 11ax, RSSI: -45, Link speed: 1020Mbps, Tx Link speed: 1020Mbps, Max Supported Tx Link speed: 1200Mbps, Calculated Tx : 832Mbps, Rx Link speed: 1080Mbps, Max Supported Rx Link speed: 1200Mbps, Calculated Rx : 928Mbps, Frequency: 5785MHz, Net ID: -1, Metered hint: false, score: 100, isUsable: true, CarrierMerged: false, SubscriptionId: -1, IsPrimary: -1, Trusted: true, Restricted: false, Ephemeral: false, OEM paid: false, OEM private: false, OSU AP: false, FQDN: <none>, Provider friendly name: <none>, Requesting package name: <none><none>MLO Information: , Is TID-To-Link negotiation supported by the AP: false, AP MLD Address: <none>, AP MLO Link Id: <none>, AP MLO Affiliated links: <none>, Vendor Data: <none>> SignalStrength: -45 UnderlyingNetworks: Null] (DefaultNetworkCallback%onCapabilitiesChanged:76)
05-17 19:20:14.679  1621  4771 I ActivityManager: Process yo.app.free (pid 11740) has died: cch  +85 CEM 
05-17 19:20:14.680  1621  1708 I libprocessgroup: Removed cgroup /sys/fs/cgroup/apps/uid_10283/pid_11740
05-17 19:20:14.680 14177 14177 D BoundBrokerSvc: onUnbind: Intent { act=com.google.android.gms.appset.service.START dat=chimera-action:/... xflg=0x4 cmp=com.google.android.gms/.chimera.GmsApiService }
05-17 19:20:14.680 14177  7558 W Dck     : [DckEvents] No active account found in account PDS [CONTEXT service_id=289 ]
05-17 19:20:14.681 15040 15040 V GraphicsEnvironment: Neither updatable production driver nor prerelease driver is supported.
05-17 19:20:14.686 10976 15094 I NearbyMediums: In ScanningCancellationFlag, service-id=NearbySharing has become the first scanner. The flag has been reset.
05-17 19:20:14.690 14177 14865 W Dck     : [DckEvents] No active account found in account PDS [CONTEXT service_id=289 ]
05-17 19:20:14.692   927  1685 D sound_trigger_hw: handle_put_data_tunnel: enter, is_voice_recognition = false
05-17 19:20:14.692   927  1685 D sound_trigger_platform: st_platform_stop_buffering: type: 1
05-17 19:20:14.693   927  1685 D audio_hw_patch: patch_release_audio_patch: patch handle 1499
05-17 19:20:14.694   896   896 I Zygote  : Process 12397 exited due to signal 9 (Killed)
05-17 19:20:14.695 14019 14059 I bt_shim_scanner: system/main/shim/le_scanning_manager.cc:138 RegisterScanner: in shim layer, UUID=d15008d3-2380-46c1-8e8c-e734be797506
05-17 19:20:14.696  1621  1657 I ActivityManager: Process com.reddit.frontpage (pid 12397) has died: cch  +75 CEM 
05-17 19:20:14.696 10976 15099 I NearbySharing: Failed to log test code 11, due to clearcutLogger is null.
05-17 19:20:14.697  1621  1708 I libprocessgroup: Removed cgroup /sys/fs/cgroup/apps/uid_10696/pid_12397
05-17 19:20:14.703 14019 14059 I bt_shim_scanner: system/main/shim/le_scanning_manager.cc:239 ScanFilterEnable: in shim layer
05-17 19:20:14.703 14019 14059 I bt_shim_scanner: system/main/shim/le_scanning_manager.cc:215 ScanFilterAdd: in shim layer
05-17 19:20:14.703 14019 14059 I bt_shim_scanner: system/main/shim/le_scanning_manager.cc:182 ScanFilterParamSetup: in shim layer, clientIf=3
05-17 19:20:14.703 14019 14059 I bt_shim_scanner: system/main/shim/le_scanning_manager.cc:215 ScanFilterAdd: in shim layer
05-17 19:20:14.703 14019 14059 I bt_shim_scanner: system/main/shim/le_scanning_manager.cc:182 ScanFilterParamSetup: in shim layer, clientIf=3
05-17 19:20:14.703 14019 14059 I bt_shim_scanner: system/main/shim/le_scanning_manager.cc:215 ScanFilterAdd: in shim layer
05-17 19:20:14.703 14019 14059 I bt_shim_scanner: system/main/shim/le_scanning_manager.cc:182 ScanFilterParamSetup: in shim layer, clientIf=3
05-17 19:20:14.707 10976 10976 D BoundBrokerSvc: onRebind: Intent { act=com.google.android.gms.common.telemetry.service.START dat=chimera-action:/... xflg=0x4 cmp=com.google.android.gms/.chimera.PersistentApiService }
05-17 19:20:14.710 10976 13146 I NearbySharing: Loading certificates with visibility ALL_CONTACTS
05-17 19:20:14.711  1621  2686 I PackageManager: getInstalledPackages: callingUid=10154 flags=134217728 updatedFlags=135004160 userId=0
05-17 19:20:14.711 10976 15094 I NearbyMediums: Started BLE scanning, service-id=NearbySharing, is-extended-advert=true, power-level=2, scan-mode=3
05-17 19:20:14.719 25111 25141 I BugleRcsEngine: Connected state: [1], networkType: [WIFI] [CONTEXT thread_id=713 ]
05-17 19:20:14.720  1621  1657 W ActivityManager: Foreground service started from background can not have location/camera/microphone access: service org.kustom.widget/.WidgetService
05-17 19:20:14.720  1621  1657 I ActivityManager: Background started FGS: Allowed [callingPackage: org.kustom.widget; callingUid: 10487; uidState: FGS ; uidBFSL: [BFSL]; BFGS denied: false; intent: Intent { cmp=org.kustom.widget/.WidgetService }; code:PROC_STATE_FGS; tempAllowListReason:<null>; allowWiu:-1; targetSdkVersion:36; callerTargetSdkVersion:36; startForegroundCount:0; bindFromPackage:null; isBindService:false]; startForegroundDelayMs:436270512
05-17 19:20:14.721 10976 10976 D WearableService: Creating wearable service asynchronously.
05-17 19:20:14.723 25111 25147 I BugleRcsEngine: handleMessage processing message:[NOTIFY_UPTIME_IGNORE_STATE_CHANGED] with [non-null]:RcsEngineImpl reference [CONTEXT log_prefix="RcsEngineImpl[DUAL_REG]:[cbf644fa-47ae]>Handler" thread_id=719 ]
05-17 19:20:14.726   494   494 I lowmemorykiller: Kill 'com.google.android.settings.intelligence' (13589), uid 10128, oom_score_adj 965 to free 67200kB rss, 22192kB anon rss, 34272kB swap, 0kB dmabuf_pss, 0kB dmabuf_rss; reason: low watermark is breached and swap is low (63176kB < 314572kB)
05-17 19:20:14.731  2213 15052 D NetworkMonitor/120: PROBE_HTTPS https://www.google.com/generate_204 time=358ms ret=204 request={Connection=[close], User-Agent=[Mozilla/5.0 (X11; Linux x86_64) AppleWebKit/537.36 (KHTML, like Gecko) Chrome/60.0.3112.32 Safari/537.36]} headers={null=[HTTP/1.1 204 No Content], Alt-Svc=[h3=":443"; ma=2592000,h3-29=":443"; ma=2592000], Connection=[close], Content-Length=[0], Cross-Origin-Resource-Policy=[cross-origin], Date=[Sun, 17 May 2026 13:50:13 GMT], X-Android-Received-Millis=[1779025814731], X-Android-Response-Source=[NETWORK 204], X-Android-Selected-Protocol=[http/1.1], X-Android-Sent-Millis=[1779025814627]}
05-17 19:20:14.733  2213 15051 D NetworkMonitor/120: isCaptivePortal: isSuccessful()=true isPortal()=false RedirectUrl=null isPartialConnectivity()=false Time=574ms
05-17 19:20:14.739 10976 13146 I NearbySharing: Saving the private certificate to file nearby_sharing_private_certificate_file_for_all_contacts.
05-17 19:20:14.743 10976 15094 I NearbyConnections: Listening to visibility changes for client 261921619
05-17 19:20:14.747 10976 10976 D BoundBrokerSvc: onRebind: Intent { act=com.google.android.gms.nearby.presence.service.START dat=chimera-action:/... xflg=0x4 cmp=com.google.android.gms/.chimera.PersistentApiServiceNoInstantApps }
05-17 19:20:14.748 10976 15099 I NearbyMediums: Matched service ID NearbySharing to GATT advertisement BleAdvertisement { version=2, socketVersion=2, isFast=false, serviceIdHash=[ 0xfc 0x9f 0x5e ], data=[ 0x23 0xfc 0x9f 0x5e 0x33 0x42 0x38 0x46 0x1d 0x06 0xc8 0x6e 0x90 0xef 0x0f 0xa3 0xe2 0xf6 0x40 0x55 0x3e 0x45 0x65 0x09 0xfd 0x3c 0x0b 0x41 0x73 0x68 0x77 0x69 0x6e 0x27 0x73 0x20 0x50 0x43 0xa0 0xb3 0x39 0xf2 0x17 0x77 0x00 0x00 ], deviceToken=[ 0x7c 0xb9 ], rxAdvertisement=null }.
05-17 19:20:14.750  1621  1657 D ActivityManager: sync unfroze 10464 com.google.android.apps.messaging for 7
05-17 19:20:14.756  1621  1970 W DnsManager: onPrivateDnsConfigChanged(120, PrivateDnsConfig{strict:dns.adguard-dns.com/[/2a10:50c0::ad1:ff, /2a10:50c0::ad2:ff, /94.140.14.14, /94.140.15.15], dohName=, dohIps=[], dohPath=, dohPort=-1})
05-17 19:20:14.757  2213 22214 D NetworkMonitor/120: Strict mode hostname resolution 10ms OK [/2a10:50c0::ad1:ff, /2a10:50c0::ad2:ff, /94.140.14.14, /94.140.15.15] for dns.adguard-dns.com
05-17 19:20:14.758  1621  4764 W ApplicationInfo: Large ApplicationInfo parcel: size=17880 package=com.google.android.GoogleCamera splits=45 sharedLibs=7 resDirs=2 overlayPaths=2
05-17 19:20:14.758  1621  4764 W ParceledListSlice: Element #506 is 17884 bytes.
05-17 19:20:14.758  1621  1970 D DnsManager: sendDnsConfigurationForNetwork(ResolverParamsParcel{netId: 120, sampleValiditySeconds: 1800, successThreshold: 25, minSamples: 8, maxSamples: 64, baseTimeoutMsec: 0, retryCount: 0, servers: [2409:40c4:153:71cf:da23:e0ff:fe80:e3d7, 192.168.31.1], domains: [lan], tlsName: dns.adguard-dns.com, tlsServers: [94.140.14.14, 94.140.15.15], tlsFingerprints: [], caCertificate: , tlsConnectTimeoutMs: 0, resolverOptions: null, transportTypes: [1], meteredNetwork: false, dohParams: null, interfaceNames: [wlan0]})
05-17 19:20:14.759 10976 15094 I NearbyConnections: Found BleAdvertisement [ 0x23 0xfc 0x9f 0x5e 0x33 0x42 0x38 0x46 0x1d 0x06 0xc8 0x6e 0x90 0xef 0x0f 0xa3 0xe2 0xf6 0x40 0x55 0x3e 0x45 0x65 0x09 0xfd 0x3c 0x0b 0x41 0x73 0x68 0x77 0x69 0x6e 0x27 0x73 0x20 0x50 0x43 0xa0 0xb3 0x39 0xf2 0x17 0x77 0x00 0x00 ] (with EndpointId 3B8F and EndpointInfo [ 0x06 0xc8 0x6e 0x90 0xef 0x0f 0xa3 0xe2 0xf6 0x40 0x55 0x3e 0x45 0x65 0x09 0xfd 0x3c 0x0b 0x41 0x73 0x68 0x77 0x69 0x6e 0x27 0x73 0x20 0x50 0x43 ])
05-17 19:20:14.760 10976 10996 I Wear_Controller: Wearable module requires a companion app to be installed.
05-17 19:20:14.760 10976 10996 I WearableService: onCreate: Wearable Services not starting. Wear is not available on this device.
05-17 19:20:14.763 10976 15094 I NearbyConnections: ClientProxy(261921619 0p:com.google.android.gms.nearby.sharing) reporting onEndpointFound(3B8F)
05-17 19:20:14.763 10976 15094 I NearbyConnections: ClientProxy(261921619) reporting onEndpointDistanceChanged(3B8F, UNKNOWN)
05-17 19:20:14.765 10976 26904 D WearableService: onGetService: waiting for onCreate to be completed.
05-17 19:20:14.769 10976 26904 W WearableService: onGetService: Wear is not available on this device. Calling package: com.google.android.gms
05-17 19:20:14.772 10976 15094 I NearbySharing: NearbySharing Internal event EndpointDiscovered(endpointId=3B8F)
05-17 19:20:14.776  4336  6041 I KWGTSCoreService: Enabling location updates LocationProviderRequest(priority=LOW_POWER, fastestInterval=60000, interval=600000, smallestDisplacement=100.0)
05-17 19:20:14.777   494   494 I lowmemorykiller: Kill 'com.snapchat.android' (11357), uid 10346, oom_score_adj 965 to free 77340kB rss, 36760kB anon rss, 85960kB swap, 0kB dmabuf_pss, 0kB dmabuf_rss; reason: low watermark is breached and swap is low (55600kB < 314572kB)
05-17 19:20:14.777   896   896 I Zygote  : Process 12409 exited due to signal 9 (Killed)
05-17 19:20:14.782  1621  1768 I ActivityManager: Process in.amazon.mShop.android.shopping (pid 12409) has died: cch  +75 CEM 
05-17 19:20:14.782  1621  1970 D ConnectivityService: releasing NetworkRequest [ REQUEST id=55711, [ Capabilities: INTERNET&NOT_RESTRICTED&TRUSTED&NOT_VCN_MANAGED&NOT_BANDWIDTH_CONSTRAINED Uid: 10255 RequestorUid: 10255 RequestorPkg: in.amazon.mShop.android.shopping UnderlyingNetworks: Null] ] (release request)
05-17 19:20:14.783  1621  1970 D ConnectivityService: releasing NetworkRequest [ REQUEST id=55713, [ Capabilities: INTERNET&NOT_RESTRICTED&TRUSTED&NOT_VCN_MANAGED&NOT_BANDWIDTH_CONSTRAINED Uid: 10255 RequestorUid: 10255 RequestorPkg: in.amazon.mShop.android.shopping UnderlyingNetworks: Null] ] (release request)
05-17 19:20:14.783  1621  1970 D ConnectivityService: releasing NetworkRequest [ REQUEST id=55717, [ Capabilities: INTERNET&NOT_RESTRICTED&TRUSTED&NOT_VCN_MANAGED&NOT_BANDWIDTH_CONSTRAINED Uid: 10255 RequestorUid: 10255 RequestorPkg: in.amazon.mShop.android.shopping UnderlyingNetworks: Null] ] (release request)
05-17 19:20:14.785 14177 21351 W GoogleApiManager: Not showing notification since connectionResult is not user-facing: krd{statusCode=API_UNAVAILABLE, resolution=null, message=null, clientMethodKey=null}
05-17 19:20:14.788  1621  1768 I ActivityManager: Process com.google.android.settings.intelligence (pid 13589) has died: cch  +65 CEM 
05-17 19:20:14.789   896   896 I Zygote  : Process 13589 exited due to signal 9 (Killed)
05-17 19:20:14.790  1621  4764 W ActivityManager: Receiver with filter android.content.IntentFilter@41471f6 already registered for pid 4336, callerPackage is org.kustom.widget
05-17 19:20:14.790  1621  4764 W ActivityManager: Skipping manifest association check for null package. SourceUid: -1, SourcePkg: null, TargetUid: 10487, TargetPkg: org.kustom.widget
05-17 19:20:14.791 14177 11262 W Dck     : [WearManager] failed to list wearables [CONTEXT service_id=289 ]
05-17 19:20:14.791 14177 11262 W Dck     : java.util.concurrent.ExecutionException: m20.kti: 17: API: Wearable.API is not available on this device. Connection failed with: krd{statusCode=API_UNAVAILABLE, resolution=null, message=null, clientMethodKey=null}
05-17 19:20:14.791 14177 11262 W Dck     : 	at m20.adso.f(:com.google.android.gms.optional_dck@261861041@26.18.61 (150400-0):28)
05-17 19:20:14.791 14177 11262 W Dck     : 	at m20.adso.d(:com.google.android.gms.optional_dck@261861041@26.18.61 (150400-0):39)
05-17 19:20:14.791 14177 11262 W Dck     : 	at m20.udv.b(:com.google.android.gms.optional_dck@261861041@26.18.61 (150400-0):13)
05-17 19:20:14.791 14177 11262 W Dck     : 	at m20.sbu.j(:com.google.android.gms.optional_dck@261861041@26.18.61 (150400-0):3)
05-17 19:20:14.791 14177 11262 W Dck     : 	at m20.sbu.i(:com.google.android.gms.optional_dck@261861041@26.18.61 (150400-0):2)
05-17 19:20:14.791 14177 11262 W Dck     : 	at m20.odh.j(:com.google.android.gms.optional_dck@261861041@26.18.61 (150400-0):145)
05-17 19:20:14.791 14177 11262 W Dck     : 	at m20.tnp.a(:com.google.android.gms.optional_dck@261861041@26.18.61 (150400-0):19)
05-17 19:20:14.791 14177 11262 W Dck     : 	at m20.tnc.g(:com.google.android.gms.optional_dck@261861041@26.18.61 (150400-0):10)
05-17 19:20:14.791 14177 11262 W Dck     : 	at m20.acel.k(:com.google.android.gms.optional_dck@261861041@26.18.61 (150400-0):1)
05-17 19:20:14.791 14177 11262 W Dck     : 	at m20.acet.run(:com.google.android.gms.optional_dck@261861041@26.18.61 (150400-0):88)
05-17 19:20:14.791 14177 11262 W Dck     : 	at m20.aldw.run(:com.google.android.gms.optional_dck@261861041@26.18.61 (150400-0):21)
05-17 19:20:14.791 14177 11262 W Dck     : 	at m20.lkm.c(:com.google.android.gms.optional_dck@261861041@26.18.61 (150400-0):50)
05-17 19:20:14.791 14177 11262 W Dck     : 	at m20.lkm.run(:com.google.android.gms.optional_dck@261861041@26.18.61 (150400-0):92)
05-17 19:20:14.791 14177 11262 W Dck     : 	at java.util.concurrent.ThreadPoolExecutor.runWorker(ThreadPoolExecutor.java:1100)
05-17 19:20:14.791 14177 11262 W Dck     : 	at java.util.concurrent.ThreadPoolExecutor$Worker.run(ThreadPoolExecutor.java:624)
05-17 19:20:14.791 14177 11262 W Dck     : 	at bkph.run(:com.google.android.gms@261861035@26.18.61 (260400-914183794):8)
05-17 19:20:14.791 14177 11262 W Dck     : 	at java.lang.Thread.run(Thread.java:1572)
05-17 19:20:14.791 14177 11262 W Dck     : Caused by: m20.kti: 17: API: Wearable.API is not available on this device. Connection failed with: krd{statusCode=API_UNAVAILABLE, resolution=null, message=null, clientMethodKey=null}
05-17 19:20:14.791 14177 11262 W Dck     : 	at m20.lam.a(:com.google.android.gms.optional_dck@261861041@26.18.61 (150400-0):13)
05-17 19:20:14.791 14177 11262 W Dck     : 	at m20.ldd.a(:com.google.android.gms.optional_dck@261861041@26.18.61 (150400-0):29)
05-17 19:20:14.791 14177 11262 W Dck     : 	at m20.kvm.run(:com.google.android.gms.optional_dck@261861041@26.18.61 (150400-0):7)
05-17 19:20:14.791 14177 11262 W Dck     : 	at m20.ljw.c(:com.google.android.gms.optional_dck@261861041@26.18.61 (150400-0):12)
05-17 19:20:14.791 14177 11262 W Dck     : 	at m20.kvo.a(:com.google.android.gms.optional_dck@261861041@26.18.61 (150400-0):12)
05-17 19:20:14.791 14177 11262 W Dck     : 	at com.google.android.gms.common.api.internal.BasePendingResult.p(:com.google.android.gms.optional_dck@261861041@26.18.61 (150400-0):72)
05-17 19:20:14.791 14177 11262 W Dck     : 	at com.google.android.gms.common.api.internal.BasePendingResult.n(:com.google.android.gms.optional_dck@261861041@26.18.61 (150400-0):35)
05-17 19:20:14.791 14177 11262 W Dck     : 	at m20.kvg.j(:com.google.android.gms.optional_dck@261861041@26.18.61 (150400-0):16)
05-17 19:20:14.791 14177 11262 W Dck     : 	at m20.kuv.e(:com.google.android.gms.optional_dck@261861041@26.18.61 (150400-0):3)
05-17 19:20:14.791 14177 11262 W Dck     : 	at m20.kwk.q(:com.google.android.gms.optional_dck@261861041@26.18.61 (150400-0):48)
05-17 19:20:14.791 14177 11262 W Dck     : 	at m20.kwk.d(:com.google.android.gms.optional_dck@261861041@26.18.61 (150400-0):10)
05-17 19:20:14.791 14177 11262 W Dck     : 	at m20.kwk.g(:com.google.android.gms.optional_dck@261861041@26.18.61 (150400-0):218)
05-17 19:20:14.791 14177 11262 W Dck     : 	at m20.kwk.onConnectionFailed(:com.google.android.gms.optional_dck@261861041@26.18.61 (150400-0):2)
05-17 19:20:14.791 14177 11262 W Dck     : 	at m20.lbw.a(:com.google.android.gms.optional_dck@261861041@26.18.61 (150400-0):3)
05-17 19:20:14.791 14177 11262 W Dck     : 	at m20.lav.a(:com.google.android.gms.optional_dck@261861041@26.18.61 (150400-0):7)
05-17 19:20:14.791 14177 11262 W Dck     : 	at m20.lao.c(:com.google.android.gms.optional_dck@261861041@26.18.61 (150400-0):77)
05-17 19:20:14.791 14177 11262 W Dck     : 	at m20.lap.handleMessage(:com.google.android.gms.optional_dck@261861041@26.18.61 (150400-0):266)
05-17 19:20:14.791 14177 11262 W Dck     : 	at android.os.Handler.dispatchMessageImpl(Handler.java:142)
05-17 19:20:14.791 14177 11262 W Dck     : 	at android.os.Handler.dispatchMessage(Handler.java:125)
05-17 19:20:14.791 14177 11262 W Dck     : 	at m20.acjb.b(:com.google.android.gms.optional_dck@261861041@26.18.61 (150400-0):1)
05-17 19:20:14.791 14177 11262 W Dck     : 	at m20.acjb.dispatchMessage(:com.google.android.gms.optional_dck@261861041@26.18.61 (150400-0):139)
05-17 19:20:14.791 14177 11262 W Dck     : 	at android.os.Looper.loopOnce(Looper.java:296)
05-17 19:20:14.791 14177 11262 W Dck     : 	at android.os.Looper.loop(Looper.java:397)
05-17 19:20:14.791 14177 11262 W Dck     : 	at android.os.HandlerThread.run(HandlerThread.java:139)
05-17 19:20:14.791 14177 11262 I Dck     : (REDACTED) [AllWearableKeysGetter] getAllWearableKeys(%s)
05-17 19:20:14.792  1621  1708 I libprocessgroup: Removed cgroup /sys/fs/cgroup/apps/uid_10255/pid_12409
05-17 19:20:14.792  1621  1708 I libprocessgroup: Removed cgroup /sys/fs/cgroup/apps/uid_10128/pid_13589
05-17 19:20:14.793  1621  4764 W ActivityManager: Receiver with filter android.content.IntentFilter@678d064 already registered for pid 4336, callerPackage is org.kustom.widget
05-17 19:20:14.794 14177 11262 I Dck     : (REDACTED) [AllWearableKeysGetter] transmitting results: %s
05-17 19:20:14.801 14177  7558 W Dck     : [DckEvents] No active account found in account PDS [CONTEXT service_id=289 ]
05-17 19:20:14.803 14177  7557 W Dck     : [DckEvents] No active account found in account PDS [CONTEXT service_id=289 ]
05-17 19:20:14.803  4336  5472 I KWGTSNetworkUpdateJob: Requesting network update, force false, location only false, text false, bitmap false
05-17 19:20:14.809 15040 15040 D CompatChangeReporter: Compat change id reported: 312399441; UID 10274; state: ENABLED
05-17 19:20:14.824  4336  5489 I KWGTSWeatherData: Weather update required: false last: 193m>150m [delta 193m>240m OR distance 0.0km>10.0km OR source OWM!=OWM OR lang:en!=en]
05-17 19:20:14.824  4336  5489 I KWGTSAqData: Air quality update required: false, last: 4488m>15m [delta 4488m>10080m OR distance 0.11525948981087218>100.0km OR lang en!=en]
05-17 19:20:14.830  1621  2006 D AppWidgetServiceImpl: Trying to notify widget update for package org.kustom.widget with widget id: 880
05-17 19:20:14.835 10560 10560 D ShortcutAndWidgetContainer: appWidgetScale - [x,y]: [1.0,1.0]
05-17 19:20:14.835 10560 10560 D NavigableAppWidgetHostView: updateScale - [fitScale,bounceScale]: [1.0,1.0]
05-17 19:20:14.835 10560 10560 D ShortcutAndWidgetContainer: appWidgetScale - [x,y]: [1.0,1.0]
05-17 19:20:14.835 10560 10560 D NavigableAppWidgetHostView: updateScale - [fitScale,bounceScale]: [1.0,1.0]
05-17 19:20:14.835 10560 10560 D ShortcutAndWidgetContainer: appWidgetScale - [x,y]: [1.0,1.0]
05-17 19:20:14.835 10560 10560 D NavigableAppWidgetHostView: updateScale - [fitScale,bounceScale]: [1.0,1.0]
05-17 19:20:14.851  1621  1970 D ConnectivityService: releasing NetworkRequest [ REQUEST id=55747, [ Capabilities: INTERNET&NOT_RESTRICTED&TRUSTED&NOT_VCN_MANAGED&NOT_BANDWIDTH_CONSTRAINED Uid: 10346 RequestorUid: 10346 RequestorPkg: com.snapchat.android UnderlyingNetworks: Null] ] (release request)
05-17 19:20:14.851   896   896 I Zygote  : Process 11357 exited due to signal 9 (Killed)
05-17 19:20:14.851  1621  1970 D ConnectivityService: releasing NetworkRequest [ REQUEST id=55650, [ Capabilities: INTERNET&NOT_RESTRICTED&TRUSTED&NOT_VCN_MANAGED&NOT_BANDWIDTH_CONSTRAINED Uid: 10346 RequestorUid: 10346 RequestorPkg: com.snapchat.android UnderlyingNetworks: Null] ] (release request)
05-17 19:20:14.852  1621  4764 I ActivityManager: Process com.snapchat.android (pid 11357) has died: cch  +65 CEM 
05-17 19:20:14.858 25111 25147 I BugleRcsEngine: Rcs is enabled from user settings: true [CONTEXT log_prefix="ProvisioningEngineDataRetriever" thread_id=719 ]
05-17 19:20:14.859  1621  1708 I libprocessgroup: Removed cgroup /sys/fs/cgroup/apps/uid_10346/pid_11357
05-17 19:20:14.861  4188  4309 I .x.android.lite: Waiting for a blocking GC ProfileSaver
05-17 19:20:14.863  4188  4362 I TRuntime.CctTransportBackend: Making request to: https://firebaselogging-pa.googleapis.com/v1/firelog/legacy/batchlog
05-17 19:20:14.922  1621  2006 D AppWidgetServiceImpl: Trying to notify widget update for package org.kustom.widget with widget id: 876
05-17 19:20:14.926 15040 15040 I MultiDex: VM with version 2.1.0 has multidex support
05-17 19:20:14.926 15040 15040 I MultiDex: Installing application
05-17 19:20:14.926 15040 15040 I MultiDex: VM has multidex support, MultiDex support library is disabled.
05-17 19:20:14.928 10976 13146 I NearbySharing: Network state changed: NetworkState(isRestricted=false, isOnline=true, isCongested=false, isMetered=false, isWifiConnected=true)
05-17 19:20:14.930 15040 15040 W FirebaseApp: Default FirebaseApp failed to initialize because no default options were found. This usually means that com.google.gms:google-services was not applied to your gradle project.
05-17 19:20:14.931 15040 15040 I FirebaseInitProvider: FirebaseApp initialization unsuccessful
05-17 19:20:14.935 10560 10560 D ShortcutAndWidgetContainer: appWidgetScale - [x,y]: [1.0,1.0]
05-17 19:20:14.935 10560 10560 D NavigableAppWidgetHostView: updateScale - [fitScale,bounceScale]: [1.0,1.0]
05-17 19:20:14.935 10560 10560 D ShortcutAndWidgetContainer: appWidgetScale - [x,y]: [1.0,1.0]
05-17 19:20:14.935 10560 10560 D NavigableAppWidgetHostView: updateScale - [fitScale,bounceScale]: [1.0,1.0]
05-17 19:20:14.935 10976 13146 I NearbySharing: Network state changed: NetworkState(isRestricted=false, isOnline=true, isCongested=false, isMetered=false, isWifiConnected=true)
05-17 19:20:14.938 15040 15040 D WM-WrkMgrInitializer: Initializing WorkManager with default configuration.
05-17 19:20:14.939 10976 10993 I NearbyConnections: ClientProxy(0p:com.google.android.gms.nearby.sharing) allow WebRtc to use mobile data.
05-17 19:20:14.939 10976 10993 I NearbyConnections: Client 261921619 requested to update advertising options.
05-17 19:20:14.940 15040 15040 E .windscribe.vpn: hiddenapi: Accessing hidden field Ljava/util/Collections$SynchronizedCollection;->mutex:Ljava/lang/Object; (runtime_flags=0, domain=core-platform, api=max-target-o) from Lj$/util/DesugarCollections; (domain=app, TargetSdkVersion=35) using reflection: denied
05-17 19:20:14.940 10976 15099 I Nearby  : (REDACTED) Note nearby client %s for operation %s
05-17 19:20:14.940 15040 15040 E .windscribe.vpn: hiddenapi: Accessing hidden method Ljava/util/Collections$SynchronizedSet;-><init>(Ljava/util/Set;Ljava/lang/Object;)V (runtime_flags=0, domain=core-platform, api=max-target-o) from Lj$/util/DesugarCollections; (domain=app, TargetSdkVersion=35) using reflection: denied
05-17 19:20:14.940 15040 15040 E .windscribe.vpn: hiddenapi: Accessing hidden method Ljava/util/Collections$SynchronizedCollection;-><init>(Ljava/util/Collection;Ljava/lang/Object;)V (runtime_flags=0, domain=core-platform, api=max-target-o) from Lj$/util/DesugarCollections; (domain=app, TargetSdkVersion=35) using reflection: denied
05-17 19:20:14.941  1621  2006 D AppWidgetServiceImpl: Trying to notify widget update for package org.kustom.widget with widget id: 877
05-17 19:20:14.943 10976 15099 I NearbyConnections: [InstantConnectionPcpMgr] In invalidateTxAdvertisementScanning(by pre_updateAdvertising) tx advertisement scanning skipped or stopped for endpointId: serviceId:NearbySharing isScreenUnlocked:true isAdvertising:true powerLevel:LOW isTxScanning:false
05-17 19:20:14.943 10976 15099 I NearbyConnections: [PcpManager] In updateAdvertisingOptions() advertisingMediums:[WIFI_DIRECT, WIFI_HOTSPOT, WIFI_AWARE, WIFI_LAN, BLE] upgradeMediums:[USB, WIFI_LAN, WIFI_DIRECT, WIFI_AWARE, WIFI_HOTSPOT, WEB_RTC, BLE_L2CAP, BLUETOOTH, BLE, NFC] requireRegisterWifiStatusChangedCallback:true
05-17 19:20:14.944 15040 15040 D WM-PackageManagerHelper: Skipping component enablement for androidx.work.impl.background.systemjob.SystemJobService
05-17 19:20:14.944 15040 15040 D WM-Schedulers: Created SystemJobScheduler and enabled SystemJobService
05-17 19:20:14.945 15040 15147 D WM-ForceStopRunnable: The default process name was not specified.
05-17 19:20:14.946 15040 15147 D WM-ForceStopRunnable: Performing cleanup operations.
05-17 19:20:14.951 10560 10560 D ShortcutAndWidgetContainer: appWidgetScale - [x,y]: [1.0,1.0]
05-17 19:20:14.951 10560 10560 D NavigableAppWidgetHostView: updateScale - [fitScale,bounceScale]: [1.0,1.0]
05-17 19:20:14.951 10560 10560 D ShortcutAndWidgetContainer: appWidgetScale - [x,y]: [1.0,1.0]
05-17 19:20:14.951 10560 10560 D NavigableAppWidgetHostView: updateScale - [fitScale,bounceScale]: [1.0,1.0]
05-17 19:20:14.955  1621  2006 D AppWidgetServiceImpl: Trying to notify widget update for package org.kustom.widget with widget id: 879
05-17 19:20:14.961 10976 13375 I NearbySharing: [NS_DISCOVERY] DiscoveryController reported Discovered(endpointId=3B8F, metadata=DeviceMetadata(version=0, deviceType=3, deviceName=Ashwin's PC, displayName=Ashwin Soni, modelName=, imageUri=content://com.google.android.gms.fileprovider/nearby_share_images/-432472265.jpg, isSelfShare=true, isKnown=true, bluetoothMacAddress=[-96, -77, 57, -14, 23, 119], vendorId=0, matchesLocalQrCode=false))
05-17 19:20:14.963 10976 13375 I NearbySharing: NearbySharing Internal event ReceiverEndpointMapping(endpointId=3B8F, receiverId=17)
05-17 19:20:14.972 10976 15094 I NearbySharing: [NS_CONTROL] DiscoveryStateManager emitted ReportDiscovered(id=17, metadata=DeviceMetadata(version=0, deviceType=3, deviceName=Ashwin's PC, displayName=Ashwin Soni, modelName=, imageUri=content://com.google.android.gms.fileprovider/nearby_share_images/-432472265.jpg, isSelfShare=true, isKnown=true, bluetoothMacAddress=[-96, -77, 57, -14, 23, 119], vendorId=0, matchesLocalQrCode=false)).
05-17 19:20:14.972 10976 15094 I NearbySharing: NearbySharing Internal event ReceiverDiscovered(receiverId=17, deviceName=Ashwin's PC, isKnown=true, isSelfShare=true, deviceType=3, hasMatchingQrCode=false, isExternal=false, providerName=null, providerId=null, cloudReceiverSessionId=null, cloudSharingId=null)
05-17 19:20:14.972 10976 13372 I NearbySharing: SendProvider: SendManager event Discovered(receiverId=17, receiverMetadata=DeviceMetadata(version=0, deviceType=3, deviceName=Ashwin's PC, displayName=Ashwin Soni, modelName=, imageUri=content://com.google.android.gms.fileprovider/nearby_share_images/-432472265.jpg, isSelfShare=true, isKnown=true, bluetoothMacAddress=[-96, -77, 57, -14, 23, 119], vendorId=0, matchesLocalQrCode=false))
05-17 19:20:14.972 10976 13372 I NearbySharing: SendProvider: SendManager event DistanceChanged(receiverId=17, distance=1, rangingData=null)
05-17 19:20:14.972 10976 15098 I NearbySharing: ShareTargetDiscoveredCallback: onShareTargetDiscovered()
05-17 19:20:14.973 10976 15098 I NearbySharing: ShareTargetDiscoveredCallback: onShareTargetDistanceChanged() with distance: 1, rangingData: null
05-17 19:20:14.981 15040 15149 D CompatChangeReporter: Compat change id reported: 270674727; UID 10274; state: ENABLED
05-17 19:20:14.982 15040 15149 I vpn     : {"tm":"2026-05-17 19:20:14.981","lvl":"info","mod":"vpn","msg":"[DeviceInfo]
05-17 19:20:14.982 15040 15149 I vpn     : -------------
05-17 19:20:14.982 15040 15149 I vpn     : [API]: 37
05-17 19:20:14.982 15040 15149 I vpn     : [Brand]: google
05-17 19:20:14.982 15040 15149 I vpn     : [Device]: bluejay
05-17 19:20:14.982 15040 15149 I vpn     : [Model]: Pixel 6a
05-17 19:20:14.982 15040 15149 I vpn     : [Manufacturer]: Google
05-17 19:20:14.982 15040 15149 I vpn     : [Release]: 17
05-17 19:20:14.982 15040 15149 I vpn     : [App Release Version]: 2208
05-17 19:20:14.982 15040 15149 I vpn     : [Start of log]:
05-17 19:20:14.982 15040 15149 I vpn     : ------------------------------------------------------
05-17 19:20:14.982 15040 15149 I vpn     : "}
05-17 19:20:14.982 15040 15149 I vpn     : {"tm":"2026-05-17 19:20:14.982","lvl":"info","mod":"vpn","msg":"VPN state initialized with Disconnected"}
05-17 19:20:14.986 15040 15149 I vpn     : {"tm":"2026-05-17 19:20:14.985","lvl":"info","mod":"vpn","msg":"Preferred:  Manual: "}
