05-17 16:28:39.486 21491 25824 I MultilangConditionManagerImpl: MultilangConditionManagerImpl.isAutomaticSwitchingEnabled():77 Automatic switching disabled because Gboard setting is not shown [SD]
05-17 16:28:39.486 21491 25824 I MultilangConditionManagerImpl: MultilangConditionManagerImpl.isAutomaticSwitchingEnabled():92 Automatic switching disabled because there aren't enough supported keyboard languages [SD]
05-17 16:28:39.486 21491 25824 I DictationClient: DictationClient$1.onNext():152 Handshake done; eligibility: 1 locale_config_eligibility: {en-US=1, hi-Latn-IN=28, hi-IN=28, ja-JP=1} [SDG]
05-17 16:28:39.487 21491 25814 I KeyboardEligibilityNotifier: KeyboardEligibilityNotifier.notifyEligibility():76 Keyboard notified that eligibility=ELIGIBLE [SD]
05-17 16:28:39.487 21491 25824 I DictationClient: DictationClient$1.onCompleted():177 Handshake completed. [SDG]
05-17 16:28:39.487 21491 25823 I KeyboardUiManagerImpl: KeyboardUiManagerImpl.onKeyboardShown():156 #onKeyboardShown scheduled [SD]
05-17 16:28:39.487 21491 25825 I KeyboardUiManagerImpl: KeyboardUiManagerImpl.onKeyboardShown():159 #onKeyboardShown [SD]
05-17 16:28:39.488 21491 25822 I SpeechEnhancementLogger: SpeechEnhancementLogger.logAtInfo():24 Speech enhancement is disabled because device model is not supported [SD]
05-17 16:28:39.488 21491 25804 I PackageStatusChecker: PackageStatusChecker.isPackageSuspended():24 Current package suspended=false [SD]
05-17 16:28:39.490 21491 25814 I MultilangConditionManagerImpl: MultilangConditionManagerImpl.isAutomaticSwitchingEnabled():77 Automatic switching disabled because Gboard setting is not shown [SD]
05-17 16:28:39.490 21491 25814 I MultilangConditionManagerImpl: MultilangConditionManagerImpl.isAutomaticSwitchingEnabled():92 Automatic switching disabled because there aren't enough supported keyboard languages [SD]
05-17 16:28:39.490 21491 25814 I AsrProviderChoice: AsrProviderChoice.setChosenProvider():83 Setting chosen ASR provider to: 6 [SD]
05-17 16:28:39.490 21491 25814 I EligibilityChecker: EligibilityChecker.triggerProactiveLanguagePackUpdate():475 Never attempted LP download before, triggering download for potential updates [SD]
05-17 16:28:39.490 21491 25814 I EligibilityChecker: EligibilityChecker.getDictationConfigEligibilityForLocale():310 Dictation is enabled. workprofile=false [SD]
05-17 16:28:39.490 21491 25812 I LanguageDownloadQueue: LanguageDownloadQueue.performLanguageDownload():81 Starting language download job for en-US [SD]
05-17 16:28:39.490 21491 25814 I EligibilityChecker: EligibilityChecker.checkLocaleEligibility():456 Dictation is not enabled for unsupported keyboard locale: hi_IN_#Latn; supported locales: es_ES,en_SG,en_AU,ja_JP,fr_BE,fr_CA,de_CH,de_BE,it_CH,de_DE,en_IN,es_US,it_IT,en_IE,fr_FR,en_US,en_CA,de_AT,fr_CH,en_GB. workprofile=false [SD]
05-17 16:28:39.490 21491 25814 I AsrProviderSelector: AsrProviderSelector.selectProvider():28 SBG path failed. Reason: 28. Trying S3 path. [SD]
05-17 16:28:39.490 21491 25812 I LanguageDownloadQueue: LanguageDownloadQueue.performLanguageDownload():101 Skip download for en-US due to another recent attempt [SD]
05-17 16:28:39.490 21491 25814 I EligibilityChecker: EligibilityChecker.checkLocaleEligibility():456 Dictation is not enabled for unsupported keyboard locale: hi_IN; supported locales: es_ES,en_SG,en_AU,ja_JP,fr_BE,fr_CA,de_CH,de_BE,it_CH,de_DE,en_IN,es_US,it_IT,en_IE,fr_FR,en_US,en_CA,de_AT,fr_CH,en_GB. workprofile=false [SD]
05-17 16:28:39.490 21491 25814 I AsrProviderSelector: AsrProviderSelector.selectProvider():28 SBG path failed. Reason: 28. Trying S3 path. [SD]
05-17 16:28:39.491 21491 25824 I MultilangConditionManagerImpl: MultilangConditionManagerImpl.isAutomaticSwitchingEnabled():77 Automatic switching disabled because Gboard setting is not shown [SD]
05-17 16:28:39.491 21491 25824 I MultilangConditionManagerImpl: MultilangConditionManagerImpl.isAutomaticSwitchingEnabled():92 Automatic switching disabled because there aren't enough supported keyboard languages [SD]
05-17 16:28:39.491 21491 25824 I EligibilityChecker: EligibilityChecker.triggerProactiveLanguagePackUpdate():475 Never attempted LP download before, triggering download for potential updates [SD]
05-17 16:28:39.491 21491 25824 I EligibilityChecker: EligibilityChecker.getDictationConfigEligibilityForLocale():310 Dictation is enabled. workprofile=false [SD]
05-17 16:28:39.492 21491 25824 I MultilangConditionManagerImpl: MultilangConditionManagerImpl.isAutomaticSwitchingEnabled():77 Automatic switching disabled because Gboard setting is not shown [SD]
05-17 16:28:39.492 21491 25824 I MultilangConditionManagerImpl: MultilangConditionManagerImpl.isAutomaticSwitchingEnabled():92 Automatic switching disabled because there aren't enough supported keyboard languages [SD]
05-17 16:28:39.492 21491 25810 I LanguageDownloadQueue: LanguageDownloadQueue.performLanguageDownload():81 Starting language download job for ja-JP [SD]
05-17 16:28:39.492 21491 21491 I NgaStateManager: NgaStateManager.setConnected():161 Connected false -> true [SDG]
05-17 16:28:39.492 21491 21491 I NgaStateManager: NgaStateManager.setAssistantDictationEligibility():188 AssistantDictationEligibility = 1 [SDG]
05-17 16:28:39.493 21491 21491 I NgaStateManager: NgaStateManager.buildConfigEligibilityPerLanguageTag():306 AssistantDictationEligibility(config, en-US) = 1 [SDG]
05-17 16:28:39.493 21491 21491 I NgaStateManager: NgaStateManager.buildConfigEligibilityPerLanguageTag():306 AssistantDictationEligibility(config, hi-Latn-IN) = 28 [SDG]
05-17 16:28:39.493 21491 21491 I NgaStateManager: NgaStateManager.buildConfigEligibilityPerLanguageTag():306 AssistantDictationEligibility(config, hi-IN) = 28 [SDG]
05-17 16:28:39.493 21491 21491 I NgaStateManager: NgaStateManager.buildConfigEligibilityPerLanguageTag():306 AssistantDictationEligibility(config, ja-JP) = 1 [SDG]
05-17 16:28:39.493 21491 21491 I NgaStateManager: NgaStateManager.setAssistantDictationEligibility():197 AssistantDictationEligibility(inputField) = 1 [SDG]
05-17 16:28:39.493 21491 21491 I NgaInputHandlerFactory: NgaInputHandlerFactory.restorePrimary():138 restoring primary [SDG]
05-17 16:28:39.493 21491 21491 I NgaVoiceInputHandlerSwitcher: NgaVoiceInputHandlerSwitcher.restorePrimary():240 not switching to primary. fallback is null [SDG]
05-17 16:28:39.493 21491 25810 I LanguageDownloadQueue: LanguageDownloadQueue.performLanguageDownload():101 Skip download for ja-JP due to another recent attempt [SD]
05-17 16:28:39.493 21491 21491 I NgaStateManager: NgaStateManager.setAssistantDictationEligibility():188 AssistantDictationEligibility = 1 [SDG]
05-17 16:28:39.493 21491 21491 I NgaStateManager: NgaStateManager.buildConfigEligibilityPerLanguageTag():306 AssistantDictationEligibility(config, en-US) = 1 [SDG]
05-17 16:28:39.493 21491 21491 I NgaStateManager: NgaStateManager.buildConfigEligibilityPerLanguageTag():306 AssistantDictationEligibility(config, hi-Latn-IN) = 28 [SDG]
05-17 16:28:39.493 21491 21491 I NgaStateManager: NgaStateManager.buildConfigEligibilityPerLanguageTag():306 AssistantDictationEligibility(config, hi-IN) = 28 [SDG]
05-17 16:28:39.493 21491 21491 I NgaStateManager: NgaStateManager.buildConfigEligibilityPerLanguageTag():306 AssistantDictationEligibility(config, ja-JP) = 1 [SDG]
05-17 16:28:39.493 21491 21491 I NgaStateManager: NgaStateManager.setAssistantDictationEligibility():197 AssistantDictationEligibility(inputField) = 1 [SDG]
05-17 16:28:39.493 21491 21491 I NgaInputHandlerFactory: NgaInputHandlerFactory.restorePrimary():138 restoring primary [SDG]
05-17 16:28:39.493 21491 21491 I NgaVoiceInputHandlerSwitcher: NgaVoiceInputHandlerSwitcher.restorePrimary():240 not switching to primary. fallback is null [SDG]
05-17 16:28:39.493 21491 21491 I NgaExtension: NgaExtension.onDictatingStateChanged():921 Dictating state changed: dictating=false, status=0 [SDG]
05-17 16:28:39.493 21491 21491 I HardKeyTracker: HardKeyTracker.unregisterKeySequence():259 Unregister key sequence aduc{labelResId=2132020513, callback=wim@e809408, lastModifier=2, keyCodes=[32], actions=[0]}
05-17 16:28:39.493 21491 21491 I HardKeyTracker: HardKeyTracker.unregisterKeySequence():259 Unregister key sequence aduc{labelResId=2132020513, callback=wim@9a7a1, lastModifier=0, keyCodes=[319], actions=[0]}
05-17 16:28:39.493 21491 21491 I HardKeyTracker: HardKeyTracker.registerKeySequence():201 Register key sequence aduc{labelResId=2132020513, callback=wim@246ce1b, lastModifier=2, keyCodes=[32], actions=[0]}
05-17 16:28:39.493 21491 21491 I HardKeyTracker: HardKeyTracker.registerKeySequence():201 Register key sequence aduc{labelResId=2132020513, callback=wim@ed42bb8, lastModifier=0, keyCodes=[319], actions=[0]}
05-17 16:28:39.493 21491 21491 I HardKeyTracker: HardKeyTracker.unregisterKeySequence():259 Unregister key sequence aduc{labelResId=2132020513, callback=wim@62e4a7f, lastModifier=2, keyCodes=[32], actions=[0]}
05-17 16:28:39.493 21491 21491 I HardKeyTracker: HardKeyTracker.unregisterKeySequence():259 Unregister key sequence aduc{labelResId=2132020513, callback=wim@9a29a4c, lastModifier=0, keyCodes=[319], actions=[0]}
05-17 16:28:39.494 21491 21491 I HardKeyTracker: HardKeyTracker.registerKeySequence():201 Register key sequence aduc{labelResId=2132020513, callback=wim@df8dd91, lastModifier=2, keyCodes=[32], actions=[0]}
05-17 16:28:39.494 21491 21491 I HardKeyTracker: HardKeyTracker.registerKeySequence():201 Register key sequence aduc{labelResId=2132020513, callback=wim@59eb4f6, lastModifier=0, keyCodes=[319], actions=[0]}
05-17 16:28:39.580  1621  1973 I MdnsReplySender: Sending {MdnsReplyInfo: /192.168.31.153:5353 to /224.0.0.251:5353, answers: 1, additionalAnswers: 4, knownAnswers: 0, sendDelayMs 0}
05-17 16:28:39.622  2271  2465 D ImpulseConnection: timeout didn't happen: com.google.android.apps.turbo
05-17 16:28:39.643  1745  1745 I pixel-thermal: VIRTUAL-SKIN:38.7675 raw data: VIRTUAL-NEUTRAL:38767.4 VIRTUAL-NEUTRAL-SKIN2:38666.3 VIRTUAL-QUIET-NEUTRAL:37791.3 VIRTUAL-SKIN:38767.4 disp_therm:37293 gnss_tcxo_therm:39096 neutral_therm:38072 quiet_therm:37671 skin_therm1:39429 skin_therm2:40053 
05-17 16:28:39.644  2271  2463 D ImpulseStateSource: Notify clients: 32839
05-17 16:28:39.646 21047 21047 I ImeTracker: com.whatsapp:1e5c0011: onShown
05-17 16:28:39.658 21047 21047 D VRI[Conversation]: WindowInsets changed: ime:[0,0,0,1017] 
05-17 16:28:40.814 10976 25757 I NearbyMediums: Found BLE GATT Advertisements :
05-17 16:28:40.814 10976 25757 I NearbyMediums: BleAdvertisement { version=2, socketVersion=2, isFast=false, serviceIdHash=[ 0xfc 0x9f 0x5e ], data=[ 0x23 0xfc 0x9f 0x5e 0x33 0x42 0x38 0x46 0x1d 0x06 0x87 0x5a 0x1d 0x02 0xcc 0xb8 0xfa 0xef 0xec 0xdb 0x67 0x69 0x56 0xb4 0xc2 0x09 0x0b 0x41 0x73 0x68 0x77 0x69 0x6e 0x27 0x73 0x20 0x50 0x43 0xa0 0xb3 0x39 0xf2 0x17 0x77 0x00 0x00 ], deviceToken=[ 0xee 0x40 ], rxAdvertisement=null } : 19 times.
05-17 16:28:40.814 10976 25757 I NearbyMediums: Total 19 GATT advertisements from 1 unique advertisers.
05-17 16:28:40.814 10976 25757 I NearbyMediums: Current Tracked Scanning Clients are : {NearbyConnections.EnvironmentMonitor, NearbySharing, NearbyConnections.TxAdvertisement}
05-17 16:28:41.065  1135  1157 I WPKTRT  : process_address_event: 2409:40c4:153:71cf:738:6125:910e:cdb8 added to wlan0
05-17 16:28:41.065  1135  1157 I WPKTRT  : process_address_event: 2409:40c4:153:71cf:9da8:cae7:d6c5:aae2 added to wlan0
05-17 16:28:41.065  2213  2772 D IpClient/wlan0: addressUpdated: 2409:40c4:153:71cf:738:6125:910e:cdb8/64 on ifindex 47 flags 0x00000900 scope 0
05-17 16:28:41.065  2213  2772 D IpClient/wlan0: addressUpdated: 2409:40c4:153:71cf:9da8:cae7:d6c5:aae2/64 on ifindex 47 flags 0x00000001 scope 0
05-17 16:28:41.065  2213  2772 W AlarmManager: Unrecognized alarm listener com.android.networkstack.android.net.ip.IpClientLinkObserver$Dhcp6PdPreferredPrefixAlarmListener@b77b132
05-17 16:28:41.067  2213  2772 D ApfFilter: (wlan0): Adding RA fe80::da23:e0ff:fe80:e3d7 -> ff02::1 180s 2409:40c4:153:71cf::/64 14716s/14716s DNS 180s 2409:40c4:153:71cf:da23:e0ff:fe80:e3d7 
05-17 16:28:41.070   978   978 E WifiHAL : Setting APF program, halHandle = 0xb400006ff85cb850
05-17 16:28:41.070   978   978 E WifiHAL : Set apf filter for iface = wlan0
05-17 16:28:41.070   978   978 I WifiHAL : createRequest: APF set program request
05-17 16:28:41.071   978   978 I WifiHAL : mProgramLen : 582
05-17 16:28:41.207  1209  1209 D AOC     : A3:MSG: usf_sensor.cc, 1573: USF: Received start sampling request for LSM6DSR Accelerometer (active:6).
05-17 16:28:41.211   932   973 I CHRE    : @ 426009.593: [AR] ON => IDLE
05-17 16:28:41.326 10560 10560 D OtherActivityInputConsumer: ACTION_DOWN: mIsDeferredDownTarget=true
05-17 16:28:41.393  1562 26853 D Vibrator: waitForComplete: Vibrator is already off
05-17 16:28:41.598 21047 21051 I com.whatsapp: NativeAlloc concurrent mark compact GC freed 28MB AllocSpace bytes, 125(7592KB) LOS objects, 92% free, 20MB/256MB, paused 444us,1.192ms total 104.856ms
05-17 16:28:41.744  1745  1764 I pixel-thermal: VIRTUAL-SKIN:38.7675 raw data: VIRTUAL-NEUTRAL:38767.4 VIRTUAL-NEUTRAL-SKIN2:38666.3 VIRTUAL-QUIET-NEUTRAL:37791.3 VIRTUAL-SKIN:38767.4 disp_therm:37293 gnss_tcxo_therm:39096 neutral_therm:38072 quiet_therm:37671 skin_therm1:39429 skin_therm2:40053 
05-17 16:28:41.753  1621  1768 W InputChannel-JNI: Channel already disposed.
05-17 16:28:41.756  2078  2078 D WindowOnBackDispatcher: setTopOnBackInvokedCallback (unwrapped): android.app.Dialog$$ExternalSyntheticLambda2@e8af558
05-17 16:28:41.756  2078  2078 D WindowOnBackDispatcher: setTopOnBackInvokedCallback (unwrapped): com.android.systemui.animation.back.OnBackAnimationCallbackExtensionKt$onBackAnimationCallbackFrom$4@1fb76b1
05-17 16:28:41.756  1621  1768 D CoreBackPreview: Window{33db1d9 u0 IME Switcher Menu}: Setting back callback OnBackInvokedCallbackInfo{mCallback=android.window.IOnBackInvokedCallback$Stub$Proxy@4783738, mPriority=-1, mIsAnimationCallback=false, mOverrideBehavior=0}
05-17 16:28:41.756  1621  1768 D CoreBackPreview: Window{33db1d9 u0 IME Switcher Menu}: Setting back callback OnBackInvokedCallbackInfo{mCallback=android.window.IOnBackInvokedCallback$Stub$Proxy@552c311, mPriority=0, mIsAnimationCallback=true, mOverrideBehavior=0}
05-17 16:28:41.771  1621  3982 D WindowManager: setClientSurface Surface(name=VRI-IME Switcher Menu#139101)/@0xbd26c76 for 33db1d9 IME Switcher Menu
05-17 16:28:41.773  2078  2078 I Surface : Creating surface for consumer unnamed-2078-8843 with slotExpansion=1 for 64 slots
05-17 16:28:41.773  2078  2078 I Surface : Creating surface for consumer VRI[IME Switcher Menu]#8455(BLAST Consumer)8455 with slotExpansion=1 for 64 slots
05-17 16:28:41.776  1621  1694 I ImeTracker: system_server:668cfeb2: onRequestShow at ORIGIN_SERVER reason CONTROLS_CHANGED fromUser false displayId 0
05-17 16:28:41.777 21047 21047 I ImeTracker: system_server:668cfeb2: onCancelled at PHASE_CLIENT_ON_CONTROLS_CHANGED
05-17 16:28:41.786  1562 26854 D Vibrator: waitForComplete: Vibrator is already off
05-17 16:28:41.931  2071  2074 I deeptouch: I0000 00:00:1779015521.931084    2074 tf_lite_classifier.cc:415] Event stream classified as kNone
05-17 16:28:41.931 10560 10560 I NavHandleLongPressHandler: Contextual Search invocation: touch finished with reason: touch action up
05-17 16:28:41.931 10560 10560 D OtherActivityInputConsumer: finishTouchTracking: mPassedWindowMoveSlop=false
05-17 16:28:41.931 10560 10560 D OtherActivityInputConsumer: finishTouchTracking: mInteractionHandler=null
05-17 16:28:41.932 10560 10560 D OtherActivityInputConsumer: finishTouchTracking: ev=MotionEvent { action=ACTION_UP, actionButton=0, id[0]=0, x[0]=915.0, y[0]=2383.0, toolType[0]=TOOL_TYPE_FINGER, buttonState=0, classification=AMBIGUOUS_GESTURE, metaState=0, flags=0x0, edgeFlags=0x0, pointerCount=1, historySize=0, eventTime=311921078, downTime=311920470, deviceId=4, source=0x1002, displayId=0, eventId=707038963 }
05-17 16:28:41.932 10560 10560 D OtherActivityInputConsumer: finishTouchTracking: mActiveCallbacks=null
05-17 16:28:42.025   978   978 I WifiHAL : Creating message to get link statistics; iface = 47
05-17 16:28:42.073  1621  1970 D InetDiagMessage: Destroyed 0 sockets, proto=IPPROTO_TCP, family=AF_INET, states=14
05-17 16:28:42.074  1621  1970 D InetDiagMessage: Destroyed 4 sockets, proto=IPPROTO_TCP, family=AF_INET6, states=14
05-17 16:28:42.074  1621  1970 D InetDiagMessage: Destroyed live tcp sockets for uids={10450} in 3ms
05-17 16:28:42.075  1621  1970 D InetDiagMessage: Destroyed 0 sockets, proto=IPPROTO_TCP, family=AF_INET, states=14
05-17 16:28:42.075  1621  1970 D InetDiagMessage: Destroyed 0 sockets, proto=IPPROTO_TCP, family=AF_INET6, states=14
05-17 16:28:42.075  1621  1970 D InetDiagMessage: Destroyed live tcp sockets for uids={20450} in 1ms
05-17 16:28:42.111   978  1032 D WifiHAL : Start debug command: mType GET_FEATURE
05-17 16:28:42.111   978  1032 I WifiHAL : CreateRequest mType = GET_FEATURE
05-17 16:28:42.111   978  1032 D WifiHAL : In DebugCommand::handleResponse, mType:GET_FEATURE
05-17 16:28:42.111   978  1032 D WifiHAL : len = 4, expected len = 4
05-17 16:28:42.182  2071  2074 I deeptouch: I0000 00:00:1779015522.182846    2074 tf_lite_classifier.cc:415] Event stream classified as kNone
05-17 16:28:42.320  1209  1209 D AOC     : A3:MSG: usf_sensor.cc, 1581: USF: Received stop sampling request for LSM6DSR Motion Detect (active:0).
05-17 16:28:42.320  1209  1209 D AOC     : A3:MSG: usf_sensor.cc, 2037: USF: Sampling configuration 68320 not found.
05-17 16:28:42.320  1209  1209 D AOC     : A3:MSG: usf_sensor_client.cc, 161: USF: Received kErrNotFound when disabling one shot sensor.
05-17 16:28:42.320  1209  1209 D AOC     : A3:MSG: usf_sensor.cc, 1573: USF: Received start sampling request for LSM6DSR Stationary Detect (active:1).
05-17 16:28:42.321  1209  1209 D AOC     : A3:MSG: lsm6dsr_device.cc, 763: USF: Lsm6dsrDevice: Sensor 4: Enabled 1, odr_index 1.
05-17 16:28:42.321  1209  1209 D AOC     : A3:MSG: lsm6dsr_fifo.cc, 750: USF: Lsm6dsrFifo: ODR: XL/G/T/TS: 104/52/13/13 WM: 9 Intr: 21.
05-17 16:28:42.321  1209  1209 D AOC     : A3:MSG: lsm6dsr_device.cc, 249: USF: Lsm6dsrDevice: Config sampling too slow. Took 385010ns.
05-17 16:28:42.321  1209  1209 D AOC     : A3:MSG: lsm6dsr_device.cc, 671: USF: Lsm6dsrDevice: Fifo was disabled for 385010ns.
05-17 16:28:42.323  1209  1209 D AOC     : A3:MSG: motion_state_sensor.cc, 327: USF: MoSt: StationaryDetect sampling started with sampling ID 68322.
05-17 16:28:42.323  1209  1209 D AOC     : A3:MSG: lsm6dsr_device.cc, 763: USF: Lsm6dsrDevice: Sensor 3: Enabled 0, odr_index 0.
05-17 16:28:42.323  1209  1209 D AOC     : A3:MSG: lsm6dsr_fifo.cc, 750: USF: Lsm6dsrFifo: ODR: XL/G/T/TS: 104/52/13/13 WM: 9 Intr: 21.
05-17 16:28:42.324  1209  1209 D AOC     : A3:MSG: lsm6dsr_device.cc, 671: USF: Lsm6dsrDevice: Fifo was disabled for 371582ns.
05-17 16:28:42.324  1209  1209 D AOC     : A3:MSG: usf_sensor.cc, 1581: USF: Received stop sampling request for LSM6DSR Motion Detect (active:-1).
05-17 16:28:42.324  1209  1209 D AOC     : A3:MSG: usf_sensor.cc, 2037: USF: Sampling configuration 68321 not found.
05-17 16:28:42.325  1209  1209 D AOC     : A3:MSG: usf_sensor_client.cc, 145: USF: Received kErrNotFound when disabling one shot sensor.
05-17 16:28:42.326  1209  1209 D AOC     : A3:MSG: vsc_controller.cc, 550: VSC: [Step Counter] stopSensorEvents: sensor 0x20002
05-17 16:28:42.326  1209  1209 D AOC     : A3:MSG: vsc_controller.cc, 532: VSC: [Step Counter] requestSensorEvents: sensor 0x10001, period=20 latency=1000ms.
05-17 16:28:42.327  1209  1209 D AOC     : A3:MSG: usf_sensor.cc, 1573: USF: Received start sampling request for LSM6DSR Accelerometer (active:6).
05-17 16:28:42.327  1209  1209 D AOC     : A3:MSG: vsc_controller.cc, 550: VSC: [Significant Motion] stopSensorEvents: sensor 0x20002
05-17 16:28:42.328  1209  1209 D AOC     : A3:MSG: vsc_controller.cc, 532: VSC: [Significant Motion] requestSensorEvents: sensor 0x10001, period=20 latency=3200ms
05-17 16:28:42.328  1209  1209 D AOC     : A3:MSG: usf_sensor.cc, 1573: USF: Received start sampling request for LSM6DSR Accelerometer (active:7).
05-17 16:28:42.329  1209  1209 D AOC     : A3:MSG: lsm6dsr_device.cc, 763: USF: Lsm6dsrDevice: Sensor 0: Enabled 1, odr_index 4.
05-17 16:28:42.329  1209  1209 D AOC     : A3:MSG: lsm6dsr_fifo.cc, 750: USF: Lsm6dsrFifo: ODR: XL/G/T/TS: 104/52/13/13 WM: 9 Intr: 21.
05-17 16:28:42.330  1209  1209 D AOC     : A3:MSG: lsm6dsr_device.cc, 671: USF: Lsm6dsrDevice: Fifo was disabled for 331787ns.
05-17 16:28:42.331  1209  1209 D AOC     : A3:MSG: usf_sensor.cc, 1573: USF: Received start sampling request for LSM6DSR Accelerometer (active:7).
05-17 16:28:42.332  1209  1209 D AOC     : A3:MSG: usf_sensor.cc, 1573: USF: Received start sampling request for LSM6DSR Accelerometer (active:7).
05-17 16:28:42.332   932   973 I CHRE    : @ 426010.710: [AR] IDLE => ON
05-17 16:28:42.333  1209  1209 D AOC     : A3:MSG: lsm6dsr_device.cc, 763: USF: Lsm6dsrDevice: Sensor 0: Enabled 1, odr_index 6.
05-17 16:28:42.333  1209  1209 D AOC     : A3:MSG: lsm6dsr_fifo.cc, 750: USF: Lsm6dsrFifo: ODR: XL/G/T/TS: 416/52/13/52 WM: 33 Intr: 17.
05-17 16:28:42.334  1209  1209 D AOC     : A3:MSG: lsm6dsr_device.cc, 671: USF: Lsm6dsrDevice: Fifo was disabled for 597900ns.
05-17 16:28:42.335  1209  1209 D AOC     : A3:MSG: usf_sensor.cc, 1573: USF: Received start sampling request for LSM6DSR Gyroscope (active:2).
05-17 16:28:42.335  1209  1209 D AOC     : A3:MSG: lsm6dsr_device.cc, 763: USF: Lsm6dsrDevice: Sensor 1: Enabled 1, odr_index 6.
05-17 16:28:42.336  1209  1209 D AOC     : A3:MSG: lsm6dsr_fifo.cc, 750: USF: Lsm6dsrFifo: ODR: XL/G/T/TS: 416/416/13/52 WM: 57 Intr: 16.
05-17 16:28:42.336  1209  1209 D AOC     : A3:MSG: lsm6dsr_device.cc, 671: USF: Lsm6dsrDevice: Fifo was disabled for 357910ns.
05-17 16:28:42.337  1209  1209 D AOC     : A3:MSG: usf_sensor.cc, 1573: USF: Received start sampling request for LSM6DSR Stationary Detect (active:2).
05-17 16:28:42.338  1209  1209 D AOC     : A3:MSG: usf_sensor.cc, 1573: USF: Received start sampling request for LSM6DSR FreeFall Detect (active:1).
05-17 16:28:42.339  1209  1209 D AOC     : A3:MSG: lsm6dsr_device.cc, 763: USF: Lsm6dsrDevice: Sensor 5: Enabled 1, odr_index 1.
05-17 16:28:42.339  1209  1209 D AOC     : A3:MSG: lsm6dsr_fifo.cc, 750: USF: Lsm6dsrFifo: ODR: XL/G/T/TS: 416/416/13/52 WM: 57 Intr: 16.
05-17 16:28:42.339  1209  1209 D AOC     : A3:MSG: lsm6dsr_device.cc, 671: USF: Lsm6dsrDevice: Fifo was disabled for 312011ns.
05-17 16:28:42.342  1209  1209 D AOC     : A3:MSG: usf_sensor.cc, 1581: USF: Received stop sampling request for LSM6DSR Motion Detect (active:-1).
05-17 16:28:42.343  1209  1209 D AOC     : A3:MSG: usf_sensor.cc, 2037: USF: Sampling configuration 68319 not found.
05-17 16:28:42.343  1209  1209 D AOC     : A3:MSG: usf_sensor_client.cc, 145: USF: Received kErrNotFound when disabling one shot sensor.
05-17 16:28:42.344   932   973 D CHRE.HAL: Received a nanoapp message from 0x476f6f676c001019 endpoint 0x3: Type 0x1f4 size 12 
05-17 16:28:42.345   932   973 D CHRE.HAL: Received a nanoapp message from 0x476f6f676c001019 endpoint 0x3: Type 0x1f4 size 12 
05-17 16:28:42.594  1621  1970 D InetDiagMessage: Destroyed 0 sockets, proto=IPPROTO_TCP, family=AF_INET, states=14
05-17 16:28:42.596  1621  1970 D InetDiagMessage: Destroyed 0 sockets, proto=IPPROTO_TCP, family=AF_INET6, states=14
05-17 16:28:42.596  1621  1970 D InetDiagMessage: Destroyed live tcp sockets for uids={10126} in 2ms
05-17 16:28:42.597  1621  1970 D InetDiagMessage: Destroyed 0 sockets, proto=IPPROTO_TCP, family=AF_INET, states=14
05-17 16:28:42.598  1621  1970 D InetDiagMessage: Destroyed 0 sockets, proto=IPPROTO_TCP, family=AF_INET6, states=14
05-17 16:28:42.599  1621  1970 D InetDiagMessage: Destroyed live tcp sockets for uids={20126} in 3ms
05-17 16:28:42.622   932   973 D CHRE.HAL: Received a nanoapp message from 0x476f6f676c001019 endpoint 0x3: Type 0x1f4 size 12 
05-17 16:28:42.624   932   973 D CHRE.HAL: Received a nanoapp message from 0x476f6f676c001019 endpoint 0x3: Type 0x1f4 size 12 
05-17 16:28:42.704  2071  2074 I deeptouch: I0000 00:00:1779015522.704355    2074 tf_lite_classifier.cc:415] Event stream classified as kNone
05-17 16:28:42.704  2078  2078 D WindowOnBackDispatcher: setTopOnBackInvokedCallback (unwrapped): null
05-17 16:28:42.704  1621  3983 D CoreBackPreview: Window{33db1d9 u0 IME Switcher Menu}: Setting back callback null
05-17 16:28:42.708  1621  1914 I InputReader: Reconfiguring input devices, changes=KEYBOARD_LAYOUTS
05-17 16:28:42.710  1621  1690 D HintManagerService: Sent cleanup message for uid 10179
05-17 16:28:42.711 21491 21491 I GoogleInputMethodService: GoogleInputMethodService.onFinishInputView():1661 onFinishInputView(true)
05-17 16:28:42.712 21491 21491 W SupplementaryKeyboardsWrapper: SupplementaryKeyboardsWrapper.deactivateKeyboard():162 keyboard composing_text_consumer is not activated before!
05-17 16:28:42.713 21491 21491 I EmojifyExtensionImpl: EmojifyExtensionImpl.onDeactivate():556 Deactivating Emojify extension kqe@752c795.
05-17 16:28:42.719  1478  1775 I twoshay.TouchContextService: Got new packet! ContextPacket{orientation: PORTRAIT, audioMode: NORMAL, adaptiveTouchSensitivity: OFF, screenProtectorMode: ON, imeState: ImeState{displayId: 0, visible: false, top: 0, left: 0, bottom: 0, right: 0}, audioDeviceInfo: TYPE_BUILTIN_EARPIECE}
05-17 16:28:42.720  2078  2078 W InputEventReceiver: Attempted to finish an input event but the input event receiver has already been disposed.
05-17 16:28:42.722 21047 21047 D WindowOnBackDispatcher: setTopOnBackInvokedCallback (unwrapped): android.view.ViewRootImpl$$ExternalSyntheticLambda14@c0ce6a5
05-17 16:28:42.722 21491 21491 I GlobeKeyExtension: GlobeKeyExtension.onDeactivate():154 
05-17 16:28:42.722  1621  3982 D CoreBackPreview: Window{7aeb856 u0 com.whatsapp/com.whatsapp.Conversation}: Setting back callback OnBackInvokedCallbackInfo{mCallback=android.window.IOnBackInvokedCallback$Stub$Proxy@2f6acfe, mPriority=0, mIsAnimationCallback=false, mOverrideBehavior=0}
05-17 16:28:42.723 21491 21491 I NgaExtension: NgaExtension.onDeactivate():687 NgaExtension#onDeactivate [SDG]
05-17 16:28:42.724  1621  1693 V WindowManager: Unknown focus tokens, dropping reportFocusChanged
05-17 16:28:42.724 21491 21491 W NotificationCenter: NotificationCenter.unregisterListener():480 Listener oij@bbd5d85 was not registered for notification class aaod
05-17 16:28:42.725 21491 25823 I NgaDataShareClient: NgaDataShareClient.sendCorrectionsAndEndSession():412 endDataPushSession() [SDG]
05-17 16:28:42.725 21491 25823 I NgaDataShareClient: NgaDataShareClient.sendCorrectionsList():420 sendCorrectionsList() [SDG]
05-17 16:28:42.725 21491 25823 W NgaDataShareClient: NgaDataShareClient.getClientInfo():504 null TriggerApplicationId provided. [SDG]
05-17 16:28:42.725 21491 21491 I PkDeviceHelper: PkDeviceHelper.refreshDevices():87 refreshing devices
05-17 16:28:42.726 21491 25823 W NotificationCenter: NotificationCenter.unregisterListener():480 Listener omg@e85f2e8 was not registered for notification class aaye
05-17 16:28:42.726 21491 21491 W TooltipLifecycleManager: TooltipLifecycleManager.dismissTooltips():153 Tooltip with id spell_check_add_to_dictionary not found in tooltipManager.
05-17 16:28:42.726 21491 25823 W NotificationCenter: NotificationCenter.unregisterListener():480 Listener omf@67b4d01 was not registered for notification class aaod
05-17 16:28:42.726 21491 25823 I KeyboardEventHandler: KeyboardEventHandler.handleKeyboardVisibilityEvent():214 Handling KeyboardVisibilityEvent: KEYBOARD_CLOSED [SD]
05-17 16:28:42.726 21491 21491 I PkDeviceHelper: PkDeviceHelper.refreshDevices():87 refreshing devices
05-17 16:28:42.726 21491 25823 I DataShareHelper: DataShareHelper.shareCorrections():24 shareCorrections() [SD]
05-17 16:28:42.726 21491 21491 I NgaVoiceInputHandler: NgaVoiceInputHandler.shutdownInternalLegacy():342 VoiceInputHandler:deactivating with reason: SHUTDOWN_UNIVERSAL_EXTENSION_ON_DEACTIVATE [SDG]
05-17 16:28:42.726 21491 21491 W NotificationCenter: NotificationCenter.unregisterListener():480 Listener acna@56345e7 was not registered for notification class acnb
05-17 16:28:42.726 21491 21491 W SmartEdit: SmartEdit.setGenAiVoiceEditManager():827 Cannot set LC UI delegate: promotionManager is null
05-17 16:28:42.726 21491 21491 I NgaInputManager: NgaInputManager.onDeactivate():482 SmartEdit: unloading models false [SDG]
05-17 16:28:42.726 21491 21491 I UniversalDictationUiProvider: UniversalDictationUiProvider.onDeactivate():69 onDeactivate() [UD]
05-17 16:28:42.727 21491 21491 I InputBundle: InputBundle.consumeEvent():1056 Skip consuming an event as keyboard status is INACTIVE
05-17 16:28:42.728 21491 21491 E native  : E0000 00:00:1779015522.727965   21491 key-correction-manager.cc:360] User feature cache is not ready for key correction!
05-17 16:28:42.730 21491 21491 I AndroidIME: AbstractIme.onDeactivate():213 LatinIme.onDeactivate()
05-17 16:28:42.730  1621  3982 E InputMethodManagerService: Ignoring com.android.server.inputmethod.InputMethodManagerService$InputMethodPrivilegedOperationsImpl.updateStatusIconAsync:6846 due to an invalid token. uid:10179 token:android.os.Binder@b29327d
05-17 16:28:42.730 21491 21491 I GoogleInputMethodService: GoogleInputMethodService.onFinishInput():2259 
05-17 16:28:42.731 21491 21525 I NebulaeTrainingCacheMetricsProcessor: NebulaeTrainingCacheMetricsProcessor.processEndSession():616 End training cache session: 01ea16f09cbaa21a79348379c04a7b42595ec00f97221ca0b342a940252a312a/01ea16f09cbaa21a79348379c04a7b42595ec00f97221ca0b342a940252a312a
05-17 16:28:42.731 21491 21491 I Module  : DeviceLockedStatusModuleProvider$Module.updateDeviceLockedStatus():103 repeatCheckTimes = 0, locked = false
05-17 16:28:42.731 21491 21491 I GoogleInputMethodService: GoogleInputMethodService.onDestroy():1018 
05-17 16:28:42.732 21491 21491 I HardKeyTracker: HardKeyTracker.unregisterKeySequence():259 Unregister key sequence aduc{labelResId=2132020512, callback=wim@367158b, lastModifier=2, keyCodes=[48], actions=[0]}
05-17 16:28:42.733 21491 21491 I HardKeyTracker: HardKeyTracker.unregisterKeySequence():259 Unregister key sequence aduc{labelResId=2132020511, callback=wim@9c759eb, lastModifier=65536, keyCodes=[76], actions=[0]}
05-17 16:28:42.733 21491 21491 I HardKeyTracker: HardKeyTracker.unregisterKeySequence():259 Unregister key sequence aduc{labelResId=2132018865, callback=wim@a69865, lastModifier=2, keyCodes=[39], actions=[0]}
05-17 16:28:42.733 21491 21491 I HardKeyTracker: HardKeyTracker.unregisterKeySequence():259 Unregister key sequence aduc{labelResId=2132020519, callback=wim@dd0721c, lastModifier=2, keyCodes=[47], actions=[0]}
05-17 16:28:42.733 21491 21491 I HardKeyTracker: HardKeyTracker.unregisterKeySequence():259 Unregister key sequence aduc{labelResId=2132020510, callback=wim@8c0c305, lastModifier=2, keyCodes=[37], actions=[0]}
05-17 16:28:42.733 21491 21491 I HardKeyTracker: HardKeyTracker.unregisterKeySequence():259 Unregister key sequence aduc{labelResId=2132020507, callback=wim@5def74d, lastModifier=2, keyCodes=[50], actions=[0]}
05-17 16:28:42.733 21491 21491 I HardKeyTracker: HardKeyTracker.unregisterKeySequence():259 Unregister key sequence aduc{labelResId=2132020508, callback=wim@3a4d469, lastModifier=2, keyCodes=[56], actions=[0]}
05-17 16:28:42.734 21491 21491 I HardKeyTracker: HardKeyTracker.unregisterKeySequence():259 Unregister key sequence aduc{labelResId=2132020508, callback=wim@81c9eee, lastModifier=0, keyCodes=[317], actions=[0]}
05-17 16:28:42.734 21047 21047 D VRI[Conversation]: WindowInsets changed: ime:null 
05-17 16:28:42.737 21491 21491 I HardKeyTracker: HardKeyTracker.unregisterKeySequence():259 Unregister key sequence aduc{labelResId=2132020513, callback=wim@df8dd91, lastModifier=2, keyCodes=[32], actions=[0]}
05-17 16:28:42.737 21491 21491 I HardKeyTracker: HardKeyTracker.unregisterKeySequence():259 Unregister key sequence aduc{labelResId=2132020513, callback=wim@59eb4f6, lastModifier=0, keyCodes=[319], actions=[0]}
05-17 16:28:42.739 21491 21525 I NebulaeTrainingCacheMetricsProcessor: NebulaeTrainingCacheMetricsProcessor.processEndSession():657 No input action collection in this session, skip logging.
05-17 16:28:42.739 21491 21491 I HardKeyTracker: HardKeyTracker.unregisterKeySequence():259 Unregister key sequence aduc{labelResId=2132020518, callback=weu@5e3af58, lastModifier=2, keyCodes=[62], actions=[0]}
05-17 16:28:42.740 21491 21491 I ModuleManager: ModuleManager$ModuleInitListener.maybeUnloadModuleOnUnavailable():1457 module wfc is unavailable
05-17 16:28:42.740 21491 21491 I HardKeyTracker: HardKeyTracker.unregisterKeySequence():259 Unregister key sequence aduc{labelResId=2132020508, callback=wim@1d6f202, lastModifier=2, keyCodes=[56], actions=[0]}
05-17 16:28:42.741 21491 21491 I HardKeyTracker: HardKeyTracker.unregisterKeySequence():259 Unregister key sequence aduc{labelResId=2132020508, callback=wim@5cdd713, lastModifier=0, keyCodes=[317], actions=[0]}
05-17 16:28:42.741 21491 21491 I HardKeyTracker: HardKeyTracker.unregisterKeySequence():259 Unregister key sequence aduc{labelResId=2132020512, callback=wim@8070a95, lastModifier=2, keyCodes=[48], actions=[0]}
05-17 16:28:42.741 21491 21491 I HardKeyTracker: HardKeyTracker.unregisterKeySequence():259 Unregister key sequence aduc{labelResId=2132020510, callback=wim@8b0bb49, lastModifier=2, keyCodes=[37], actions=[0]}
05-17 16:28:42.741 21491 21491 I HardKeyTracker: HardKeyTracker.unregisterKeySequence():259 Unregister key sequence aduc{labelResId=2132020507, callback=wim@a850f38, lastModifier=2, keyCodes=[50], actions=[0]}
05-17 16:28:42.741 21491 21491 I HardKeyTracker: HardKeyTracker.unregisterKeySequence():259 Unregister key sequence aduc{labelResId=2132020513, callback=wim@246ce1b, lastModifier=2, keyCodes=[32], actions=[0]}
05-17 16:28:42.741 21491 21491 I HardKeyTracker: HardKeyTracker.unregisterKeySequence():259 Unregister key sequence aduc{labelResId=2132020513, callback=wim@ed42bb8, lastModifier=0, keyCodes=[319], actions=[0]}
05-17 16:28:42.741 21491 21491 I ModuleManager: ModuleManager$ModuleInitListener.maybeUnloadModuleOnUnavailable():1457 module wjm is unavailable
05-17 16:28:42.741 21491 21491 I ModuleManager: ModuleManager$ModuleInitListener.maybeUnloadModuleOnUnavailable():1457 module wff is unavailable
05-17 16:28:42.741 21491 21491 I ModuleManager: ModuleManager$ModuleInitListener.maybeUnloadModuleOnUnavailable():1457 module aawl is unavailable
05-17 16:28:42.742 21491 21491 I ModuleManager: ModuleManager$ModuleInitListener.maybeUnloadModuleOnUnavailable():1457 module aawo is unavailable
05-17 16:28:42.742 21491 21491 I GlobeKeyExtension: GlobeKeyExtension.onDestroyExtension():172 
05-17 16:28:42.742 21491 21491 I ModuleManager: ModuleManager$ModuleInitListener.maybeUnloadModuleOnUnavailable():1457 module zyd is unavailable
05-17 16:28:42.742 21491 21491 I ModuleManager: ModuleManager$ModuleInitListener.maybeUnloadModuleOnUnavailable():1457 module abtp is unavailable
05-17 16:28:42.742 21491 21491 I HardKeyTracker: HardKeyTracker.unregisterKeySequence():259 Unregister key sequence aduc{labelResId=2132020519, callback=itn@a98a54a, lastModifier=2, keyCodes=[47], actions=[0]}
05-17 16:28:42.742 21491 21491 I ModuleManager: ModuleManager$ModuleInitListener.maybeUnloadModuleOnUnavailable():1457 module itp is unavailable
05-17 16:28:42.742 21491 21491 I ModuleManager: ModuleManager$ModuleInitListener.maybeUnloadModuleOnUnavailable():1457 module aawr is unavailable
05-17 16:28:42.743 21491 21491 I ModuleManager: ModuleManager$ModuleInitListener.maybeUnloadModuleOnUnavailable():1457 module aawt is unavailable
05-17 16:28:42.743 21491 21491 I ModuleManager: ModuleManager$ModuleInitListener.maybeUnloadModuleOnUnavailable():1457 module riy is unavailable
05-17 16:28:42.743 21491 21491 I ModuleManager: ModuleManager$ModuleInitListener.maybeUnloadModuleOnUnavailable():1457 module aaww is unavailable
05-17 16:28:42.743 21491 21491 I ModuleManager: ModuleManager$ModuleInitListener.maybeUnloadModuleOnUnavailable():1457 module adzz is unavailable
05-17 16:28:42.743 21491 21491 I HardKeyTracker: HardKeyTracker.unregisterKeySequence():259 Unregister key sequence aduc{labelResId=0, callback=abtr@43cc16, lastModifier=0, keyCodes=[204], actions=[0]}
05-17 16:28:42.743 21491 21491 I ModuleManager: ModuleManager$ModuleInitListener.maybeUnloadModuleOnUnavailable():1457 module abtu is unavailable
05-17 16:28:42.744 21491 21491 I ModuleManager: ModuleManager$ModuleInitListener.maybeUnloadModuleOnUnavailable():1457 module aaxb is unavailable
05-17 16:28:42.744 21491 21491 I ModuleManager: ModuleManager$ModuleInitListener.maybeUnloadModuleOnUnavailable():1457 module ysi is unavailable
05-17 16:28:42.745 21491 21491 I ModuleManager: ModuleManager$ModuleInitListener.maybeUnloadModuleOnUnavailable():1457 module xdd is unavailable
05-17 16:28:42.745 21491 21491 I ModuleManager: ModuleManager$ModuleInitListener.maybeUnloadModuleOnUnavailable():1457 module qao is unavailable
05-17 16:28:42.745 21491 21491 I ModuleManager: ModuleManager$ModuleInitListener.maybeUnloadModuleOnUnavailable():1457 module abtg is unavailable
05-17 16:28:42.745 21047 21047 W RemoteInputConnectionImpl: requestCursorUpdates on inactive InputConnection
05-17 16:28:42.745 21491 21491 I ModuleManager: ModuleManager$ModuleInitListener.maybeUnloadModuleOnUnavailable():1457 module rrv is unavailable
05-17 16:28:42.745 21491 21491 I ModuleManager: ModuleManager$ModuleInitListener.maybeUnloadModuleOnUnavailable():1457 module adsb is unavailable
05-17 16:28:42.745 21491 21491 I ModuleManager: ModuleManager$ModuleInitListener.maybeUnloadModuleOnUnavailable():1457 module rju is unavailable
05-17 16:28:42.746 21491 21491 I ModuleManager: ModuleManager$ModuleInitListener.maybeUnloadModuleOnUnavailable():1457 module rtl is unavailable
05-17 16:28:42.746 21491 21491 I ModuleManager: ModuleManager$ModuleInitListener.maybeUnloadModuleOnUnavailable():1457 module aefh is unavailable
05-17 16:28:42.746 21491 21491 I ModuleManager: ModuleManager$ModuleInitListener.maybeUnloadModuleOnUnavailable():1457 module jft is unavailable
05-17 16:28:42.746 21491 21491 I ModuleManager: ModuleManager$ModuleInitListener.maybeUnloadModuleOnUnavailable():1457 module qay is unavailable
05-17 16:28:42.746 21491 21491 I ModuleManager: ModuleManager$ModuleInitListener.maybeUnloadModuleOnUnavailable():1457 module adse is unavailable
05-17 16:28:42.746 21491 21491 I ModuleManager: ModuleManager$ModuleInitListener.maybeUnloadModuleOnUnavailable():1457 module xle is unavailable
05-17 16:28:42.746 21491 21491 I ModuleManager: ModuleManager$ModuleInitListener.maybeUnloadModuleOnUnavailable():1457 module seh is unavailable
05-17 16:28:42.746 21491 21491 I ModuleManager: ModuleManager$ModuleInitListener.maybeUnloadModuleOnUnavailable():1457 module rtk is unavailable
05-17 16:28:42.746  3846 10972 W ContentCaptureEvent: Text is not a SpannableString.
05-17 16:28:42.747 21491 21491 I HardKeyTracker: HardKeyTracker.unregisterKeySequence():259 Unregister key sequence aduc{labelResId=0, callback=qbu@d51020, lastModifier=0, keyCodes=[57, 57], actions=[1, 0]}
05-17 16:28:42.747 21491 21491 I HardKeyTracker: HardKeyTracker.unregisterKeySequence():259 Unregister key sequence aduc{labelResId=0, callback=qbu@e61cdd9, lastModifier=0, keyCodes=[58, 58], actions=[1, 0]}
05-17 16:28:42.747 21491 21491 I AbstractOpenableExtension: AbstractOpenableExtension.maybeDestroyExistingKeyboardGroupManager():536 Destroy existing keyboard group manager in qgr
05-17 16:28:42.747 21491 21491 I AbstractOpenableExtension: AbstractOpenableExtension$3.onSuccess():556 KeyboardGroupManager destroyed in qgr.
05-17 16:28:42.747 21491 21491 I ModuleManager: ModuleManager$ModuleInitListener.maybeUnloadModuleOnUnavailable():1457 module IEmojiSearchExtension is unavailable
05-17 16:28:42.749 21491 21491 I ModuleManager: ModuleManager$ModuleInitListener.maybeUnloadModuleOnUnavailable():1457 module sem is unavailable
05-17 16:28:42.749 21491 21491 I ModuleManager: ModuleManager$ModuleInitListener.maybeUnloadModuleOnUnavailable():1457 module iuf is unavailable
05-17 16:28:42.749 21491 21491 I ModuleManager: ModuleManager$ModuleInitListener.maybeUnloadModuleOnUnavailable():1457 module jbo is unavailable
05-17 16:28:42.749 21491 21491 I ModuleManager: ModuleManager$ModuleInitListener.maybeUnloadModuleOnUnavailable():1457 module qqn is unavailable
05-17 16:28:42.750 21491 21491 I ModuleManager: ModuleManager$ModuleInitListener.maybeUnloadModuleOnUnavailable():1457 module llq is unavailable
05-17 16:28:42.751 21491 21491 I ModuleManager: ModuleManager$ModuleInitListener.maybeUnloadModuleOnUnavailable():1457 module scs is unavailable
05-17 16:28:42.751 21491 21491 I ModuleManager: ModuleManager$ModuleInitListener.maybeUnloadModuleOnUnavailable():1457 module IStickerExtension is unavailable
05-17 16:28:42.751 21491 21491 I ModuleManager: ModuleManager$ModuleInitListener.maybeUnloadModuleOnUnavailable():1457 module IGifKeyboardExtension is unavailable
05-17 16:28:42.751 21491 21491 I ModuleManager: ModuleManager$ModuleInitListener.maybeUnloadModuleOnUnavailable():1457 module ITranslateUiExtension is unavailable
05-17 16:28:42.753 21491 21491 W NotificationCenter: NotificationCenter.unregisterListener():480 Listener jah@38fe618 was not registered for notification class acma
05-17 16:28:42.753 21491 21491 W NotificationCenter: NotificationCenter.unregisterListener():480 Listener jcx@2047418 was not registered for notification class acma
05-17 16:28:42.756 21491 21491 I ModuleManager: ModuleManager$ModuleInitListener.maybeUnloadModuleOnUnavailable():1457 module jeu is unavailable
05-17 16:28:42.758 21491 21491 I ModuleManager: ModuleManager$ModuleInitListener.maybeUnloadModuleOnUnavailable():1457 module mcf is unavailable
05-17 16:28:42.758 21491 21491 W TooltipLifecycleManager: TooltipLifecycleManager.dismissTooltips():153 Tooltip with id autofill_banner_fallback_toast not found in tooltipManager.
05-17 16:28:42.759 21491 21491 W NotificationCenter: NotificationCenter$NotificationQueue.notifyPendingNotificationsOnExecutor():877 Heavy notify work detected on UI thread: [aaxu->acus, aaxu->acus, aaxu->acut, aaxu->acus, aaxu->acus, aaxu->acus, acnb->acna, acnb->acna, acnb->acna, wkf->acus, wkf->acus, wkf->acut, wkf->acus, wkf->acus, wkf->acus, wkf->acus, acnb->acna, acnb->acna, acnb->acna, acnb->acna, acnb->acna, acnb->acna, acnb->acna, acnb->acna, acnb->acna, acnb->acna, acnb->acna, acnb->acna, acnb->acna, acnb->acna, acnb->acna, acnb->acna, acnb->acna, acnb->acna, acnb->acna, acnb->acna, acnb->acna, acnb->acna, acnb->acna, acnb->acna, acnb->acna, acnb->acna, acnb->acna, acnb->acna, acnb->acna, acnb->acna, acnb->acna, acnb->acna, acnb->acna, acnb->acna, acnb->acna, acnb->acna, acnb->acna, acnb->acna, acnb->acna, acnb->acna, acnb->acna, acnb->acna, aabb->mcs, acnb->acna, acnb->acna, acnb->acna, acnb->acna, acnb->acna, acnb->acna, acnb->acna, acnb->acna, acnb->acna, acnb->acna, acnb->acna, acnb->acna, acnb->acna, acnb->acna, acnb->acna, acnb->acna, acnb->acna, acnb->acna, acnb->acna, acnb->acna, acnb->acna, acnb->acna, acnb->acna, acnb->acna, acnb->acna, acnb->acna, acnb->acna, acnb->acna, acnb->acna, acnb->acna, acnb->acna, acnb->acna, acnb->acna, acnb->acna, acnb->acna, acnb->acna, acnb->acna, acnb->acna, acnb->acna, acnb->acna, acnb->acna, acnb->acna, acnb->acna, acnb->acna, acnb->acna, acnb->acna, acnb->acna, acnb->acna, acnb->acna, acnb->acna, acnb->acna, acnb->acna, acnb->acna, acnb->acna, acnb->acna, acnb->acna, acnb->acna, acnb->acna, acnb->acna, acnb->acna, acnb->acna, acnb->acna, acnb->acna, acnb->acna, acnb->acna, acnb->acna] takes 26ms
05-17 16:28:42.759 21491 21491 I ModuleManager: ModuleManager$ModuleInitListener.maybeUnloadModuleOnUnavailable():1457 module aews is unavailable
05-17 16:28:42.759 21491 21491 I ModuleManager: ModuleManager$ModuleInitListener.maybeUnloadModuleOnUnavailable():1457 module lrp is unavailable
05-17 16:28:42.760 21491 21491 I ModuleManager: ModuleManager$ModuleInitListener.maybeUnloadModuleOnUnavailable():1457 module aerh is unavailable
05-17 16:28:42.760 21491 21491 I ModuleManager: ModuleManager$ModuleInitListener.maybeUnloadModuleOnUnavailable():1457 module rzp is unavailable
05-17 16:28:42.760 21491 21491 I ModuleManager: ModuleManager$ModuleInitListener.maybeUnloadModuleOnUnavailable():1457 module acul is unavailable
05-17 16:28:42.760 21491 21491 I ModuleManager: ModuleManager$ModuleInitListener.maybeUnloadModuleOnUnavailable():1457 module rth is unavailable
05-17 16:28:42.761 21491 21491 I ModuleManager: ModuleManager$ModuleInitListener.maybeUnloadModuleOnUnavailable():1457 module phn is unavailable
05-17 16:28:42.762  3846 10972 I AiAiEcho: Settings changed for uri: content://settings/secure/input_methods_subtype_history
05-17 16:28:42.762 21491 21491 I ModuleManager: ModuleManager$ModuleInitListener.maybeUnloadModuleOnUnavailable():1457 module npv is unavailable
05-17 16:28:42.763 21491 21491 I ModuleManager: ModuleManager$ModuleInitListener.maybeUnloadModuleOnUnavailable():1457 module IEmojiKitchenBrowseExtension is unavailable
05-17 16:28:42.763 21491 21491 I EmojifyExtensionImpl: EmojifyExtensionImpl.onDestroy():611 Destroying Emojify extension kqe@752c795.
05-17 16:28:42.763 21491 21491 I ModuleManager: ModuleManager$ModuleInitListener.maybeUnloadModuleOnUnavailable():1457 module koy is unavailable
05-17 16:28:42.763 21491 21491 I AbstractOpenableExtension: AbstractOpenableExtension.maybeDestroyExistingKeyboardGroupManager():536 Destroy existing keyboard group manager in krw
05-17 16:28:42.763 21491 21491 I AbstractOpenableExtension: AbstractOpenableExtension$3.onSuccess():556 KeyboardGroupManager destroyed in krw.
05-17 16:28:42.763  3846  4524 I AiAiEcho: Predicting[7]: { Feature:1, creation:2026-05-17T15:00:00Z, expiry:2026-05-17T15:00:00Z, isExpired: true}, { Feature:1, creation:2026-05-17T16:00:00Z, expiry:2026-05-17T16:00:00Z, isExpired: true}, { Feature:1, creation:2026-05-17T13:00:00Z, expiry:2026-05-17T13:00:00Z, isExpired: true}, { Feature:1, creation:2026-05-17T14:00:00Z, expiry:2026-05-17T14:00:00Z, isExpired: true}, { Feature:1, creation:2026-05-17T11:00:00Z, expiry:2026-05-17T11:00:00Z, isExpired: true}, { Feature:1, creation:2026-05-17T12:00:00Z, expiry:2026-05-17T12:00:00Z, isExpired: true}, { Feature:1, creation:2026-05-17T10:51:00Z, expiry:2026-05-17T11:00:00Z, isExpired: false} [CONTEXT sampling_count=5 ]
05-17 16:28:42.763 21491 21491 I ModuleManager: ModuleManager$ModuleInitListener.maybeUnloadModuleOnUnavailable():1457 module IExpressionMomentExtension is unavailable
05-17 16:28:42.763 21491 21491 I AbstractOpenableExtension: AbstractOpenableExtension.maybeDestroyExistingKeyboardGroupManager():536 Destroy existing keyboard group manager in qpb
05-17 16:28:42.764 21491 21491 I BaseExpressionKeyboard: BaseExpressionKeyboard.onKeyboardViewDiscarded():125 Discarded required view with type HEADER
05-17 16:28:42.764  3846  4524 I AiAiEcho: EchoTargets: Feature:1
05-17 16:28:42.764  3846  4524 I AiAiEcho: Filtered by AiAi flag check: 
05-17 16:28:42.764  3846  4524 I AiAiEcho: [CONTEXT ratelimit_period="10 SECONDS" ]
05-17 16:28:42.764 21491 21491 I AbstractOpenableExtension: AbstractOpenableExtension$3.onSuccess():556 KeyboardGroupManager destroyed in qpb.
05-17 16:28:42.764 21491 21491 I ModuleManager: ModuleManager$ModuleInitListener.maybeUnloadModuleOnUnavailable():1457 module FastAccessBarExtension is unavailable
05-17 16:28:42.765 21491 21491 I ModuleManager: ModuleManager$ModuleInitListener.maybeUnloadModuleOnUnavailable():1457 module IEmojiOrGifExtension is unavailable
05-17 16:28:42.765 21491 21491 I ModuleManager: ModuleManager$ModuleInitListener.maybeUnloadModuleOnUnavailable():1457 module IBannerExtension is unavailable
05-17 16:28:42.765 21491 21491 I ModuleManager: ModuleManager$ModuleInitListener.maybeUnloadModuleOnUnavailable():1457 module mcy is unavailable
05-17 16:28:42.765 21491 21491 I ModuleManager: ModuleManager$ModuleInitListener.maybeUnloadModuleOnUnavailable():1457 module zau is unavailable
05-17 16:28:42.765 21491 21491 I ModuleManager: ModuleManager$ModuleInitListener.maybeUnloadModuleOnUnavailable():1457 module qnf is unavailable
05-17 16:28:42.765 21491 21491 I ModuleManager: ModuleManager$ModuleInitListener.maybeUnloadModuleOnUnavailable():1457 module IEmoticonExtension is unavailable
05-17 16:28:42.765 21491 21491 I ModuleManager: ModuleManager$ModuleInitListener.maybeUnloadModuleOnUnavailable():1457 module kkd is unavailable
05-17 16:28:42.765 21491 21491 I ModuleManager: ModuleManager$ModuleInitListener.maybeUnloadModuleOnUnavailable():1457 module lxi is unavailable
05-17 16:28:42.765 21491 21491 I JapaneseMozcExtension: JapaneseMozcExtension.onDestroy():52 
05-17 16:28:42.765 21491 21491 I ModuleManager: ModuleManager$ModuleInitListener.maybeUnloadModuleOnUnavailable():1457 module nvy is unavailable
05-17 16:28:42.765 21491 21491 I ModuleManager: ModuleManager$ModuleInitListener.maybeUnloadModuleOnUnavailable():1457 module niw is unavailable
05-17 16:28:42.765 21491 21491 I ModuleManager: ModuleManager$ModuleInitListener.maybeUnloadModuleOnUnavailable():1457 module nms is unavailable
05-17 16:28:42.766 21491 21491 I NewS3RecognizerModule: NewS3RecognizerModule.onDestroy():28 onDestroy [news3]
05-17 16:28:42.766 21491 21491 I ModuleManager: ModuleManager$ModuleInitListener.maybeUnloadModuleOnUnavailable():1457 module svx is unavailable
05-17 16:28:42.766  3846  4524 I AiAiEcho: #weatherSubItemsTwiddler: Weather removes SubtitleSupplementalItem in surface: lockscreen [CONTEXT ratelimit_period="10 SECONDS" ]
05-17 16:28:42.766 21491 21491 I ModuleManager: ModuleManager$ModuleInitListener.maybeUnloadModuleOnUnavailable():1457 module quv is unavailable
