05-17 16:39:01.414   930  1840 I Lyric   : dpm_bandwidth_controller_v1.cc:175: dpm: updating bandwidth for device csi bandwidth_read: 0 bandwidth_write: 485100 bandwidth_peak: 485100 bandwidth_rt: 485100
05-17 16:39:01.414   930  1840 I Lyric   : csi_driver.cc:1213: CSI-1: Acquire processing context done.
05-17 16:39:01.414   930  1840 I Lyric   : csi_driver.cc:759: CSI: using the existing context 0xb4000078885fd380 for binding 1
05-17 16:39:01.414   930  1840 I Lyric   : csi_context.cc:193:  Context's CAMERA ID #1
05-17 16:39:01.414   930  1840 I Lyric   : csi_driver.cc:985: Trying to initialize context with these resource assignments: Camera ID:1, CSIS LINK:4, CSIS EBUF:0, WDMA INPUT:0, CSIS WDMA:-1, PDP WDMA:-1, ZSL WDMA:1, EBUF CH:0, PDP CH:1, USAGE:0x61, sensor image: 3280x2464, sensor pd: has value:false: 0x0
05-17 16:39:01.414   930  1840 I Lyric   : csi_driver.cc:1564: Successfully configured EBUF for 3 cameras!
05-17 16:39:01.414   930  1840 I Lyric   : csi_context.cc:2123: [CSI BW] Camera ID(1) wdma: CsisZsl1, wdma_data_per_line 6560 bandwidth_peak 504896961 width: 3280 pixel rate 282620000 pixel sample rate 282620000 active line time 1.29928e-05 required bandwidth 496742400
05-17 16:39:01.414   930  1840 I Lyric   : csi_context.cc:2096: dpm: sensor width 3280 h: 2464 fps: 30 pixel rate 282620000 headroom: 0
05-17 16:39:01.414   930  1840 I Lyric   : csi_driver.cc:1473: [CSI BW] CSIS_D0 BW: 504896961 wdmas: 1, 
05-17 16:39:01.414   930  1840 I Lyric   : csi_driver.cc:1475: [CSI BW] CSIS_D1 BW: 0 wdmas: 
05-17 16:39:01.414   930  1840 I Lyric   : csi_driver.cc:1477: [CSI BW] Update Required BW: 496742400, Required Clock: 70655000, Required peak BW: 504896961
05-17 16:39:01.414   930  1840 I Lyric   : dpm_bandwidth_controller_v1.cc:175: dpm: updating bandwidth for device csi bandwidth_read: 0 bandwidth_write: 485100 bandwidth_peak: 493063 bandwidth_rt: 493063
05-17 16:39:01.414   930  1840 I Lyric   : csi_driver.cc:1213: CSI4: Acquire processing context done.
05-17 16:39:01.414   930  1840 I Lyric   : per_camera_barrier_impl.cc:47: Blocker for CsiBlockCam1ToStop acquired
05-17 16:39:01.414   930  1840 I Lyric   : csi_context.cc:2123: [CSI BW] Camera ID(1) wdma: CsisZsl1, wdma_data_per_line 6560 bandwidth_peak 504896961 width: 3280 pixel rate 282620000 pixel sample rate 282620000 active line time 1.29928e-05 required bandwidth 496742400
05-17 16:39:01.414   930  1840 I Lyric   : csi_context.cc:2096: dpm: sensor width 3280 h: 2464 fps: 30 pixel rate 282620000 headroom: 0
05-17 16:39:01.414   930  1840 I Lyric   : g3aa_driver.cc:1683: ------------------------------------------------------
05-17 16:39:01.414   930  1840 I Lyric   : g3aa_driver.cc:1684: G3AA power mode for context 1 changing from Normal(Normal) -> LowPowerUltra(LowPowerUltra)
05-17 16:39:01.414   930  1840 I Lyric   : g3aa_driver.cc:1689: ------------------------------------------------------
05-17 16:39:01.414   930  1840 I Lyric   : g3aa_pipeline.cc:815: [Bayer1] Enabling pipeline. Next frame number will be 1
05-17 16:39:01.414   930  1840 I Lyric   : g3aa_pipeline.cc:827: [Bayer1] Already enabled
05-17 16:39:01.414   930  1840 I Lyric   : g3aa_driver.cc:1748: G3AA power mode for context 1 changed to LowPowerUltra(LowPowerUltra) done
05-17 16:39:01.414   930  1840 I Lyric   : g3aa_driver.cc:1983: Number of active HW contexts: 1, power-up-only contexts: 1. Details:
05-17 16:39:01.414   930  1840 I Lyric   : g3aa_driver.cc:1994: 	Context 1, Bayer1 pipeline. Acquired: true. Enabled: true
05-17 16:39:01.414   930  1840 I Lyric   : g3aa_driver.cc:1994: 	Context 1, PDAF1 pipeline. Acquired: false. Enabled: false
05-17 16:39:01.414   930  1840 I Lyric   : front_end_controller.cc:1995: dpm: frontend context 1 power mode changed to low power mode
05-17 16:39:01.414   930  1840 I Lyric   : per_camera_barrier_impl.cc:58: Blocker for FrontEndBlockCam1ToStart released with status: OK without lwis fence.
05-17 16:39:01.414   930 24794 E GHAWB   : CameraSyncManagerImpl: camera_sync_manager_impl.cc:416] SynchronizeCameraDecision: RecalculateDecisionFromPeer failed
05-17 16:39:01.414   930 24794 E GHAWB   : CameraSyncManagerImpl: camera_sync_manager_impl.cc:279] CalculateSyncedHistory: GetHistoricalInformationFromPeer failed
05-17 16:39:01.414   930 24794 E GHAWB   : CoreUnified: ghawb_core_unified.cc:3651] OverrideDecisionBySyncedResult: Synced decision is empty, likely due to RecalculateDecisionFromPeer failed for peer_info_type: 1. Falling back to previous result to prevent color flickering.
05-17 16:39:01.414   930 24789 W Lyric   : tuning_node.cc:182: 15 calls in 174 sec(s): Cannot get main scaler output size from scaler request node
05-17 16:39:01.414   930  1845 I G3ACoordinator: ae_input_parser_lyric.cc:2201: Starter frame: rel_frame_num [-2]
05-17 16:39:01.415   930  1845 I G3ACoordinator: ae_engine.cc:552: Starter Frames
05-17 16:39:01.415   930  1845 I G3ACoordinator: ae_engine.cc:2508: LoadTuningLibrary: is_comice_enabled = 0
05-17 16:39:01.415   930 24789 I Lyric   : power_throttle_controller.cc:575: camera thermal status: dysco at 30fps for camera 1
05-17 16:39:01.415   930 24789 W Lyric   : dysco_node.cc:176: LscStats payload is missing in frame 0 due to frame drop!
05-17 16:39:01.416   930 24794 I G3ACoordinator: awb_input_parser_lyric.cc:1393: Starter frame: rel_frame_num [-2]
05-17 16:39:01.416   930 24794 E GHAWB   : CameraSyncManagerImpl: camera_sync_manager_impl.cc:416] SynchronizeCameraDecision: RecalculateDecisionFromPeer failed
05-17 16:39:01.416   930 24794 E GHAWB   : CameraSyncManagerImpl: camera_sync_manager_impl.cc:279] CalculateSyncedHistory: GetHistoricalInformationFromPeer failed
05-17 16:39:01.416   930 24794 E GHAWB   : CoreUnified: ghawb_core_unified.cc:3651] OverrideDecisionBySyncedResult: Synced decision is empty, likely due to RecalculateDecisionFromPeer failed for peer_info_type: 1. Falling back to previous result to prevent color flickering.
05-17 16:39:01.416   930  1845 I G3ACoordinator: ae_input_parser_lyric.cc:2201: Starter frame: rel_frame_num [-1]
05-17 16:39:01.416   930  1845 I G3ACoordinator: ae_engine.cc:552: Starter Frames
05-17 16:39:01.416   930  1845 I G3ACoordinator: ae_engine.cc:2508: LoadTuningLibrary: is_comice_enabled = 0
05-17 16:39:01.424   930 24789 I Lyric   : dysco_controller_impl.cc:676: No fresh Dysco controller state found in cache for camera Front
05-17 16:39:01.424   930 24796 I Lyric   : front_end_controller.cc:1749: dpm: node type 0 frontend context 1 was already in activate mode
05-17 16:39:01.424   930 24789 I Lyric   : front_end_controller.cc:1749: dpm: node type 1 frontend context 1 was already in activate mode
05-17 16:39:01.424   930 24789 I Lyric   : raw_preprocessor_node.cc:389: HalPixelFormat for RawPreprocessorNode RAW16_BAYER_SBWC
05-17 16:39:01.424   930 24794 I G3ACoordinator: awb_input_parser_lyric.cc:1393: Starter frame: rel_frame_num [-1]
05-17 16:39:01.424   930 24794 E GHAWB   : CameraSyncManagerImpl: camera_sync_manager_impl.cc:416] SynchronizeCameraDecision: RecalculateDecisionFromPeer failed
05-17 16:39:01.424   930 24794 E GHAWB   : CameraSyncManagerImpl: camera_sync_manager_impl.cc:279] CalculateSyncedHistory: GetHistoricalInformationFromPeer failed
05-17 16:39:01.424   930 24794 E GHAWB   : CoreUnified: ghawb_core_unified.cc:3651] OverrideDecisionBySyncedResult: Synced decision is empty, likely due to RecalculateDecisionFromPeer failed for peer_info_type: 1. Falling back to previous result to prevent color flickering.
05-17 16:39:01.425   930 24796 I Lyric   : dpm_bandwidth_controller_v1.cc:175: dpm: updating bandwidth for device ipp bandwidth_read: 0 bandwidth_write: 5135 bandwidth_peak: 5135 bandwidth_rt: 5135
05-17 16:39:01.426   930 24796 I Lyric   : ipp_driver.cc:2478: IPP(1) block sensor since ipp configurations is not ready is_raw_config_ready? 0 is_gp_config_ready? 1
05-17 16:39:01.429   930 24789 I Lyric   : per_camera_barrier_impl.cc:58: Blocker for IppBlockCam1ToStart released with status: OK without lwis fence.
05-17 16:39:01.429   930 24789 I Lyric   : ipp_driver.cc:2467: IPP(1) release sensor start blocker
05-17 16:39:01.429   930 24789 I Lyric   : per_camera_barrier_impl.cc:47: Blocker for IppBlockCam1ToStop acquired
05-17 16:39:01.429   930 24789 I Lyric   : csi_context.cc:1902: Camera ID(1) CSI PHY configuration.
05-17 16:39:01.429   930 24789 I Lyric   : csi_wdma.cc:2170: Successfully configured common DMA!
05-17 16:39:01.429   930 24789 I Lyric   : csi_context.cc:542:  csi_link_info_.csis_link: 4
05-17 16:39:01.429   930 24789 I Lyric   : csi_context.cc:543:  w: 3280  h: 2464
05-17 16:39:01.430   930 24789 I Lyric   : per_camera_barrier_impl.cc:58: Blocker for CsiBlockCam1ToStart released with status: OK without lwis fence.
05-17 16:39:01.430   930 24789 I Lyric   : csi_context.cc:1299: Camera ID(1) WDMA(CsisZsl1) released sensor start blocker
05-17 16:39:01.431   930 24796 I Lyric   : dpm_bandwidth_controller_v1.cc:175: dpm: updating bandwidth for device g3aa bandwidth_read: 0 bandwidth_write: 37748 bandwidth_peak: 429687 bandwidth_rt: 429687
05-17 16:39:01.432   930 24796 I Lyric   : g3aa_pipeline.cc:2186: [Bayer1][Frame 1] Submitted transaction on shadow 0. TriggerAt: Immediate. Last received HW Frame -1 at SOF -1. Queue: [1]. Result: OK
05-17 16:39:01.433   930 30676 I Lyric   : g3aa_pipeline.h:140: Releasing sensor start blocker for pipeline Bayer1 with status OK
05-17 16:39:01.433   930 30676 I Lyric   : per_camera_barrier_impl.cc:58: Blocker for G3aaBayer1BlockCam1ToStart released with status: OK without lwis fence.
05-17 16:39:01.433   930 24793 I Lyric   : multisensor_controller.cc:858: camera Front start wait for barrier spend : 19.988647ms
05-17 16:39:01.433   930 24793 I Lyric   : sensor_generic_driver.cc:1357:  event thread started.
05-17 16:39:01.433   930 24793 I Lyric   : sensor_generic_driver.cc:1556: MEDUSA stream on, size: {width: 3280, height: 2464}, frame rate range: [7.5, 30], sensor ispfe sync in userspace request id: 0
05-17 16:39:01.433   930 24793 I Lyric   : per_camera_barrier_impl.cc:47: Blocker for MultiSensorController_Stop acquired
05-17 16:39:01.433   930 30694 I Lyric   : sensor_generic_driver.cc:1232: MEDUSA stream on success. Transaction delay: 148.234us
05-17 16:39:01.433   930 24789 W Lyric   : dysco_node.cc:176: LscStats payload is missing in frame 1 due to frame drop!
05-17 16:39:01.433   930 24789 I Lyric   : dysco_controller_impl.cc:676: No fresh Dysco controller state found in cache for camera Front
05-17 16:39:01.434   930 24789 I Lyric   : csi_wdma.cc:1309: Camera ID(1) WDMA(CsisZsl1) drops(1) frames!! last frame(1) next frame(3) target frame = 3, batch size =  1
05-17 16:39:01.434   930 24789 W Lyric   : dysco_node.cc:176: LscStats payload is missing in frame 2 due to frame drop!
05-17 16:39:01.434   930 24789 I Lyric   : dysco_controller_impl.cc:676: No fresh Dysco controller state found in cache for camera Front
05-17 16:39:01.437   930 24796 W Lyric   : g3aa_pipeline.cc:936: [Bayer1][Frame 3] Skipping configuration of frames 2-2. Last received HW Frame -1 at SOF -1. Next trigger count updated from 1 to 2. Queue: [1].
05-17 16:39:01.437   930 24796 I Lyric   : g3aa_pipeline.cc:2186: [Bayer1][Frame 3] Submitted transaction on shadow 1. TriggerAt: SOF 2. Last received HW Frame -1 at SOF -1. Queue: [1 3]. Result: OK
05-17 16:39:01.440   930 24796 I Lyric   : g3aa_pipeline.cc:2186: [Bayer1][Frame 4] Submitted transaction on shadow 0. TriggerAt: SOF 3. Last received HW Frame -1 at SOF -1. Queue: [1 3 4]. Result: OK
05-17 16:39:01.443   930 30694 I Lyric   : sensor_generic_driver.cc:1064: MEDUSA 1st SOF arrived. Delay from stream on: 10.207357ms Delay from stream on transaction: 9.855428ms (Delay - exposure time): 1.52707525ms
05-17 16:39:01.443   930 30675 I Lyric   : csi_context.cc:929: Camera ID(1) Csi Link(4), SOF 1, frame seq count:1, timestamp 426634053055794
05-17 16:39:01.443   930 30673 I Lyric   : ipp_driver.cc:1207: Ipp context(1), SOF 1 timestamp 426634053117155
05-17 16:39:01.443   930 30676 I Lyric   : g3aa_driver.cc:1408: [FEIRQ] Received G3AA bayer event: G3aa.Interrupts.Context1BayerStartOfFrame counter: 1 time: 426634053221362
05-17 16:39:01.443   930 30676 I Lyric   : g3aa_pipeline.cc:2158: [Bayer1][Frame 1][SOF 1][ VALID ] frame_id: [1]:363008215, Timestamp: 426634053256722, HW was last programmed at SOF of Frame 0 Queue: [1 3 4].
05-17 16:39:01.443   930 30675 I Lyric   : dpm_bandwidth_controller_v1.cc:424: Current MIF clock 3172000
05-17 16:39:01.443   930 30675 I Lyric   : dpm_bandwidth_controller_v1.cc:424: Current INT clock 533000
05-17 16:39:01.443   930 30675 I Lyric   : dpm_bandwidth_controller_v1.cc:424: Current CAM clock 134000
05-17 16:39:01.443   930 30675 I Lyric   : dpm_bandwidth_controller_v1.cc:424: Current INTCAM clock 664000
05-17 16:39:01.443   930 30674 I Lyric   : pdp_driver.cc:690: Pdp context(1), SOF 1 timestamp 426634053159432
05-17 16:39:01.443   930 30675 I Lyric   : dpm_bandwidth_controller_v1.cc:424: Current TNR clock 664000
05-17 16:39:01.443   930 30675 I Lyric   : csi_wdma.cc:1828: Camera ID(1) WDMA(CsisZsl1) Channel(0) dma enable = 1, expected frame = 1, active frame ptr = 0, active_dma_ctr = f81, current fro frame = 0, dma_addr = 0xf6a26800, dma_ctrl = 0x1
05-17 16:39:01.475   930 30676 I Lyric   : g3aa_driver.cc:1408: [FEIRQ] Received G3AA bayer event: G3aa.Interrupts.Context1BayerEndOfFrame counter: 1 time: 426634085185433
05-17 16:39:01.475   930 30676 I Lyric   : g3aa_bayer_pipeline.cc:634: [Bayer1][Frame 1][EOF 1] Queue: [1 3 4]
05-17 16:39:01.475   930 30674 I Lyric   : pdp_driver.cc:706: Pdp context(1), EOF 1 timestamp 426634085196460
05-17 16:39:01.475   930 30673 I Lyric   : ipp_driver.cc:1230: Ipp context(1), EOF 1 timestamp 426634085130053
05-17 16:39:01.476   930 24794 I G3ACoordinator: ae_engine.cc:2508: LoadTuningLibrary: is_comice_enabled = 0
05-17 16:39:01.476   930 24803 I native  : I0000 00:00:1779016141.476585   24803 segmenter_node.cc:436] SegmenterNode: Creating subject segmenter.
05-17 16:39:01.476   930 24803 I native  : I0000 00:00:1779016141.476623   24803 segmenter_node.cc:437] SegmenterNode: frame_size = [640,480]
05-17 16:39:01.477   930 30695 I native  : I0000 00:00:1779016141.477083   30695 xeno_gpu_segmenter.cc:882] Creating CL-X segmenter.
05-17 16:39:01.478   930 30675 I Lyric   : csi_context.cc:991: Camera ID(1) Csi Link(4), EOF 1, timestamp 426634086950610
05-17 16:39:01.478   930 30676 I Lyric   : g3aa_pipeline.cc:2158: [Bayer1][Frame 2][SOF 2][DROPPED] frame_id: [1]:363008215, Timestamp: 426634087128263, HW was last programmed at SOF of Frame 0 Queue: [3 4].
05-17 16:39:01.481   930  1840 I Lyric   : whi_local_tone_mapping_controller.cc:822: 12 calls in 174 sec(s): flash strength: 0
05-17 16:39:01.481   930  1840 I Lyric   : whi_local_tone_mapping_controller.cc:824: 12 calls in 174 sec(s): flash mode: off
05-17 16:39:01.488   930  1841 W Lyric   : tnr_align_node.cc:377: No valid previous gaussian pyramid to use for frame 0(multicam_frame_number=0)
05-17 16:39:01.493   930  1840 I Lyric   : g3aa_pipeline.cc:2186: [Bayer1][Frame 5] Submitted transaction on shadow 1. TriggerAt: SOF 4. Last received HW Frame 2 at SOF 2. Queue: [3 4 5]. Result: OK
05-17 16:39:01.494   930 24799 I Lyric   : itp_driver.cc:1885: Camera 1: frame 0 UpdatePowerMode: mode 2
05-17 16:39:01.494   930 24799 I Lyric   : raw_to_yuv_node.cc:1150: ITP decide to switch dma_sync from 0 to 1 on raw frame num : 0 exposure frame num 0 gain = 28.5619 power mode = 2 camera id : 1
05-17 16:39:01.495   930 24799 I Lyric   : raw_to_yuv_node.cc:1298: HalImageFormat for YUV output: HalImageFormat{ pixel_format = YCBCR_420_SPN_10B_SBWC, stride_alignment = 64, num_buffers = 1, header_stride_alignment = 64 }
05-17 16:39:01.495   930 24799 I Lyric   : stream_interface_controller.cc:160: Image format set to {type: ImageFormat, HalImageFormat: HalImageFormat{ pixel_format = YCBCR_420_SPN_10B_SBWC, stride_alignment = 64, num_buffers = 1, header_stride_alignment = 64 }, Width: 1640, Height: 1232} for producer TNR, consumer ITSC at frame 0 by the producer
05-17 16:39:01.495   930 24798 I Lyric   : catpipe_rectiface_controller.cc:1182: Bypass rectiface algo processing for the first frame
05-17 16:39:01.497   930 24798 I Lyric   : tnr_merge_node.cc:1023: TNR merge decide to switch dpm_mode from -1 to 2 on frame : 0 exposure frame num : 0 gain = 28.5619 camera id : 1
05-17 16:39:01.497   930 24798 I Lyric   : gtnr_merge_driver.cc:2319: Camera 1: frame 0 UpdatePowerMode: mode = 2 for context 0xb40000784857e008
05-17 16:39:01.497   930 24798 I Lyric   : gtnr_merge_driver.cc:2319: Camera 1: frame 0 UpdatePowerMode: mode = 2 for context 0xb40000784857de68
05-17 16:39:01.497   930 24798 I Lyric   : dpm_bandwidth_controller_v1.cc:175: dpm: updating bandwidth for device gtnr-merge bandwidth_read: 118387 bandwidth_write: 118387 bandwidth_peak: 118387 bandwidth_rt: 0
05-17 16:39:01.498   930  1416 I Lyric   : itp_event_handler_whi.cc:97: Received Sw event: Itp.Sw.kShadowConfigSuccessEvent counter 1
05-17 16:39:01.498   930  1416 I Lyric   : itp_event_handler_whi.cc:97: Received Sw event: Itp.Sw.kCopyShadowSuccessEvent counter 1
05-17 16:39:01.499   930 24798 I Lyric   : tnr_merge_node.cc:1374: HalPixelFormat for TnrMergeNode YCBCR_420_SPN_10B_SBWC
05-17 16:39:01.499   930 24798 I Lyric   : gtnr_merge_controller.cc:305: Force sharpen only process, due to: FAILED_PRECONDITION: Invalid feedback image, force sharpen only process!
05-17 16:39:01.499   930 24798 I Lyric   : stream_interface_controller.cc:273: WhiStreamInterfaceController: VOTF connected, producer: 7 consumer: 4
05-17 16:39:01.500   930 24798 I Lyric   : gtnr_merge_driver.cc:1144: Camera 1: frame 0 Process: Enqueue a frame command with votf enable = 1, ack = 0xf2000000
05-17 16:39:01.500   930  1416 I Lyric   : itp_event_handler_whi.cc:79: Received GTNR Merge Hw event: GtnrMerge.Int.FrameStart counter 1
05-17 16:39:01.500   930  1416 I Lyric   : dpm_bandwidth_controller_v1.cc:175: dpm: updating bandwidth for device itp bandwidth_read: 485100 bandwidth_write: 13601 bandwidth_peak: 485100 bandwidth_rt: 0
05-17 16:39:01.500   930 30687 I Lyric   : gtnr_merge_driver.cc:1394: GTNR merge frame start! curr time: 426634110 ms
05-17 16:39:01.500   930  1416 I Lyric   : itp_event_handler_whi.cc:97: Received Sw event: Itp.Sw.kOneShotSuccessEvent counter 1
05-17 16:39:01.500   930  1416 I Lyric   : itp_event_handler_whi.cc:91: Received Hw event: ItpFro.Int1.FrameStart counter 1
05-17 16:39:01.504   930  1416 I Lyric   : itp_event_handler_whi.cc:91: Received Hw event: Itp.ScalerInt.WdmaFinishInt counter 1
05-17 16:39:01.504   930  1416 I Lyric   : itp_event_handler_whi.cc:91: Received Hw event: ItpFro.Int1.FrameEndInterrupt counter 1
05-17 16:39:01.505   930 30687 I Lyric   : gtnr_merge_driver.cc:1436: GTNR merge all frame(s) done! curr time: 426634115 ms
05-17 16:39:01.505   930 30687 I Lyric   : gtnr_merge_driver.cc:1487: GTNR merge SW frame(s) done transaction complete!
05-17 16:39:01.505   930  1416 I Lyric   : itp_event_handler_whi.cc:79: Received GTNR Merge Hw event: GtnrMerge.Int.AllFrameDone counter 1
05-17 16:39:01.507   930  1841 I Lyric   : mesh_warp_node.cc:897: HalPixelFormat for MeshWarpNode YCBCR_420_SPN_10B
05-17 16:39:01.507   930  1841 I Lyric   : stream_interface_controller.cc:160: Image format set to {type: ImageFormat, HalImageFormat: HalImageFormat{ pixel_format = YCBCR_420_SPN_10B, stride_alignment = 64, num_buffers = 1 }, Width: 1640, Height: 1232} for producer SCSC, consumer GDC0 at frame 0 by the producer
05-17 16:39:01.507   930  1838 I Lyric   : dpm_bandwidth_controller_v1.cc:175: dpm: updating bandwidth for device scsc bandwidth_read: 11434 bandwidth_write: 13507 bandwidth_peak: 13507 bandwidth_rt: 0
05-17 16:39:01.508   930  1838 I Lyric   : scaler_node.cc:1041: The 0th output HalPixelFormat for preview_scaler YCBCR_420_888 resolution: 640x480
05-17 16:39:01.508   930  1838 I Lyric   : stream_interface_controller.cc:273: WhiStreamInterfaceController: VOTF connected, producer: 10 consumer: 13
05-17 16:39:01.509   930  1841 I Lyric   : dpm_bandwidth_controller_v1.cc:175: dpm: updating bandwidth for device gdc0 bandwidth_read: 135583 bandwidth_write: 11434 bandwidth_peak: 135583 bandwidth_rt: 0
05-17 16:39:01.511   930 30676 I Lyric   : g3aa_pipeline.cc:2158: [Bayer1][Frame 3][SOF 3][ VALID ] frame_id: 1:[3], Timestamp: 426634121092496, HW was last programmed at SOF of Frame 2 Queue: [3 4 5].
05-17 16:39:01.511   930 30671 I GCH_AidlCameraDeviceSession: ProcessBatchCaptureResult: First frame done
05-17 16:39:01.511   930 30671 I Lyric   : camera_latency_analyzer.cc:113: [CLA] Cam1-Open
05-17 16:39:01.511   930 30671 I Lyric   : camera_latency_analyzer.cc:115: [CLA] (Cam1-Open) Open latency: 79.1436
05-17 16:39:01.511   930 30671 I Lyric   : camera_latency_analyzer.cc:115: [CLA] (Cam1-Open) <-- IDLE --> latency: 13.0354
05-17 16:39:01.511   930 30671 I Lyric   : camera_latency_analyzer.cc:115: [CLA] (Cam1-Open) ConfigureStream latency: 129.78
05-17 16:39:01.511   930 30671 I Lyric   : camera_latency_analyzer.cc:115: [CLA] (Cam1-Open) <-- IDLE --> latency: 3.00419
05-17 16:39:01.511   930 30671 I Lyric   : camera_latency_analyzer.cc:115: [CLA] (Cam1-Open) First frame latency: 108.046
05-17 16:39:01.511   930 30671 I Lyric   : camera_latency_analyzer.cc:115: [CLA] (Cam1-Open) Overall latency: 333.179
05-17 16:39:01.543   930 30676 I Lyric   : g3aa_bayer_pipeline.cc:634: [Bayer1][Frame 3][EOF 2] Queue: [3 4 5]
05-17 16:39:01.543   930 24798 I Lyric   : power_throttle_controller.cc:575: camera thermal status: face detection at 30fps for camera 1
05-17 16:39:01.544   930 24794 I G3ACoordinator: ae_engine.cc:2508: LoadTuningLibrary: is_comice_enabled = 0
05-17 16:39:01.546   930 30676 I Lyric   : g3aa_pipeline.cc:2158: [Bayer1][Frame 4][SOF 4][ VALID ] frame_id: [4]:3, Timestamp: 426634155061897, HW was last programmed at SOF of Frame 3 Queue: [4 5].
05-17 16:39:01.552   930  1838 I Lyric   : tnr_align_node.cc:877: tnr_align pyramid source size of TnrAlignNode {width: 1640, height: 1232}
05-17 16:39:01.553   930  1838 I Lyric   : dpm_bandwidth_controller_v1.cc:175: dpm: updating bandwidth for device gtnr-align bandwidth_read: 10261 bandwidth_write: 580 bandwidth_peak: 10261 bandwidth_rt: 0
05-17 16:39:01.556   930 24807 W Lyric   : tnr_merge_node.cc:1238: TNR merge uses the previous initial image frame instead of merge feedback for denoise for frame/batch: 1 in context 0xb4000078585b3b28
05-17 16:39:01.557   930  1416 I Lyric   : itp_event_handler_whi.cc:91: Received Hw event: ItpFro.Int1.DnsCorexEndInt0 counter 1
05-17 16:39:01.557   930  1416 I Lyric   : itp_event_handler_whi.cc:91: Received Hw event: ItpFro.Int1.ItpCorexEndInt0 counter 1
05-17 16:39:01.558   930 24807 I Lyric   : tnr_merge_node.cc:1429: HalImageFormat for TnrMergeNode feedback HalImageFormat{ pixel_format = YCBCR_420_SPN_10B_SBWC, stride_alignment = 64, num_buffers = 1, header_stride_alignment = 64 }
05-17 16:39:01.559   930 24807 I Lyric   : gtnr_merge_driver.cc:2123: Created luma module with input size 1640 x 1232
05-17 16:39:01.560   930 24807 I Lyric   : luma_denoise_module.cc:201: GTNR merge allocate luma buffer for pyramid level 0 FD: 377
05-17 16:39:01.560   930 24807 I Lyric   : luma_denoise_module.cc:201: GTNR merge allocate luma buffer for pyramid level 1 FD: 377
05-17 16:39:01.560   930 24807 I Lyric   : luma_denoise_module.cc:201: GTNR merge allocate luma buffer for pyramid level 2 FD: 377
05-17 16:39:01.560   930 24807 I Lyric   : luma_denoise_module.cc:201: GTNR merge allocate luma buffer for pyramid level 3 FD: 377
05-17 16:39:01.560   930 24807 I Lyric   : luma_denoise_module.cc:201: GTNR merge allocate luma buffer for pyramid level 4 FD: 377
05-17 16:39:01.560   930 24807 I Lyric   : luma_denoise_module.cc:232: GTNR merge enroll luma buffer for pyramid level 0 FD: 377 addr: 3995074560
05-17 16:39:01.560   930 24807 I Lyric   : luma_denoise_module.cc:274: GTNR merge enroll luma buffer for pyramid level1 FD: 377 addr: 3998149632
05-17 16:39:01.560   930 24807 I Lyric   : luma_denoise_module.cc:274: GTNR merge enroll luma buffer for pyramid level2 FD: 377 addr: 3998938112
05-17 16:39:01.560   930 24807 I Lyric   : luma_denoise_module.cc:274: GTNR merge enroll luma buffer for pyramid level3 FD: 377 addr: 3999135232
05-17 16:39:01.560   930 24807 I Lyric   : luma_denoise_module.cc:274: GTNR merge enroll luma buffer for pyramid level4 FD: 377 addr: 3999184512
05-17 16:39:01.560   930 24807 I Lyric   : gtnr_merge_driver.cc:2158: Created chroma module with input size 1640 x 1232
05-17 16:39:01.561   930 24807 I Lyric   : chroma_denoise_module.cc:88: GTNR merge allocate chroma buffer FD: 378
05-17 16:39:01.561   930 24807 I Lyric   : chroma_denoise_module.cc:99: GTNR merge enroll chroma buffer FD: 378 addr: 4066377728
05-17 16:39:01.561   930 24807 I Lyric   : dpm_bandwidth_controller_v1.cc:175: dpm: updating bandwidth for device gtnr-merge bandwidth_read: 166093 bandwidth_write: 206015 bandwidth_peak: 206015 bandwidth_rt: 0
05-17 16:39:01.561   930 24807 I Lyric   : gtnr_merge_driver.cc:1144: Camera 1: frame 1 Process: Enqueue a frame command with votf enable = 1, ack = 0xf2000000
05-17 16:39:01.563   930 24798 W Lyric   : face_detection_thread_pool.cc:175: The workload can not be finished successfully in time: DEADLINE_EXCEEDED: timed out waiting for fence with a timeout duration: 20ms will return last valid result instead. Frame number: 1
05-17 16:39:01.564   930 24798 I native  : I0000 00:00:1779016141.564098   24798 rectiface_node.cc:2141] LiveRectiface: focal_length (mm) = 2.5
05-17 16:39:01.564   930 24798 I native  : I0000 00:00:1779016141.564175   24798 rectiface_node.cc:2143] LiveRectiface: sensor_width (mm) = 3.6736
05-17 16:39:01.564   930 24798 I native  : I0000 00:00:1779016141.564194   24798 rectiface_node.cc:2145] LiveRectiface: sensor_aspect_ratio (h/w) = 0.75122
05-17 16:39:01.564   930 24798 I native  : I0000 00:00:1779016141.564206   24798 rectiface_node.cc:2147] LiveRectiface: FOV (deg) = 85.1622
05-17 16:39:01.565   930 24798 W native  : W0000 00:00:1779016141.565917   24798 plane.cc:305] Memory re-allocation.
05-17 16:39:01.566   930 24798 W native  : W0000 00:00:1779016141.566171   24798 plane.cc:305] Memory re-allocation.
05-17 16:39:01.566   930 24798 W native  : W0000 00:00:1779016141.566276   24798 plane.cc:305] Memory re-allocation.
05-17 16:39:01.566   930 24798 I native  : I0000 00:00:1779016141.566439   24798 rectiface_node.cc:1370] Live rectiface init status: enabled.
05-17 16:39:01.577   930 30676 I Lyric   : g3aa_bayer_pipeline.cc:634: [Bayer1][Frame 4][EOF 3] Queue: [4 5 6]
05-17 16:39:01.577   930 24794 I G3ACoordinator: ae_engine.cc:2508: LoadTuningLibrary: is_comice_enabled = 0
05-17 16:39:01.580   930 30676 I Lyric   : g3aa_pipeline.cc:2158: [Bayer1][Frame 5][SOF 5][ VALID ] frame_id: 4:[5], Timestamp: 426634189016406, HW was last programmed at SOF of Frame 4 Queue: [5 6].
05-17 16:39:01.611   930 30676 I Lyric   : g3aa_bayer_pipeline.cc:634: [Bayer1][Frame 5][EOF 4] Queue: [5 6 7]
05-17 16:39:01.611   930 24794 I G3ACoordinator: ae_engine.cc:2508: LoadTuningLibrary: is_comice_enabled = 0
05-17 16:39:01.646   930 24794 I G3ACoordinator: ae_engine.cc:2508: LoadTuningLibrary: is_comice_enabled = 0
05-17 16:39:01.679   930 24794 I G3ACoordinator: ae_engine.cc:2508: LoadTuningLibrary: is_comice_enabled = 0
05-17 16:39:01.684 10976 10976 D BoundBrokerSvc: onRebind: Intent { act=com.google.android.gms.libs.gmscorelogger.service.START dat=chimera-action:/... xflg=0x4 cmp=com.google.android.gms/.chimera.PersistentDirectBootAwareApiService }
05-17 16:39:01.713   930 24794 I G3ACoordinator: ae_engine.cc:2508: LoadTuningLibrary: is_comice_enabled = 0
05-17 16:39:01.747   930 24794 I G3ACoordinator: ae_engine.cc:2508: LoadTuningLibrary: is_comice_enabled = 0
05-17 16:39:01.781   930 24794 I G3ACoordinator: ae_engine.cc:2508: LoadTuningLibrary: is_comice_enabled = 0
05-17 16:39:01.815   930 24794 I G3ACoordinator: ae_engine.cc:2508: LoadTuningLibrary: is_comice_enabled = 0
05-17 16:39:01.849   930 24794 I G3ACoordinator: ae_engine.cc:2508: LoadTuningLibrary: is_comice_enabled = 0
05-17 16:39:01.883   930 24794 I G3ACoordinator: ae_engine.cc:2508: LoadTuningLibrary: is_comice_enabled = 0
05-17 16:39:01.899  3846 24763 I AiAiAttention: Max frames per check reached: 11
05-17 16:39:01.899  3846 24763 I AiAiAttention: reportSuccess: 0
05-17 16:39:01.899  3846 24763 I AiAiAttention: maxDistancedSquared: 7.876383955940369E-4
05-17 16:39:01.899   947   947 D usf_sensor_hal: accelerometer: Enter Batch. Period = 10000000, latency = 66667000.
05-17 16:39:01.900  1209  1209 D AOC     : A3:MSG: usf_sensor.cc, 2085: USF: Received reconfig sampling request for LSM6DSR Accelerometer.
05-17 16:39:01.900   947   947 D usf_sensor_hal: IMU temperature: Enter Batch. Period = 615385000, latency = 66667000.
05-17 16:39:01.900  1209  1209 D AOC     : A3:MSG: usf_sensor.cc, 2085: USF: Received reconfig sampling request for LSM6DSR Temperature.
05-17 16:39:01.903  3846 24763 I AiAiAttention: completed in 921 ms using 11 frames; 0 frames had face detected, 0 frames had gaze detected, 0 frames had gaze on screen.
05-17 16:39:01.903  3846 24763 I AiAiAttention: Last face: yaw=0.0, tilt=0.0, roll=0.0
05-17 16:39:01.904  1621  1658 V AttentionDetector: onSuccess: 0, ID: 622
05-17 16:39:01.904  3846 24763 I gaze    : Trying to close camera
05-17 16:39:01.904  3846 24763 I AiAiAttention: completeOrCancelWithReason
05-17 16:39:01.904  1136  2899 D Camera2ClientBase: Camera 1: Shutting down
05-17 16:39:01.906   930  1396 I Lyric   : camera_device_session_hwl_impl.cc:1236: Flush entered, camera_id: 1
05-17 16:39:01.906   930  1396 I Lyric   : camera_powerhal_impl.cc:189: SetPowerBoost Trigger CAMERA_LAUNCH for 200ms
05-17 16:39:01.907   930  1396 I Lyric   : camera_device_session_manager_base.cc:1529: Attempting to flush graph:top_graph_for_camera_Front
05-17 16:39:01.907   930 24798 W Lyric   : face_detection_node.cc:661: 5 calls in 174 sec(s): Face Detection: producing frame drops due to request frame drop
05-17 16:39:01.907   930 24789 W Lyric   : three_a_request_node.cc:913: 1 calls in 261 sec(s): three_a_request, frame_number: 12, shutter notification is not available
05-17 16:39:01.907   930 24789 W Lyric   : three_a_request_node.cc:897: 5 calls in 174 sec(s): three_a_request, frame_number: 13, request frame is not available
05-17 16:39:01.908   930  1841 W Lyric   : tnr_align_node.cc:609: 5 calls in 174 sec(s): TnrAlignNode producing alignment and noise frame drops for batch with first frame number: 12 due to error: DATA_LOSS: missing request_settings; Produced 1 alignment and noise frame drops since started. The corresponding image frame(s) will still be processed without denoising in TNR merge.
05-17 16:39:01.908   930 24793 W Lyric   : sensor_node.cc:904: sensor SensorNode producing drops due to frame request drop on frame 15 request: 15
05-17 16:39:01.908   930  1396 I Lyric   : sensor_node.cc:1645: sensor flush called with flush_mark at request: 16
05-17 16:39:01.908   930  1396 I Lyric   : segmentation_node.cc:504: segmentation flush called at flush_mark_frame_number: 16
05-17 16:39:01.908   930  1843 I Lyric   : camera_device_session_manager_base.cc:1367: Reporting metadata frame drop for camera: Front, request id: 15, partial result count: 1
05-17 16:39:01.908   930 24789 W Lyric   : tuning_node.cc:651: 2 calls in 174 sec(s): TuningNode producing frame drop because request frame is drop
05-17 16:39:01.908   930  1396 I Lyric   : statistics_node.cc:596: Statistics output frame stats (ignores fence-signaled drops): {process_input_count = 15, dropped_all_outputs = 0, valid_ae = 15, valid_pre_lsc_ae = 0, valid_uae = 0, valid_awb = 15, valid_histogram = 15, valid_flicker = 15, valid_motion = 15, valid_cdaf = 0, valid_pdaf = 0, valid_align = 15, valid_alias_map = 15, valid_gaussian_pyramid = 15, valid_multi_planar_image_pyramid = 0, valid_scaled_rgb_stats = 15, valid_scaled_yuv_stats = 15, valid_lsc = 15, valid_bilateral_grid = 0, valid_scaled_rgb = 0, valid_scaled_yuv = 0, valid_cam_data_dump = 0, valid_pixel_patch = 0}
05-17 16:39:01.908   930  1840 E Lyric   : dysco_node.cc:111: tuning_point payload is missing due to frame drop!
05-17 16:39:01.908   930  1840 W Lyric   : dysco_node.cc:176: LscStats payload is missing in frame 15 due to frame drop!
05-17 16:39:01.908   930  1840 E Lyric   : dysco_controller_impl.cc:236: 2 calls in 174 sec(s): One of InputData fields is nullptr.
05-17 16:39:01.908   930  1396 I Lyric   : csi_wdma.cc:2200: Camera ID(1) WDMA(CsisZsl1) Flush() ++++++++++++++++++++++++++++++++++++++++++++ 
05-17 16:39:01.908   930 24793 W Lyric   : sensor_node.cc:904: sensor SensorNode producing drops due to frame request drop on frame 16 request: 16
05-17 16:39:01.908   930  1396 I Lyric   : csi_wdma.cc:2228: Camera ID(1) Failed to cancel transaction ID: 57001: NOT_FOUND: Lwis TransactionCancel failed for LwisClient(csi)
05-17 16:39:01.908   930  1396 I Lyric   : csi_wdma.cc:2228: Camera ID(1) Failed to cancel transaction ID: 57003: NOT_FOUND: Lwis TransactionCancel failed for LwisClient(csi)
05-17 16:39:01.908   930 24789 I Lyric   : raw_preprocessor_node.cc:751: raw_preprocessor received incomplete request at frame number: 15, request dropped: 1, raw_otf dropped: 1, sensor_properties dropped: 1
05-17 16:39:01.908   930  1396 I Lyric   : csi_wdma.cc:2321: [CSI DMA] Camera ID(1) dma_addr: 0xf4726800 is signaled due to flush
05-17 16:39:01.908   930 24789 W Lyric   : common_fe.cc:687: 2 calls in 174 sec(s): white_balance_config is dropped on frame: 15
05-17 16:39:01.908   930  1396 I Lyric   : csi_wdma.cc:2336: [CSI DMA] Camera ID(1) infight buffer queue size: IMG(2), PD(0)
05-17 16:39:01.908   930  1396 I Lyric   : csi_wdma.cc:2342: [CSI DMA] Camera ID(1) dma_to_buffer size: (2)
05-17 16:39:01.908   930  1396 I Lyric   : csi_wdma.cc:2346: [CSI DMA] Camera ID(1) dma_to_buffer dma_addr: 0xf5826800)
05-17 16:39:01.908   930  1396 I Lyric   : csi_wdma.cc:2346: [CSI DMA] Camera ID(1) dma_to_buffer dma_addr: 0xf6a26800)
05-17 16:39:01.908   930  1396 I Lyric   : csi_wdma.cc:2351: Camera ID(1) WDMA(CsisZsl1) Flush() -------------------------------------------- 
05-17 16:39:01.908   930  1843 I Lyric   : camera_device_session_manager_base.cc:1367: Reporting metadata frame drop for camera: Front, request id: 16, partial result count: 1
05-17 16:39:01.908   930 24796 W Lyric   : statistics_node.cc:422: statistics producing a frame drop for frame 15:INVALID_ARGUMENT: Sensor image input is dropped.
05-17 16:39:01.908   930  1840 E Lyric   : dysco_node.cc:111: tuning_point payload is missing due to frame drop!
05-17 16:39:01.908   930  1840 W Lyric   : dysco_node.cc:176: LscStats payload is missing in frame 16 due to frame drop!
05-17 16:39:01.908   930  1396 I Lyric   : ipp_driver.cc:2093: IPP(1) flushing gp2: 0xf82c0000, alias: 0xf8df4000
05-17 16:39:01.908   930  1840 I Lyric   : raw_preprocessor_node.cc:751: raw_preprocessor received incomplete request at frame number: 16, request dropped: 1, raw_otf dropped: 1, sensor_properties dropped: 1
05-17 16:39:01.908   930  1396 I Lyric   : ipp_driver.cc:2520: IPP(1) flush, count of remaining GP: 2
05-17 16:39:01.908   930  1396 I Lyric   : g3aa_driver.cc:1775: Flush() begin
05-17 16:39:01.908   930 24796 W Lyric   : statistics_node.cc:422: statistics producing a frame drop for frame 16:INVALID_ARGUMENT: Sensor image input is dropped.
05-17 16:39:01.908   930  1396 I Lyric   : g3aa_driver.cc:1792: Flush() end
05-17 16:39:01.908   930  1396 I Lyric   : itp_driver.cc:1371: Camera 1 ITP continue flushing context 0xb4000077f860d1d0, dimension: 3280x2464 (VOTF)
05-17 16:39:01.909   930  1396 I Lyric   : itp_core_whi.cc:82: Applying DNS LH_GLUE WA SwReset sequence rev0.4
05-17 16:39:01.910   930  1396 I Lyric   : itp_core_whi.cc:182: ITP Version: 1.5.0
05-17 16:39:01.910   930  1396 I Lyric   : itp_core_whi.cc:184: ITSC Version: 8.5.1
05-17 16:39:01.910   930  1396 I Lyric   : itp_driver.cc:1420: Camera 1 ITP driver flush completed for context 0xb4000077f860d1d0, dimension: 3280x2464 (VOTF)
05-17 16:39:01.910   930  1396 I Lyric   : gtnr_merge_cmd_processor.cc:311: Flushing in-process frame 11
05-17 16:39:01.910   930  1396 I Lyric   : gtnr_merge_process_cmd.cc:450: gtnr frame processing command match the flush context, flush hw now for image  [0]: 0xb4000078785b15e8
05-17 16:39:01.910   930  1396 I Lyric   : gtnr_merge_cmd_processor.cc:322: successfully flush inflight frame command
05-17 16:39:01.910   930 24807 E Lyric   : gtnr_merge_driver.cc:1215: Camera 1: frame 11Error! TNR sharpener output error in sync mode due to CANCELLED: gtnr frame drop due to flush operation Input current image is 0xb4000078785b15e8 from context 0xb40000784857de68
05-17 16:39:01.910   930 30687 I Lyric   : gtnr_merge_driver.cc:1436: GTNR merge all frame(s) done! curr time: 426634520 ms
05-17 16:39:01.910   930 24807 W Lyric   : tnr_merge_node.cc:590: TnrMergeNode producing frame drops from context 0xb4000078585b3b28 starting at frame number: 11 due to error: INTERNAL: Error calling process on controller: gtnr frame drop due to flush operation
05-17 16:39:01.910   930  1396 I Lyric   : whi_mesh_warp_controller.cc:431: Flush votf and whi-common-gdc0
05-17 16:39:01.910   930  1396 I Lyric   : whi_mesh_warp_controller.cc:438: whi-common-gdc0 flush completed.
05-17 16:39:01.910   930  1396 I Lyric   : whi_scaler_controller.cc:144: flush votf and scaler
05-17 16:39:01.910   930  1396 I Lyric   : common_scaler_driver.cc:617: whi-scsc: flushed 0 frames; took 1.953us
05-17 16:39:01.910   930  1396 I Lyric   : whi_scaler_controller.cc:153: flush votf and scaler completed
05-17 16:39:01.910   930  1396 I Lyric   : auto_exposure_node.cc:1157: {type: Node, name: top_graph_for_camera_Front.ae, class_name: AutoExposureNode}: AE input statistics: {process_input_count = 17, dropped_requests = 2, stats_not_ready_count = 0, motion_stats_not_ready_count = 0, segmentation_mask_not_ready_count = 0, stage_detection_result_not_ready_count = 0, saliency_data_not_ready_count = 0, valid_flash_state = 0, valid_exposure_timestamp = 12, valid_sensor_properties = 12, valid_motion_stats = 0, valid_wb_config = 14, valid_color_correction = 14}
05-17 16:39:01.910   930 24807 W Lyric   : tnr_merge_node.cc:590: TnrMergeNode producing frame drops from context 0xb4000078585b3b28 starting at frame number: 12 due to error: INVALID_ARGUMENT: TNR merge tuning frame is dropped.; TNR merge failed to get tuning data in context 0xb4000078585b3b28
05-17 16:39:01.910   930 24807 W Lyric   : tnr_merge_node.cc:590: TnrMergeNode producing frame drops from context 0xb4000078585b3b28 starting at frame number: 13 due to error: INVALID_ARGUMENT: TNR merge tuning frame is dropped.; TNR merge failed to get tuning data in context 0xb4000078585b3b28
05-17 16:39:01.910   930 24807 W Lyric   : tnr_merge_node.cc:590: TnrMergeNode producing frame drops from context 0xb4000078585b3b28 starting at frame number: 14 due to error: INVALID_ARGUMENT: TNR merge tuning frame is dropped.; TNR merge failed to get tuning data in context 0xb4000078585b3b28
05-17 16:39:01.910   930 24807 W Lyric   : tnr_merge_node.cc:590: TnrMergeNode producing frame drops from context 0xb4000078585b3b28 starting at frame number: 15 due to error: INVALID_ARGUMENT: TNR merge tuning frame is dropped.; TNR merge failed to get tuning data in context 0xb4000078585b3b28
05-17 16:39:01.910   930 24807 W Lyric   : tnr_merge_node.cc:590: TnrMergeNode producing frame drops from context 0xb4000078585b3b28 starting at frame number: 16 due to error: INVALID_ARGUMENT: TNR merge tuning frame is dropped.; TNR merge failed to get tuning data in context 0xb4000078585b3b28
05-17 16:39:01.910   930  1841 W Lyric   : mesh_warp_node.cc:779: preview_mesh_warp Request frame is drop, drop all output for frame 11
05-17 16:39:01.910   930  1841 W Lyric   : mesh_warp_node.cc:779: preview_mesh_warp Request frame is drop, drop all output for frame 12
05-17 16:39:01.910   930 24796 I Lyric   : retiming_node.cc:590: Front(hal id: 1), Reporting image frame drop to framework for stream id: 0, request id: 11
05-17 16:39:01.910   930  1841 W Lyric   : mesh_warp_node.cc:779: preview_mesh_warp Request frame is drop, drop all output for frame 13
05-17 16:39:01.910   930  1841 W Lyric   : mesh_warp_node.cc:779: preview_mesh_warp Request frame is drop, drop all output for frame 14
05-17 16:39:01.911   930  1841 W Lyric   : mesh_warp_node.cc:779: preview_mesh_warp Request frame is drop, drop all output for frame 15
05-17 16:39:01.911   930 24789 I Lyric   : camera_device_session_manager_base.cc:1367: Reporting metadata frame drop for camera: Front, request id: 11, partial result count: 2
05-17 16:39:01.911   930  1841 W Lyric   : mesh_warp_node.cc:779: preview_mesh_warp Request frame is drop, drop all output for frame 16
05-17 16:39:01.911   930 24796 I Lyric   : retiming_node.cc:590: Front(hal id: 1), Reporting image frame drop to framework for stream id: 0, request id: 12
05-17 16:39:01.911   930 24789 I Lyric   : camera_device_session_manager_base.cc:1367: Reporting metadata frame drop for camera: Front, request id: 12, partial result count: 2
05-17 16:39:01.911   930 24796 I Lyric   : retiming_node.cc:590: Front(hal id: 1), Reporting image frame drop to framework for stream id: 0, request id: 13
05-17 16:39:01.911   930 24789 I Lyric   : camera_device_session_manager_base.cc:1367: Reporting metadata frame drop for camera: Front, request id: 13, partial result count: 2
05-17 16:39:01.911   930 24796 I Lyric   : retiming_node.cc:590: Front(hal id: 1), Reporting image frame drop to framework for stream id: 0, request id: 14
05-17 16:39:01.911   930 24789 I Lyric   : camera_device_session_manager_base.cc:1367: Reporting metadata frame drop for camera: Front, request id: 14, partial result count: 2
05-17 16:39:01.911   930 24796 I Lyric   : retiming_node.cc:590: Front(hal id: 1), Reporting image frame drop to framework for stream id: 0, request id: 15
05-17 16:39:01.911   930 24789 I Lyric   : camera_device_session_manager_base.cc:1367: Reporting metadata frame drop for camera: Front, request id: 15, partial result count: 2
05-17 16:39:01.911   930 24789 I Lyric   : camera_device_session_manager_base.cc:1367: Reporting metadata frame drop for camera: Front, request id: 16, partial result count: 2
05-17 16:39:01.911   930 24796 I Lyric   : retiming_node.cc:590: Front(hal id: 1), Reporting image frame drop to framework for stream id: 0, request id: 16
05-17 16:39:01.912   930 30671 I GCH_CameraDeviceSession: UpdatePendingRequest: [sbc] All inflight requests/streams cleared. Notified SBC for flushing.
05-17 16:39:01.912   930  1396 I Lyric   : retiming_node.cc:1718: Front(hal id: 1), Over the past 400.19991ms there were 16 responses sent and 10 of them had no error. FPS: 39.98 Non-error FPS: 24.9875
05-17 16:39:01.912  1136 30666 I CameraService: Stop camera streaming for com.google.android.as (PID 3846, UID 10149)
05-17 16:39:01.912   930 30693 I GCH_CameraDeviceSession: operator(): [sbc] Flushed buf[0xb4000079985a4330] bid[3] strm[0] frm[xx]
05-17 16:39:01.912   930  1396 I Lyric   : camera_device_session_manager_base.cc:1585: Finished flushing graph:top_graph_for_camera_Front
05-17 16:39:01.912  1136  2899 I CameraLatencyHistogram: ProcessCaptureRequest latency histogram (17) samples:
05-17 16:39:01.912  1136  2899 I CameraLatencyHistogram:        40     80    120    160    200    240    280    320    360    inf (max ms)
05-17 16:39:01.912  1136  2899 I CameraLatencyHistogram:      94.12   5.88   0.00   0.00   0.00   0.00   0.00   0.00   0.00   0.00 (%)
05-17 16:39:01.913  1745  1745 I pixel-thermal: a callback has been unregistered to ThermalHAL, isFilter: 0 Type: UNKNOWN
05-17 16:39:01.913   930  1396 I Lyric   : camera_device_session_hwl_impl.cc:1057: DestroyPipelines entered, camera_id: 1
05-17 16:39:01.913   930  1396 I Lyric   : camera_powerhal_impl.cc:304: CAMERA_STREAMING_STANDARD mode unset
05-17 16:39:01.913   930  1396 I Lyric   : camera_powerhal_impl.cc:304: CAMERA_GPU_STANDARD mode unset
05-17 16:39:01.913   930  1396 I Lyric   : malloc_tracker.cc:52: Total allocation count: 0; Active allocation count: 0; recorded allocations: 0; unique allocation sizes: 0
05-17 16:39:01.913   930  1396 I Lyric   : camera_device_session_manager_base.cc:1194: Attempting to stop graph:top_graph_for_camera_Front
05-17 16:39:01.913   930  1402 I Lyric   : page_release_controller.cc:151: Reenabling page releasing.
05-17 16:39:01.913   930  1396 I Lyric   : sensor_node.cc:1645: sensor flush called with flush_mark at request: 0
05-17 16:39:01.913   930  1396 I Lyric   : segmentation_node.cc:504: segmentation flush called at flush_mark_frame_number: 9223372036854774807
05-17 16:39:01.913   930  1396 I Lyric   : statistics_node.cc:596: Statistics output frame stats (ignores fence-signaled drops): {process_input_count = 2, dropped_all_outputs = 2, valid_ae = 0, valid_pre_lsc_ae = 0, valid_uae = 0, valid_awb = 0, valid_histogram = 0, valid_flicker = 0, valid_motion = 0, valid_cdaf = 0, valid_pdaf = 0, valid_align = 0, valid_alias_map = 0, valid_gaussian_pyramid = 0, valid_multi_planar_image_pyramid = 0, valid_scaled_rgb_stats = 0, valid_scaled_yuv_stats = 0, valid_lsc = 0, valid_bilateral_grid = 0, valid_scaled_rgb = 0, valid_scaled_yuv = 0, valid_cam_data_dump = 0, valid_pixel_patch = 0}
05-17 16:39:01.913   930  1396 I Lyric   : ipp_driver.cc:2520: IPP(1) flush, count of remaining GP: 2
05-17 16:39:01.913   930  1396 I Lyric   : g3aa_driver.cc:1775: Flush() begin
05-17 16:39:01.913   930  1396 I Lyric   : g3aa_driver.cc:1792: Flush() end
05-17 16:39:01.913   930  1396 I Lyric   : itp_driver.cc:1342: Camera 1 ITP skip flushing because driver is not running; context 0xb4000077f860d1d0, dimension: 3280x2464 (VOTF)
05-17 16:39:01.913   930  1396 I Lyric   : whi_mesh_warp_controller.cc:431: Flush votf and whi-common-gdc0
05-17 16:39:01.913   930  1396 I Lyric   : whi_mesh_warp_controller.cc:438: whi-common-gdc0 flush completed.
05-17 16:39:01.913   930  1396 I Lyric   : whi_scaler_controller.cc:144: flush votf and scaler
05-17 16:39:01.913   930  1396 I Lyric   : common_scaler_driver.cc:617: whi-scsc: flushed 0 frames; took 3.214us
05-17 16:39:01.913   930  1396 I Lyric   : whi_scaler_controller.cc:153: flush votf and scaler completed
05-17 16:39:01.914   930  1396 I Lyric   : processing_graph.cc:658: top_graph_for_camera_Front starting OutputPort production audit...
05-17 16:39:01.914   930  1396 I Lyric   : processing_graph.cc:722: OutputPort production audit passed, no anomalies detected :)
05-17 16:39:01.914   930  1403 I Lyric   : multisensor_controller.cc:959: Front StopStreaming, waiting on barrier, request: 4294967295
05-17 16:39:01.915   930  1401 I native  : I0000 00:00:1779016141.915166    1401 gcam_face_ssd.cc:813] Face Detection: Clearing cached buffer handles.
05-17 16:39:01.915   930  1401 E native  : E0000 00:00:1779016141.915228    1401 gcam_tflite_client.cc:323] Face Detection: Error clearing cached buffer handles because delegate is nullptr.
05-17 16:39:01.915   930  1401 I Lyric   : face_detection_engine_face_ssd.cc:346: Face Detection: ~FaceDetectionEngineFaceSsd::delete ensemble detector takes 72.917us
05-17 16:39:01.916   930  1401 I Lyric   : front_end_controller.cc:2020: dpm: frontend context 1 updating power mode to standby mode node_type: 1
05-17 16:39:01.916   930  1401 I Lyric   : csi_context.cc:2408: CSI context 1 start to wait [Number of pending buffers:2. Pending dma_to_buffer dma_addr: (0xf5826800) target frame count 15 target frame time: 33.97035875ms Pending dma_to_buffer dma_addr: (0xf6a26800) target frame count 14 target frame time: 33.97035875ms] for 403.8221525ms
05-17 16:39:01.916   930 30675 I Lyric   : csi_wdma.cc:1706: [FEIRQ] Received ZSL WDMA 1 event: CsiZslDma.Int.Context1FrameEnd0 counter: 13 time: 426634526443123
05-17 16:39:01.916   930 30675 I Lyric   : csi_context.cc:1065: Camera ID(1) WDMA(CsisZsl1), logical channel(0), [EOF] SW frame count:13, inflight buf =Inflight size: 2
05-17 16:39:01.916   930 30675 I Lyric   : csi_wdma.cc:2026: [CSI DMA] Camera ID(1) WDMA(CsisZsl1) logical channel(0) DequeueBuffer() -> inflight buffer queue size: 1, dequeued dma_addr: 0xf6a26800
05-17 16:39:01.916   930  1402 I Lyric   : itp_driver.cc:1885: Camera 1: frame -1 UpdatePowerMode: mode 4
05-17 16:39:01.916   930  1402 I Lyric   : dpm_bandwidth_controller_v1.cc:175: dpm: updating bandwidth for device itp bandwidth_read: 0 bandwidth_write: 0 bandwidth_peak: 0 bandwidth_rt: 0
05-17 16:39:01.918   930  1402 I Lyric   : gtnr_merge_driver.cc:826: 
05-17 16:39:01.918   930  1402 I Lyric   :  WhiGtnrMergeDriver dump 
05-17 16:39:01.918   930  1402 I Lyric   :  acquired contexts 
05-17 16:39:01.918   930  1402 I Lyric   : context: 0xb40000784857dcc8 Camera: 0 power-up-only 
05-17 16:39:01.918   930  1402 I Lyric   : context: 0xb40000784857de68 Camera: 1 votf-enabled
05-17 16:39:01.918   930  1402 I Lyric   : ivotf slc buffer pointer: &{type: CachePartition, Size: 1310720, FD: 225, PartitionId: 5, Attributes: Transport: DMA, CPU Access: true, GPU Access: false, Security: None, Cached: Cached, Compression: None}
05-17 16:39:01.918   930  1402 I Lyric   : curr rdma slc buffer pointer: &{type: CachePartition, Size: 2097152, FD: 222, PartitionId: 6, Attributes: Transport: DMA, CPU Access: true, GPU Access: false, Security: None, Cached: Cached, Compression: None}
05-17 16:39:01.918   930  1402 I Lyric   : prev rdma slc buffer pointer: &{type: CachePartition, Size: 1048576, FD: 226, PartitionId: 8, Attributes: Transport: DMA, CPU Access: true, GPU Access: false, Security: None, Cached: Cached, Compression: None}
05-17 16:39:01.918   930  1402 I Lyric   : End of WhiGtnrMergeDriver dump 
05-17 16:39:01.918   930  1402 I Lyric   : 
