05-17 16:39:01.918   930  1402 I Lyric   : luma_denoise_module.cc:374: GTNR merge disenroll luma buffers
05-17 16:39:01.918   930 30675 I Lyric   : csi_context.cc:929: Camera ID(1) Csi Link(4), SOF 15, frame seq count:15, timestamp 426634528309212
05-17 16:39:01.918   930 30675 I Lyric   : csi_wdma.cc:1828: Camera ID(1) WDMA(CsisZsl1) Channel(0) dma enable = 1, expected frame = 1, active frame ptr = 0, active_dma_ctr = f81, current fro frame = 0, dma_addr = 0xf5826800, dma_ctrl = 0xf82
05-17 16:39:01.918   930 30675 I Lyric   : csi_context.cc:2342: Starting FlushMonitor for CSI4
05-17 16:39:01.918   930 30675 I Lyric   : csi_wdma.cc:1706: [FEIRQ] Received ZSL WDMA 1 event: CsiZslDma.Int.Context1FrameStart0 counter: 14 time: 426634528397713
05-17 16:39:01.918   930 30675 I Lyric   : csi_context.cc:1035: Camera ID(1) WDMA(CsisZsl1), logical channel(0), [SOF] SW frame count:14, CSIS LINK frame count:15, inflight buf =Inflight size: 1
05-17 16:39:01.918   930 30675 I Lyric   : csi_context.cc:1047: CSI context 1 is processing the last inflight request, release sensor blocker now
05-17 16:39:01.918   930 30675 I Lyric   : per_camera_barrier_impl.cc:58: Blocker for CsiBlockCam1ToStop released with status: OK without lwis fence.
05-17 16:39:01.918   930 30675 I Lyric   : per_camera_barrier_impl.cc:47: Blocker for CsiBlockCam1ToStart acquired
05-17 16:39:01.918   930  1402 I Lyric   : chroma_denoise_module.cc:107: GTNR merge disenroll chroma buffers
05-17 16:39:01.919   930  1402 I Lyric   : gtnr_merge_driver.cc:826: 
05-17 16:39:01.919   930  1402 I Lyric   :  WhiGtnrMergeDriver dump 
05-17 16:39:01.919   930  1402 I Lyric   :  acquired contexts 
05-17 16:39:01.919   930  1402 I Lyric   : context: 0xb40000784857dcc8 Camera: 0 power-up-only 
05-17 16:39:01.919   930  1402 I Lyric   : ivotf slc buffer pointer: &{type: CachePartition, Size: 1310720, FD: 225, PartitionId: 5, Attributes: Transport: DMA, CPU Access: true, GPU Access: false, Security: None, Cached: Cached, Compression: None}
05-17 16:39:01.919   930  1402 I Lyric   : curr rdma slc buffer pointer: &{type: CachePartition, Size: 2097152, FD: 222, PartitionId: 6, Attributes: Transport: DMA, CPU Access: true, GPU Access: false, Security: None, Cached: Cached, Compression: None}
05-17 16:39:01.919   930  1402 I Lyric   : prev rdma slc buffer pointer: &{type: CachePartition, Size: 1048576, FD: 226, PartitionId: 8, Attributes: Transport: DMA, CPU Access: true, GPU Access: false, Security: None, Cached: Cached, Compression: None}
05-17 16:39:01.919   930  1402 I Lyric   : End of WhiGtnrMergeDriver dump 
05-17 16:39:01.919   930  1402 I Lyric   : 
05-17 16:39:01.919   930  1402 I Lyric   : dpm_bandwidth_controller_v1.cc:175: dpm: updating bandwidth for device gtnr-merge bandwidth_read: 0 bandwidth_write: 0 bandwidth_peak: 0 bandwidth_rt: 0
05-17 16:39:01.921   930  1402 I Lyric   : gtnr_align_driver_context.cc:40: About to flush in ~WhiGtnrAlignDriverContext
05-17 16:39:01.921   930  1402 I Lyric   : gtnr_align_driver_context.cc:45: Finished flushing in ~WhiGtnrAlignDriverContext
05-17 16:39:01.921   930  1402 I Lyric   : gtnr_align_driver.cc:609: Canceling 0 pending transaction(s) in TNR align driver for safe power down.
05-17 16:39:01.921   930  1402 I Lyric   : lwis_event_thread.cc:119: LwEv:TnrAl RemovedLwisClient(gtnr-align) from event thread
05-17 16:39:01.921   930 30688 I Lyric   : lwis_event_thread.cc:296: LwEv:TnrAl event thread is ending . . .
05-17 16:39:01.922   930  1402 I Lyric   : dpm_bandwidth_controller_v1.cc:175: dpm: updating bandwidth for device gdc0 bandwidth_read: 0 bandwidth_write: 0 bandwidth_peak: 0 bandwidth_rt: 0
05-17 16:39:01.923   930  1402 I Lyric   : dpm_bandwidth_controller_v1.cc:175: dpm: updating bandwidth for device scsc bandwidth_read: 0 bandwidth_write: 0 bandwidth_peak: 0 bandwidth_rt: 0
05-17 16:39:01.923   930 30691 I Lyric   : common_scaler_driver.cc:735: whi-scsc: exiting processing thread.
05-17 16:39:01.926   930  1402 I Lyric   : three_a_request_node.cc:948: three_a_request: Performance statistics for this session: {process_input_count = 17, dropped_request_count = 0}
05-17 16:39:01.927   930  1402 I native  : I0000 00:00:1779016141.927045    1402 node_profiler.cc:120] enabled=0, broad_cast_period=150, frame_drop_thresh=45
05-17 16:39:01.950   930 30675 I Lyric   : csi_wdma.cc:1706: [FEIRQ] Received ZSL WDMA 1 event: CsiZslDma.Int.Context1FrameEnd0 counter: 14 time: 426634560387541
05-17 16:39:01.950   930 30675 I Lyric   : csi_context.cc:1065: Camera ID(1) WDMA(CsisZsl1), logical channel(0), [EOF] SW frame count:14, inflight buf =Inflight size: 1
05-17 16:39:01.950   930 30675 I Lyric   : csi_wdma.cc:2026: [CSI DMA] Camera ID(1) WDMA(CsisZsl1) logical channel(0) DequeueBuffer() -> inflight buffer queue size: 0, dequeued dma_addr: 0xf5826800
05-17 16:39:01.952   930  1401 I Lyric   : csi_context.cc:2096: dpm: sensor width 3280 h: 2464 fps: 30 pixel rate 282620000 headroom: 0
05-17 16:39:01.952   930  1401 I Lyric   : csi_driver.cc:1473: [CSI BW] CSIS_D0 BW: 0 wdmas: 
05-17 16:39:01.952   930  1401 I Lyric   : csi_driver.cc:1475: [CSI BW] CSIS_D1 BW: 0 wdmas: 
05-17 16:39:01.952   930  1401 I Lyric   : csi_driver.cc:1477: [CSI BW] Update Required BW: 0, Required Clock: 70655000, Required peak BW: 0
05-17 16:39:01.952   930  1401 I Lyric   : dpm_bandwidth_controller_v1.cc:175: dpm: updating bandwidth for device csi bandwidth_read: 0 bandwidth_write: 0 bandwidth_peak: 0 bandwidth_rt: 0
05-17 16:39:01.952   930  1401 I Lyric   : per_camera_barrier_impl.cc:58: Blocker for IppBlockCam1ToStop released with status: OK without lwis fence.
05-17 16:39:01.952   930  1401 I Lyric   : dpm_bandwidth_controller_v1.cc:175: dpm: updating bandwidth for device ipp bandwidth_read: 0 bandwidth_write: 0 bandwidth_peak: 0 bandwidth_rt: 0
05-17 16:39:01.952   930  1401 I Lyric   : g3aa_driver.cc:1683: ------------------------------------------------------
05-17 16:39:01.952   930  1401 I Lyric   : g3aa_driver.cc:1684: G3AA power mode for context 1 changing from LowPowerUltra(LowPowerUltra) -> Standby(Standby)
05-17 16:39:01.952   930  1401 I Lyric   : g3aa_driver.cc:1689: ------------------------------------------------------
05-17 16:39:01.952   930 30675 I Lyric   : csi_context.cc:929: Camera ID(1) Csi Link(4), SOF 16, frame seq count:16, timestamp 426634562270027
05-17 16:39:01.952   930 30675 I Lyric   : csi_wdma.cc:1828: Camera ID(1) WDMA(CsisZsl1) Channel(0) dma enable = 0, expected frame = 0, active frame ptr = 0, active_dma_ctr = f80, current fro frame = 0, dma_addr = 0xf5826800, dma_ctrl = 0xf82
05-17 16:39:01.952   930 30675 I Lyric   : csi_context.cc:961: Camera ID(1) All WDMA is IDLE now
05-17 16:39:01.952   930  1401 I Lyric   : g3aa_pipeline.cc:840: [Bayer1] Disabling pipeline
05-17 16:39:01.952   930  1401 I Lyric   : g3aa_pipeline.cc:691: [Bayer1] Drain(timeout=0) entered. next_frame_number=17, next_shadow_set=1, last_hw_frame_num=15, last_sw_sof_event_count=15
05-17 16:39:01.952   930  1401 W Lyric   : g3aa_pipeline.cc:705: [Bayer1] Draining the pipeline without waiting for the HW to finish. This is safe only if the HW has already been globally reset
05-17 16:39:01.952   930  1401 I Lyric   : g3aa_pipeline.cc:389: [Bayer1] There are 1 pending transactions to cancel for frames: [16]
05-17 16:39:01.952   930  1401 W Lyric   : g3aa_pipeline.cc:424: [Bayer1][Frame 16] Canceling transaction id 28146 for shadow 0: [FAILED]
05-17 16:39:01.952   930  1401 I Lyric   : g3aa_pipeline.cc:787: [Bayer1] Waiting for pipeline to drain. There are 1 pending transactions for frames: [16], 0 dropped frames: []
05-17 16:39:01.952   930  1401 W Lyric   : g3aa_pipeline.cc:720: [Bayer1] WaitUntilDrained() failed: DEADLINE_EXCEEDED: [Bayer1] Timed out waiting for the pipeline to drain. 1 pending requests remain for frames: [16]
05-17 16:39:01.952   930  1401 E Lyric   : g3aa_pipeline.cc:1183: [Bayer1][Frame 16] Pending interrupt mask: 0X17F3
05-17 16:39:01.952   930  1401 W Lyric   : g3aa_pipeline.cc:461: [Bayer1] Clearing pending requests for frames: [16]
05-17 16:39:01.952   930  1401 I Lyric   : g3aa_pipeline.cc:745: [Bayer1] Drained; next_frame_number=17, next_shadow_set=1, last_hw_frame_num=15, last_sw_sof_event_count=15
05-17 16:39:01.952   930  1401 I Lyric   : dpm_bandwidth_controller_v1.cc:175: dpm: updating bandwidth for device g3aa bandwidth_read: 0 bandwidth_write: 0 bandwidth_peak: 0 bandwidth_rt: 0
05-17 16:39:01.952   930  1401 I Lyric   : g3aa_driver.cc:1748: G3AA power mode for context 1 changed to Standby(Standby) done
05-17 16:39:01.952   930  1401 I Lyric   : g3aa_driver.cc:1983: Number of active HW contexts: 1, power-up-only contexts: 1. Details:
05-17 16:39:01.952   930 30676 W Lyric   : g3aa_pipeline.cc:2156: 1 calls in 260 sec(s): [Bayer1][Frame 16][SOF 16][ VALID ] frame_id: [16]:15, Timestamp: 426634562365812, HW was last programmed at SOF of Frame 15 Queue: [].
05-17 16:39:01.952   930  1401 I Lyric   : g3aa_driver.cc:1994: 	Context 1, Bayer1 pipeline. Acquired: true. Enabled: false
05-17 16:39:01.952   930  1401 I Lyric   : g3aa_driver.cc:1994: 	Context 1, PDAF1 pipeline. Acquired: false. Enabled: false
05-17 16:39:01.952   930 30694 I Lyric   : sensor_generic_driver.cc:1291: MEDUSA stream off success.
05-17 16:39:01.953   930  1403 I Lyric   : sensor_generic_driver.cc:6867: MEDUSA is_reading_frame:1, frame count:16, eof event count:15, waiting for last frame EOF.
05-17 16:39:01.983   930 30676 W Lyric   : g3aa_pipeline.cc:99: [Bayer1] Received an interrupt (G3aa.Interrupts.Context1BayerMotionMetering) with no in-flight requests! Dropped: 1, EventCount: 15, EventId {flags: hw | device: 6 | code: 0x0000002c}
05-17 16:39:01.984   930 30676 W Lyric   : g3aa_pipeline.cc:99: [Bayer1] Received an interrupt (G3aa.Interrupts.Context1BayerHistogram0) with no in-flight requests! Dropped: 1, EventCount: 15, EventId {flags: hw | device: 6 | code: 0x00000028}
05-17 16:39:01.984   930 30676 W Lyric   : g3aa_pipeline.cc:99: [Bayer1] Received an interrupt (G3aa.Interrupts.Context1BayerHistogram1) with no in-flight requests! Dropped: 1, EventCount: 15, EventId {flags: hw | device: 6 | code: 0x00000029}
05-17 16:39:01.984   930 30676 W Lyric   : g3aa_pipeline.cc:99: [Bayer1] Received an interrupt (G3aa.Interrupts.Context1BayerHistogram2) with no in-flight requests! Dropped: 1, EventCount: 15, EventId {flags: hw | device: 6 | code: 0x0000002a}
05-17 16:39:01.984   930 30676 W Lyric   : g3aa_pipeline.cc:99: [Bayer1] Received an interrupt (G3aa.Interrupts.Context1BayerFlickerStats) with no in-flight requests! Dropped: 1, EventCount: 15, EventId {flags: hw | device: 6 | code: 0x00000027}
05-17 16:39:01.984   930 30676 W Lyric   : g3aa_pipeline.cc:99: [Bayer1] Received an interrupt (G3aa.Interrupts.Context1BayerLscStats) with no in-flight requests! Dropped: 1, EventCount: 15, EventId {flags: hw | device: 6 | code: 0x00000026}
05-17 16:39:01.984   930 30676 W Lyric   : g3aa_pipeline.cc:99: [Bayer1] Received an interrupt (G3aa.Interrupts.Context1BayerAeStats) with no in-flight requests! Dropped: 1, EventCount: 15, EventId {flags: hw | device: 6 | code: 0x00000024}
05-17 16:39:01.984   930 30676 W Lyric   : g3aa_pipeline.cc:99: [Bayer1] Received an interrupt (G3aa.Interrupts.Context1BayerAwbStats) with no in-flight requests! Dropped: 1, EventCount: 15, EventId {flags: hw | device: 6 | code: 0x00000025}
05-17 16:39:01.984   930 30676 W Lyric   : g3aa_pipeline.cc:99: [Bayer1] Received an interrupt (G3aa.Interrupts.Context1BayerEndOfFrame) with no in-flight requests! Dropped: 1, EventCount: 15, EventId {flags: hw | device: 6 | code: 0x00000021}
05-17 16:39:01.985   930 30694 I Lyric   : sensor_generic_driver.cc:1152: MEDUSA Received last EOF, sensor frame count:255, offset eof event count:16
05-17 16:39:01.985   930 30694 I Lyric   : sensor_generic_driver.cc:1163: MEDUSA EOF received; signal fence and stream off.
05-17 16:39:01.985   930  1403 I Lyric   : sensor_generic_driver.cc:1365:  event thread stopped.
05-17 16:39:01.985   930  1403 I Lyric   : sensor_generic_driver.cc:1809: MEDUSA sensor frame drop rate at stream off: 6.25%. drop rate for hw sync: 0%
05-17 16:39:01.985   930  1403 I Lyric   : sensor_generic_driver.cc:1852: MEDUSA stream off, size: {width: 3280, height: 2464}, frame rate range: [7.5, 30]
05-17 16:39:01.985   930  1403 I Lyric   : per_camera_barrier_impl.cc:58: Blocker for MultiSensorController_Stop released with status: OK without lwis fence.
05-17 16:39:01.985   930  1401 I Lyric   : csi_context.cc:665: Camera ID(1) skip wait for EOF 16 for specific sensor
05-17 16:39:01.985   930  1401 I Lyric   : csi_context.cc:706: Camera ID(1) CleanupContextLocked() +++ 
05-17 16:39:01.985   930  1401 I Lyric   : csi_context.cc:750: Camera ID(1) dma_to_buffer size: (0)
05-17 16:39:01.985   930  1403 I Lyric   : dpm_bandwidth_controller_v1.cc:489: Update minimum MIF clock to 0 number of active sensor: 0
05-17 16:39:01.985   930  1403 I Lyric   : dpm_bandwidth_controller.cc:120: dpm: required_clock is 70585020 min_frontend_clock_requirement_: 70585020 sensor streaming: 0
05-17 16:39:01.985   930  1401 I Lyric   : csi_context.cc:813: Camera ID(1) CleanupContextLocked() --- 
05-17 16:39:01.985   930  1401 I Lyric   : csi_driver.cc:1473: [CSI BW] CSIS_D0 BW: 0 wdmas: 
05-17 16:39:01.985   930  1401 I Lyric   : csi_driver.cc:1475: [CSI BW] CSIS_D1 BW: 0 wdmas: 
05-17 16:39:01.985   930  1401 I Lyric   : csi_driver.cc:1477: [CSI BW] Update Required BW: 0, Required Clock: 0, Required peak BW: 0
05-17 16:39:01.986   930  1401 I Lyric   : dpm_bandwidth_controller_v1.cc:175: dpm: updating bandwidth for device csi bandwidth_read: 0 bandwidth_write: 0 bandwidth_peak: 0 bandwidth_rt: 0
05-17 16:39:01.986   930  1401 I Lyric   : csi_driver.cc:1275:  Successfully cleaned up CSI context 0xb4000078885fd380
05-17 16:39:01.986   930  1401 I Lyric   : pdp_driver.cc:272: PDP: releasing context 0xb4000078485826f0
05-17 16:39:01.986   930  1401 I Lyric   : pdp_driver.cc:990: PDP: about to SetHwEventsEnable to 0 for context 1
05-17 16:39:01.986   930  1401 I Lyric   : g3aa_driver.cc:957: ------------------------------------------------------
05-17 16:39:01.986   930  1401 I Lyric   : g3aa_driver.cc:958: Releasing context 1
05-17 16:39:01.986   930  1401 I Lyric   : g3aa_driver.cc:962: ------------------------------------------------------
05-17 16:39:01.986   930  1401 I Lyric   : g3aa_pipeline.cc:840: [Bayer1] Disabling pipeline
05-17 16:39:01.986   930  1401 I Lyric   : g3aa_pipeline.cc:843: [Bayer1] Already disabled
05-17 16:39:01.986   930  1401 I Lyric   : g3aa_pipeline.cc:691: [Bayer1] Drain(timeout=0) entered. next_frame_number=17, next_shadow_set=1, last_hw_frame_num=16, last_sw_sof_event_count=16
05-17 16:39:01.986   930  1401 I Lyric   : g3aa_pipeline.cc:389: [Bayer1] There are 0 pending transactions to cancel for frames: []
05-17 16:39:01.986   930  1401 I Lyric   : g3aa_pipeline.cc:787: [Bayer1] Waiting for pipeline to drain. There are 0 pending transactions for frames: [], 1 dropped frames: [16]
05-17 16:39:01.986   930  1401 I Lyric   : g3aa_pipeline.cc:803: [Bayer1] Pipeline drained.
05-17 16:39:01.986   930  1401 I Lyric   : g3aa_pipeline.cc:745: [Bayer1] Drained; next_frame_number=17, next_shadow_set=1, last_hw_frame_num=16, last_sw_sof_event_count=16
05-17 16:39:01.986   930  1401 I Lyric   : g3aa_pipeline.cc:337: [Bayer1] Releasing pipeline, graph_stopped: true
05-17 16:39:01.986   930  1401 I Lyric   : g3aa_pipeline.cc:363: [Bayer1] clearing dropped_frames_ queue with [16] since graph stop was called 
05-17 16:39:01.986   930  1401 I Lyric   : g3aa_pipeline.cc:2224: [Bayer1] Frame Drop Dump; Skipped: [2]. Frame drop rate: 5.56%
05-17 16:39:01.986   930  1401 I Lyric   : g3aa_driver.cc:1983: Number of active HW contexts: 0, power-up-only contexts: 1. Details:
05-17 16:39:01.987   930  1401 I Lyric   : front_end_controller.cc:2031: dpm: frontend context (all sub-drivers) 1 power mode changed to standy mode
05-17 16:39:01.987   930  1401 E Lyric   : software_fence.cc:40: Resetting unsignaled fence 1
05-17 16:39:01.989   930  1401 I Lyric   : gtnr_merge_driver.cc:826: 
05-17 16:39:01.989   930  1401 I Lyric   :  WhiGtnrMergeDriver dump 
05-17 16:39:01.989   930  1401 I Lyric   :  acquired contexts 
05-17 16:39:01.989   930  1401 I Lyric   : curr rdma slc buffer pointer: &{type: CachePartition, Size: 2097152, FD: 222, PartitionId: 6, Attributes: Transport: DMA, CPU Access: true, GPU Access: false, Security: None, Cached: Cached, Compression: None}
05-17 16:39:01.989   930  1401 I Lyric   : End of WhiGtnrMergeDriver dump 
05-17 16:39:01.989   930  1401 I Lyric   : 
05-17 16:39:01.989   930  1401 I Lyric   : gtnr_merge_driver.cc:842: Canceling 0 pending command(s) in TNR merge driver for safe power down.
05-17 16:39:01.989   930  1401 I Lyric   : lwis_event_thread.cc:119: LwEv:TnrMg RemovedLwisClient(gtnr-merge|TnrMg) from event thread
05-17 16:39:01.989   930 30687 I Lyric   : lwis_event_thread.cc:296: LwEv:TnrMg event thread is ending . . .
05-17 16:39:01.989   930  1401 I Lyric   : gtnr_merge_driver.cc:1335: TNR powering down hardware
05-17 16:39:01.989   930  1401 I Lyric   : gtnr_merge_frame_control_helper.cc:344: Flushed for power down.
05-17 16:39:01.989   930  1401 I Lyric   : gtnr_merge_frame_control_helper.cc:372: Sw reset for power down.
05-17 16:39:01.989   930  1401 I Lyric   : gtnr_merge_driver.cc:1358: TNR disabling hardware
05-17 16:39:01.989   930  1401 I Lyric   : itp_driver.cc:318: ITP powering down and disabling hardware
05-17 16:39:01.990   930  1401 I Lyric   : pdp_driver.cc:272: PDP: releasing context 0xb4000078f8675dd0
05-17 16:39:01.990   930  1401 I Lyric   : csi_context.cc:706: Camera ID(not set) CleanupContextLocked() +++ 
05-17 16:39:01.990   930  1401 I Lyric   : csi_context.cc:750: Camera ID(not set) dma_to_buffer size: (0)
05-17 16:39:01.990   930  1401 I Lyric   : csi_context.cc:813: Camera ID(not set) CleanupContextLocked() --- 
05-17 16:39:01.990   930  1401 I Lyric   : csi_driver.cc:1275:  Successfully cleaned up CSI context 0xb4000078886019f0
05-17 16:39:01.991   930  1401 I Lyric   : csi_context.cc:706: Camera ID(not set) CleanupContextLocked() +++ 
05-17 16:39:01.991   930  1401 I Lyric   : csi_context.cc:750: Camera ID(not set) dma_to_buffer size: (0)
05-17 16:39:01.991   930  1401 I Lyric   : csi_context.cc:813: Camera ID(not set) CleanupContextLocked() --- 
05-17 16:39:01.991   930  1401 I Lyric   : csi_driver.cc:1275:  Successfully cleaned up CSI context 0xb4000078885dc840
05-17 16:39:01.991   930  1401 I Lyric   : lwis_event_thread.cc:119: LwEv:Csi RemovedLwisClient(csi) from event thread
05-17 16:39:01.991   930 30675 I Lyric   : lwis_event_thread.cc:296: LwEv:Csi event thread is ending . . .
05-17 16:39:01.992   930  1401 I Lyric   : pdp_driver.cc:272: PDP: releasing context 0xb4000078f865e530
05-17 16:39:01.992   930  1401 I Lyric   : pdp_driver.cc:441: PDP: about to power down
05-17 16:39:01.992   930  1401 I Lyric   : pdp_driver.cc:451: PDP: about to stop hardware
05-17 16:39:01.992   930  1401 I Lyric   : pdp_driver.cc:454: PDP: finish stopping hardware
05-17 16:39:01.992   930  1401 I Lyric   : pdp_driver.cc:1016: PDP: about to SetLwisEventsEnable to 0
05-17 16:39:01.992   930  1401 I Lyric   : pdp_driver.cc:1032: PDP: finished SetLwisEventsEnable to 0
05-17 16:39:01.992   930  1401 I Lyric   : pdp_driver.cc:462: PDP: about to disable device
05-17 16:39:01.992   930  1401 I Lyric   : pdp_driver.cc:466: PDP: device disabled
05-17 16:39:01.992   930  1401 I Lyric   : lwis_event_thread.cc:119: LwEv:Pdp RemovedLwisClient(pdp) from event thread
05-17 16:39:01.992   930 30674 I Lyric   : lwis_event_thread.cc:296: LwEv:Pdp event thread is ending . . .
05-17 16:39:01.992   930  1401 I Lyric   : pdp_driver.cc:483: PDP: finished power down
05-17 16:39:01.992   930  1401 I Lyric   : lwis_event_thread.cc:119: LwEv:Ipp RemovedLwisClient(ipp) from event thread
05-17 16:39:01.992   930 30673 I Lyric   : lwis_event_thread.cc:296: LwEv:Ipp event thread is ending . . .
05-17 16:39:01.992   930  1401 I Lyric   : g3aa_driver.cc:957: ------------------------------------------------------
05-17 16:39:01.992   930  1401 I Lyric   : g3aa_driver.cc:958: Releasing context [Power Up]
05-17 16:39:01.992   930  1401 I Lyric   : g3aa_driver.cc:962: ------------------------------------------------------
05-17 16:39:01.992   930  1401 I Lyric   : g3aa_driver.cc:1983: Number of active HW contexts: 0, power-up-only contexts: 0. Details:
05-17 16:39:01.992   930  1401 I Lyric   : lwis_event_thread.cc:119: LwEv:G3aa RemovedLwisClient(g3aa) from event thread
05-17 16:39:01.992   930 30676 I Lyric   : lwis_event_thread.cc:296: LwEv:G3aa event thread is ending . . .
05-17 16:39:01.993   930  1401 W Lyric   : g3aa_driver.cc:329: DisconnectFromPdp() function is called for Sysreg.
05-17 16:39:01.993   930  1401 W Lyric   : g3aa_driver.cc:342: G3AA disconnected from PDP via Sysreg. G3AA will no longer receive data from PDP.
05-17 16:39:01.993   930  1401 I Lyric   : g3aa_driver.cc:408: Powering down . . .
05-17 16:39:01.993   930  1401 I Lyric   : g3aa_driver.cc:1094: Disabling LWIS events for context 0
05-17 16:39:01.993   930  1401 I Lyric   : g3aa_pipeline.cc:2289: [Bayer0] Pipeline received power down notification
05-17 16:39:01.993   930  1401 I Lyric   : g3aa_pipeline.cc:435: [Bayer0] There is no repeating SOF-sync transaction to cancel
05-17 16:39:01.993   930  1401 I Lyric   : g3aa_pipeline.cc:2289: [PDAF0] Pipeline received power down notification
05-17 16:39:01.993   930  1401 I Lyric   : g3aa_pipeline.cc:435: [PDAF0] There is no repeating SOF-sync transaction to cancel
05-17 16:39:01.993   930  1401 I Lyric   : g3aa_driver.cc:1094: Disabling LWIS events for context 1
05-17 16:39:01.993   930  1401 I Lyric   : g3aa_pipeline.cc:2289: [Bayer1] Pipeline received power down notification
05-17 16:39:01.993   930  1401 I Lyric   : g3aa_pipeline.cc:448: [Bayer1] Canceling repeating SOF-sync transaction id 28131: [OK]
05-17 16:39:01.993   930  1401 I Lyric   : g3aa_pipeline.cc:2289: [PDAF1] Pipeline received power down notification
05-17 16:39:01.993   930  1401 I Lyric   : g3aa_pipeline.cc:435: [PDAF1] There is no repeating SOF-sync transaction to cancel
05-17 16:39:01.993   930  1401 I Lyric   : g3aa_driver.cc:1094: Disabling LWIS events for context 2
05-17 16:39:01.993   930  1401 I Lyric   : g3aa_pipeline.cc:2289: [Bayer2] Pipeline received power down notification
05-17 16:39:01.993   930  1401 I Lyric   : g3aa_pipeline.cc:435: [Bayer2] There is no repeating SOF-sync transaction to cancel
05-17 16:39:01.993   930  1401 I Lyric   : front_end_controller.cc:1336: dpm: successfully released powered up driver contexts.
05-17 16:39:01.994   930  1396 I Lyric   : camera_device_session_manager_base.cc:1198: Successfully stopped graph:top_graph_for_camera_Front
05-17 16:39:01.994   930  1396 I Lyric   : camera_device_session_manager_base.cc:898: Attempting to destroy graph:top_graph_for_camera_Front
05-17 16:39:01.995   930  1396 W Lyric   : graph_runner.cc:219: GraphRunner::StopGraph(1) called on a graph that is not running.
05-17 16:39:01.996   930  1396 I Lyric   : sensor_node.cc:538: sensor Releasing sensor context.
05-17 16:39:01.996   930  1396 I Lyric   : dpm_bandwidth_controller.cc:120: dpm: required_clock is 0 min_frontend_clock_requirement_: 70585020 sensor streaming: 0
05-17 16:39:01.996   930  1396 I Lyric   : dpm_bandwidth_controller.cc:144: Vote for front-end clock for freq 0
05-17 16:39:02.002   930  1396 I Lyric   : sensor_node.cc:544: sensor Sensor context released, spent 6.150512ms
05-17 16:39:02.003   930  1396 I Lyric   : camera_device_session_manager_base.cc:968: Successfully destroyed graph:top_graph_for_camera_Front
05-17 16:39:02.003   930  1396 I Lyric   : camera_device_session_hwl_impl.cc:424: Destroyed CameraDeviceSessionHwlImpl for camera 1
05-17 16:39:02.003   930  1396 I Lyric   : camera_powerhal_impl.cc:204: CancelPowerBoost CAMERA_LAUNCH
05-17 16:39:02.003   930  1396 I Lyric   : camera_powerhal_impl.cc:204: CancelPowerBoost CAMERA_VIDEO_RECORDING
05-17 16:39:02.003   930  1396 I Lyric   : camera_powerhal_impl.cc:204: CancelPowerBoost CAMERA_HIGH_PERFORMANCE_BOOST
05-17 16:39:02.003   930  1396 I Lyric   : camera_powerhal_impl.cc:204: CancelPowerBoost CAMERA_LAUNCH_EXTENDED
05-17 16:39:02.003   930  1396 I Lyric   : camera_powerhal_impl.cc:204: CancelPowerBoost CAMERA_BACKEND_BOOST
05-17 16:39:02.003   930  1396 I Lyric   : camera_powerhal_impl.cc:204: CancelPowerBoost CAMERA_MULTICAM_BOOST
05-17 16:39:02.004   930  1846 I G3ACoordinator: coordinator.cc:1050: Coordinator NotifyCaptureSessionClose called for camera: {position: front, lens_type: normal, spectrum: visible, instance: real, capability: {default_mode: 1, in_sensor_hdr: 1, remosaic: 0, max_resolution: 0, cropped_fov: 0, multiframe_hdr: 0}}
05-17 16:39:02.004   930  1402 I Lyric   : device_context.cc:216: Closing cameras synchronously
05-17 16:39:02.004   930  1846 I G3ACoordinator: coordinator.cc:1074: Coordinator AfNotifyCaptureSessionClose called for camera: {position: front, lens_type: normal, spectrum: visible, instance: real, capability: {default_mode: 1, in_sensor_hdr: 1, remosaic: 0, max_resolution: 0, cropped_fov: 0, multiframe_hdr: 0}}
05-17 16:39:02.004   930  1402 W Lyric   : device_context.cc:418: NotifyCaptureSessionClose: No OisController found for physical camera Front. Status: NOT_FOUND: Failed to find controller by type and camera id(Front); Controller with ID: optical image stabilization controller for camera: Front not present in device_context
05-17 16:39:02.004   930  1846 I Lyric   : external_auto_scene_detection_controller_proxy.cc:184: ExternalAutoSceneDetectionControllerProxy::NotifyCaptureSessionClose called for camera: {position: front, lens_type: normal, spectrum: visible, instance: real, capability: {default_mode: 1, in_sensor_hdr: 1, remosaic: 0, max_resolution: 0, cropped_fov: 0, multiframe_hdr: 0}}
05-17 16:39:02.004   930  1846 I Lyric   : external_auto_white_balance_controller_proxy.cc:237: ExternalAutoWhiteBalanceControllerProxy::NotifyCaptureSessionClose called for camera: {position: front, lens_type: normal, spectrum: visible, instance: real, capability: {default_mode: 1, in_sensor_hdr: 1, remosaic: 0, max_resolution: 0, cropped_fov: 0, multiframe_hdr: 0}}
05-17 16:39:02.004   930  1846 I Lyric   : device_context.cc:289: Unable to get SaliencyController. Status: NOT_FOUND: Failed to find controller by type; Controller with ID: saliency controller not present in device_context
05-17 16:39:02.004   930  1846 I Lyric   : device_context.cc:311: Unable to get RoiTrackingController. Status: NOT_FOUND: Failed to find controller by type; Controller with ID: Roi tracking controller not present in device_context
05-17 16:39:02.004   930  1846 I Lyric   : device_context.cc:322: Unable to get SoftwareFocusValueController. Status: NOT_FOUND: Failed to find controller by type; Controller with ID: software focus value controller not present in device_context
05-17 16:39:02.004   930  1396 I StreamBufferCacheManager: ~StreamBufferCacheManager: Destroying stream buffer cache manager.
05-17 16:39:02.004   930 30693 I StreamBufferCacheManager: WorkloadThreadLoop: Exiting stream buffer cache manager workload thread.
05-17 16:39:02.004   930  1396 I Lyric   : camera_latency_analyzer.cc:113: [CLA] Cam1-Close
05-17 16:39:02.004   930  1396 I Lyric   : camera_latency_analyzer.cc:115: [CLA] (Cam1-Close) Flush latency: 5.34115
05-17 16:39:02.004   930  1396 I Lyric   : camera_latency_analyzer.cc:115: [CLA] (Cam1-Close) <-- IDLE --> latency: 0.635051
05-17 16:39:02.004   930  1396 I Lyric   : camera_latency_analyzer.cc:115: [CLA] (Cam1-Close) Close latency: 91.5197
05-17 16:39:02.004   930  1396 I Lyric   : camera_latency_analyzer.cc:115: [CLA] (Cam1-Close) Overall latency: 97.5038
05-17 16:39:02.004   930  1396 I Lyric   : camera_latency_analyzer.cc:115: [CLA] (Cam1-Close) HAL Total latency: 96.8575
05-17 16:39:02.004   947   947 D usf_sensor_hal: ambient light: Enter Batch. Period = 250000000, latency = 0.
05-17 16:39:02.004  1136  2899 I CameraLatencyHistogram: Stream 0 dequeueBuffer latency histogram (12) samples:
05-17 16:39:02.004  1209  1209 D AOC     : A3:MSG: usf_sensor.cc, 2085: USF: Received reconfig sampling request for TMD3719 Ambient Light.
05-17 16:39:02.005  1136  2899 I CameraLatencyHistogram:         5     10     15     20     25     30     35     40     45    inf (max ms)
05-17 16:39:02.005  1136  2899 I CameraLatencyHistogram:      100.00   0.00   0.00   0.00   0.00   0.00   0.00   0.00   0.00   0.00 (%)
05-17 16:39:02.005   930  1402 I G3ACoordinator: front_als_manager.cc:211: Front ALS sensor disabled
05-17 16:39:02.005   947   947 D usf_sensor_hal: device orientation: Enter Batch. Period = 66667000, latency = 0.
05-17 16:39:02.005   930  1401 I Lyric   : motion_sensor_reader.cc:64: gravity sampling intervals: (count=130, min=4.56958ms, max=4.60004ms, mean=4.58608ms, stddev=0.00354325ms, skew=-0.0582802, kurtosis=8.81712)
05-17 16:39:02.006   947   947 D usf_sensor_hal: gravity: ConfigDirectReport: stop sampling, period = 0.
05-17 16:39:02.006  1136  2899 I CameraService: disconnect: Disconnected client for camera 1 for PID 3846
05-17 16:39:02.006  2294  2789 I HbmSvManager:  Request state 0 req 2
05-17 16:39:02.006  2294  2789 I HbmSvManager:  Request state 1 req 0
05-17 16:39:02.006  2294  2789 I HbmSvManager:  Request state 2 req 0
05-17 16:39:02.006  2294  2789 I HbmSvManager:  Request state 4 req 0
05-17 16:39:02.006  2271  2463 D CameraStateSource: onCameraAvailable: cameraId=1
05-17 16:39:02.007  2271  2463 D CameraStateSource: report CameraAvailability now. CameraAvailability(cameraId=1, availability=true, sequenceNumber=1393)
05-17 16:39:02.007  3846 24763 I gaze    : Trying to close camera
05-17 16:39:02.007  1209  1209 D AOC     : A3:MSG: usf_sensor.cc, 1581: USF: Received stop sampling request for Gravity Sensor (active:0).
05-17 16:39:02.007  1209  1209 D AOC     : A3:MSG: vsc_sensor.cc, 68: VSC: [Gravity Sensor] disable.
05-17 16:39:02.007  1209  1209 D AOC     : A3:MSG: vsc_controller.cc, 550: VSC: [Gravity Sensor] stopSensorEvents: sensor 0x10001
05-17 16:39:02.007  1209  1209 D AOC     : A3:MSG: usf_sensor.cc, 1581: USF: Received stop sampling request for LSM6DSR Accelerometer (active:4).
05-17 16:39:02.007  2308  2402 D LyricConfigProviderService: onCameraClosed: cameraID: 1
05-17 16:39:02.008  1745  1745 I pixel-thermal: VIRTUAL-SKIN:41.2862 raw data: VIRTUAL-SKIN:41286.2 
05-17 16:39:02.008  1209  1209 D AOC     : A3:MSG: lsm6dsr_device.cc, 763: USF: Lsm6dsrDevice: Sensor 0: Enabled 1, odr_index 4.
05-17 16:39:02.008  1209  1209 D AOC     : A3:MSG: lsm6dsr_fifo.cc, 750: USF: Lsm6dsrFifo: ODR: XL/G/T/TS: 104/208/13/26 WM: 1 Intr: 208.
05-17 16:39:02.008  2308  2388 D PersistentBackgroundCameraServices: Broadcasting action 'com.google.pixel.camera.services.cameraidremapper.action.CAMERA_CLOSED' for camera '1'...
05-17 16:39:02.008  2271  2463 D ImpulseStateSource: Notify clients: 32912
05-17 16:39:02.008  1209  1209 D AOC     : A3:MSG: lsm6dsr_device.cc, 671: USF: Lsm6dsrDevice: Fifo was disabled for 332519ns.
05-17 16:39:02.009  2336  2336 D GRIL-S  : [7238]> UPDATE_DEVICE_STATE DeviceState: Usb:1, Wifi: 1, Wifi AP: 0, Earpiece: 0, Bluetooth: 1, Wireless charging: 0, Screen: 1, Camera: 0, 0, -, -, Motion: 0, Bluetooth tethering: 0, Voice: 0, Wifi 2.4G: 0, Radio: 1, Bluetooth connected: 0, Bluetooth media: 0, Wifi Band: 2, Wifi AP Band: 0, Wifi call: 0, mmWave: 0, mCellBackhaul: 0, mHallSensor: 0, mDozeStatus: 1, mAppClassInfo: 0, mWifiCapSensorStatus: 0, mCellCapSensorStatus: 0, mBesideHeadHandStatus: 0, mSpeakerStatus: 0, mProtectiveCaseStatus: 0, mWifiSettingStatus: 0, mGpsStatus: 0
05-17 16:39:02.009  3846 24763 I gaze    : Camera closed
05-17 16:39:02.009   496   496 I hwservicemanager: getTransport: Cannot find entry hardware.google.bluetooth.bt_channel_avoidance@1.0::IBTChannelAvoidance/default in either framework or device VINTF manifest.
05-17 16:39:02.010  1209  1209 D AOC     : A3:MSG: vsc_controller.cc, 550: VSC: [Gravity Sensor] stopSensorEvents: sensor 0x10004
05-17 16:39:02.010  1209  1209 D AOC     : A3:MSG: usf_sensor.cc, 1581: USF: Received stop sampling request for LSM6DSR Gyroscope (active:2).
05-17 16:39:02.010  1209  1209 D AOC     : A3:MSG: usf_sensor_client.cc, 430: USF: Stopping stale sample stream with sampling ID: 68485
05-17 16:39:02.010  1209  1209 D AOC     : A3:MSG: usf_sensor_client.cc, 430: USF: Stopping stale sample stream with sampling ID: 68484
05-17 16:39:02.010  1209  1209 D AOC     : A3:MSG: usf_sensor.cc, 1581: USF: Received stop sampling request for LSM6DSR Gyroscope (active:1).
05-17 16:39:02.010  2308  2388 I PersistentBackgroundCameraServices: Broadcast action 'com.google.pixel.camera.services.cameraidremapper.action.CAMERA_CLOSED' for camera '1'.
05-17 16:39:02.010  1209  1209 D AOC     : A3:MSG: usf_sensor.cc, 2037: USF: Sampling configuration 68485 not found.
05-17 16:39:02.010   930  1401 I Lyric   : direct_channel_motion_sensor_data_streamer.cc:615: gravity resource released.
05-17 16:39:02.010  1209  1209 D AOC     : A3:MSG: usf_sensor.cc, 1581: USF: Received stop sampling request for LSM6DSR Accelerometer (active:3).
05-17 16:39:02.010  1209  1209 D AOC     : A3:MSG: usf_sensor.cc, 2037: USF: Sampling configuration 68484 not found.
05-17 16:39:02.010   930  1401 I Lyric   : motion_sensor_reader.cc:64: gyroscope sampling intervals: (count=140, min=4.55307ms, max=4.60004ms, mean=4.58595ms, stddev=0.00456975ms, skew=-2.46462, kurtosis=22.5725)
05-17 16:39:02.011   930  1401 I Lyric   : time_triggered_task_pool.cc:79: Timer is removed: TTTP[0,0]
05-17 16:39:02.012  1209  1209 D AOC     : A3:MSG: controller.cc, 273: CNTRL: cmd ID: 0x00d4, tag: 0x34 [cntr = 46902]
05-17 16:39:02.012  1209  1209 D AOC     : A3:MSG: controller.cc, 811: CNTRL: ipc: control, cmd ID: 0x00d4, tag: 0x34, rc: 0
05-17 16:39:02.012   947   947 D usf_sensor_hal: gyroscope: ConfigDirectReport: stop sampling, period = 0.
05-17 16:39:02.013  1209  1209 D AOC     : A3:MSG: usf_sensor.cc, 1581: USF: Received stop sampling request for LSM6DSR Gyroscope (active:1).
05-17 16:39:02.013  1209  1209 D AOC     : A3:MSG: lsm6dsr_device.cc, 763: USF: Lsm6dsrDevice: Sensor 1: Enabled 1, odr_index 3.
05-17 16:39:02.013  1209  1209 D AOC     : A3:MSG: lsm6dsr_fifo.cc, 750: USF: Lsm6dsrFifo: ODR: XL/G/T/TS: 104/52/13/13 WM: 9 Intr: 21.
05-17 16:39:02.014  1209  1209 D AOC     : A3:MSG: lsm6dsr_device.cc, 671: USF: Lsm6dsrDevice: Fifo was disabled for 329589ns.
05-17 16:39:02.014   930  1401 I Lyric   : direct_channel_motion_sensor_data_streamer.cc:615: gyroscope resource released.
05-17 16:39:02.015  1209  1209 D AOC     : A3:MSG: controller.cc, 273: CNTRL: cmd ID: 0x00d4, tag: 0x35 [cntr = 46903]
05-17 16:39:02.015  1209  1209 D AOC     : A3:MSG: controller.cc, 811: CNTRL: ipc: control, cmd ID: 0x00d4, tag: 0x35, rc: 0
05-17 16:39:02.016 23779 25833 W Turbo.DeviceHealthLeversManagerImpl: NetworkDenylist enabled: false
05-17 16:39:02.016 23779 25833 W Turbo.DeviceHealthLeversManagerImpl: AppStandbyBucket enabled: false
05-17 16:39:02.016 23779 25833 W Turbo.MaintenanceWindowJobService: DHL maintenance window job canceled.
05-17 16:39:02.054  2336  3076 D GRIL-S  : [7238]< UPDATE_DEVICE_STATE 
05-17 16:39:02.505   978   978 I WifiHAL : Creating message to get link statistics; iface = 47
05-17 16:39:02.599   978   978 D WifiHAL : Start debug command: mType GET_FEATURE
05-17 16:39:02.599   978   978 I WifiHAL : CreateRequest mType = GET_FEATURE
05-17 16:39:02.599   978   978 D WifiHAL : In DebugCommand::handleResponse, mType:GET_FEATURE
05-17 16:39:02.599   978   978 D WifiHAL : len = 4, expected len = 4
05-17 16:39:02.708 14177 23689 I gle.android.gms: Explicit concurrent mark compact GC freed 1991KB AllocSpace bytes, 13(576KB) LOS objects, 92% free, 18MB/256MB, paused 4.003ms,14.508ms total 714.020ms
05-17 16:39:02.911   937   937 W TracingMuxer: type=1400 audit(0.0:115004): avc:  denied  { write } for  name="traced_producer" dev="tmpfs" ino=1247 scontext=u:r:hal_neuralnetworks_darwinn:s0 tcontext=u:object_r:traced_producer_socket:s0 tclass=sock_file permissive=0
05-17 16:39:02.990  1621  1653 I system_server: NativeAlloc concurrent mark compact GC freed 23MB AllocSpace bytes, 25(1740KB) LOS objects, 79% free, 102MB/512MB, paused 2.765ms,11.780ms total 388.723ms
05-17 16:39:03.001  1621  1654 I libbinder.BpBinder: onLastStrongRef automatically unlinking death recipients for binder (0xb400006f9f6d4010) with descriptor: '(not cached)'
05-17 16:39:03.074  1621  1759 V DisplayPowerController[0]: Brightness [0.0] reason changing to: 'automatic [ dim throttled ]', previous reason: 'automatic [ throttled ]'.
05-17 16:39:03.074  1621  1759 I DisplayPowerController[0]: BrightnessEvent: brt=0.0(0.0%), nits=2.0, lux=30.39681, reason=automatic [ dim throttled ], strat=AutomaticBrightnessStrategy, state=ON, stateReason=DEFAULT_POLICY, policy=DIM, flags=, initBrt=0.03936971, rcmdBrt=0.03936971, preBrt=NaN, preLux=9.333559, lastReadLux=25.771404, wasShortTermModelActive=true, autoBrightness=true (default), unclampedBrt=0.03936971, brtRange=[0.0, 0.36726907], hbmMax=0.62, hbmMode=off, thrmMax=1.0, rbcStrength=84, powerFactor=1.0, physDisp=Built-in Screen(local:4619827677550801152), logicalId=0, slowChange=false, rampSpeed=0.7047244, colorTemp=NaN, thermalStatus=moderate
05-17 16:39:03.112   558  5446 I hwc-display: path=sysfs, id=0, level=127, nits=8.324613, brightness=0.037392, DimmingOn=1, Hbm=0, LhbmOn=0, OpRate=0
05-17 16:39:03.117   558  5446 I hwc-display: path=sysfs, id=0, level=119, nits=8.324613, brightness=0.034822, DimmingOn=1, Hbm=0, LhbmOn=0, OpRate=0
05-17 16:39:03.131   558  5446 I hwc-display: path=sysfs, id=0, level=111, nits=8.324613, brightness=0.032342, DimmingOn=1, Hbm=0, LhbmOn=0, OpRate=0
05-17 16:39:03.135   558  5446 I hwc-display: path=sysfs, id=0, level=103, nits=8.324613, brightness=0.029954, DimmingOn=1, Hbm=0, LhbmOn=0, OpRate=0
05-17 16:39:03.152   558  5446 I hwc-display: path=sysfs, id=0, level=95, nits=8.324613, brightness=0.027658, DimmingOn=1, Hbm=0, LhbmOn=0, OpRate=0
05-17 16:39:03.155  1209  1209 D AOC     : A3:MSG: tmd3719_device.cc, 4525: USF: TMD3719: dbv:95 leakage:0.000000 refresh_rate:60 status:1 op_hz:120 [1]
05-17 16:39:03.168   558  5446 I hwc-display: path=sysfs, id=0, level=88, nits=8.324613, brightness=0.025453, DimmingOn=1, Hbm=0, LhbmOn=0, OpRate=0
05-17 16:39:03.187   558  5446 I hwc-display: path=sysfs, id=0, level=81, nits=8.324613, brightness=0.023340, DimmingOn=1, Hbm=0, LhbmOn=0, OpRate=0
05-17 16:39:03.204   558  5446 I hwc-display: path=sysfs, id=0, level=74, nits=8.324613, brightness=0.021319, DimmingOn=1, Hbm=0, LhbmOn=0, OpRate=0
05-17 16:39:03.221   558  5446 I hwc-display: path=sysfs, id=0, level=68, nits=8.324613, brightness=0.019389, DimmingOn=1, Hbm=0, LhbmOn=0, OpRate=0
05-17 16:39:03.238   558  5446 I hwc-display: path=sysfs, id=0, level=62, nits=8.324613, brightness=0.017550, DimmingOn=1, Hbm=0, LhbmOn=0, OpRate=0
05-17 16:39:03.254   558  5446 I hwc-display: path=sysfs, id=0, level=56, nits=8.324613, brightness=0.015803, DimmingOn=1, Hbm=0, LhbmOn=0, OpRate=0
05-17 16:39:03.270   558  5446 I hwc-display: path=sysfs, id=0, level=51, nits=8.324613, brightness=0.014148, DimmingOn=1, Hbm=0, LhbmOn=0, OpRate=0
05-17 16:39:03.287   558  5446 I hwc-display: path=sysfs, id=0, level=45, nits=8.324613, brightness=0.012584, DimmingOn=1, Hbm=0, LhbmOn=0, OpRate=0
05-17 16:39:03.303   558  5446 I hwc-display: path=sysfs, id=0, level=41, nits=8.324613, brightness=0.011112, DimmingOn=1, Hbm=0, LhbmOn=0, OpRate=0
05-17 16:39:03.321   558  5446 I hwc-display: path=sysfs, id=0, level=36, nits=8.324613, brightness=0.009731, DimmingOn=1, Hbm=0, LhbmOn=0, OpRate=0
05-17 16:39:03.337   558  5446 I hwc-display: path=sysfs, id=0, level=32, nits=8.324613, brightness=0.008442, DimmingOn=1, Hbm=0, LhbmOn=0, OpRate=0
05-17 16:39:03.353   558  5446 I hwc-display: path=sysfs, id=0, level=28, nits=8.324613, brightness=0.007245, DimmingOn=1, Hbm=0, LhbmOn=0, OpRate=0
05-17 16:39:03.369   558  5446 I hwc-display: path=sysfs, id=0, level=24, nits=8.324613, brightness=0.006139, DimmingOn=1, Hbm=0, LhbmOn=0, OpRate=0
05-17 16:39:03.388   558  5446 I hwc-display: path=sysfs, id=0, level=21, nits=8.324613, brightness=0.005124, DimmingOn=1, Hbm=0, LhbmOn=0, OpRate=0
05-17 16:39:03.404   558  5446 I hwc-display: path=sysfs, id=0, level=18, nits=8.324613, brightness=0.004201, DimmingOn=1, Hbm=0, LhbmOn=0, OpRate=0
05-17 16:39:03.420   558  5446 I hwc-display: path=sysfs, id=0, level=15, nits=8.324613, brightness=0.003370, DimmingOn=1, Hbm=0, LhbmOn=0, OpRate=0
05-17 16:39:03.435   558  5446 I hwc-display: path=sysfs, id=0, level=13, nits=8.324613, brightness=0.002630, DimmingOn=1, Hbm=0, LhbmOn=0, OpRate=0
05-17 16:39:03.452   558  5446 I hwc-display: path=sysfs, id=0, level=11, nits=8.324613, brightness=0.001982, DimmingOn=1, Hbm=0, LhbmOn=0, OpRate=0
05-17 16:39:03.470   558  5446 I hwc-display: path=sysfs, id=0, level=9, nits=8.324613, brightness=0.001425, DimmingOn=1, Hbm=0, LhbmOn=0, OpRate=0
05-17 16:39:03.485   558  5446 I hwc-display: path=sysfs, id=0, level=7, nits=8.324613, brightness=0.000960, DimmingOn=1, Hbm=0, LhbmOn=0, OpRate=0
05-17 16:39:03.488  1621  1973 I MdnsReplySender: Sending {MdnsReplyInfo: /192.168.31.153:5353 to /224.0.0.251:5353, answers: 1, additionalAnswers: 7, knownAnswers: 0, sendDelayMs 23}
05-17 16:39:03.502   558  5446 I hwc-display: path=sysfs, id=0, level=6, nits=8.324613, brightness=0.000587, DimmingOn=1, Hbm=0, LhbmOn=0, OpRate=0
05-17 16:39:03.520   558  5446 I hwc-display: path=sysfs, id=0, level=5, nits=8.324613, brightness=0.000305, DimmingOn=1, Hbm=0, LhbmOn=0, OpRate=0
05-17 16:39:03.535   558  5446 I hwc-display: path=sysfs, id=0, level=4, nits=8.324613, brightness=0.000114, DimmingOn=1, Hbm=0, LhbmOn=0, OpRate=0
05-17 16:39:03.553   558  5446 I hwc-display: path=sysfs, id=0, level=4, nits=8.324613, brightness=0.000015, DimmingOn=1, Hbm=0, LhbmOn=0, OpRate=0
05-17 16:39:03.569   558  5446 I hwc-display: path=sysfs, id=0, level=4, nits=8.324613, brightness=0.000000, DimmingOn=1, Hbm=0, LhbmOn=0, OpRate=0
05-17 16:39:04.895  1135  1157 I WPKTRT  : process_address_event: 2409:40c4:153:71cf:738:6125:910e:cdb8 added to wlan0
05-17 16:39:04.896  1135  1157 I WPKTRT  : process_address_event: 2409:40c4:153:71cf:9da8:cae7:d6c5:aae2 added to wlan0
05-17 16:39:04.899  2213  2772 D IpClient/wlan0: addressUpdated: 2409:40c4:153:71cf:738:6125:910e:cdb8/64 on ifindex 47 flags 0x00000900 scope 0
05-17 16:39:04.900  2213  2772 D IpClient/wlan0: addressUpdated: 2409:40c4:153:71cf:9da8:cae7:d6c5:aae2/64 on ifindex 47 flags 0x00000001 scope 0
05-17 16:39:04.900  2213  2772 W AlarmManager: Unrecognized alarm listener com.android.networkstack.android.net.ip.IpClientLinkObserver$Dhcp6PdPreferredPrefixAlarmListener@b77b132
05-17 16:39:04.902  2213  2772 D ApfFilter: (wlan0): Adding RA fe80::da23:e0ff:fe80:e3d7 -> ff02::1 180s 2409:40c4:153:71cf::/64 14092s/14092s DNS 180s 2409:40c4:153:71cf:da23:e0ff:fe80:e3d7 
05-17 16:39:04.908   978   978 E WifiHAL : Setting APF program, halHandle = 0xb400006ff85cb850
05-17 16:39:04.908   978   978 E WifiHAL : Set apf filter for iface = wlan0
05-17 16:39:04.908   978   978 I WifiHAL : createRequest: APF set program request
05-17 16:39:04.908   978   978 I WifiHAL : mProgramLen : 582
05-17 16:39:05.606   978   978 I WifiHAL : Creating message to get link statistics; iface = 47
05-17 16:39:05.665  1745  1764 I pixel-thermal: VIRTUAL-USB-UI:1 raw data: USB2-MINUS-CHG:-4015 VIRTUAL-USB-UI:1 charger_skin_therm:43311 usb_pwr_therm2:39296 
05-17 16:39:05.666  1745  1764 I pixel-thermal: VIRTUAL-USB-THROTTLING:1 raw data: USB2-MINUS-CHG:-4015 VIRTUAL-USB-THROTTLING:1 usb_pwr_therm2:39296 
05-17 16:39:05.668  1745  1764 I pixel-thermal: VIRTUAL-SKIN:41.2609 raw data: VIRTUAL-NEUTRAL:41260.9 VIRTUAL-NEUTRAL-SKIN2:41233.8 VIRTUAL-QUIET-NEUTRAL:39944.1 VIRTUAL-SKIN:41260.9 disp_therm:38828 gnss_tcxo_therm:41754 neutral_therm:40677 quiet_therm:39630 skin_therm1:42052 skin_therm2:42533 
05-17 16:39:05.703   978   978 D WifiHAL : Start debug command: mType GET_FEATURE
05-17 16:39:05.703   978   978 I WifiHAL : CreateRequest mType = GET_FEATURE
05-17 16:39:05.704   978   978 D WifiHAL : In DebugCommand::handleResponse, mType:GET_FEATURE
05-17 16:39:05.704   978   978 D WifiHAL : len = 4, expected len = 4
05-17 16:39:06.475  1745  1764 I pixel-thermal: cellular-emergency:41.2609 raw data: VIRTUAL-SKIN:41260.9 cellular-emergency:41260.9 
05-17 16:39:06.475  1745  1764 I pixel-thermal: VIRTUAL-SKIN-CPU:41.2609 raw data: VIRTUAL-SKIN:41260.9 VIRTUAL-SKIN-CPU:41260.9 
05-17 16:39:06.476  1745  1764 I pixel-thermal: VIRTUAL-SKIN-CPU power_budget=800 err=-0.260902 s_power=800 time_elapsed_ms=7009 p=-104.361 i=65.2683 d=0 dt_per_min=nan compensation=0 budget transient=0 control target=3 excluded power budget=0 is_emul_throttling_info=0
05-17 16:39:06.476  1745  1764 I pixel-thermal: VIRTUAL-SKIN-CPU binded power rails: (S4M_VDD_CPUCL0: 124.23 mW)(S2M_VDD_CPUCL2: 114.56 mW)(S3M_VDD_CPUCL1: 84.93 mW)
05-17 16:39:06.476  1745  1764 I pixel-thermal: VIRTUAL-SKIN-CPU-GPU:41.2609 raw data: VIRTUAL-SKIN:41260.9 VIRTUAL-SKIN-CPU-GPU:41260.9 
05-17 16:39:06.477  1745  1764 I pixel-thermal: VIRTUAL-SKIN-CPU-GPU power_budget=2621.73 err=3.7391 s_power=800 time_elapsed_ms=7009 p=1121.73 i=700 d=0 dt_per_min=nan compensation=0 budget transient=0 control target=3 excluded power budget=0 is_emul_throttling_info=0
05-17 16:39:06.477  1745  1764 I pixel-thermal: VIRTUAL-SKIN-CPU-GPU binded power rails: (S4M_VDD_CPUCL0: 124.23 mW)(S2M_VDD_CPUCL2: 114.56 mW)(S3M_VDD_CPUCL1: 84.93 mW)(S2S_VDD_G3D: 7.25 mW)
05-17 16:39:06.477  1745  1764 I pixel-thermal: VIRTUAL-SKIN-HINT:41.2609 raw data: VIRTUAL-SKIN:41260.9 VIRTUAL-SKIN-HINT:41260.9 
05-17 16:39:06.477  1745  1764 I pixel-thermal: VIRTUAL-SKIN-CHARGE:41.2609 raw data: VIRTUAL-SKIN:41260.9 VIRTUAL-SKIN-CHARGE:41260.9 
05-17 16:39:06.479  1745  1764 I pixel-thermal: VIRTUAL-SKIN-CHARGE's fcc binded power rail POWER_FOR_CHARGING_THROTTLING: power threshold = 500, avg power = 631.364
05-17 16:39:07.375 14632 14632 I adbd    : adbd service requested 'shell,v2:export ANDROID_LOG_TAGS=''; exec logcat '-d' '-v' 'threadtime''
