05-17 16:39:01.265   927   927 D audio_hw: adev_set_parameters: enter: cameraFacing=front
05-17 16:39:01.268  1136 31297 I Surface : Creating surface for consumer ImageReader-480x640f23m3-3846-1239 with slotExpansion=1 for 64 slots
05-17 16:39:01.269  1136 31297 I Surface : Creating surface for consumer ImageReader-480x640f23m3-3846-1239 with slotExpansion=1 for 64 slots
05-17 16:39:01.270   930  1395 I GCH_HalUtils: ======== App stream configuration ========
05-17 16:39:01.271   930  1395 I GCH_HalUtils: == stream num: 1, operation_mode:0
05-17 16:39:01.271   930  1395 I GCH_HalUtils: ==== [0]stream_id 0, type 0, format 35, res 640x480, usage 3, is_phy 0, phy_cam_id 0, group_id -1, concurrent_group 0
05-17 16:39:01.271   930  1395 I GCH_HalUtils: ======== App stream configuration ========
05-17 16:39:01.271   930  1395 I Lyric   : session_setting_combination_utils.cc:216: no combination
05-17 16:39:01.271   930  1395 I Lyric   : camera_device_session_hwl_impl.cc:1371: CameraDeviceSessionHwlImpl::IsStreamConfigurationSupported 1
05-17 16:39:01.271   930  1395 I GCH_ZslSnapshotCaptureSession: IsStreamConfigurationSupported: no eligible JPEG or YUV stream
05-17 16:39:01.271   930  1395 I Lyric   : lyric_basic_capture_session.cc:38: LyricBasicCaptureSession only support logical camera
05-17 16:39:01.271   930  1395 D GCH_BasicCaptureSession: IsStreamConfigurationSupported: BasicCaptureSession supports the stream config
05-17 16:39:01.271   930  1395 D GCH_BasicCaptureSession: IsStreamConfigurationSupported: BasicCaptureSession supports the stream config
05-17 16:39:01.271   930  1395 I GCH_ResultDispatcher: [Cam1_ResultDispatcher] ResultDispatcher: SetRealtimeThread OK
05-17 16:39:01.271   930  1395 I GCH_ResultDispatcher: InitializeGroupStreamIdsMap , Group Stream enable: 0
05-17 16:39:01.272   930  1395 I Lyric   : camera_powerhal_impl.cc:265: SetPowerStreamingMode CAMERA_STREAMING_STANDARD mode
05-17 16:39:01.272   930  1395 I Lyric   : camera_powerhal_impl.cc:265: SetPowerStreamingMode CAMERA_GPU_STANDARD mode
05-17 16:39:01.273   622   622 I android.hardware.power-service.pixel.ext-libperfmgr: PowerExt boost CAMERA_THERMAL_MODERATE_BOOST isBoostSupported: 0
05-17 16:39:01.273   622   622 I android.hardware.power-service.pixel.ext-libperfmgr: PowerExt boost CAMERA_THERMAL_CRITICAL_BOOST isBoostSupported: 0
05-17 16:39:01.273   622   622 I android.hardware.power-service.pixel.ext-libperfmgr: PowerExt boost CAMERA_THERMAL_LIGHT_BOOST isBoostSupported: 0
05-17 16:39:01.273   622   622 I android.hardware.power-service.pixel.ext-libperfmgr: PowerExt boost CAMERA_THERMAL_EMERGENCY_BOOST isBoostSupported: 0
05-17 16:39:01.273   622   622 I android.hardware.power-service.pixel.ext-libperfmgr: PowerExt boost CAMERA_THERMAL_SEVERE_BOOST isBoostSupported: 0
05-17 16:39:01.273   622   622 I android.hardware.power-service.pixel.ext-libperfmgr: PowerExt boost CAMERA_THERMAL_SHUTDOWN_BOOST isBoostSupported: 0
05-17 16:39:01.273   930  1395 I Lyric   : camera_powerhal_impl.cc:189: SetPowerBoost Trigger CAMERA_BACKEND_BOOST for 300ms
05-17 16:39:01.274   930 24807 I Lyric   : camera_device_session_hwl_impl.cc:899: BuildPipelines entered, camera_id: 1
05-17 16:39:01.275  1745  1745 I pixel-thermal: VIRTUAL-SKIN:41.2862 raw data: VIRTUAL-SKIN:41286.2 
05-17 16:39:01.275   930 24807 I Lyric   : active_camera_device_tracker.cc:53: Adding camera: 1, is_logical_camera: 0, is_front_camera: 1, is_1p_camera_app: 0, active devices: 0, is_tele_camera_participant: 0
05-17 16:39:01.275   930 24807 I Lyric   : active_camera_device_tracker.cc:199: No specific graph requested, allowing lyric to select based on stream configuration.
05-17 16:39:01.275   930 24807 I Lyric   : camera_device_session_manager_base.cc:701: Attempting to build a processing graph
05-17 16:39:01.285   930 24807 I Lyric   : top_level_graph_utils.cc:27: Sobek system property (from enable_sobek): 0
05-17 16:39:01.285   930 24807 I Lyric   : top_level_graph_utils.cc:41: Sobek + non-Roshi sensor mode session enabled (from GCA) : 0 for camera Front
05-17 16:39:01.285   930 24807 I Lyric   : top_level_graph_utils.cc:50: Sobek + non-Roshi sensor enabled (from sensor properties): 0 for camera Front
05-17 16:39:01.285   930 24807 I Lyric   : top_level_graph_utils.cc:63: Sobek system property (from enable_sobek): 0
05-17 16:39:01.285   930 24807 I Lyric   : top_level_graph_utils.cc:77: Sobek session enabled (from GCA) : 0 for camera Front
05-17 16:39:01.285   930 24807 I Lyric   : top_level_graph_utils.cc:86: Sobek sensor enabled (from sensor properties): 0 for camera Front
05-17 16:39:01.285   930 24807 I Lyric   : guess_camera_mode.cc:423: GetAppInfo: vendor tags  camera 1p: 0 camera extension: 0 face auth mode: 0
05-17 16:39:01.285   930 24807 I Lyric   : stream_info_parser.cc:148: Project11 enabled: 0
05-17 16:39:01.285   930 24807 I Lyric   : stream_info_parser.cc:151: Comice enabled: 0
05-17 16:39:01.285   930 24807 W Lyric   : stream_info_parser.cc:431: Camera Front unknown stream: {type: StreamInfo, stream_id: 0, camera_id: Front, format: YCBCR_420_888, width: 640, height: 480, usage: [SwReadOften], stream_type: Output, use_case: Default, data_space: DataSpace(Color)::(Standard: BT601_625, Transfer: SMPTE_170M, Range: Full), is_framework_physical_stream: 0, dynamic_range_profile: Standard, intended_for_max_resolution_mode: 0, group_id: -1, is_tunable: 1} does not fall in any known use case
05-17 16:39:01.287   930 24807 I Lyric   : generic_subgraph.cc:1155: camera 1, video_bokeh_rendering_hw_enabled = 0
05-17 16:39:01.288   930 24807 I Lyric   : power_throttle_controller.cc:453: camera thermal: updated config max fps: 30 min fps: 15 portrait mode? 0 camera app 1p? 0 has preview stream only? 0
05-17 16:39:01.288   930 24807 I Lyric   : generic_subgraph.cc:1599: The aligner on camera Front is HwTnrAlign
05-17 16:39:01.289   930 24807 I Lyric   : graph_states.cc:57: Failed to add camera id to priority map as the device doesn't support it: NOT_FOUND: Couldn't find the CameraId which has {position: front, lens_type: normal, spectrum: visible, instance: virtual, capability: {default_mode: 1, in_sensor_hdr: 1, remosaic: 0, max_resolution: 0, cropped_fov: 0, multiframe_hdr: 0}}
05-17 16:39:01.289   930 24807 I Lyric   : generic_graph.cc:509: [MULTICAM_DEBUG] Making Generic graph.
05-17 16:39:01.290   930 24807 I Lyric   : generic_subgraph.cc:1973: Camera id 1 supports settings override.
05-17 16:39:01.291   930 24807 I Lyric   : generic_subgraph.cc:2270: positive_offsets_enabled: ENABLED.; enable_positive_offset = 0
05-17 16:39:01.291   930 24807 I Lyric   : generic_subgraph.cc:2359: Roshi not supported in Front
05-17 16:39:01.291   930 24807 I Lyric   : generic_subgraph.cc:2383: Building graph with (Sobek + non-Roshi sensor mode) disabled, and Sobek disabled
05-17 16:39:01.295   930 24807 I Lyric   : multisensor_controller.cc:1200: Front got 0 preferred MIPI rates and 0 preferred DBR rates. Data fetching takes 1.89034ms
05-17 16:39:01.296   930 24807 I Lyric   : sensor_generic_driver.cc:2133: MEDUSA GetModeIndex requirement {size = {width: 640, height: 480}, frame_rate_range = [15, 30], request_binning_mode = false, request_pd_stream = false, only_config_logical_cam_stream = false, camera_id = [<recursive>], require_full_fov = true, is_high_frame_rate = false, crop_margin = 0, is_sibling_camera_participating = false, sub_image_count = 1, is_face_auth = false, is_video_mode = false, is_high_resolution_mode = false, is_arkaroo_enabled = false, is_roshi_enabled = false, is_specific_aspect_ratio_video = false, require_exact_size = false, force_sensor_mode_index = -1, is_multi_cam_usecase = false, raw_stream_usecase = 0, is_high_resolution_standalone_mode = false} required aspect ratio 1.33117 pick_transition_mode 0 require exact size 0
05-17 16:39:01.296   930 24807 I Lyric   : sensor_generic_driver.cc:2227: MEDUSA GetModeIndex requirement use_binning_mode 0
05-17 16:39:01.296   930 24807 I Lyric   : sensor_generic_driver.cc:2234: MEDUSA candidate mode index 0, size = {width: 3280, height: 2464}, pd = 0, frame rate range = [7.5, 30], timestamp_offset = 915000, is faceauth mode 0
05-17 16:39:01.296   930 24807 I Lyric   : sensor_generic_driver.cc:2234: MEDUSA candidate mode index 1, size = {width: 3280, height: 1848}, pd = 0, frame rate range = [7.5, 30], timestamp_offset = 1250000, is faceauth mode 0
05-17 16:39:01.296   930 24807 I Lyric   : sensor_generic_driver.cc:2234: MEDUSA candidate mode index 2, size = {width: 1640, height: 924}, pd = 0, frame rate range = [7.5, 30], timestamp_offset = 1092800, is faceauth mode 0
05-17 16:39:01.296   930 24807 I Lyric   : sensor_generic_driver.cc:2386: MEDUSA Matching sensor mode found, mode index: 0
05-17 16:39:01.296   930 24807 I Lyric   : sensor_generic_driver.cc:2597: MEDUSA Mode size {width: 3280, height: 2464} FPS [7.5, 30] requested FPS [15, 30] MIPI rate 706.55 Mbps rss 32.014136ms
05-17 16:39:01.296   930 24807 I Lyric   : sensor_generic_driver.cc:2768: dpm: camera MEDUSA, line time: 12.99275us, pixel_rate_vt: 282620000, width: 3280, height: 2464, dual pd size: {width: 0, height: 0}, sparse pd size: {width: 0, height: 0}, emb height: 0, hblanking: 392, mode.hblanking: 392, vblanking: 99(1.28628225ms), mode.vblanking: 99(1.28628225ms), frame lines: 2564, frame lines for required fps: 2564, integration time margin: 10, line pixels: 3672, FPS: 30, requested FPS: 30, binning factor: {x: 1, y: 1}, analog_gain_range: [1, 16], low_high_gain_ratio: [0/0], digital_gain_range: [1, 8], mode index = 0, size = {width: 3280, height: 2464}, pd = 0, frame rate range = [7.5, 30]
05-17 16:39:01.297   930 24807 I Lyric   : dpm_bandwidth_controller.cc:195: dpm: camera 1, required_clock: 70585020 (triple-camera WAR enabled: 1, pip-usecase WAR enabled: 1)
05-17 16:39:01.297   930 24807 I Lyric   : dpm_bandwidth_controller.cc:120: dpm: required_clock is 70585020 min_frontend_clock_requirement_: 0 sensor streaming: 0
05-17 16:39:01.297   930 24807 I Lyric   : dpm_bandwidth_controller.cc:144: Vote for front-end clock for freq 70585020
05-17 16:39:01.299   930 24807 I Lyric   : sensor_node.cc:533: sensor: CPU affinity setting: Auto
05-17 16:39:01.299   930 24807 W Lyric   : multisensor_controller.cc:1825: Front Failed to get pdaf calibration data
05-17 16:39:01.299   930 24807 I Lyric   : generic_subgraph.cc:2540: minimum pipeline delay: 3, is_portrait_mode: 0 pipeline delay: 3
05-17 16:39:01.299   930 24807 I Lyric   : generic_subgraph.cc:2547: hal_touch_roi_tracking_enabled: ENABLED
05-17 16:39:01.300   930 24807 I Lyric   : generic_subgraph.cc:2681: enable_eis_blur_refinement_mask_data_flow=0 camera=1
05-17 16:39:01.300   930 24807 I Lyric   : generic_subgraph.cc:2836: Adding segmentation node
05-17 16:39:01.300   930 24807 I Lyric   : segmentation_node.cc:306: Using Ultra Lite Segmentation Model
05-17 16:39:01.300   930 24807 I Lyric   : segmentation_node.cc:405: Using ultralite segmentor
05-17 16:39:01.300   930 24807 I Lyric   : segmentation_node.cc:423: segmentation: CPU affinity setting: Big Core
05-17 16:39:01.300   930  1400 I Lyric   : sensor_generic_driver.cc:656: MEDUSA init success.
05-17 16:39:01.303   930 24807 I Lyric   : face_detection_node.cc:367: Face Detection: Two stage mode is disabled
05-17 16:39:01.303   930 24807 I Lyric   : isp_subgraph_utils.cc:541: Semantic GU is disabled
05-17 16:39:01.303   930 24807 I Lyric   : isp_subgraph_utils.cc:574: Semantic Sharpener is disabled
05-17 16:39:01.306   930  1400 I Lyric   : sensor_generic_driver.cc:2913: MEDUSA set mode success.
05-17 16:39:01.310   930 24807 I Lyric   : whi_like_isp_backend_core_subgraph.cc:418: Enable TNR nodes in graph
05-17 16:39:01.311   930 24807 I Lyric   : whi_like_isp_backend_core_subgraph.cc:539: TnrMergeNode is configured to output consumer type 2 fmt: HalImageFormat{ pixel_format = YCBCR_420_SPN_10B, stride_alignment = 16, num_buffers = 1 } for Front
05-17 16:39:01.312   930 24807 I Lyric   : whi_like_isp_backend_core_subgraph.cc:826: RawToYuvNode is configured to output consumer type 0 fmt: HalImageFormat{ pixel_format = YCBCR_420_SPN_10B, stride_alignment = 16, num_buffers = 1 } for Front
05-17 16:39:01.312   930 24807 I Lyric   : whi_like_isp_backend_core_subgraph.cc:931: RawToYuvNode for snapshot exceeding video is configured to output consumer type 2 fmt: HalImageFormat{ pixel_format = YCBCR_420_888, stride_alignment = 16, num_buffers = 1 } for Front
05-17 16:39:01.314   930 24807 I Lyric   : whi_like_isp_post_proc_subgraph.cc:263: Including MeshWarpNode
05-17 16:39:01.314   930 24807 I Lyric   : whi_like_isp_post_proc_subgraph.cc:289: Including mesh warp pipeline for preview
05-17 16:39:01.314   930 24807 I Lyric   : whi_like_isp_post_proc_subgraph.cc:319: Preview mesh warp is configured to output HalImageFormat{ pixel_format = YCBCR_420_SPN_10B, stride_alignment = 16, num_buffers = 1 }
05-17 16:39:01.315   930 24807 I Lyric   : camera_device_session_manager_base.cc:1751: Stream 0 limited to 7 inflight requests
05-17 16:39:01.315   930 24807 I Lyric   : camera_device_session_manager_base.cc:1761: Front frontend limited to 3 inflight requests
05-17 16:39:01.315   930 24807 I Lyric   : generic_subgraph.cc:4276: camera_id = 1; is_front_camera = 1; is_1p_camera_app = 0; video_call = 1
05-17 16:39:01.317   930 24807 I Lyric   : auto_exposure_node.cc:677: ae: CPU affinity setting: Medium Core : Priority: High
05-17 16:39:01.320   930 24807 I Lyric   : face_detection_node.cc:378: Face Detection: update expected scaled image size to 640 x 480
05-17 16:39:01.321   930 24807 W Lyric   : rectiface_node.cc:502: Deferrable rectiface spec does not have any value
05-17 16:39:01.323   930 24807 I Lyric   : whi_like_isp_backend_core_subgraph.cc:197: RawToYuvNode(Front) output size: {width: 1640, height: 1232}
05-17 16:39:01.323   930 24807 I Lyric   : processing_graph.cc:220: ProcessingGraph GenericGraph top_graph_for_camera_Front finalized with NodeInstanceSequencers disabled.
05-17 16:39:01.324   930 24807 I Lyric   : camera_device_session_manager_base.cc:714: Successfully constructed graph: top_graph_for_camera_Front, graph class: GenericGraph, graph_configuration:
05-17 16:39:01.324   930 24807 I Lyric   : graph_configuration.cc:348: 
05-17 16:39:01.324   930 24807 I Lyric   : {type: StreamInfo, stream_id: 0, camera_id: Front, format: YCBCR_420_888, width: 640, height: 480, usage: [SwReadOften], stream_type: Output, use_case: Default, data_space: DataSpace(Color)::(Standard: BT601_625, Transfer: SMPTE_170M, Range: Full), is_framework_physical_stream: 0, dynamic_range_profile: Standard, intended_for_max_resolution_mode: 0, group_id: -1, is_tunable: 1}
05-17 16:39:01.324   930 24807 I Lyric   : {type: StreamConfigurationMode, Front: Normal}
05-17 16:39:01.324   930 24807 I Lyric   : camera_performance_analyzer.cc:31: [CPA] CPA-Lite is enabled.
05-17 16:39:01.324   930 24807 I Lyric   : graph_runner_deferring_work_queue.cc:333: GraphRunner: Using GraphRunnerDeferringWorkQueue
05-17 16:39:01.324   930 24807 I Lyric   : graph_runner_deferring_work_queue.cc:335: Thread pool config , Input Priority: Realtime, affinity: Auto, process group: CameraServicePerformance, # of threads: 4
05-17 16:39:01.324   930 24807 I Lyric   : graph_runner_deferring_work_queue.cc:335: Thread pool config , Input Priority: High, affinity: Auto, process group: CameraServicePower, # of threads: 1
05-17 16:39:01.324   930 24807 I Lyric   : graph_runner_deferring_work_queue.cc:335: Thread pool config , Input Priority: High, affinity: Auto, process group: CameraServicePerformance, # of threads: 12
05-17 16:39:01.324   930 24807 I Lyric   : graph_runner_deferring_work_queue.cc:335: Thread pool config , Input Priority: Normal, affinity: Auto, process group: CameraServicePerformance, # of threads: 7
05-17 16:39:01.324   930 24807 I Lyric   : graph_runner_deferring_work_queue.cc:335: Thread pool config , Input Priority: High, affinity: Medium Core, process group: CameraServicePerformance, # of threads: 2
05-17 16:39:01.324   930 24807 I Lyric   : graph_runner_deferring_work_queue.cc:335: Thread pool config , Input Priority: High, affinity: Big Core, process group: CameraServicePerformance, # of threads: 1
05-17 16:39:01.324   930 24807 I Lyric   : graph_runner_deferring_work_queue.cc:335: Thread pool config , Input Priority: Normal, affinity: Auto, process group: CameraServicePower, # of threads: 3
05-17 16:39:01.324   930 24807 I Lyric   : graph_runner_deferring_work_queue.cc:464: Initializing deferring work queue RunnerR:P+:A with: wake threshold: 0; node group count: 4; minimum active threads: 1; soft maximum: 4; initial_eager_wakeup_frames: 0; underlying queue: fifo
05-17 16:39:01.324   930 24807 I Lyric   : graph_runner_deferring_work_queue.cc:464: Initializing deferring work queue RunnerH:P-:A with: wake threshold: 0; node group count: 2; minimum active threads: 1; soft maximum: 1; initial_eager_wakeup_frames: 0; underlying queue: fifo
05-17 16:39:01.324   930 24807 I Lyric   : graph_runner_deferring_work_queue.cc:464: Initializing deferring work queue RunnerN:P-:A with: wake threshold: 0; node group count: 3; minimum active threads: 1; soft maximum: 3; initial_eager_wakeup_frames: 0; underlying queue: fifo
05-17 16:39:01.324   930 24807 I Lyric   : graph_runner_deferring_work_queue.cc:464: Initializing deferring work queue RunnerH:P+:B with: wake threshold: 0; node group count: 1; minimum active threads: 1; soft maximum: 1; initial_eager_wakeup_frames: 0; underlying queue: fifo
05-17 16:39:01.324   930 24807 I Lyric   : graph_runner_deferring_work_queue.cc:464: Initializing deferring work queue RunnerH:P+:M with: wake threshold: 0; node group count: 2; minimum active threads: 1; soft maximum: 2; initial_eager_wakeup_frames: 0; underlying queue: fifo
05-17 16:39:01.324   930 24807 I Lyric   : graph_runner_deferring_work_queue.cc:464: Initializing deferring work queue RunnerN:P+:A with: wake threshold: 0; node group count: 14; minimum active threads: 1; soft maximum: 7; initial_eager_wakeup_frames: 0; underlying queue: fifo
05-17 16:39:01.324   930 24807 I Lyric   : graph_runner_deferring_work_queue.cc:464: Initializing deferring work queue RunnerH:P+:A with: wake threshold: 0; node group count: 18; minimum active threads: 1; soft maximum: 12; initial_eager_wakeup_frames: 0; underlying queue: fifo
05-17 16:39:01.324   930 24807 I Lyric   : camera_device_session_manager_base.cc:834: CameraMode: 8
05-17 16:39:01.324   930 24807 W Lyric   : session_telemetry_controller.cc:109: Telemetry was not initialized slc
05-17 16:39:01.324   930 24807 W Lyric   : session_telemetry_controller.cc:109: Telemetry was not initialized scsc
05-17 16:39:01.324   930 24807 W Lyric   : session_telemetry_controller.cc:109: Telemetry was not initialized mcsc
05-17 16:39:01.324   930 24807 W Lyric   : session_telemetry_controller.cc:109: Telemetry was not initialized gdc1
05-17 16:39:01.324   930 24807 W Lyric   : session_telemetry_controller.cc:109: Telemetry was not initialized gdc0
05-17 16:39:01.324   930 24807 W Lyric   : session_telemetry_controller.cc:109: Telemetry was not initialized gtnr-merge
05-17 16:39:01.324   930 24807 W Lyric   : session_telemetry_controller.cc:109: Telemetry was not initialized itp
05-17 16:39:01.324   930 24807 W Lyric   : session_telemetry_controller.cc:109: Telemetry was not initialized gtnr-align
05-17 16:39:01.324   930 24807 W Lyric   : session_telemetry_controller.cc:109: Telemetry was not initialized g3aa
05-17 16:39:01.324   930 24807 W Lyric   : session_telemetry_controller.cc:109: Telemetry was not initialized ipp
05-17 16:39:01.324   930 24807 W Lyric   : session_telemetry_controller.cc:109: Telemetry was not initialized pdp
05-17 16:39:01.324   930 24807 W Lyric   : session_telemetry_controller.cc:109: Telemetry was not initialized csi
05-17 16:39:01.324   930 24807 W Lyric   : session_telemetry_controller.cc:109: Telemetry was not initialized votf
05-17 16:39:01.324   930 24807 W Lyric   : session_telemetry_controller.cc:109: Telemetry was not initialized flash-lm3644
05-17 16:39:01.324   930 24807 W Lyric   : session_telemetry_controller.cc:109: Telemetry was not initialized ois-lc898129
05-17 16:39:01.324   930 24807 W Lyric   : session_telemetry_controller.cc:109: Telemetry was not initialized act-lc898129
05-17 16:39:01.324   930 24807 W Lyric   : session_telemetry_controller.cc:109: Telemetry was not initialized eeprom-lc898129
05-17 16:39:01.324   930 24807 W Lyric   : session_telemetry_controller.cc:109: Telemetry was not initialized eeprom-m24c64x
05-17 16:39:01.324   930 24807 W Lyric   : session_telemetry_controller.cc:109: Telemetry was not initialized eeprom-m24c64s
05-17 16:39:01.324   930 24807 W Lyric   : session_telemetry_controller.cc:109: Telemetry was not initialized sensor-imx363
05-17 16:39:01.324   930 24807 W Lyric   : session_telemetry_controller.cc:109: Telemetry was not initialized sensor-imx386
05-17 16:39:01.324   930 24807 W Lyric   : session_telemetry_controller.cc:109: Telemetry was not initialized top
05-17 16:39:01.324   930 24807 I Lyric   : camera_device_session_manager_base.cc:1137: Attempting to start graph:top_graph_for_camera_Front
05-17 16:39:01.325   930 24807 I Lyric   : processing_graph.cc:329: Node start critical order experiment is disabled
05-17 16:39:01.325   930  1401 I Lyric   : sensor_node.cc:549: sensor SensorNode starting for sensor: MEDUSA, camera: Front
05-17 16:39:01.326   930  1402 W Lyric   : statistics_node.cc:339: Failed to get pdaf calibration data
05-17 16:39:01.326   930  1402 I Lyric   : front_end_controller.cc:2397: Camera position: front lens type: normal target pdp channel: 1
05-17 16:39:01.326   930  1402 I Lyric   : front_end_controller.cc:1223: dpm: skipping acquire for camera 1
05-17 16:39:01.328   930  1403 I Lyric   : catpipe_rectiface_controller.cc:73: camera_hal_id 1 active array 3280 2464
05-17 16:39:01.330   930  1402 I Lyric   : ipp_driver.cc:820: IPP Version: 8.5.0
05-17 16:39:01.331   930  1402 I Lyric   : pdp_driver.cc:408: PDP: about to enable device
05-17 16:39:01.331   930 30674 I Lyric   : lwis_event_thread.cc:211: LwEv:Pdp event thread is starting . . .
05-17 16:39:01.331   930 30673 I Lyric   : lwis_event_thread.cc:211: LwEv:Ipp event thread is starting . . .
05-17 16:39:01.331   930  1402 I Lyric   : pdp_driver.cc:412: PDP: device enabled
05-17 16:39:01.331   930  1402 I Lyric   : pdp_driver.cc:341: PDP SwReset, is async? 1
05-17 16:39:01.331   930  1402 I Lyric   : pdp_driver.cc:1016: PDP: about to SetLwisEventsEnable to 1
05-17 16:39:01.331   930  1402 I Lyric   : pdp_driver.cc:1032: PDP: finished SetLwisEventsEnable to 1
05-17 16:39:01.331   930  1402 I Lyric   : pdp_driver.cc:933: PDP: finished starting hardware
05-17 16:39:01.331   930  1402 I Lyric   : pdp_driver.cc:427: PDP Version: 2.5.0
05-17 16:39:01.331   930  1402 I Lyric   : pdp_driver.cc:433: PDP: finished power up
05-17 16:39:01.333   930  1402 I Lyric   : csi_driver.cc:784: CSI: created new context 0xb4000078885dc840 for binding 10000
05-17 16:39:01.333   930  1402 I Lyric   : csi_driver.cc:985: Trying to initialize context with these resource assignments: Camera ID:not set, CSIS LINK:-1, CSIS EBUF:-1, WDMA INPUT:-1, CSIS WDMA:-1, PDP WDMA:-1, ZSL WDMA:-1, EBUF CH:-1, PDP CH:-1, USAGE:0x0, sensor image: 0x0, sensor pd: has value:false: 0x0
05-17 16:39:01.333   930  1402 I Lyric   : csi_driver.cc:311: CSI Version: 5.4.0.0
05-17 16:39:01.333   930  1402 I Lyric   : csi_driver.cc:1577: Successfully enabled EBUF Qactive!
05-17 16:39:01.333   930  1402 I Lyric   : csi_driver.cc:1213: CSI-1: Acquire processing context done.
05-17 16:39:01.334   930 30675 I Lyric   : lwis_event_thread.cc:211: LwEv:Csi event thread is starting . . .
05-17 16:39:01.334   930  1402 I Lyric   : g3aa_driver.cc:1556: G3AA Product ID: 0X3AA, Version: 0.1.0
05-17 16:39:01.334   930  1402 I Lyric   : g3aa_driver.cc:1298: Configuring global system CSRs
05-17 16:39:01.334   930  1402 I Lyric   : g3aa_driver.cc:1094: Enabling LWIS events for context 0
05-17 16:39:01.334   930  1402 I Lyric   : g3aa_driver.cc:1094: Enabling LWIS events for context 1
05-17 16:39:01.334   930  1402 I Lyric   : g3aa_driver.cc:1094: Enabling LWIS events for context 2
05-17 16:39:01.334   930  1402 I Lyric   : g3aa_driver.cc:905: ------------------------------------------------------
05-17 16:39:01.335   930  1402 I Lyric   : g3aa_driver.cc:906: Acquiring context 0. Requirements: [Power-Up-Only]
05-17 16:39:01.335   930  1402 I Lyric   : g3aa_driver.cc:908: ------------------------------------------------------
05-17 16:39:01.335   930  1402 I Lyric   : g3aa_driver.cc:1983: Number of active HW contexts: 0, power-up-only contexts: 1. Details:
05-17 16:39:01.335   930  1402 I Lyric   : front_end_controller.cc:1308: dpm: successfully acquired power-up contexts!
05-17 16:39:01.335   930 30676 I Lyric   : lwis_event_thread.cc:211: LwEv:G3aa event thread is starting . . .
05-17 16:39:01.335   930  1401 I Lyric   : front_end_controller.cc:1253: dpm: skipping acquire for camera 1
05-17 16:39:01.335   930  1401 I Lyric   : front_end_controller.cc:1553: dpm: storing context for csi link 4 camera 1 context: 0xb4000078785b0ee8 sibling: 0 real context 0
05-17 16:39:01.335   930  1401 I Lyric   : per_camera_barrier_impl.cc:47: Blocker for FrontEndBlockCam1ToStart acquired
05-17 16:39:01.335   930  1403 I Lyric   : front_end_controller.cc:1197: dpm: skipping acquire for camera 1
05-17 16:39:01.337   930  1402 I G3ACoordinator: awb_session_config_parser_lyric.cc:245: sensor_mode ptr [0xb4000079685f72b8], sobek_enabled [false], post_process [0]
05-17 16:39:01.337   930  1402 I G3ACoordinator: awb_session_config_parser_lyric.cc:285: Map sensor mode property: sobek_enabled [false], hdr_mode [0]
05-17 16:39:01.337   930  1402 I G3ACoordinator: awb_session_config_parser_lyric.cc:210: Map sensor name [MEDUSA] binning_factor [1 1] mode_index [0] to GCam sensor ID [1]
05-17 16:39:01.337   930  1402 I G3ACoordinator: awb_session_config_parser_lyric.cc:145: Fail to read calibration data for camera[front normal]]. Use the default LED decision in tuning!
05-17 16:39:01.339   930  1402 I G3ACoordinator: awb_engine.cc:446: Use lut file ghawb_para_lut_front_normal.binarypb
05-17 16:39:01.340   930  1401 I G3ACoordinator: ae_session_config_parser_lyric.cc:201: ispfe_raw_input_resolution [width:3280, height:2464]
05-17 16:39:01.340   930  1401 I G3ACoordinator: ae_session_config_parser_lyric.cc:268: Map sensor mode property: sobek_enabled = false, g3a_session_info.hdr_mode = 0, sensor_mode_property 0
05-17 16:39:01.340   930  1401 I G3ACoordinator: ae_session_config_parser_lyric.cc:279: Map sensor name [MEDUSA], binning_factor [1, 1] and mode_index [0] to GCam sensor ID [1]
05-17 16:39:01.341   930  1401 I G3ACoordinator: ae_session_config_parser_lyric.cc:379: Pre-LSC AE stats status: disabled
05-17 16:39:01.341   930  1401 I G3ACoordinator: ae_engine.cc:379: session_type 0, is_comice_enabled false
05-17 16:39:01.341   930  1401 I G3ACoordinator: ae_engine.cc:2508: LoadTuningLibrary: is_comice_enabled = 0
05-17 16:39:01.341   930  1402 I G3ACoordinator: awb_engine.cc:498: Camera 1 Initial decision [2.0188465 1 1.8000677] CCT [4737] CCM[ccm=(1.49205 -0.5102 0.01815 -0.21055 1.3011 -0.09055 0.01065 -0.5432 1.53255) offset=(0 0 0) color_space_type=(1 -> 1)]
05-17 16:39:01.343   930  1401 I G3ACoordinator: ae_engine.cc:455: GABC fatp_enable_ = 0
05-17 16:39:01.343   930  1401 I G3ACoordinator: ae_engine.cc:456: [0, 1] AeEngine_0_1 initialized
05-17 16:39:01.343   930  1401 W Lyric   : auto_exposure_node.cc:1093: ae failed to acquire eco context: UNAVAILABLE: Not able to create valid eco proxy client
05-17 16:39:01.359   930  1787 I native  : I0000 00:00:1779016141.359240    1787 node_export.cc:195] CatNodeCreate(HdrnetV2Node) took 8.53426 ms
05-17 16:39:01.359   930  1785 I native  : I0000 00:00:1779016141.358546    1785 node_export.cc:195] CatNodeCreate(RectifaceNode) took 8.56563 ms
05-17 16:39:01.366   930  1403 I native  : I0000 00:00:1779016141.366362    1403 node_export.cc:195] CatNodeCreate(AlscNode) took 9.6429 ms
05-17 16:39:01.370   930  1401 I native  : I0000 00:00:1779016141.370465    1401 segmenter_node.cc:385] 
05-17 16:39:01.372   930 30672 I native  : I0000 00:00:1779016141.372102   30672 node_export.cc:195] CatNodeCreate(EisNode) took 12.1694 ms
05-17 16:39:01.372   930 30678 I native  : I0000 00:00:1779016141.372584   30678 xeno_gpu_segmenter.cc:882] Creating CL-X segmenter.
05-17 16:39:01.372   930  1402 E GHAWB   : Skin Stats Analyzer: skin_stats_analyzer.cc:26] SetTuning: Disable SkinStatsAnalyzer in tuning
05-17 16:39:01.373   930  1401 I native  : I0000 00:00:1779016141.373553    1401 node_export.cc:195] CatNodeCreate(SegmenterNode) took 3.05339 ms
05-17 16:39:01.374   930 30679 I Lyric   : csi_driver.cc:784: CSI: created new context 0xb4000078886019f0 for binding 1000
05-17 16:39:01.375   930 30679 I Lyric   : csi_driver.cc:985: Trying to initialize context with these resource assignments: Camera ID:not set, CSIS LINK:-1, CSIS EBUF:-1, WDMA INPUT:-1, CSIS WDMA:-1, PDP WDMA:-1, ZSL WDMA:-1, EBUF CH:-1, PDP CH:-1, USAGE:0x0, sensor image: 0x0, sensor pd: has value:false: 0x0
05-17 16:39:01.375   930 30679 I Lyric   : csi_driver.cc:1213: CSI-1: Acquire processing context done.
05-17 16:39:01.375   930 30682 I Lyric   : gtnr_merge_driver.cc:542: Sw reset.
05-17 16:39:01.375   930 30672 I native  : I0000 00:00:1779016141.375405   30672 rectiface_node.cc:1747] Contizoom calibration file: /mnt/vendor/persist/camera/rear/multi_cam_calibration.combined.proto
05-17 16:39:01.375   930 30683 I Lyric   : common_gdc_driver.cc:667: whi-common-gdc0 Version: 8.5.1
05-17 16:39:01.375   930 30682 I Lyric   : gtnr_merge_frame_control_helper.cc:294: Corex interface version: 3735945214
05-17 16:39:01.375   930 30682 I Lyric   : gtnr_merge_driver.cc:1296: Successfully powered up merge block.
05-17 16:39:01.375   930 30687 I Lyric   : lwis_event_thread.cc:211: LwEv:TnrMg event thread is starting . . .
05-17 16:39:01.375   930 30684 I Lyric   : common_scaler_driver.cc:241: whi-mcsc: Power up only, 0 outputs, 0x0, fps 0, input medium DMA
05-17 16:39:01.376   930 30681 I Lyric   : itp_core_whi.cc:82: Applying DNS LH_GLUE WA SwReset sequence rev0.4
05-17 16:39:01.376   930  1403 I Lyric   : face_detection_engine_face_ssd.cc:321: Face Detection: FaceDetectionEngineFaceSsd::Initialize::CreateDetector takes 4.193522ms
05-17 16:39:01.376   930  1403 I Lyric   : ensemble_face_detection_controller.cc:484: Face Detection: Using graph runner thread pool.
05-17 16:39:01.376   930 30681 I Lyric   : itp_core_whi.cc:182: ITP Version: 1.5.0
05-17 16:39:01.376   930 30681 I Lyric   : itp_core_whi.cc:184: ITSC Version: 8.5.1
05-17 16:39:01.376   930 30681 I Lyric   : itp_core_whi.cc:197: Applying DNS LH_GLUE WA SwReset sequence rev0.4 for cleanup transaction.
05-17 16:39:01.376   930 30681 I Lyric   : itp_driver.cc:1573: Camera -1 AcquireProcessingContext: 0xb4000077f85d84f0 0xb4000077f85d84f0, dimension: 0x0 (non-VOTF)
05-17 16:39:01.376   930 30686 I Lyric   : whi_votf_c2serv.cc:19: chip revision = 3, votf ip number = 0, register block id = 0
05-17 16:39:01.376   930 30686 I Lyric   : whi_votf_c2serv.cc:23: num write dma = 14, num read dma = 0, process lines = 1
05-17 16:39:01.376   930 30686 I Lyric   : whi_votf_c2serv.cc:19: chip revision = 3, votf ip number = 1, register block id = 1
05-17 16:39:01.376   930 30686 I Lyric   : whi_votf_c2serv.cc:23: num write dma = 0, num read dma = 4, process lines = 1
05-17 16:39:01.376   930 30686 I Lyric   : whi_votf_c2serv.cc:19: chip revision = 3, votf ip number = 3, register block id = 2
05-17 16:39:01.376   930 30686 I Lyric   : whi_votf_c2serv.cc:23: num write dma = 0, num read dma = 1, process lines = 1
05-17 16:39:01.376   930 30681 I Lyric   : itp_driver.cc:1451: Initializing ITP/DNS COREX
05-17 16:39:01.376   930 30686 I Lyric   : whi_votf_c2serv.cc:19: chip revision = 3, votf ip number = 4, register block id = 3
05-17 16:39:01.376   930 30686 I Lyric   : whi_votf_c2serv.cc:23: num write dma = 0, num read dma = 2, process lines = 32
05-17 16:39:01.376   930 30686 I Lyric   : whi_votf_c2serv.cc:19: chip revision = 3, votf ip number = 7, register block id = 4
05-17 16:39:01.376   930 30686 I Lyric   : whi_votf_c2serv.cc:23: num write dma = 9, num read dma = 0, process lines = 1
05-17 16:39:01.376   930 30686 I Lyric   : whi_votf_c2serv.cc:19: chip revision = 3, votf ip number = 8, register block id = 5
05-17 16:39:01.376   930 30686 I Lyric   : whi_votf_c2serv.cc:23: num write dma = 0, num read dma = 4, process lines = 1
05-17 16:39:01.376   930 30686 I Lyric   : whi_votf_c2serv.cc:19: chip revision = 3, votf ip number = 10, register block id = 6
05-17 16:39:01.376   930 30686 I Lyric   : whi_votf_c2serv.cc:23: num write dma = 2, num read dma = 0, process lines = 64
05-17 16:39:01.376   930 30686 I Lyric   : whi_votf_c2serv.cc:19: chip revision = 3, votf ip number = 12, register block id = 7
05-17 16:39:01.376   930 30686 I Lyric   : whi_votf_c2serv.cc:23: num write dma = 2, num read dma = 0, process lines = 64
05-17 16:39:01.376   930 30686 I Lyric   : whi_votf_c2serv.cc:19: chip revision = 3, votf ip number = 13, register block id = 8
05-17 16:39:01.376   930 30686 I Lyric   : whi_votf_c2serv.cc:23: num write dma = 0, num read dma = 3, process lines = 1
05-17 16:39:01.377   930  1416 I Lyric   : itp_event_handler_whi.cc:97: Received Sw event: Itp.Sw.kInitConfigSuccessEvent counter 1
05-17 16:39:01.377   930  1416 I Lyric   : itp_event_handler_whi.cc:91: Received Hw event: Itp.Int1.DnsCorexEndInt0 counter 1
05-17 16:39:01.377   930  1416 I Lyric   : itp_event_handler_whi.cc:187: itp_corex_initialized_ was 0 dns_corex_initialized_ was 0
05-17 16:39:01.377   930  1416 I Lyric   : itp_event_handler_whi.cc:91: Received Hw event: Itp.Int1.ItpCorexEndInt0 counter 1
05-17 16:39:01.377   930  1416 I Lyric   : itp_event_handler_whi.cc:187: itp_corex_initialized_ was 0 dns_corex_initialized_ was 1
05-17 16:39:01.377   930 30684 I Lyric   : common_scaler_driver.cc:432: whi-mcsc: successfully powered up, version: 8.5.1
05-17 16:39:01.377   930 30684 I Lyric   : common_scaler_driver.cc:241: whi-scsc: Power up only, 0 outputs, 0x0, fps 0, input medium DMA
05-17 16:39:01.377   930 30683 I Lyric   : common_gdc_driver.cc:667: whi-common-gdc1 Version: 8.5.1
05-17 16:39:01.377   930 30672 W native  : W0000 00:00:1779016141.377774   30672 continuous_zoom_frame.cc:25] The canonical ois/vcm of B3_UW is not given, set it to zeros.
05-17 16:39:01.377   930 30672 W native  : W0000 00:00:1779016141.377829   30672 continuous_zoom_frame.cc:25] The canonical ois/vcm of B3_UW is not given, set it to zeros.
05-17 16:39:01.378   930 30684 I Lyric   : common_scaler_driver.cc:432: whi-scsc: successfully powered up, version: 8.5.1
05-17 16:39:01.378   930  1401 I Lyric   : slc_driver.cc:58: SLC setup: pid = 6 : Itp-Gtnr : 8 ways (buf fd 222)
05-17 16:39:01.378   930  1401 I Lyric   : slc_driver.cc:58: SLC setup: pid = 7 : Gdc-Scaler : 5 ways (buf fd 223)
05-17 16:39:01.378   930  1401 I Lyric   : slc_driver.cc:58: SLC setup: pid = 4 : Gdc-Scaler : 5 ways (buf fd 224)
05-17 16:39:01.378   930  1403 I Lyric   : stream_interface_controller.cc:522: Compression(SBWC) enabled for ITSC -> TNR for camera Front with instance id 0
05-17 16:39:01.378   930  1401 I Lyric   : itp_driver.cc:1573: Camera 1 AcquireProcessingContext: 0xb4000077f860d1d0 0xb4000077f860d1d0, dimension: 3280x2464 (VOTF)
05-17 16:39:01.378   930  1401 I Lyric   : raw_to_yuv_node.cc:755: Starting node raw_to_yuv with Pipeline (ID: (instance_id: 54905), IPs: [ RawToYuv ], Max Outputs: 1, IPConnections: [ ], Usecase: Realtime, Priority: Unspecified) on camera 1
05-17 16:39:01.379   930  1403 I Lyric   : slc_driver.cc:58: SLC setup: pid = 5 : GTNR iVOTF : 5 ways (buf fd 225)
05-17 16:39:01.379   930 30688 I Lyric   : lwis_event_thread.cc:211: LwEv:TnrAl event thread is starting . . .
05-17 16:39:01.379   930  1401 I Lyric   : dpm_bandwidth_controller_v1.cc:175: dpm: updating bandwidth for device gtnr-align bandwidth_read: 0 bandwidth_write: 0 bandwidth_peak: 0 bandwidth_rt: 0
05-17 16:39:01.379   930  1403 I Lyric   : slc_driver.cc:58: SLC setup: pid = 8 : GTNR Prev : 4 ways (buf fd 226)
05-17 16:39:01.379   930  1401 I Lyric   : stream_interface_controller.cc:522: Compression(SBWC) enabled for TNR -> GDC0 for camera Front with instance id 0
05-17 16:39:01.379   930  1401 I Lyric   : thread_pool.h:44: Creating ThreadPool MeshWarpThread with number of threads: 1
05-17 16:39:01.379   930  1401 I Lyric   : thread_pool.h:213: ThreadPool: MeshWarpThread resized to 1 active threads, and 0 inactive ones.
05-17 16:39:01.379   930  1401 I Lyric   : thread_pool.h:44: Creating ThreadPool MeshWarpThread with number of threads: 1
05-17 16:39:01.379   930  1403 I Lyric   : tnr_merge_node.cc:439: Starting node tnr_merge with Pipeline (ID: (instance_id: 54907), IPs: [ TnrMerge ], Max Outputs: 1, IPConnections: [ ], Usecase: Realtime, Priority: Unspecified) on camera 1
05-17 16:39:01.379   930  1401 I Lyric   : thread_pool.h:213: ThreadPool: MeshWarpThread resized to 1 active threads, and 0 inactive ones.
05-17 16:39:01.379   930  1401 I Lyric   : mesh_warp_node.cc:456: Starting node preview_mesh_warp with Pipeline (ID: (instance_id: 54908), IPs: [ MeshWarp ], Max Outputs: 1, IPConnections: [ ], Usecase: Realtime, Priority: Unspecified) on camera 1
05-17 16:39:01.379   930  1401 I Lyric   : common_scaler_driver.cc:241: whi-scsc: 1 outputs, 1640x1232, fps 30, input medium DMA_VOTF
05-17 16:39:01.380   930 30672 I native  : I0000 00:00:1779016141.379998   30672 cpu_feature_extractor.cc:119] Extracting FREAK descriptors.
05-17 16:39:01.380   930  1401 I Lyric   : scaler_node.cc:488: Starting node preview_scaler with Pipeline (ID: (instance_id: 54913), IPs: [ Scaler ], Max Outputs: 1, IPConnections: [ ], Usecase: Realtime, Priority: Unspecified) on camera 1
05-17 16:39:01.380   930  1401 I Lyric   : telemetry_node.cc:294: 1 calls in 175 sec(s): DmaMemoryAllocationCost size is set to 0 MiB.
05-17 16:39:01.380   930  1401 I G3ACoordinator: auto_scene_detection_engine.cc:570: [9, 1] AutoSceneDetectionEngine_9_1 initialized
05-17 16:39:01.380   930 30672 I native  : I0000 00:00:1779016141.380324   30672 brute_force_feature_matching.cc:49] Number of bins each image dimension is divided into: 5
05-17 16:39:01.381   930 30672 I native  : I0000 00:00:1779016141.381354   30672 continuous_zoom_image_homography.cc:1288] ContinuousZoomImageHomography enable_temporal_feature_matching OFF
05-17 16:39:01.381   930 30691 I Lyric   : common_scaler_driver.cc:656: whi-scsc: entering processing thread.
05-17 16:39:01.391   930 30672 W native  : W0000 00:00:1779016141.391924   30672 continuous_zoom_frame.cc:25] The canonical ois/vcm of B3_UW is not given, set it to zeros.
05-17 16:39:01.392   930 30672 I native  : I0000 00:00:1779016141.392026   30672 rectiface_node.cc:2240] Contizoom enabled.
05-17 16:39:01.392   930 30672 I native  : I0000 00:00:1779016141.392977   30672 eis_node.cc:1600] Contizoom calibration file: /mnt/vendor/persist/camera/rear/multi_cam_calibration.combined.proto
05-17 16:39:01.393   930 30672 W native  : W0000 00:00:1779016141.393038   30672 continuous_zoom_frame.cc:25] The canonical ois/vcm of B3_UW is not given, set it to zeros.
05-17 16:39:01.393   930 30672 W native  : W0000 00:00:1779016141.393266   30672 continuous_zoom_frame.cc:25] The canonical ois/vcm of B3_UW is not given, set it to zeros.
05-17 16:39:01.393   930 30672 I native  : I0000 00:00:1779016141.393345   30672 cpu_feature_extractor.cc:119] Extracting FREAK descriptors.
05-17 16:39:01.393   930 30672 I native  : I0000 00:00:1779016141.393796   30672 brute_force_feature_matching.cc:49] Number of bins each image dimension is divided into: 5
05-17 16:39:01.393   930 30672 I native  : I0000 00:00:1779016141.393827   30672 continuous_zoom_image_homography.cc:1288] ContinuousZoomImageHomography enable_temporal_feature_matching OFF
05-17 16:39:01.394   930 30672 W native  : W0000 00:00:1779016141.394101   30672 continuous_zoom_frame.cc:25] The canonical ois/vcm of B3_UW is not given, set it to zeros.
05-17 16:39:01.394   930 30672 I native  : I0000 00:00:1779016141.394428   30672 eis_node.cc:1272] eis_align_mode_ = 0
05-17 16:39:01.398   930  1402 I tflite  : Replacing 4 node(s) with delegate (TfLiteXNNPackDelegate) node, yielding 5 partitions.
05-17 16:39:01.400   930  1402 W G3ACoordinator: awb_engine.cc:529: Failed to register data types in data manager.
05-17 16:39:01.400   930  1402 I G3ACoordinator: awb_engine.cc:532: [2, 1] AwbEngine_2_1 initialized
05-17 16:39:01.400   930 24807 I Lyric   : camera_device_session_manager_base.cc:1141: Successfully started graph:top_graph_for_camera_Front
05-17 16:39:01.400   930 24807 I Lyric   : malloc_tracker.cc:34: Starting malloc tracker
05-17 16:39:01.400   930  1395 I StreamBufferCacheManager: Create: Created StreamBufferCacheManager.
05-17 16:39:01.400   930  1395 I GCH_CameraDeviceSession: RegisterStreamsIntoCacheManagerLocked: [sbc] Registered stream 0 into SBC manager.
05-17 16:39:01.401   930  1401 I Lyric   : page_release_controller.cc:108: Disabling page releasing.
05-17 16:39:01.403   930  1395 I GCH_CameraDeviceSession: ProcessCaptureRequest: [sbc] Stream 0 1st req arrived, notify SBC Manager.
05-17 16:39:01.403   930  1395 I Lyric   : retiming_node.cc:923: Front(hal id: 1), Thermal severity changed from  0 to 2
05-17 16:39:01.403   930  1395 I Lyric   : retiming_node.cc:1413: ******** dpm: Front(hal id: 1) change DPM mode from Undefined to LowPowerUltra, is virtual transition: 0, framework request id 0, frame number: 0
05-17 16:39:01.404   930 24798 I Lyric   : conditional_dpm_node.cc:70: conditional_dpm turn to dpm mode: LowPowerUltra, framte number: 0
05-17 16:39:01.404   930 24789 I Lyric   : power_throttle_controller.cc:575: camera thermal status: global frame rate at 30fps for camera 1
05-17 16:39:01.404   930 24789 W Lyric   : three_a_request_node.cc:121: 17 calls in 174 sec(s): ThreeARequestNode: Error getting  metadata entry [ANDROID_CONTROL_AF_REGIONS]: INVALID_ARGUMENT: Metadata doesn't have the entry for ANDROID_CONTROL_AF_REGIONS
05-17 16:39:01.404   930 24789 I Lyric   : power_throttle_controller.cc:575: camera thermal status: 3A at 30fps for camera 1
05-17 16:39:01.405   930 30678 I native  : I0000 00:00:1779016141.405609   30678 segmenter_node.cc:295] 
05-17 16:39:01.406  1136 30666 I CameraService: Start camera streaming for com.google.android.as (PID 3846, UID 10149)
05-17 16:39:01.406   930 24794 I G3ACoordinator: ae_input_parser_lyric.cc:2201: Starter frame: rel_frame_num [-3]
05-17 16:39:01.406   930 24794 W G3ACoordinator: data_manager.cc:154: [5, 2, 9000] can't be found
05-17 16:39:01.406   930 24794 I G3ACoordinator: ae_engine.cc:552: Starter Frames
05-17 16:39:01.406   930 24794 I G3ACoordinator: ae_engine.cc:2508: LoadTuningLibrary: is_comice_enabled = 0
05-17 16:39:01.406  3846 24763 I gaze    : Created preview session.
05-17 16:39:01.410   930 24794 E GABC    : GABC-SensitivityDistribution: sensitivity_distribution.cc:1020] Load: Tuning not found or Invalid Lens type received:  camera position: 2, lens type: 0
05-17 16:39:01.413   930  1840 I Lyric   : front_end_controller.cc:1943: dpm: frontend context 1 updating power mode to low power mode
05-17 16:39:01.413   930  1840 I Lyric   : front_end_controller.cc:139: Acquiring PDP with requirement: votf_enable:0, bayer_size:{width: 3280, height: 2464}, pd_size:{width: 0, height: 0}, enable_bayer_output_to_ipp:1, enable_bayer_output_to_g3aa:1, enable_pd_output_to_g3aa:0, enable_pdstats_output_to_wdma:0, input_type:0, bayer_scaler_type:0, lic_configuration:lic_input_context_mode:2, lic_input_bit_mode:0, yext_hdr_mode:0, pdp_channel:1, secure_operation_mode:NonSecure
05-17 16:39:01.413   930 24793 I Lyric   : dpm_bandwidth_controller_v1.cc:489: Update minimum MIF clock to 1000000000 number of active sensor: 1
05-17 16:39:01.413   930  1840 I Lyric   : pdp_driver.cc:990: PDP: about to SetHwEventsEnable to 1 for context 1
05-17 16:39:01.413   930 24793 I Lyric   : dpm_bandwidth_controller.cc:120: dpm: required_clock is 70585020 min_frontend_clock_requirement_: 70585020 sensor streaming: 1
05-17 16:39:01.413   930 24793 I Lyric   : multisensor_controller.cc:808: Front StartStreaming, waiting on barrier, request: 0
05-17 16:39:01.413   930 24793 I Lyric   : multisensor_controller.cc:852: camera Front start prepare spend : 44.841us
05-17 16:39:01.413   930  1840 I Lyric   : pdp_driver.cc:262: PDP: acquired votf_enable:0, bayer_size:{width: 3280, height: 2464}, pd_size:{width: 0, height: 0}, enable_bayer_output_to_ipp:1, enable_bayer_output_to_g3aa:1, enable_pd_output_to_g3aa:0, enable_pdstats_output_to_wdma:0, input_type:0, bayer_scaler_type:0, lic_configuration:lic_input_context_mode:2, lic_input_bit_mode:0, yext_hdr_mode:0, pdp_channel:1, secure_operation_mode:NonSecure address 0xb4000078485826f0 as context 1
05-17 16:39:01.413   930  1840 I Lyric   : csi_driver.cc:784: CSI: created new context 0xb4000078885fd380 for binding 1
05-17 16:39:01.413   930  1840 I Lyric   : csi_driver.cc:985: Trying to initialize context with these resource assignments: Camera ID:not set, CSIS LINK:-1, CSIS EBUF:-1, WDMA INPUT:-1, CSIS WDMA:-1, PDP WDMA:-1, ZSL WDMA:-1, EBUF CH:-1, PDP CH:1, USAGE:0x40, sensor image: 0x0, sensor pd: has value:false: 0x0
05-17 16:39:01.413   930  1840 I Lyric   : csi_driver.cc:1213: CSI-1: Acquire processing context done.
05-17 16:39:01.413   930  1840 I Lyric   : g3aa_driver.cc:905: ------------------------------------------------------
05-17 16:39:01.413   930  1840 I Lyric   : g3aa_driver.cc:906: Acquiring context 1. Requirements: Context 1, Bayer Enabled-OTF at 3280x2464, PDAF Disabled-OTF at 0x0. Sensor MEDUSA, max-fps 30, batch size 1, camera_id=1
05-17 16:39:01.413   930  1840 I Lyric   : g3aa_driver.cc:908: ------------------------------------------------------
05-17 16:39:01.413   930 24794 I G3ACoordinator: awb_input_parser_lyric.cc:1393: Starter frame: rel_frame_num [-3]
05-17 16:39:01.413   930 24794 W G3ACoordinator: awb_tuning_util.cc:50: Tuning key not found:  Usecase: 13 Sensor mode: -1 Viridian value: -1 Camera position: 2 Camera lens_type: 0 Camera spectrum: -1 Partial Usecases: {}. Try default use case  Usecase: 0 Sensor mode: -1 Viridian value: -1 Camera position: 2 Camera lens_type: 0 Camera spectrum: -1 Partial Usecases: {}
05-17 16:39:01.413   930 24794 I G3ACoordinator: awb_engine.cc:2027: Load tuning with previous:Primary :  Usecase: 1 Sensor mode: -1 Viridian value: -1 Camera position: 2 Camera lens_type: 0 Camera spectrum: -1 Partial Usecases: {} current:Primary :  Usecase: 13 Sensor mode: -1 Viridian value: -1 Camera position: 2 Camera lens_type: 0 Camera spectrum: -1 Partial Usecases: {}
05-17 16:39:01.413   930 24794 E GHAWB   : Skin Stats Analyzer: skin_stats_analyzer.cc:26] SetTuning: Disable SkinStatsAnalyzer in tuning
05-17 16:39:01.413   930  1840 I Lyric   : g3aa_pipeline.cc:314: [Bayer1] Acquiring pipeline
05-17 16:39:01.413   930  1840 I Lyric   : g3aa_bayer_pipeline.cc:1155: [Bayer1] G3AA can NOT gracefully drop the first frame. Last HW programming changed Disabled;[0x0] --> Enabled;[3280x2464]
05-17 16:39:01.413   930 24794 I tflite  : Replacing 4 node(s) with delegate (TfLiteXNNPackDelegate) node, yielding 5 partitions.
05-17 16:39:01.413   930  1840 I Lyric   : g3aa_pipeline.cc:1222: [Bayer1] Submitting repeating SOF-Sync transaction
05-17 16:39:01.413   930  1840 I Lyric   : g3aa_pipeline.cc:669: [Bayer1] Acquired pipeline. last_hw_frame_num=-1, last_sw_sof_event_count=-1, next_frame_number=1, next_trigger_count=0, next_shadow_set=0, session_first_frame_number=1, batch_size=1
05-17 16:39:01.413   930  1840 I Lyric   : g3aa_pipeline.cc:815: [Bayer1] Enabling pipeline. Next frame number will be 1
05-17 16:39:01.414   930  1840 I Lyric   : per_camera_barrier_impl.cc:47: Blocker for G3aaBayer1BlockCam1ToStart acquired
05-17 16:39:01.414   930  1840 I Lyric   : g3aa_driver.cc:1983: Number of active HW contexts: 1, power-up-only contexts: 1. Details:
05-17 16:39:01.414   930  1840 I Lyric   : g3aa_driver.cc:1994: 	Context 1, Bayer1 pipeline. Acquired: true. Enabled: true
05-17 16:39:01.414   930  1840 I Lyric   : g3aa_driver.cc:1994: 	Context 1, PDAF1 pipeline. Acquired: false. Enabled: false
05-17 16:39:01.414   930  1840 I Lyric   : per_camera_barrier_impl.cc:47: Blocker for IppBlockCam1ToStart acquired
05-17 16:39:01.414   930  1840 I Lyric   : stream_interface_controller.cc:522: Compression(SBWC) enabled for CSIS -> DNS for camera Front with instance id 0
05-17 16:39:01.414   930  1840 I Lyric   : csi_driver.cc:759: CSI: using the existing context 0xb4000078885fd380 for binding 1
05-17 16:39:01.414   930  1840 I Lyric   : csi_driver.cc:985: Trying to initialize context with these resource assignments: Camera ID:not set, CSIS LINK:-1, CSIS EBUF:-1, WDMA INPUT:-1, CSIS WDMA:-1, PDP WDMA:-1, ZSL WDMA:1, EBUF CH:-1, PDP CH:1, USAGE:0x41, sensor image: 0x0, sensor pd: has value:false: 0x0
05-17 16:39:01.414   930  1840 I Lyric   : csi_context.cc:2123: [CSI BW] Camera ID(not set) wdma: CsisZsl1, wdma_data_per_line 6560 bandwidth_peak 496742400 width: 0 pixel rate 0 pixel sample rate 0 active line time 0 required bandwidth 496742400
05-17 16:39:01.414   930  1840 I Lyric   : csi_driver.cc:1473: [CSI BW] CSIS_D0 BW: 496742400 wdmas: 1, 
05-17 16:39:01.414   930  1840 I Lyric   : csi_driver.cc:1475: [CSI BW] CSIS_D1 BW: 0 wdmas: 
05-17 16:39:01.414   930  1840 I Lyric   : csi_driver.cc:1477: [CSI BW] Update Required BW: 496742400, Required Clock: 0, Required peak BW: 496742400
